09-20 12:37:26.667 I/libPowerHal( 1238): iawareperf@1.0-: set gpu opp level max: 0
09-20 12:37:26.667 I/libPowerHal( 1238): [PD] iawareperf@1.0- update cmd:1408300 param:0
09-20 12:37:26.669 I/libPowerHal( 1238): [PD] iawareperf@1.0- update cmd:1000000 param:-1
09-20 12:37:26.854 I/mtkpower_client( 1317): perf_lock_rel, hdl:249308, tid:1317
09-20 12:37:26.855 I/mtkpower_client( 1317): perf_lock_rel, hdl:249309, tid:1317
09-20 12:37:26.855 I/libPowerHal( 1238): [perfLockRel] hdl:249308, idx:4
09-20 12:37:26.856 I/libPowerHal( 1238): [PD] fpsgo update cmd:1404500 param:0
09-20 12:37:26.858 I/libPowerHal( 1238): [perfLockRel] hdl:249309, idx:5
09-20 12:37:26.858 I/libPowerHal( 1238): [PD] fpsgo update cmd:1438300, param:1000
09-20 12:37:26.859 I/libPowerHal( 1238): [PD] fpsgo update cmd:1438400, param:1000
09-20 12:37:26.859 I/libPowerHal( 1238): [PD] fpsgo update cmd:1438600 param:1000
09-20 12:37:26.860 I/libPowerHal( 1238): [PD] fpsgo update cmd:1438700 param:1000
09-20 12:37:27.607 I/libPowerHal( 1238): [perfLockAcq] idx:1 hdl:249312 hint:-1 pid:1221 duration:3000 lock_user:iawareperf@1.0- => ret_hdl:249312
09-20 12:37:27.609 I/libPowerHal( 1238): [setClusterFreq] iawareperf@1.0-: sysfs_freq set cpu freq: 1617000 -1 1600000 -1
09-20 12:37:27.610 I/libPowerHal( 1238): [PE] iawareperf@1.0- update cmd:1408300, param:30
09-20 12:37:27.635 I/libPowerHal( 1238): [perfLockAcq] idx:2 hdl:249313 hint:-1 pid:1221 duration:3000 lock_user:iawareperf@1.0- => ret_hdl:249313
09-20 12:37:27.635 I/libPowerHal( 1238): [setGPUFreq] iawareperf@1.0- user set gpu freq min:2, max:-1
09-20 12:37:27.635 I/libPowerHal( 1238): iawareperf@1.0-: set gpu opp level max: 0
09-20 12:37:27.635 I/libPowerHal( 1238): [setGPUFreq] Soft min/max = (2, 0); Hard min/max = (2, 0)
09-20 12:37:27.635 I/libPowerHal( 1238): [setGPUFreq] final min/max = (2, 0)
09-20 12:37:27.635 I/libPowerHal( 1238): iawareperf@1.0-: set gpu opp level: 2
09-20 12:37:27.635 I/libPowerHal( 1238): iawareperf@1.0-: set gpu opp level max: 0
09-20 12:37:27.636 I/libPowerHal( 1238): [setClusterFreq] iawareperf@1.0-: sysfs_freq set cpu freq: 2200000 -1 1600000 -1
09-20 12:37:27.637 I/libPowerHal( 1238): [PE] iawareperf@1.0- update cmd:1000000 param:0
09-20 12:37:27.710 I/mtkpower_client( 1317): perf_lock_acq, hdl:0, dur:0, num:2, tid:1317
09-20 12:37:27.711 I/mtkpower_client( 1317): ret_hdl:249314
09-20 12:37:27.712 I/mtkpower_client( 1317): perf_lock_acq, hdl:0, dur:0, num:12, tid:1317
09-20 12:37:27.712 I/libPowerHal( 1238): [perfLockAcq] idx:4 hdl:249314 hint:-1 pid:1317 duration:0 lock_user:fpsgo => ret_hdl:249314
09-20 12:37:27.712 I/libPowerHal( 1238): [PE] fpsgo update cmd:1404500 param:1
09-20 12:37:27.713 I/mtkpower_client( 1317): ret_hdl:249315
09-20 12:37:27.714 I/libPowerHal( 1238): cmdSetting - unknown cmd:1438500, scmd:(null) ,param_1:0
09-20 12:37:27.714 I/libPowerHal( 1238): cmdSetting - unknown cmd:1438800, scmd:(null) ,param_1:0
09-20 12:37:27.715 I/libPowerHal( 1238): [perfLockAcq] idx:5 hdl:249315 hint:-1 pid:1317 duration:0 lock_user:fpsgo => ret_hdl:249315
09-20 12:37:27.718 I/libPowerHal( 1238): [PE] fpsgo update cmd:1438300, param:0
09-20 12:37:27.718 I/libPowerHal( 1238): [PE] fpsgo update cmd:1438400, param:0
09-20 12:37:27.718 I/libPowerHal( 1238): [PE] fpsgo update cmd:1438600, param:0
09-20 12:37:27.718 I/libPowerHal( 1238): [PE] fpsgo update cmd:1438700, param:0
09-20 12:37:27.834 I/libPowerHal( 1238): [perfLockRel] hdl:249312, idx:1
09-20 12:37:27.836 I/libPowerHal( 1238): [perfLockAcq] idx:1 hdl:249316 hint:-1 pid:1221 duration:80 lock_user:iawareperf@1.0- => ret_hdl:249316
09-20 12:37:27.838 I/libPowerHal( 1238): [perfLockAcq] idx:8 hdl:249317 hint:-1 pid:1221 duration:3000 lock_user:iawareperf@1.0- => ret_hdl:249317
09-20 12:37:27.917 I/mtkpower@impl( 1238): [powerd_req] TIMER_MSG_PERF_LOCK_TIMEOUT hdl:249316
09-20 12:37:27.917 I/libPowerHal( 1238): [perfLockRel] hdl:249316, idx:1
09-20 12:37:27.985 I/libPowerHal( 1238): [perfLockRel] hdl:249313, idx:2
09-20 12:37:27.986 I/libPowerHal( 1238): [setClusterFreq] iawareperf@1.0-: sysfs_freq set cpu freq: -1 -1 -1 -1
09-20 12:37:27.986 I/libPowerHal( 1238): [unsetGPUFreq] current min:2, max:0; scn_gpu_min:2, scn_gpu_max:-1; scn_gpu_min(HL):-1, scn_gpu_max(HL):-1
09-20 12:37:27.986 I/libPowerHal( 1238): [setGPUFreq] Soft min/max = (2, 0); Hard min/max = (2, 0)
09-20 12:37:27.986 I/libPowerHal( 1238): [setGPUFreq] final min/max = (2, 0)
09-20 12:37:27.987 I/libPowerHal( 1238): iawareperf@1.0-: set gpu opp level: 2
09-20 12:37:27.987 I/libPowerHal( 1238): iawareperf@1.0-: set gpu opp level max: 0
09-20 12:37:27.987 I/libPowerHal( 1238): [PD] iawareperf@1.0- update cmd:1408300 param:0
09-20 12:37:27.991 I/libPowerHal( 1238): [PD] iawareperf@1.0- update cmd:1000000 param:-1
09-20 12:37:28.154 I/mtkpower_client( 1317): perf_lock_rel, hdl:249314, tid:1317
09-20 12:37:28.155 I/mtkpower_client( 1317): perf_lock_rel, hdl:249315, tid:1317
09-20 12:37:28.156 I/libPowerHal( 1238): [perfLockRel] hdl:249314, idx:4
09-20 12:37:28.157 I/libPowerHal( 1238): [PD] fpsgo update cmd:1404500 param:0
09-20 12:37:28.159 I/libPowerHal( 1238): [perfLockRel] hdl:249315, idx:5
09-20 12:37:28.159 I/libPowerHal( 1238): [PD] fpsgo update cmd:1438300, param:1000
09-20 12:37:28.159 I/libPowerHal( 1238): [PD] fpsgo update cmd:1438400, param:1000
09-20 12:37:28.160 I/libPowerHal( 1238): [PD] fpsgo update cmd:1438600 param:1000
09-20 12:37:28.160 I/libPowerHal( 1238): [PD] fpsgo update cmd:1438700 param:1000
09-20 12:37:28.211 I/libPowerHal( 1238): [perfLockAcq] idx:1 hdl:249318 hint:-1 pid:1221 duration:3000 lock_user:iawareperf@1.0- => ret_hdl:249318
09-20 12:37:28.214 I/libPowerHal( 1238): [setClusterFreq] iawareperf@1.0-: sysfs_freq set cpu freq: 1617000 -1 1600000 -1
09-20 12:37:28.216 I/libPowerHal( 1238): [PE] iawareperf@1.0- update cmd:1408300, param:30
09-20 12:37:28.227 I/libPowerHal( 1238): [perfLockAcq] idx:2 hdl:249319 hint:-1 pid:1221 duration:3000 lock_user:iawareperf@1.0- => ret_hdl:249319
09-20 12:37:28.228 I/libPowerHal( 1238): [setGPUFreq] iawareperf@1.0- user set gpu freq min:2, max:-1
09-20 12:37:28.228 I/libPowerHal( 1238): iawareperf@1.0-: set gpu opp level max: 0
09-20 12:37:28.228 I/libPowerHal( 1238): [setGPUFreq] Soft min/max = (2, 0); Hard min/max = (2, 0)
09-20 12:37:28.228 I/libPowerHal( 1238): [setGPUFreq] final min/max = (2, 0)
09-20 12:37:28.228 I/libPowerHal( 1238): iawareperf@1.0-: set gpu opp level: 2
09-20 12:37:28.228 I/libPowerHal( 1238): iawareperf@1.0-: set gpu opp level max: 0
09-20 12:37:28.229 I/libPowerHal( 1238): [setClusterFreq] iawareperf@1.0-: sysfs_freq set cpu freq: 2200000 -1 1600000 -1
09-20 12:37:28.230 I/libPowerHal( 1238): [PE] iawareperf@1.0- update cmd:1000000 param:0
09-20 12:37:28.284 I/mtkpower_client( 1317): perf_lock_acq, hdl:0, dur:0, num:2, tid:1317
09-20 12:37:28.285 I/libPowerHal( 1238): [perfLockAcq] idx:4 hdl:249320 hint:-1 pid:1317 duration:0 lock_user:fpsgo => ret_hdl:249320
09-20 12:37:28.286 I/libPowerHal( 1238): [PE] fpsgo update cmd:1404500 param:1
09-20 12:37:28.287 I/mtkpower_client( 1317): ret_hdl:249320
09-20 12:37:28.287 I/mtkpower_client( 1317): perf_lock_acq, hdl:0, dur:0, num:12, tid:1317
09-20 12:37:28.288 I/mtkpower_client( 1317): ret_hdl:249321
09-20 12:37:28.289 I/libPowerHal( 1238): cmdSetting - unknown cmd:1438500, scmd:(null) ,param_1:0
09-20 12:37:28.289 I/libPowerHal( 1238): cmdSetting - unknown cmd:1438800, scmd:(null) ,param_1:0
09-20 12:37:28.289 I/libPowerHal( 1238): [perfLockAcq] idx:5 hdl:249321 hint:-1 pid:1317 duration:0 lock_user:fpsgo => ret_hdl:249321
09-20 12:37:28.290 I/libPowerHal( 1238): [PE] fpsgo update cmd:1438300, param:0
09-20 12:37:28.290 I/libPowerHal( 1238): [PE] fpsgo update cmd:1438400, param:0
09-20 12:37:28.290 I/libPowerHal( 1238): [PE] fpsgo update cmd:1438600, param:0
09-20 12:37:28.291 I/libPowerHal( 1238): [PE] fpsgo update cmd:1438700, param:0
09-20 12:37:28.361 I/libPowerHal( 1238): [perfLockRel] hdl:249318, idx:1
09-20 12:37:28.365 I/libPowerHal( 1238): [perfLockAcq] idx:9 hdl:249322 hint:-1 pid:1221 duration:80 lock_user:iawareperf@1.0- => ret_hdl:249322
09-20 12:37:28.366 I/libPowerHal( 1238): [perfLockAcq] idx:1 hdl:249323 hint:-1 pid:1221 duration:3000 lock_user:iawareperf@1.0- => ret_hdl:249323
09-20 12:37:28.447 I/mtkpower@impl( 1238): [powerd_req] TIMER_MSG_PERF_LOCK_TIMEOUT hdl:249322
09-20 12:37:28.447 I/libPowerHal( 1238): [perfLockRel] hdl:249322, idx:9
09-20 12:37:28.513 I/libPowerHal( 1238): [perfLockRel] hdl:249319, idx:2
09-20 12:37:28.514 I/libPowerHal( 1238): [setClusterFreq] iawareperf@1.0-: sysfs_freq set cpu freq: -1 -1 -1 -1
09-20 12:37:28.514 I/libPowerHal( 1238): [unsetGPUFreq] current min:2, max:0; scn_gpu_min:2, scn_gpu_max:-1; scn_gpu_min(HL):-1, scn_gpu_max(HL):-1
09-20 12:37:28.514 I/libPowerHal( 1238): [setGPUFreq] Soft min/max = (2, 0); Hard min/max = (2, 0)
09-20 12:37:28.514 I/libPowerHal( 1238): [setGPUFreq] final min/max = (2, 0)
09-20 12:37:28.514 I/libPowerHal( 1238): iawareperf@1.0-: set gpu opp level: 2
09-20 12:37:28.515 I/libPowerHal( 1238): iawareperf@1.0-: set gpu opp level max: 0
09-20 12:37:28.515 I/libPowerHal( 1238): [PD] iawareperf@1.0- update cmd:1408300 param:0
09-20 12:37:28.517 I/libPowerHal( 1238): [PD] iawareperf@1.0- update cmd:1000000 param:-1
09-20 12:37:28.698 I/mtkpower_client( 1317): perf_lock_rel, hdl:249320, tid:1317
09-20 12:37:28.699 I/mtkpower_client( 1317): perf_lock_rel, hdl:249321, tid:1317
09-20 12:37:28.699 I/libPowerHal( 1238): [perfLockRel] hdl:249320, idx:4
09-20 12:37:28.701 I/libPowerHal( 1238): [PD] fpsgo update cmd:1404500 param:0
09-20 12:37:28.703 I/libPowerHal( 1238): [perfLockRel] hdl:249321, idx:5
09-20 12:37:28.703 I/libPowerHal( 1238): [PD] fpsgo update cmd:1438300, param:1000
09-20 12:37:28.703 I/libPowerHal( 1238): [PD] fpsgo update cmd:1438400, param:1000
09-20 12:37:28.703 I/libPowerHal( 1238): [PD] fpsgo update cmd:1438600 param:1000
09-20 12:37:28.704 I/libPowerHal( 1238): [PD] fpsgo update cmd:1438700 param:1000
09-20 12:37:28.726 I/libPowerHal( 1238): [perfLockAcq] idx:2 hdl:249324 hint:-1 pid:1221 duration:3000 lock_user:iawareperf@1.0- => ret_hdl:249324
09-20 12:37:28.730 I/libPowerHal( 1238): [setClusterFreq] iawareperf@1.0-: sysfs_freq set cpu freq: 1617000 -1 1600000 -1
09-20 12:37:28.731 I/libPowerHal( 1238): [PE] iawareperf@1.0- update cmd:1408300, param:30
09-20 12:37:28.738 I/libPowerHal( 1238): [perfLockAcq] idx:4 hdl:249325 hint:-1 pid:1221 duration:3000 lock_user:iawareperf@1.0- => ret_hdl:249325
09-20 12:37:28.738 I/libPowerHal( 1238): [setGPUFreq] iawareperf@1.0- user set gpu freq min:2, max:-1
09-20 12:37:28.739 I/libPowerHal( 1238): iawareperf@1.0-: set gpu opp level max: 0
09-20 12:37:28.740 I/libPowerHal( 1238): [setGPUFreq] Soft min/max = (2, 0); Hard min/max = (2, 0)
09-20 12:37:28.740 I/libPowerHal( 1238): [setGPUFreq] final min/max = (2, 0)
09-20 12:37:28.740 I/libPowerHal( 1238): iawareperf@1.0-: set gpu opp level: 2
09-20 12:37:28.740 I/libPowerHal( 1238): iawareperf@1.0-: set gpu opp level max: 0
09-20 12:37:28.741 I/libPowerHal( 1238): [setClusterFreq] iawareperf@1.0-: sysfs_freq set cpu freq: 2200000 -1 1600000 -1
09-20 12:37:28.742 I/libPowerHal( 1238): [PE] iawareperf@1.0- update cmd:1000000 param:0
09-20 12:37:28.793 I/mtkpower_client( 1317): perf_lock_acq, hdl:0, dur:0, num:2, tid:1317
09-20 12:37:28.795 I/mtkpower_client( 1317): ret_hdl:249326
09-20 12:37:28.797 I/libPowerHal( 1238): [perfLockAcq] idx:5 hdl:249326 hint:-1 pid:1317 duration:0 lock_user:fpsgo => ret_hdl:249326
09-20 12:37:28.798 I/libPowerHal( 1238): [PE] fpsgo update cmd:1404500 param:1
09-20 12:37:28.798 I/mtkpower_client( 1317): perf_lock_acq, hdl:0, dur:0, num:12, tid:1317
09-20 12:37:28.799 I/mtkpower_client( 1317): ret_hdl:249327
09-20 12:37:28.800 I/libPowerHal( 1238): cmdSetting - unknown cmd:1438500, scmd:(null) ,param_1:0
09-20 12:37:28.800 I/libPowerHal( 1238): cmdSetting - unknown cmd:1438800, scmd:(null) ,param_1:0
09-20 12:37:28.800 I/libPowerHal( 1238): [perfLockAcq] idx:9 hdl:249327 hint:-1 pid:1317 duration:0 lock_user:fpsgo => ret_hdl:249327
09-20 12:37:28.801 I/libPowerHal( 1238): [PE] fpsgo update cmd:1438300, param:0
09-20 12:37:28.801 I/libPowerHal( 1238): [PE] fpsgo update cmd:1438400, param:0
09-20 12:37:28.801 I/libPowerHal( 1238): [PE] fpsgo update cmd:1438600, param:0
09-20 12:37:28.801 I/libPowerHal( 1238): [PE] fpsgo update cmd:1438700, param:0
09-20 12:37:28.872 I/libPowerHal( 1238): [perfLockRel] hdl:249324, idx:2
09-20 12:37:28.873 I/libPowerHal( 1238): [perfLockAcq] idx:10 hdl:249328 hint:-1 pid:1221 duration:80 lock_user:iawareperf@1.0- => ret_hdl:249328
09-20 12:37:28.874 I/libPowerHal( 1238): [perfLockAcq] idx:11 hdl:249329 hint:-1 pid:1221 duration:3000 lock_user:iawareperf@1.0- => ret_hdl:249329
09-20 12:37:28.954 I/mtkpower@impl( 1238): [powerd_req] TIMER_MSG_PERF_LOCK_TIMEOUT hdl:249328
09-20 12:37:28.954 I/libPowerHal( 1238): [perfLockRel] hdl:249328, idx:10
09-20 12:37:29.024 I/libPowerHal( 1238): [perfLockRel] hdl:249325, idx:4
09-20 12:37:29.024 I/libPowerHal( 1238): [setClusterFreq] iawareperf@1.0-: sysfs_freq set cpu freq: -1 -1 -1 -1
09-20 12:37:29.025 I/libPowerHal( 1238): [unsetGPUFreq] current min:2, max:0; scn_gpu_min:2, scn_gpu_max:-1; scn_gpu_min(HL):-1, scn_gpu_max(HL):-1
09-20 12:37:29.025 I/libPowerHal( 1238): [setGPUFreq] Soft min/max = (2, 0); Hard min/max = (2, 0)
09-20 12:37:29.025 I/libPowerHal( 1238): [setGPUFreq] final min/max = (2, 0)
09-20 12:37:29.025 I/libPowerHal( 1238): iawareperf@1.0-: set gpu opp level: 2
09-20 12:37:29.026 I/libPowerHal( 1238): iawareperf@1.0-: set gpu opp level max: 0
09-20 12:37:29.026 I/libPowerHal( 1238): [PD] iawareperf@1.0- update cmd:1408300 param:0
09-20 12:37:29.028 I/libPowerHal( 1238): [PD] iawareperf@1.0- update cmd:1000000 param:-1
09-20 12:37:29.209 I/mtkpower_client( 1317): perf_lock_rel, hdl:249326, tid:1317
09-20 12:37:29.211 I/mtkpower_client( 1317): perf_lock_rel, hdl:249327, tid:1317
09-20 12:37:29.211 I/libPowerHal( 1238): [perfLockRel] hdl:249326, idx:5
09-20 12:37:29.212 I/libPowerHal( 1238): [PD] fpsgo update cmd:1404500 param:0
09-20 12:37:29.214 I/libPowerHal( 1238): [perfLockRel] hdl:249327, idx:9
09-20 12:37:29.215 I/libPowerHal( 1238): [PD] fpsgo update cmd:1438300, param:1000
09-20 12:37:29.215 I/libPowerHal( 1238): [PD] fpsgo update cmd:1438400, param:1000
09-20 12:37:29.216 I/libPowerHal( 1238): [PD] fpsgo update cmd:1438600 param:1000
09-20 12:37:29.217 I/libPowerHal( 1238): [PD] fpsgo update cmd:1438700 param:1000
09-20 12:37:29.516 I/mtkpower@impl( 1238): [powerd_req] TIMER_MSG_PERF_LOCK_TIMEOUT hdl:249311
09-20 12:37:29.517 I/libPowerHal( 1238): [perfLockRel] hdl:249311, idx:7
09-20 12:37:30.841 I/mtkpower@impl( 1238): [powerd_req] TIMER_MSG_PERF_LOCK_TIMEOUT hdl:249317
09-20 12:37:30.841 I/libPowerHal( 1238): [perfLockRel] hdl:249317, idx:8
09-20 12:37:31.367 I/mtkpower@impl( 1238): [powerd_req] TIMER_MSG_PERF_LOCK_TIMEOUT hdl:249323
09-20 12:37:31.368 I/libPowerHal( 1238): [perfLockRel] hdl:249323, idx:1
09-20 12:37:31.875 I/mtkpower@impl( 1238): [powerd_req] TIMER_MSG_PERF_LOCK_TIMEOUT hdl:249329
09-20 12:37:31.876 I/libPowerHal( 1238): [perfLockRel] hdl:249329, idx:11
09-20 12:37:31.878 I/libPowerHal( 1238): [setClusterFreq] iawareperf@1.0-: sysfs_freq set cpu freq: -1 2015000 -1 -1
09-20 12:37:32.382 I/libPowerHal( 1238): [perfLockAcq] idx:1 hdl:249330 hint:-1 pid:1221 duration:3000 lock_user:iawareperf@1.0- => ret_hdl:249330
09-20 12:37:32.386 I/libPowerHal( 1238): [setClusterFreq] iawareperf@1.0-: sysfs_freq set cpu freq: 1617000 -1 1600000 -1
09-20 12:37:32.387 I/libPowerHal( 1238): [PE] iawareperf@1.0- update cmd:1408300, param:30
09-20 12:37:32.390 I/libPowerHal( 1238): [perfLockAcq] idx:2 hdl:249331 hint:-1 pid:1221 duration:500 lock_user:iawareperf@1.0- => ret_hdl:249331
09-20 12:37:32.390 I/libPowerHal( 1238): [setGPUFreq] iawareperf@1.0- user set gpu freq min:2, max:-1
09-20 12:37:32.390 I/libPowerHal( 1238): iawareperf@1.0-: set gpu opp level max: 0
09-20 12:37:32.390 I/libPowerHal( 1238): [setGPUFreq] Soft min/max = (2, 0); Hard min/max = (2, 0)
09-20 12:37:32.390 I/libPowerHal( 1238): [setGPUFreq] final min/max = (2, 0)
09-20 12:37:32.390 I/libPowerHal( 1238): iawareperf@1.0-: set gpu opp level: 2
09-20 12:37:32.390 I/libPowerHal( 1238): iawareperf@1.0-: set gpu opp level max: 0
09-20 12:37:32.391 I/libPowerHal( 1238): [PE] iawareperf@1.0- update cmd:1000000 param:4
09-20 12:37:32.391 I/libPowerHal( 1238): [set_task_affinity] index:0 0x0, scn:0xb40000789200f5c0
09-20 12:37:32.391 E/libPowerHal( 1238): [set_task_affinity] stat PATH_CURR_SCENE fail
09-20 12:37:32.391 I/libPowerHal( 1238): [PE] iawareperf@1.0- update cmd:10002000 param:0
09-20 12:37:32.398 I/libPowerHal( 1238): [perfLockAcq] idx:4 hdl:249332 hint:-1 pid:1221 duration:3000 lock_user:iawareperf@1.0- => ret_hdl:249332
09-20 12:37:32.399 I/libPowerHal( 1238): [setGPUFreq] iawareperf@1.0- user set gpu freq min:2, max:-1
09-20 12:37:32.399 I/libPowerHal( 1238): iawareperf@1.0-: set gpu opp level max: 0
09-20 12:37:32.399 I/libPowerHal( 1238): [setGPUFreq] Soft min/max = (2, 0); Hard min/max = (2, 0)
09-20 12:37:32.399 I/libPowerHal( 1238): [setGPUFreq] final min/max = (2, 0)
09-20 12:37:32.399 I/libPowerHal( 1238): iawareperf@1.0-: set gpu opp level: 2
09-20 12:37:32.400 I/libPowerHal( 1238): iawareperf@1.0-: set gpu opp level max: 0
09-20 12:37:32.407 I/libPowerHal( 1238): [setClusterFreq] iawareperf@1.0-: sysfs_freq set cpu freq: 2200000 -1 1600000 -1
09-20 12:37:32.407 I/libPowerHal( 1238): [PE] iawareperf@1.0- update cmd:1000000 param:0
09-20 12:37:32.422 I/mtkpower@impl( 1238): [setMode] type:5, enabled:1
09-20 12:37:32.423 I/mtkpower_client( 1630): [Legacy][PowerHal_Wrap_notifyAppState] com.edudashpro/com.edudashpro.MainActivity pid=20474 state:0
09-20 12:37:32.424 I/libPowerHal( 1238): [perfNotifyAppState] pack:com.edudashpro, act:com.edudashpro.MainActivity, state:0, pid:20474, uid:10458, fps:-1
09-20 12:37:32.444 I/mtkpower_client( 1630): [Legacy][PowerHal_Wrap_notifyAppState] com.hihonor.android.launcher/com.hihonor.android.launcher.unihome.UniHomeLauncher pid=3121 state:1
09-20 12:37:32.444 I/libPowerHal( 1238): [perfNotifyAppState] pack:com.hihonor.android.launcher, act:com.hihonor.android.launcher.unihome.UniHomeLauncher, state:1, pid:3121, uid:10094, fps:-1
09-20 12:37:32.444 I/libPowerHal( 1238): [perfNotifyAppState] foreground:com.hihonor.android.launcher, pid:3121, uid:10094
09-20 12:37:32.445 E/UxUtility( 1238): notifyAppState error = NULL
09-20 12:37:32.445 I/mtkpower@impl( 1238): [notifyAppState] pc:0, com.edudashpro => com.hihonor.android.launcher
09-20 12:37:32.521 I/libPowerHal( 1238): cmdSetting - unknown cmd:1c3c000, scmd:(null) ,param_1:1
09-20 12:37:32.521 I/libPowerHal( 1238): [perfLockAcq] idx:5 hdl:249333 hint:-1 pid:1221 duration:400 lock_user:iawareperf@1.0- => ret_hdl:249333
09-20 12:37:32.521 I/libPowerHal( 1238): [setGPUFreq] iawareperf@1.0- user set gpu freq min:2, max:-1
09-20 12:37:32.521 I/libPowerHal( 1238): iawareperf@1.0-: set gpu opp level max: 0
09-20 12:37:32.521 I/libPowerHal( 1238): [setGPUFreq] Soft min/max = (2, 0); Hard min/max = (2, 0)
09-20 12:37:32.521 I/libPowerHal( 1238): [setGPUFreq] final min/max = (2, 0)
09-20 12:37:32.521 I/libPowerHal( 1238): iawareperf@1.0-: set gpu opp level: 2
09-20 12:37:32.521 I/libPowerHal( 1238): iawareperf@1.0-: set gpu opp level max: 0
09-20 12:37:32.522 I/libPowerHal( 1238): [PE] iawareperf@1.0- update cmd:1408300, param:50
09-20 12:37:32.672 I/mtkpower_client( 1317): perf_lock_acq, hdl:0, dur:0, num:2, tid:1317
09-20 12:37:32.673 I/mtkpower_client( 1317): ret_hdl:249334
09-20 12:37:32.673 I/mtkpower_client( 1317): perf_lock_acq, hdl:0, dur:0, num:12, tid:1317
09-20 12:37:32.674 I/libPowerHal( 1238): [perfLockAcq] idx:7 hdl:249334 hint:-1 pid:1317 duration:0 lock_user:fpsgo => ret_hdl:249334
09-20 12:37:32.674 I/libPowerHal( 1238): [PE] fpsgo update cmd:1404500 param:1
09-20 12:37:32.674 I/mtkpower_client( 1317): ret_hdl:249335
09-20 12:37:32.674 I/libPowerHal( 1238): cmdSetting - unknown cmd:1438500, scmd:(null) ,param_1:0
09-20 12:37:32.675 I/libPowerHal( 1238): cmdSetting - unknown cmd:1438800, scmd:(null) ,param_1:0
09-20 12:37:32.675 I/libPowerHal( 1238): [perfLockAcq] idx:8 hdl:249335 hint:-1 pid:1317 duration:0 lock_user:fpsgo => ret_hdl:249335
09-20 12:37:32.675 I/libPowerHal( 1238): [PE] fpsgo update cmd:1438300, param:0
09-20 12:37:32.676 I/libPowerHal( 1238): [PE] fpsgo update cmd:1438400, param:0
09-20 12:37:32.676 I/libPowerHal( 1238): [PE] fpsgo update cmd:1438600, param:0
09-20 12:37:32.676 I/libPowerHal( 1238): [PE] fpsgo update cmd:1438700, param:0
09-20 12:37:32.687 I/mtkpower_client( 1317): perf_lock_rel, hdl:249334, tid:1317
09-20 12:37:32.687 I/mtkpower_client( 1317): perf_lock_rel, hdl:249335, tid:1317
09-20 12:37:32.688 I/libPowerHal( 1238): [perfLockRel] hdl:249334, idx:7
09-20 12:37:32.688 I/libPowerHal( 1238): [PD] fpsgo update cmd:1404500 param:0
09-20 12:37:32.690 I/libPowerHal( 1238): [perfLockRel] hdl:249335, idx:8
09-20 12:37:32.690 I/libPowerHal( 1238): [PD] fpsgo update cmd:1438300, param:1000
09-20 12:37:32.691 I/libPowerHal( 1238): [PD] fpsgo update cmd:1438400, param:1000
09-20 12:37:32.691 I/libPowerHal( 1238): [PD] fpsgo update cmd:1438600 param:1000
09-20 12:37:32.691 I/libPowerHal( 1238): [PD] fpsgo update cmd:1438700 param:1000
09-20 12:37:32.701 I/mtkpower@impl( 1238): [setMode] type:6, enabled:1
09-20 12:37:32.701 E/mtkpower@impl( 1238): [setMode] unknown type
09-20 12:37:32.892 I/mtkpower@impl( 1238): [powerd_req] TIMER_MSG_PERF_LOCK_TIMEOUT hdl:249331
09-20 12:37:32.892 I/libPowerHal( 1238): [perfLockRel] hdl:249331, idx:2
09-20 12:37:32.892 I/libPowerHal( 1238): [unsetGPUFreq] current min:2, max:0; scn_gpu_min:2, scn_gpu_max:-1; scn_gpu_min(HL):-1, scn_gpu_max(HL):-1
09-20 12:37:32.892 I/libPowerHal( 1238): [setGPUFreq] Soft min/max = (2, 0); Hard min/max = (2, 0)
09-20 12:37:32.892 I/libPowerHal( 1238): [setGPUFreq] final min/max = (2, 0)
09-20 12:37:32.892 I/libPowerHal( 1238): iawareperf@1.0-: set gpu opp level: 2
09-20 12:37:32.893 I/libPowerHal( 1238): iawareperf@1.0-: set gpu opp level max: 0
09-20 12:37:32.893 I/libPowerHal( 1238): [unset_task_affinity] index:0 0x0, scn:0xb40000789200f5c0
09-20 12:37:32.894 E/libPowerHal( 1238): [unset_task_affinity] stat PATH_CURR_SCENE fail
09-20 12:37:32.894 I/libPowerHal( 1238): [PD] iawareperf@1.0- update ONESHOT cmd:10002000 param:0
09-20 12:37:32.922 I/mtkpower@impl( 1238): [powerd_req] TIMER_MSG_PERF_LOCK_TIMEOUT hdl:249333
09-20 12:37:32.923 I/libPowerHal( 1238): [perfLockRel] hdl:249333, idx:5
09-20 12:37:32.923 I/libPowerHal( 1238): [unsetGPUFreq] current min:2, max:0; scn_gpu_min:2, scn_gpu_max:-1; scn_gpu_min(HL):-1, scn_gpu_max(HL):-1
09-20 12:37:32.923 I/libPowerHal( 1238): [setGPUFreq] Soft min/max = (2, 0); Hard min/max = (2, 0)
09-20 12:37:32.924 I/libPowerHal( 1238): [setGPUFreq] final min/max = (2, 0)
09-20 12:37:32.924 I/libPowerHal( 1238): iawareperf@1.0-: set gpu opp level: 2
09-20 12:37:32.924 I/libPowerHal( 1238): iawareperf@1.0-: set gpu opp level max: 0
09-20 12:37:32.924 I/libPowerHal( 1238): [PD] iawareperf@1.0- update cmd:1408300 param:30
09-20 12:37:32.966 I/libPowerHal( 1238): [updateFPS] pid(3121) : -1 => 60
09-20 12:37:32.967 I/libPowerHal( 1238): [perfNotifyAppState] pack:com.hihonor.android.launcher, act:com.hihonor.android.launcher.unihome.UniHomeLauncher, state:5, pid:3121, uid:10094, fps:60
09-20 12:37:32.967 E/UxUtility( 1238): notifyAppState error = NULL
09-20 12:37:33.063 I/libPowerHal( 1238): [perfLockRel] hdl:249330, idx:1
09-20 12:37:33.065 I/libPowerHal( 1238): [perfLockAcq] idx:2 hdl:249336 hint:-1 pid:1221 duration:80 lock_user:iawareperf@1.0- => ret_hdl:249336
09-20 12:37:33.066 I/libPowerHal( 1238): [perfLockAcq] idx:5 hdl:249337 hint:-1 pid:1221 duration:3000 lock_user:iawareperf@1.0- => ret_hdl:249337
09-20 12:37:33.096 I/libPowerHal( 1238): [perfLockRel] hdl:249331, idx:-1
09-20 12:37:33.097 I/libPowerHal( 1238): [perfLockAcq] idx:1 hdl:249338 hint:-1 pid:1221 duration:500 lock_user:iawareperf@1.0- => ret_hdl:249338
09-20 12:37:33.097 I/libPowerHal( 1238): [setGPUFreq] iawareperf@1.0- user set gpu freq min:2, max:-1
09-20 12:37:33.097 I/libPowerHal( 1238): iawareperf@1.0-: set gpu opp level max: 0
09-20 12:37:33.097 I/libPowerHal( 1238): [setGPUFreq] Soft min/max = (2, 0); Hard min/max = (2, 0)
09-20 12:37:33.097 I/libPowerHal( 1238): [setGPUFreq] final min/max = (2, 0)
09-20 12:37:33.097 I/libPowerHal( 1238): iawareperf@1.0-: set gpu opp level: 2
09-20 12:37:33.098 I/libPowerHal( 1238): iawareperf@1.0-: set gpu opp level max: 0
09-20 12:37:33.098 I/libPowerHal( 1238): [set_task_affinity] index:0 0x0, scn:0xb40000789200e660
09-20 12:37:33.099 E/libPowerHal( 1238): [set_task_affinity] stat PATH_CURR_SCENE fail
09-20 12:37:33.099 I/libPowerHal( 1238): [PE] iawareperf@1.0- update cmd:10002000 param:0
09-20 12:37:33.145 I/mtkpower@impl( 1238): [powerd_req] TIMER_MSG_PERF_LOCK_TIMEOUT hdl:249336
09-20 12:37:33.146 I/libPowerHal( 1238): [perfLockRel] hdl:249336, idx:2
09-20 12:37:33.282 I/libPowerHal( 1238): [perfLockRel] hdl:249332, idx:4
09-20 12:37:33.284 I/libPowerHal( 1238): [setClusterFreq] iawareperf@1.0-: sysfs_freq set cpu freq: 1617000 -1 1600000 -1
09-20 12:37:33.285 I/libPowerHal( 1238): [unsetGPUFreq] current min:2, max:0; scn_gpu_min:2, scn_gpu_max:-1; scn_gpu_min(HL):-1, scn_gpu_max(HL):-1
09-20 12:37:33.286 I/libPowerHal( 1238): [setGPUFreq] Soft min/max = (2, 0); Hard min/max = (2, 0)
09-20 12:37:33.286 I/libPowerHal( 1238): [setGPUFreq] final min/max = (2, 0)
09-20 12:37:33.286 I/libPowerHal( 1238): iawareperf@1.0-: set gpu opp level: 2
09-20 12:37:33.286 I/libPowerHal( 1238): iawareperf@1.0-: set gpu opp level max: 0
09-20 12:37:33.287 I/libPowerHal( 1238): [PD] iawareperf@1.0- update cmd:1000000 param:4
09-20 12:37:33.600 I/mtkpower@impl( 1238): [powerd_req] TIMER_MSG_PERF_LOCK_TIMEOUT hdl:249338
09-20 12:37:33.600 I/libPowerHal( 1238): [perfLockRel] hdl:249338, idx:1
09-20 12:37:33.601 I/libPowerHal( 1238): [setClusterFreq] iawareperf@1.0-: sysfs_freq set cpu freq: -1 -1 -1 -1
09-20 12:37:33.601 I/libPowerHal( 1238): [unsetGPUFreq] current min:2, max:0; scn_gpu_min:2, scn_gpu_max:-1; scn_gpu_min(HL):-1, scn_gpu_max(HL):-1
09-20 12:37:33.601 I/libPowerHal( 1238): [setGPUFreq] Soft min/max = (2, 0); Hard min/max = (2, 0)
09-20 12:37:33.602 I/libPowerHal( 1238): [setGPUFreq] final min/max = (2, 0)
09-20 12:37:33.602 I/libPowerHal( 1238): iawareperf@1.0-: set gpu opp level: 2
09-20 12:37:33.602 I/libPowerHal( 1238): iawareperf@1.0-: set gpu opp level max: 0
09-20 12:37:33.602 I/libPowerHal( 1238): [PD] iawareperf@1.0- update cmd:1408300 param:0
09-20 12:37:33.605 I/libPowerHal( 1238): [PD] iawareperf@1.0- update cmd:1000000 param:-1
09-20 12:37:33.605 I/libPowerHal( 1238): [unset_task_affinity] index:0 0x0, scn:0xb40000789200e660
09-20 12:37:33.605 E/libPowerHal( 1238): [unset_task_affinity] stat PATH_CURR_SCENE fail
09-20 12:37:33.605 I/libPowerHal( 1238): [PD] iawareperf@1.0- update ONESHOT cmd:10002000 param:0
09-20 12:37:33.685 I/mtkpower@impl( 1238): [setMode] type:6, enabled:0
09-20 12:37:33.685 E/mtkpower@impl( 1238): [setMode] unknown type
09-20 12:37:33.744 I/libPowerHal( 1238): [perfLockRel] hdl:249338, idx:-1
09-20 12:37:33.753 I/libPowerHal( 1238): [perfLockAcq] idx:1 hdl:249339 hint:-1 pid:1221 duration:80 lock_user:iawareperf@1.0- => ret_hdl:249339
09-20 12:37:33.755 I/libPowerHal( 1238): [setClusterFreq] iawareperf@1.0-: sysfs_freq set cpu freq: 1617000 -1 1579000 -1
09-20 12:37:33.756 I/mtkpower_client( 1317): perf_lock_acq, hdl:0, dur:0, num:2, tid:1317
09-20 12:37:33.756 I/libPowerHal( 1238): [PE] iawareperf@1.0- update cmd:1408300, param:30
09-20 12:37:33.757 I/mtkpower_client( 1317): ret_hdl:249340
09-20 12:37:33.757 I/mtkpower_client( 1317): perf_lock_acq, hdl:0, dur:0, num:12, tid:1317
09-20 12:37:33.757 I/libPowerHal( 1238): [perfLockAcq] idx:2 hdl:249340 hint:-1 pid:1317 duration:0 lock_user:fpsgo => ret_hdl:249340
09-20 12:37:33.757 I/libPowerHal( 1238): [PE] fpsgo update cmd:1404500 param:1
09-20 12:37:33.759 I/libPowerHal( 1238): cmdSetting - unknown cmd:1438500, scmd:(null) ,param_1:0
09-20 12:37:33.759 I/libPowerHal( 1238): cmdSetting - unknown cmd:1438800, scmd:(null) ,param_1:0
09-20 12:37:33.759 I/libPowerHal( 1238): [perfLockAcq] idx:4 hdl:249341 hint:-1 pid:1317 duration:0 lock_user:fpsgo => ret_hdl:249341
09-20 12:37:33.759 I/libPowerHal( 1238): [PE] fpsgo update cmd:1438300, param:0
09-20 12:37:33.759 I/libPowerHal( 1238): [PE] fpsgo update cmd:1438400, param:0
09-20 12:37:33.759 I/libPowerHal( 1238): [PE] fpsgo update cmd:1438600, param:0
09-20 12:37:33.759 I/libPowerHal( 1238): [PE] fpsgo update cmd:1438700, param:0
09-20 12:37:33.760 I/mtkpower_client( 1317): ret_hdl:249341
09-20 12:37:33.767 I/mtkpower@impl( 1238): [setMode] type:5, enabled:0
09-20 12:37:33.771 I/mtkpower_client( 1630): [Legacy][PowerHal_Wrap_notifyAppState] com.edudashpro/com.edudashpro.MainActivity pid=20474 state:0
09-20 12:37:33.772 I/libPowerHal( 1238): [perfNotifyAppState] pack:com.edudashpro, act:com.edudashpro.MainActivity, state:0, pid:20474, uid:10458, fps:60
09-20 12:37:33.837 I/mtkpower@impl( 1238): [powerd_req] TIMER_MSG_PERF_LOCK_TIMEOUT hdl:249339
09-20 12:37:33.837 I/libPowerHal( 1238): [perfLockRel] hdl:249339, idx:1
09-20 12:37:33.837 I/libPowerHal( 1238): [setClusterFreq] iawareperf@1.0-: sysfs_freq set cpu freq: -1 -1 -1 -1
09-20 12:37:33.837 I/libPowerHal( 1238): [PD] iawareperf@1.0- update cmd:1408300 param:0
09-20 12:37:33.878 I/mtkpower_client( 1317): perf_lock_rel, hdl:249340, tid:1317
09-20 12:37:33.879 I/mtkpower_client( 1317): perf_lock_rel, hdl:249341, tid:1317
09-20 12:37:33.879 I/libPowerHal( 1238): [perfLockRel] hdl:249340, idx:2
09-20 12:37:33.879 I/libPowerHal( 1238): [PD] fpsgo update cmd:1404500 param:0
09-20 12:37:33.882 I/libPowerHal( 1238): [perfLockRel] hdl:249341, idx:4
09-20 12:37:33.883 I/libPowerHal( 1238): [PD] fpsgo update cmd:1438300, param:1000
09-20 12:37:33.883 I/libPowerHal( 1238): [PD] fpsgo update cmd:1438400, param:1000
09-20 12:37:33.884 I/libPowerHal( 1238): [PD] fpsgo update cmd:1438600 param:1000
09-20 12:37:33.884 I/libPowerHal( 1238): [PD] fpsgo update cmd:1438700 param:1000
09-20 12:37:34.968 I/libPowerHal( 1238): [updateFPS] pid(3121) : 60 => -1
09-20 12:37:34.969 I/libPowerHal( 1238): [perfNotifyAppState] pack:com.hihonor.android.launcher, act:com.hihonor.android.launcher.unihome.UniHomeLauncher, state:5, pid:3121, uid:10094, fps:-1
09-20 12:37:34.970 E/UxUtility( 1238): notifyAppState error = NULL
09-20 12:37:36.068 I/mtkpower@impl( 1238): [powerd_req] TIMER_MSG_PERF_LOCK_TIMEOUT hdl:249337
09-20 12:37:36.069 I/libPowerHal( 1238): [perfLockRel] hdl:249337, idx:5
09-20 12:37:36.071 I/libPowerHal( 1238): [setClusterFreq] iawareperf@1.0-: sysfs_freq set cpu freq: -1 2015000 -1 -1
09-20 12:37:36.150 I/libPowerHal( 1238): [perfLockAcq] idx:1 hdl:249342 hint:-1 pid:1221 duration:3000 lock_user:iawareperf@1.0- => ret_hdl:249342
09-20 12:37:36.152 I/libPowerHal( 1238): [setClusterFreq] iawareperf@1.0-: sysfs_freq set cpu freq: 1617000 -1 1600000 -1
09-20 12:37:36.153 I/libPowerHal( 1238): [PE] iawareperf@1.0- update cmd:1408300, param:30
09-20 12:37:36.156 I/libPowerHal( 1238): [perfLockAcq] idx:2 hdl:249343 hint:-1 pid:1221 duration:80 lock_user:iawareperf@1.0- => ret_hdl:249343
09-20 12:37:36.208 I/libPowerHal( 1238): [perfLockRel] hdl:249342, idx:1
09-20 12:37:36.209 I/libPowerHal( 1238): [setClusterFreq] iawareperf@1.0-: sysfs_freq set cpu freq: 1617000 -1 1579000 -1
09-20 12:37:36.211 I/libPowerHal( 1238): [perfLockAcq] idx:1 hdl:249344 hint:-1 pid:1221 duration:80 lock_user:iawareperf@1.0- => ret_hdl:249344
09-20 12:37:36.213 I/libPowerHal( 1238): [perfLockAcq] idx:4 hdl:249345 hint:-1 pid:1221 duration:3000 lock_user:iawareperf@1.0- => ret_hdl:249345
09-20 12:37:36.218 I/libPowerHal( 1238): cmdSetting - unknown cmd:1c3c000, scmd:(null) ,param_1:1
09-20 12:37:36.219 I/libPowerHal( 1238): [perfLockAcq] idx:5 hdl:249346 hint:-1 pid:1221 duration:400 lock_user:iawareperf@1.0- => ret_hdl:249346
09-20 12:37:36.219 I/libPowerHal( 1238): [setGPUFreq] iawareperf@1.0- user set gpu freq min:2, max:-1
09-20 12:37:36.219 I/libPowerHal( 1238): iawareperf@1.0-: set gpu opp level max: 0
09-20 12:37:36.219 I/libPowerHal( 1238): [setGPUFreq] Soft min/max = (2, 0); Hard min/max = (2, 0)
09-20 12:37:36.219 I/libPowerHal( 1238): [setGPUFreq] final min/max = (2, 0)
09-20 12:37:36.219 I/libPowerHal( 1238): iawareperf@1.0-: set gpu opp level: 2
09-20 12:37:36.219 I/libPowerHal( 1238): iawareperf@1.0-: set gpu opp level max: 0
09-20 12:37:36.220 I/libPowerHal( 1238): [setClusterFreq] iawareperf@1.0-: sysfs_freq set cpu freq: 2200000 -1 1600000 -1
09-20 12:37:36.221 I/libPowerHal( 1238): [PE] iawareperf@1.0- update cmd:1000000 param:1
09-20 12:37:36.226 I/mtkpower@impl( 1238): [setMode] type:5, enabled:1
09-20 12:37:36.228 I/mtkpower_client( 1630): [Legacy][PowerHal_Wrap_notifyAppState] com.hihonor.android.launcher/com.hihonor.android.launcher.unihome.UniHomeLauncher pid=3121 state:0
09-20 12:37:36.229 I/libPowerHal( 1238): [perfNotifyAppState] pack:com.hihonor.android.launcher, act:com.hihonor.android.launcher.unihome.UniHomeLauncher, state:0, pid:3121, uid:10094, fps:-1
09-20 12:37:36.237 I/mtkpower@impl( 1238): [powerd_req] TIMER_MSG_PERF_LOCK_TIMEOUT hdl:249343
09-20 12:37:36.237 I/libPowerHal( 1238): [perfLockRel] hdl:249343, idx:2
09-20 12:37:36.252 I/libPowerHal( 1238): [perfLockAcq] idx:2 hdl:249347 hint:-1 pid:1221 duration:250 lock_user:iawareperf@1.0- => ret_hdl:249347
09-20 12:37:36.252 I/libPowerHal( 1238): [setGPUFreq] iawareperf@1.0- user set gpu freq min:2, max:-1
09-20 12:37:36.252 I/libPowerHal( 1238): iawareperf@1.0-: set gpu opp level max: 0
09-20 12:37:36.252 I/libPowerHal( 1238): [setGPUFreq] Soft min/max = (2, 0); Hard min/max = (2, 0)
09-20 12:37:36.252 I/libPowerHal( 1238): [setGPUFreq] final min/max = (2, 0)
09-20 12:37:36.252 I/libPowerHal( 1238): iawareperf@1.0-: set gpu opp level: 2
09-20 12:37:36.253 I/libPowerHal( 1238): iawareperf@1.0-: set gpu opp level max: 0
09-20 12:37:36.282 I/mtkpower_client( 1630): [Legacy][PowerHal_Wrap_notifyAppState] com.edudashpro/com.edudashpro.MainActivity pid=20474 state:1
09-20 12:37:36.282 I/libPowerHal( 1238): [perfNotifyAppState] pack:com.edudashpro, act:com.edudashpro.MainActivity, state:1, pid:20474, uid:10458, fps:-1
09-20 12:37:36.282 I/libPowerHal( 1238): [perfNotifyAppState] foreground:com.edudashpro, pid:20474, uid:10458
09-20 12:37:36.282 E/UxUtility( 1238): notifyAppState error = NULL
09-20 12:37:36.283 I/mtkpower@impl( 1238): [notifyAppState] pc:0, com.hihonor.android.launcher => com.edudashpro
09-20 12:37:36.292 I/mtkpower@impl( 1238): [powerd_req] TIMER_MSG_PERF_LOCK_TIMEOUT hdl:249344
09-20 12:37:36.292 I/libPowerHal( 1238): [perfLockRel] hdl:249344, idx:1
09-20 12:37:36.295 I/mtkpower_client( 1630): [Legacy][PowerHal_Wrap_notifyAppState] com.hihonor.android.launcher/com.hihonor.android.launcher.unihome.UniHomeLauncher pid=3121 state:0
09-20 12:37:36.295 I/libPowerHal( 1238): [perfNotifyAppState] pack:com.hihonor.android.launcher, act:com.hihonor.android.launcher.unihome.UniHomeLauncher, state:0, pid:3121, uid:10094, fps:-1
09-20 12:37:36.302 I/libPowerHal( 1238): cmdSetting - unknown cmd:1c3c000, scmd:(null) ,param_1:1
09-20 12:37:36.303 I/libPowerHal( 1238): [perfLockAcq] idx:1 hdl:249348 hint:-1 pid:1221 duration:400 lock_user:iawareperf@1.0- => ret_hdl:249348
09-20 12:37:36.303 I/libPowerHal( 1238): [setGPUFreq] iawareperf@1.0- user set gpu freq min:2, max:-1
09-20 12:37:36.303 I/libPowerHal( 1238): iawareperf@1.0-: set gpu opp level max: 0
09-20 12:37:36.304 I/libPowerHal( 1238): [setGPUFreq] Soft min/max = (2, 0); Hard min/max = (2, 0)
09-20 12:37:36.304 I/libPowerHal( 1238): [setGPUFreq] final min/max = (2, 0)
09-20 12:37:36.304 I/libPowerHal( 1238): iawareperf@1.0-: set gpu opp level: 2
09-20 12:37:36.304 I/libPowerHal( 1238): iawareperf@1.0-: set gpu opp level max: 0
09-20 12:37:36.305 I/libPowerHal( 1238): [PE] iawareperf@1.0- update cmd:1408300, param:50
09-20 12:37:36.363 I/mtkpower@impl( 1238): [setMode] type:6, enabled:1
09-20 12:37:36.363 E/mtkpower@impl( 1238): [setMode] unknown type
09-20 12:37:36.449 I/mtkpower@impl( 1238): [setMode] type:5, enabled:0
09-20 12:37:36.504 I/mtkpower@impl( 1238): [powerd_req] TIMER_MSG_PERF_LOCK_TIMEOUT hdl:249347
09-20 12:37:36.504 I/libPowerHal( 1238): [perfLockRel] hdl:249347, idx:2
09-20 12:37:36.504 I/libPowerHal( 1238): [unsetGPUFreq] current min:2, max:0; scn_gpu_min:2, scn_gpu_max:-1; scn_gpu_min(HL):-1, scn_gpu_max(HL):-1
09-20 12:37:36.504 I/libPowerHal( 1238): [setGPUFreq] Soft min/max = (2, 0); Hard min/max = (2, 0)
09-20 12:37:36.504 I/libPowerHal( 1238): [setGPUFreq] final min/max = (2, 0)
09-20 12:37:36.504 I/libPowerHal( 1238): iawareperf@1.0-: set gpu opp level: 2
09-20 12:37:36.505 I/libPowerHal( 1238): iawareperf@1.0-: set gpu opp level max: 0
09-20 12:37:36.621 I/mtkpower@impl( 1238): [powerd_req] TIMER_MSG_PERF_LOCK_TIMEOUT hdl:249346
09-20 12:37:36.622 I/libPowerHal( 1238): [perfLockRel] hdl:249346, idx:5
09-20 12:37:36.622 I/libPowerHal( 1238): [unsetGPUFreq] current min:2, max:0; scn_gpu_min:2, scn_gpu_max:-1; scn_gpu_min(HL):-1, scn_gpu_max(HL):-1
09-20 12:37:36.622 I/libPowerHal( 1238): [setGPUFreq] Soft min/max = (2, 0); Hard min/max = (2, 0)
09-20 12:37:36.622 I/libPowerHal( 1238): [setGPUFreq] final min/max = (2, 0)
09-20 12:37:36.622 I/libPowerHal( 1238): iawareperf@1.0-: set gpu opp level: 2
09-20 12:37:36.622 I/libPowerHal( 1238): iawareperf@1.0-: set gpu opp level max: 0
09-20 12:37:36.624 I/libPowerHal( 1238): [PD] iawareperf@1.0- update cmd:1000000 param:2
09-20 12:37:36.667 I/mtkpower_client( 1630): [Legacy][PowerHal_Wrap_notifyAppState] com.hihonor.android.launcher/com.hihonor.android.launcher.unihome.UniHomeLauncher pid=3121 state:0
09-20 12:37:36.669 I/libPowerHal( 1238): [perfNotifyAppState] pack:com.hihonor.android.launcher, act:com.hihonor.android.launcher.unihome.UniHomeLauncher, state:0, pid:3121, uid:10094, fps:-1
09-20 12:37:36.691 I/mtkpower@impl( 1238): [setMode] type:6, enabled:0
09-20 12:37:36.692 E/mtkpower@impl( 1238): [setMode] unknown type
09-20 12:37:36.706 I/mtkpower@impl( 1238): [powerd_req] TIMER_MSG_PERF_LOCK_TIMEOUT hdl:249348
09-20 12:37:36.706 I/libPowerHal( 1238): [perfLockRel] hdl:249348, idx:1
09-20 12:37:36.707 I/libPowerHal( 1238): [setClusterFreq] iawareperf@1.0-: sysfs_freq set cpu freq: -1 -1 -1 -1
09-20 12:37:36.707 I/libPowerHal( 1238): [unsetGPUFreq] current min:2, max:0; scn_gpu_min:2, scn_gpu_max:-1; scn_gpu_min(HL):-1, scn_gpu_max(HL):-1
09-20 12:37:36.707 I/libPowerHal( 1238): [setGPUFreq] Soft min/max = (2, 0); Hard min/max = (2, 0)
09-20 12:37:36.707 I/libPowerHal( 1238): [setGPUFreq] final min/max = (2, 0)
09-20 12:37:36.707 I/libPowerHal( 1238): iawareperf@1.0-: set gpu opp level: 2
09-20 12:37:36.708 I/libPowerHal( 1238): iawareperf@1.0-: set gpu opp level max: 0
09-20 12:37:36.708 I/libPowerHal( 1238): [PD] iawareperf@1.0- update cmd:1408300 param:0
09-20 12:37:36.709 I/libPowerHal( 1238): [PD] iawareperf@1.0- update cmd:1000000 param:-1
09-20 12:37:39.216 I/mtkpower@impl( 1238): [powerd_req] TIMER_MSG_PERF_LOCK_TIMEOUT hdl:249345
09-20 12:37:39.217 I/libPowerHal( 1238): [perfLockRel] hdl:249345, idx:4
09-20 12:37:39.217 I/libPowerHal( 1238): [setClusterFreq] iawareperf@1.0-: sysfs_freq set cpu freq: -1 2015000 -1 -1
09-20 12:37:39.404 I/libPowerHal( 1238): [perfLockAcq] idx:1 hdl:249349 hint:-1 pid:1221 duration:3000 lock_user:iawareperf@1.0- => ret_hdl:249349
09-20 12:37:39.408 I/libPowerHal( 1238): [setClusterFreq] iawareperf@1.0-: sysfs_freq set cpu freq: 1617000 -1 1600000 -1
09-20 12:37:39.410 I/libPowerHal( 1238): [PE] iawareperf@1.0- update cmd:1408300, param:30
09-20 12:37:39.413 I/libPowerHal( 1238): [perfLockAcq] idx:2 hdl:249350 hint:-1 pid:1221 duration:500 lock_user:iawareperf@1.0- => ret_hdl:249350
09-20 12:37:39.413 I/libPowerHal( 1238): [setGPUFreq] iawareperf@1.0- user set gpu freq min:2, max:-1
09-20 12:37:39.413 I/libPowerHal( 1238): iawareperf@1.0-: set gpu opp level max: 0
09-20 12:37:39.413 I/libPowerHal( 1238): [setGPUFreq] Soft min/max = (2, 0); Hard min/max = (2, 0)
09-20 12:37:39.413 I/libPowerHal( 1238): [setGPUFreq] final min/max = (2, 0)
09-20 12:37:39.413 I/libPowerHal( 1238): iawareperf@1.0-: set gpu opp level: 2
09-20 12:37:39.413 I/libPowerHal( 1238): iawareperf@1.0-: set gpu opp level max: 0
09-20 12:37:39.414 I/libPowerHal( 1238): [PE] iawareperf@1.0- update cmd:1000000 param:4
09-20 12:37:39.414 I/libPowerHal( 1238): [set_task_affinity] index:0 0x0, scn:0xb40000789200f5c0
09-20 12:37:39.414 E/libPowerHal( 1238): [set_task_affinity] stat PATH_CURR_SCENE fail
09-20 12:37:39.414 I/libPowerHal( 1238): [PE] iawareperf@1.0- update cmd:10002000 param:0
09-20 12:37:39.424 I/libPowerHal( 1238): [perfLockAcq] idx:4 hdl:249351 hint:-1 pid:1221 duration:3000 lock_user:iawareperf@1.0- => ret_hdl:249351
09-20 12:37:39.424 I/libPowerHal( 1238): [setGPUFreq] iawareperf@1.0- user set gpu freq min:2, max:-1
09-20 12:37:39.424 I/libPowerHal( 1238): iawareperf@1.0-: set gpu opp level max: 0
09-20 12:37:39.425 I/libPowerHal( 1238): [setGPUFreq] Soft min/max = (2, 0); Hard min/max = (2, 0)
09-20 12:37:39.425 I/libPowerHal( 1238): [setGPUFreq] final min/max = (2, 0)
09-20 12:37:39.425 I/libPowerHal( 1238): iawareperf@1.0-: set gpu opp level: 2
09-20 12:37:39.425 I/libPowerHal( 1238): iawareperf@1.0-: set gpu opp level max: 0
09-20 12:37:39.426 I/libPowerHal( 1238): [setClusterFreq] iawareperf@1.0-: sysfs_freq set cpu freq: 2200000 -1 1600000 -1
09-20 12:37:39.426 I/libPowerHal( 1238): [PE] iawareperf@1.0- update cmd:1000000 param:0
09-20 12:37:39.437 I/mtkpower@impl( 1238): [setMode] type:5, enabled:1
09-20 12:37:39.438 I/mtkpower_client( 1630): [Legacy][PowerHal_Wrap_notifyAppState] com.edudashpro/com.edudashpro.MainActivity pid=20474 state:0
09-20 12:37:39.439 I/libPowerHal( 1238): [perfNotifyAppState] pack:com.edudashpro, act:com.edudashpro.MainActivity, state:0, pid:20474, uid:10458, fps:-1
09-20 12:37:39.459 I/mtkpower_client( 1630): [Legacy][PowerHal_Wrap_notifyAppState] com.hihonor.android.launcher/com.hihonor.android.launcher.unihome.UniHomeLauncher pid=3121 state:1
09-20 12:37:39.460 I/libPowerHal( 1238): [perfNotifyAppState] pack:com.hihonor.android.launcher, act:com.hihonor.android.launcher.unihome.UniHomeLauncher, state:1, pid:3121, uid:10094, fps:-1
09-20 12:37:39.460 I/libPowerHal( 1238): [perfNotifyAppState] foreground:com.hihonor.android.launcher, pid:3121, uid:10094
09-20 12:37:39.460 E/UxUtility( 1238): notifyAppState error = NULL
09-20 12:37:39.460 I/mtkpower@impl( 1238): [notifyAppState] pc:0, com.edudashpro => com.hihonor.android.launcher
09-20 12:37:39.481 I/libPowerHal( 1238): cmdSetting - unknown cmd:1c3c000, scmd:(null) ,param_1:1
09-20 12:37:39.481 I/libPowerHal( 1238): [perfLockAcq] idx:5 hdl:249352 hint:-1 pid:1221 duration:400 lock_user:iawareperf@1.0- => ret_hdl:249352
09-20 12:37:39.481 I/libPowerHal( 1238): [setGPUFreq] iawareperf@1.0- user set gpu freq min:2, max:-1
09-20 12:37:39.481 I/libPowerHal( 1238): iawareperf@1.0-: set gpu opp level max: 0
09-20 12:37:39.481 I/libPowerHal( 1238): [setGPUFreq] Soft min/max = (2, 0); Hard min/max = (2, 0)
09-20 12:37:39.481 I/libPowerHal( 1238): [setGPUFreq] final min/max = (2, 0)
09-20 12:37:39.481 I/libPowerHal( 1238): iawareperf@1.0-: set gpu opp level: 2
09-20 12:37:39.482 I/libPowerHal( 1238): iawareperf@1.0-: set gpu opp level max: 0
09-20 12:37:39.483 I/libPowerHal( 1238): [PE] iawareperf@1.0- update cmd:1408300, param:50
09-20 12:37:39.592 I/mtkpower_client( 1317): perf_lock_acq, hdl:0, dur:0, num:2, tid:1317
09-20 12:37:39.593 I/mtkpower_client( 1317): ret_hdl:249353
09-20 12:37:39.593 I/libPowerHal( 1238): [perfLockAcq] idx:7 hdl:249353 hint:-1 pid:1317 duration:0 lock_user:fpsgo => ret_hdl:249353
09-20 12:37:39.593 I/libPowerHal( 1238): [PE] fpsgo update cmd:1404500 param:1
09-20 12:37:39.595 I/mtkpower_client( 1317): perf_lock_acq, hdl:0, dur:0, num:12, tid:1317
09-20 12:37:39.596 I/mtkpower_client( 1317): ret_hdl:249354
09-20 12:37:39.597 I/libPowerHal( 1238): cmdSetting - unknown cmd:1438500, scmd:(null) ,param_1:0
09-20 12:37:39.597 I/libPowerHal( 1238): cmdSetting - unknown cmd:1438800, scmd:(null) ,param_1:0
09-20 12:37:39.597 I/libPowerHal( 1238): [perfLockAcq] idx:8 hdl:249354 hint:-1 pid:1317 duration:0 lock_user:fpsgo => ret_hdl:249354
09-20 12:37:39.597 I/libPowerHal( 1238): [PE] fpsgo update cmd:1438300, param:0
09-20 12:37:39.597 I/libPowerHal( 1238): [PE] fpsgo update cmd:1438400, param:0
09-20 12:37:39.598 I/libPowerHal( 1238): [PE] fpsgo update cmd:1438600, param:0
09-20 12:37:39.598 I/libPowerHal( 1238): [PE] fpsgo update cmd:1438700, param:0
09-20 12:37:39.615 I/mtkpower_client( 1317): perf_lock_rel, hdl:249353, tid:1317
09-20 12:37:39.616 I/libPowerHal( 1238): [perfLockRel] hdl:249353, idx:7
09-20 12:37:39.616 I/mtkpower_client( 1317): perf_lock_rel, hdl:249354, tid:1317
09-20 12:37:39.616 I/libPowerHal( 1238): [PD] fpsgo update cmd:1404500 param:0
09-20 12:37:39.617 I/libPowerHal( 1238): [perfLockRel] hdl:249354, idx:8
09-20 12:37:39.617 I/libPowerHal( 1238): [PD] fpsgo update cmd:1438300, param:1000
09-20 12:37:39.618 I/libPowerHal( 1238): [PD] fpsgo update cmd:1438400, param:1000
09-20 12:37:39.618 I/libPowerHal( 1238): [PD] fpsgo update cmd:1438600 param:1000
09-20 12:37:39.618 I/libPowerHal( 1238): [PD] fpsgo update cmd:1438700 param:1000
09-20 12:37:39.632 I/mtkpower@impl( 1238): [setMode] type:6, enabled:1
09-20 12:37:39.632 E/mtkpower@impl( 1238): [setMode] unknown type
09-20 12:37:39.884 I/mtkpower@impl( 1238): [powerd_req] TIMER_MSG_PERF_LOCK_TIMEOUT hdl:249352
09-20 12:37:39.884 I/libPowerHal( 1238): [perfLockRel] hdl:249352, idx:5
09-20 12:37:39.884 I/libPowerHal( 1238): [unsetGPUFreq] current min:2, max:0; scn_gpu_min:2, scn_gpu_max:-1; scn_gpu_min(HL):-1, scn_gpu_max(HL):-1
09-20 12:37:39.885 I/libPowerHal( 1238): [setGPUFreq] Soft min/max = (2, 0); Hard min/max = (2, 0)
09-20 12:37:39.885 I/libPowerHal( 1238): [setGPUFreq] final min/max = (2, 0)
09-20 12:37:39.885 I/libPowerHal( 1238): iawareperf@1.0-: set gpu opp level: 2
09-20 12:37:39.885 I/libPowerHal( 1238): iawareperf@1.0-: set gpu opp level max: 0
09-20 12:37:39.885 I/libPowerHal( 1238): [PD] iawareperf@1.0- update cmd:1408300 param:30
09-20 12:37:39.913 I/mtkpower@impl( 1238): [powerd_req] TIMER_MSG_PERF_LOCK_TIMEOUT hdl:249350
09-20 12:37:39.914 I/libPowerHal( 1238): [perfLockRel] hdl:249350, idx:2
09-20 12:37:39.914 I/libPowerHal( 1238): [unsetGPUFreq] current min:2, max:0; scn_gpu_min:2, scn_gpu_max:-1; scn_gpu_min(HL):-1, scn_gpu_max(HL):-1
09-20 12:37:39.914 I/libPowerHal( 1238): [setGPUFreq] Soft min/max = (2, 0); Hard min/max = (2, 0)
09-20 12:37:39.914 I/libPowerHal( 1238): [setGPUFreq] final min/max = (2, 0)
09-20 12:37:39.914 I/libPowerHal( 1238): iawareperf@1.0-: set gpu opp level: 2
09-20 12:37:39.914 I/libPowerHal( 1238): iawareperf@1.0-: set gpu opp level max: 0
09-20 12:37:39.915 I/libPowerHal( 1238): [unset_task_affinity] index:0 0x0, scn:0xb40000789200f5c0
09-20 12:37:39.917 E/libPowerHal( 1238): [unset_task_affinity] stat PATH_CURR_SCENE fail
09-20 12:37:39.917 I/libPowerHal( 1238): [PD] iawareperf@1.0- update ONESHOT cmd:10002000 param:0
09-20 12:37:39.971 I/libPowerHal( 1238): [updateFPS] pid(3121) : -1 => 60
09-20 12:37:39.971 I/libPowerHal( 1238): [perfNotifyAppState] pack:com.hihonor.android.launcher, act:com.hihonor.android.launcher.unihome.UniHomeLauncher, state:5, pid:3121, uid:10094, fps:60
09-20 12:37:39.972 E/UxUtility( 1238): notifyAppState error = NULL
09-20 12:37:40.175 I/libPowerHal( 1238): [perfLockRel] hdl:249349, idx:1
09-20 12:37:40.177 I/libPowerHal( 1238): [perfLockAcq] idx:1 hdl:249355 hint:-1 pid:1221 duration:80 lock_user:iawareperf@1.0- => ret_hdl:249355
09-20 12:37:40.179 I/libPowerHal( 1238): [perfLockAcq] idx:2 hdl:249356 hint:-1 pid:1221 duration:3000 lock_user:iawareperf@1.0- => ret_hdl:249356
09-20 12:37:40.188 I/libPowerHal( 1238): [perfLockRel] hdl:249350, idx:-1
09-20 12:37:40.191 I/libPowerHal( 1238): [perfLockAcq] idx:5 hdl:249357 hint:-1 pid:1221 duration:500 lock_user:iawareperf@1.0- => ret_hdl:249357
09-20 12:37:40.191 I/libPowerHal( 1238): [setGPUFreq] iawareperf@1.0- user set gpu freq min:2, max:-1
09-20 12:37:40.191 I/libPowerHal( 1238): iawareperf@1.0-: set gpu opp level max: 0
09-20 12:37:40.192 I/libPowerHal( 1238): [setGPUFreq] Soft min/max = (2, 0); Hard min/max = (2, 0)
09-20 12:37:40.192 I/libPowerHal( 1238): [setGPUFreq] final min/max = (2, 0)
09-20 12:37:40.192 I/libPowerHal( 1238): iawareperf@1.0-: set gpu opp level: 2
09-20 12:37:40.192 I/libPowerHal( 1238): iawareperf@1.0-: set gpu opp level max: 0
09-20 12:37:40.192 I/libPowerHal( 1238): [set_task_affinity] index:0 0x0, scn:0xb4000078920123e0
09-20 12:37:40.192 E/libPowerHal( 1238): [set_task_affinity] stat PATH_CURR_SCENE fail
09-20 12:37:40.192 I/libPowerHal( 1238): [PE] iawareperf@1.0- update cmd:10002000 param:0
09-20 12:37:40.257 I/mtkpower@impl( 1238): [powerd_req] TIMER_MSG_PERF_LOCK_TIMEOUT hdl:249355
09-20 12:37:40.258 I/libPowerHal( 1238): [perfLockRel] hdl:249355, idx:1
09-20 12:37:40.327 I/libPowerHal( 1238): [perfLockRel] hdl:249351, idx:4
09-20 12:37:40.328 I/libPowerHal( 1238): [setClusterFreq] iawareperf@1.0-: sysfs_freq set cpu freq: 1617000 -1 1600000 -1
09-20 12:37:40.328 I/libPowerHal( 1238): [unsetGPUFreq] current min:2, max:0; scn_gpu_min:2, scn_gpu_max:-1; scn_gpu_min(HL):-1, scn_gpu_max(HL):-1
09-20 12:37:40.328 I/libPowerHal( 1238): [setGPUFreq] Soft min/max = (2, 0); Hard min/max = (2, 0)
09-20 12:37:40.328 I/libPowerHal( 1238): [setGPUFreq] final min/max = (2, 0)
09-20 12:37:40.328 I/libPowerHal( 1238): iawareperf@1.0-: set gpu opp level: 2
09-20 12:37:40.329 I/libPowerHal( 1238): iawareperf@1.0-: set gpu opp level max: 0
09-20 12:37:40.330 I/libPowerHal( 1238): [PD] iawareperf@1.0- update cmd:1000000 param:4
