09-20 12:37:49.959 I/libPowerHal( 1238): [unsetGPUFreq] current min:2, max:0; scn_gpu_min:2, scn_gpu_max:-1; scn_gpu_min(HL):-1, scn_gpu_max(HL):-1
09-20 12:37:49.959 I/libPowerHal( 1238): [setGPUFreq] Soft min/max = (2, 0); Hard min/max = (2, 0)
09-20 12:37:49.959 I/libPowerHal( 1238): [setGPUFreq] final min/max = (2, 0)
09-20 12:37:49.959 I/libPowerHal( 1238): iawareperf@1.0-: set gpu opp level: 2
09-20 12:37:49.960 I/libPowerHal( 1238): iawareperf@1.0-: set gpu opp level max: 0
09-20 12:37:49.974 I/libPowerHal( 1238): [updateFPS] pid(20774) : 60 => -1
09-20 12:37:49.974 I/libPowerHal( 1238): [perfNotifyAppState] pack:com.edudashpro, act:com.edudashpro.MainActivity, state:5, pid:20774, uid:10458, fps:-1
09-20 12:37:49.975 E/UxUtility( 1238): notifyAppState error = NULL
09-20 12:37:50.037 I/mtkpower@impl( 1238): [powerd_req] TIMER_MSG_PERF_LOCK_TIMEOUT hdl:249370
09-20 12:37:50.038 I/libPowerHal( 1238): [perfLockRel] hdl:249370, idx:5
09-20 12:37:50.038 I/libPowerHal( 1238): [unsetGPUFreq] current min:2, max:0; scn_gpu_min:2, scn_gpu_max:-1; scn_gpu_min(HL):-1, scn_gpu_max(HL):-1
09-20 12:37:50.038 I/libPowerHal( 1238): [setGPUFreq] Soft min/max = (2, 0); Hard min/max = (2, 0)
09-20 12:37:50.038 I/libPowerHal( 1238): [setGPUFreq] final min/max = (2, 0)
09-20 12:37:50.038 I/libPowerHal( 1238): iawareperf@1.0-: set gpu opp level: 2
09-20 12:37:50.038 I/libPowerHal( 1238): iawareperf@1.0-: set gpu opp level max: 0
09-20 12:37:50.039 I/libPowerHal( 1238): [unset_task_affinity] index:0 0x0, scn:0xb4000078920123e0
09-20 12:37:50.039 E/libPowerHal( 1238): [unset_task_affinity] stat PATH_CURR_SCENE fail
09-20 12:37:50.039 I/libPowerHal( 1238): [PD] iawareperf@1.0- update ONESHOT cmd:10002000 param:0
09-20 12:37:50.120 I/mtkpower_client( 1317): perf_lock_acq, hdl:0, dur:0, num:2, tid:1317
09-20 12:37:50.122 I/mtkpower_client( 1317): ret_hdl:249407
09-20 12:37:50.122 I/mtkpower_client( 1317): perf_lock_acq, hdl:0, dur:0, num:12, tid:1317
09-20 12:37:50.122 I/libPowerHal( 1238): [perfLockAcq] idx:4 hdl:249407 hint:-1 pid:1317 duration:0 lock_user:fpsgo => ret_hdl:249407
09-20 12:37:50.123 I/libPowerHal( 1238): [PE] fpsgo update cmd:1404500 param:1
09-20 12:37:50.124 I/mtkpower_client( 1317): ret_hdl:249408
09-20 12:37:50.124 I/libPowerHal( 1238): cmdSetting - unknown cmd:1438500, scmd:(null) ,param_1:0
09-20 12:37:50.125 I/libPowerHal( 1238): cmdSetting - unknown cmd:1438800, scmd:(null) ,param_1:0
09-20 12:37:50.125 I/libPowerHal( 1238): [perfLockAcq] idx:5 hdl:249408 hint:-1 pid:1317 duration:0 lock_user:fpsgo => ret_hdl:249408
09-20 12:37:50.125 I/libPowerHal( 1238): [PE] fpsgo update cmd:1438300, param:0
09-20 12:37:50.126 I/libPowerHal( 1238): [PE] fpsgo update cmd:1438400, param:0
09-20 12:37:50.126 I/libPowerHal( 1238): [PE] fpsgo update cmd:1438600, param:0
09-20 12:37:50.126 I/libPowerHal( 1238): [PE] fpsgo update cmd:1438700, param:0
09-20 12:37:50.271 I/mtkpower_client( 1317): perf_lock_rel, hdl:249407, tid:1317
09-20 12:37:50.272 I/mtkpower_client( 1317): perf_lock_rel, hdl:249408, tid:1317
09-20 12:37:50.272 I/libPowerHal( 1238): [perfLockRel] hdl:249407, idx:4
09-20 12:37:50.272 I/libPowerHal( 1238): [PD] fpsgo update cmd:1404500 param:0
09-20 12:37:50.274 I/libPowerHal( 1238): [perfLockRel] hdl:249408, idx:5
09-20 12:37:50.274 I/libPowerHal( 1238): [PD] fpsgo update cmd:1438300, param:1000
09-20 12:37:50.274 I/libPowerHal( 1238): [PD] fpsgo update cmd:1438400, param:1000
09-20 12:37:50.274 I/libPowerHal( 1238): [PD] fpsgo update cmd:1438600 param:1000
09-20 12:37:50.275 I/libPowerHal( 1238): [PD] fpsgo update cmd:1438700 param:1000
09-20 12:37:50.771 I/mtkpower@impl( 1238): [powerd_req] TIMER_MSG_PERF_LOCK_TIMEOUT hdl:249389
09-20 12:37:50.772 I/libPowerHal( 1238): [perfLockRel] hdl:249389, idx:2
09-20 12:37:51.123 I/mtkpower_client( 1317): perf_lock_acq, hdl:0, dur:0, num:2, tid:1317
09-20 12:37:51.125 I/mtkpower_client( 1317): ret_hdl:249409
09-20 12:37:51.125 I/mtkpower_client( 1317): perf_lock_acq, hdl:0, dur:0, num:12, tid:1317
09-20 12:37:51.125 I/libPowerHal( 1238): [perfLockAcq] idx:2 hdl:249409 hint:-1 pid:1317 duration:0 lock_user:fpsgo => ret_hdl:249409
09-20 12:37:51.125 I/libPowerHal( 1238): [PE] fpsgo update cmd:1404500 param:1
09-20 12:37:51.126 I/mtkpower_client( 1317): ret_hdl:249410
09-20 12:37:51.126 I/libPowerHal( 1238): cmdSetting - unknown cmd:1438500, scmd:(null) ,param_1:0
09-20 12:37:51.127 I/libPowerHal( 1238): cmdSetting - unknown cmd:1438800, scmd:(null) ,param_1:0
09-20 12:37:51.127 I/libPowerHal( 1238): [perfLockAcq] idx:4 hdl:249410 hint:-1 pid:1317 duration:0 lock_user:fpsgo => ret_hdl:249410
09-20 12:37:51.127 I/libPowerHal( 1238): [PE] fpsgo update cmd:1438300, param:0
09-20 12:37:51.128 I/libPowerHal( 1238): [PE] fpsgo update cmd:1438400, param:0
09-20 12:37:51.128 I/libPowerHal( 1238): [PE] fpsgo update cmd:1438600, param:0
09-20 12:37:51.128 I/libPowerHal( 1238): [PE] fpsgo update cmd:1438700, param:0
09-20 12:37:51.273 I/mtkpower_client( 1317): perf_lock_rel, hdl:249409, tid:1317
09-20 12:37:51.274 I/mtkpower_client( 1317): perf_lock_rel, hdl:249410, tid:1317
09-20 12:37:51.275 I/libPowerHal( 1238): [perfLockRel] hdl:249409, idx:2
09-20 12:37:51.275 I/libPowerHal( 1238): [PD] fpsgo update cmd:1404500 param:0
09-20 12:37:51.277 I/libPowerHal( 1238): [perfLockRel] hdl:249410, idx:4
09-20 12:37:51.277 I/libPowerHal( 1238): [PD] fpsgo update cmd:1438300, param:1000
09-20 12:37:51.277 I/libPowerHal( 1238): [PD] fpsgo update cmd:1438400, param:1000
09-20 12:37:51.278 I/libPowerHal( 1238): [PD] fpsgo update cmd:1438600 param:1000
09-20 12:37:51.278 I/libPowerHal( 1238): [PD] fpsgo update cmd:1438700 param:1000
09-20 12:37:51.906 I/libPowerHal( 1238): [perfLockAcq] idx:2 hdl:249411 hint:-1 pid:1221 duration:3000 lock_user:iawareperf@1.0- => ret_hdl:249411
09-20 12:37:51.945 I/mtkpower_client( 1317): perf_lock_acq, hdl:0, dur:0, num:2, tid:1317
09-20 12:37:51.946 I/mtkpower_client( 1317): ret_hdl:249412
09-20 12:37:51.946 I/mtkpower_client( 1317): perf_lock_acq, hdl:0, dur:0, num:12, tid:1317
09-20 12:37:51.946 I/mtkpower_client( 1317): ret_hdl:249413
09-20 12:37:51.956 I/libPowerHal( 1238): [perfLockAcq] idx:4 hdl:249412 hint:-1 pid:1317 duration:0 lock_user:fpsgo => ret_hdl:249412
09-20 12:37:51.956 I/libPowerHal( 1238): [PE] fpsgo update cmd:1404500 param:1
09-20 12:37:51.958 I/libPowerHal( 1238): cmdSetting - unknown cmd:1438500, scmd:(null) ,param_1:0
09-20 12:37:51.958 I/libPowerHal( 1238): cmdSetting - unknown cmd:1438800, scmd:(null) ,param_1:0
09-20 12:37:51.958 I/libPowerHal( 1238): [perfLockAcq] idx:5 hdl:249413 hint:-1 pid:1317 duration:0 lock_user:fpsgo => ret_hdl:249413
09-20 12:37:51.959 I/libPowerHal( 1238): [PE] fpsgo update cmd:1438300, param:0
09-20 12:37:51.959 I/libPowerHal( 1238): [PE] fpsgo update cmd:1438400, param:0
09-20 12:37:51.959 I/libPowerHal( 1238): [PE] fpsgo update cmd:1438600, param:0
09-20 12:37:51.959 I/libPowerHal( 1238): [PE] fpsgo update cmd:1438700, param:0
09-20 12:37:51.959 I/libPowerHal( 1238): [perfLockRel] hdl:249411, idx:2
09-20 12:37:51.961 I/libPowerHal( 1238): [perfLockAcq] idx:2 hdl:249414 hint:-1 pid:1221 duration:80 lock_user:iawareperf@1.0- => ret_hdl:249414
09-20 12:37:51.962 I/libPowerHal( 1238): [perfLockAcq] idx:7 hdl:249415 hint:-1 pid:1221 duration:3000 lock_user:iawareperf@1.0- => ret_hdl:249415
09-20 12:37:52.011 I/libPowerHal( 1238): [perfLockAcq] idx:9 hdl:249416 hint:-1 pid:1221 duration:250 lock_user:iawareperf@1.0- => ret_hdl:249416
09-20 12:37:52.012 I/libPowerHal( 1238): [setGPUFreq] iawareperf@1.0- user set gpu freq min:2, max:-1
09-20 12:37:52.012 I/libPowerHal( 1238): iawareperf@1.0-: set gpu opp level max: 0
09-20 12:37:52.012 I/libPowerHal( 1238): [setGPUFreq] Soft min/max = (2, 0); Hard min/max = (2, 0)
09-20 12:37:52.012 I/libPowerHal( 1238): [setGPUFreq] final min/max = (2, 0)
09-20 12:37:52.012 I/libPowerHal( 1238): iawareperf@1.0-: set gpu opp level: 2
09-20 12:37:52.012 I/libPowerHal( 1238): iawareperf@1.0-: set gpu opp level max: 0
09-20 12:37:52.017 I/mtkpower_client( 1317): perf_lock_rel, hdl:249412, tid:1317
09-20 12:37:52.018 I/mtkpower_client( 1317): perf_lock_rel, hdl:249413, tid:1317
09-20 12:37:52.019 I/libPowerHal( 1238): [perfLockRel] hdl:249412, idx:4
09-20 12:37:52.019 I/libPowerHal( 1238): [PD] fpsgo update cmd:1404500 param:0
09-20 12:37:52.020 I/libPowerHal( 1238): [perfLockRel] hdl:249413, idx:5
09-20 12:37:52.020 I/libPowerHal( 1238): [PD] fpsgo update cmd:1438300, param:1000
09-20 12:37:52.021 I/libPowerHal( 1238): [PD] fpsgo update cmd:1438400, param:1000
09-20 12:37:52.021 I/libPowerHal( 1238): [PD] fpsgo update cmd:1438600 param:1000
09-20 12:37:52.021 I/libPowerHal( 1238): [PD] fpsgo update cmd:1438700 param:1000
09-20 12:37:52.041 I/mtkpower@impl( 1238): [powerd_req] TIMER_MSG_PERF_LOCK_TIMEOUT hdl:249414
09-20 12:37:52.042 I/libPowerHal( 1238): [perfLockRel] hdl:249414, idx:2
09-20 12:37:52.250 I/mtkpower@impl( 1238): [powerd_req] TIMER_MSG_PERF_LOCK_TIMEOUT hdl:249398
09-20 12:37:52.250 I/libPowerHal( 1238): [perfLockRel] hdl:249398, idx:1
09-20 12:37:52.264 I/mtkpower@impl( 1238): [powerd_req] TIMER_MSG_PERF_LOCK_TIMEOUT hdl:249416
09-20 12:37:52.264 I/libPowerHal( 1238): [perfLockRel] hdl:249416, idx:9
09-20 12:37:52.266 I/libPowerHal( 1238): [unsetGPUFreq] current min:2, max:0; scn_gpu_min:2, scn_gpu_max:-1; scn_gpu_min(HL):-1, scn_gpu_max(HL):-1
09-20 12:37:52.267 I/libPowerHal( 1238): [setGPUFreq] Soft min/max = (2, 0); Hard min/max = (2, 0)
09-20 12:37:52.267 I/libPowerHal( 1238): [setGPUFreq] final min/max = (2, 0)
09-20 12:37:52.267 I/libPowerHal( 1238): iawareperf@1.0-: set gpu opp level: 2
09-20 12:37:52.267 I/libPowerHal( 1238): iawareperf@1.0-: set gpu opp level max: 0
09-20 12:37:52.612 I/libPowerHal( 1238): [perfLockAcq] idx:1 hdl:249417 hint:-1 pid:1221 duration:250 lock_user:iawareperf@1.0- => ret_hdl:249417
09-20 12:37:52.612 I/libPowerHal( 1238): [setGPUFreq] iawareperf@1.0- user set gpu freq min:2, max:-1
09-20 12:37:52.612 I/libPowerHal( 1238): iawareperf@1.0-: set gpu opp level max: 0
09-20 12:37:52.612 I/libPowerHal( 1238): [setGPUFreq] Soft min/max = (2, 0); Hard min/max = (2, 0)
09-20 12:37:52.613 I/libPowerHal( 1238): [setGPUFreq] final min/max = (2, 0)
09-20 12:37:52.613 I/libPowerHal( 1238): iawareperf@1.0-: set gpu opp level: 2
09-20 12:37:52.613 I/libPowerHal( 1238): iawareperf@1.0-: set gpu opp level max: 0
09-20 12:37:52.864 I/mtkpower@impl( 1238): [powerd_req] TIMER_MSG_PERF_LOCK_TIMEOUT hdl:249417
09-20 12:37:52.864 I/libPowerHal( 1238): [perfLockRel] hdl:249417, idx:1
09-20 12:37:52.865 I/libPowerHal( 1238): [unsetGPUFreq] current min:2, max:0; scn_gpu_min:2, scn_gpu_max:-1; scn_gpu_min(HL):-1, scn_gpu_max(HL):-1
09-20 12:37:52.865 I/libPowerHal( 1238): [setGPUFreq] Soft min/max = (2, 0); Hard min/max = (2, 0)
09-20 12:37:52.865 I/libPowerHal( 1238): [setGPUFreq] final min/max = (2, 0)
09-20 12:37:52.865 I/libPowerHal( 1238): iawareperf@1.0-: set gpu opp level: 2
09-20 12:37:52.865 I/libPowerHal( 1238): iawareperf@1.0-: set gpu opp level max: 0
09-20 12:37:52.974 I/libPowerHal( 1238): [updateFPS] pid(20774) : -1 => 90
09-20 12:37:52.975 I/libPowerHal( 1238): [perfNotifyAppState] pack:com.edudashpro, act:com.edudashpro.MainActivity, state:5, pid:20774, uid:10458, fps:90
09-20 12:37:52.975 E/UxUtility( 1238): notifyAppState error = NULL
09-20 12:37:54.964 I/mtkpower@impl( 1238): [powerd_req] TIMER_MSG_PERF_LOCK_TIMEOUT hdl:249415
09-20 12:37:54.964 I/libPowerHal( 1238): [perfLockRel] hdl:249415, idx:7
09-20 12:37:55.975 I/libPowerHal( 1238): [updateFPS] pid(20774) : 90 => 60
09-20 12:37:55.976 I/libPowerHal( 1238): [perfNotifyAppState] pack:com.edudashpro, act:com.edudashpro.MainActivity, state:5, pid:20774, uid:10458, fps:60
09-20 12:37:55.977 E/UxUtility( 1238): notifyAppState error = NULL
09-20 12:37:56.325 I/mtkpower@impl( 1238): [powerd_req] TIMER_MSG_PERF_LOCK_TIMEOUT hdl:249402
09-20 12:37:56.325 I/libPowerHal( 1238): [perfLockRel] hdl:249402, idx:8
09-20 12:37:56.326 I/libPowerHal( 1238): [setClusterFreq] iawareperf@1.0-: sysfs_freq set cpu freq: -1 2015000 -1 -1
09-20 12:37:56.327 I/libPowerHal( 1238): [unsetGPUFreq] current min:2, max:0; scn_gpu_min:2, scn_gpu_max:-1; scn_gpu_min(HL):-1, scn_gpu_max(HL):-1
09-20 12:37:56.327 I/libPowerHal( 1238): [setGPUFreq] Soft min/max = (2, 0); Hard min/max = (2, 0)
09-20 12:37:56.327 I/libPowerHal( 1238): [setGPUFreq] final min/max = (2, 0)
09-20 12:37:56.327 I/libPowerHal( 1238): iawareperf@1.0-: set gpu opp level: 2
09-20 12:37:56.327 I/libPowerHal( 1238): iawareperf@1.0-: set gpu opp level max: 0
09-20 12:37:56.327 I/libPowerHal( 1238): [PD] iawareperf@1.0- update cmd:1408300 param:0
09-20 12:37:56.329 I/libPowerHal( 1238): [PD] iawareperf@1.0- update cmd:1000000 param:-1
09-20 12:37:56.976 I/libPowerHal( 1238): [updateFPS] pid(20774) : 60 => -1
09-20 12:37:56.978 I/libPowerHal( 1238): [perfNotifyAppState] pack:com.edudashpro, act:com.edudashpro.MainActivity, state:5, pid:20774, uid:10458, fps:-1
09-20 12:37:56.978 E/UxUtility( 1238): notifyAppState error = NULL
09-20 12:37:57.988 I/mtkpower_client( 1317): perf_lock_acq, hdl:0, dur:0, num:2, tid:1317
09-20 12:37:57.989 I/mtkpower_client( 1317): ret_hdl:249418
09-20 12:37:57.989 I/mtkpower_client( 1317): perf_lock_acq, hdl:0, dur:0, num:12, tid:1317
09-20 12:37:57.990 I/mtkpower_client( 1317): ret_hdl:249419
09-20 12:37:57.991 I/libPowerHal( 1238): [perfLockAcq] idx:1 hdl:249418 hint:-1 pid:1317 duration:0 lock_user:fpsgo => ret_hdl:249418
09-20 12:37:57.991 I/libPowerHal( 1238): [PE] fpsgo update cmd:1404500 param:1
09-20 12:37:57.992 I/libPowerHal( 1238): cmdSetting - unknown cmd:1438500, scmd:(null) ,param_1:0
09-20 12:37:57.992 I/libPowerHal( 1238): cmdSetting - unknown cmd:1438800, scmd:(null) ,param_1:0
09-20 12:37:57.992 I/libPowerHal( 1238): [perfLockAcq] idx:2 hdl:249419 hint:-1 pid:1317 duration:0 lock_user:fpsgo => ret_hdl:249419
09-20 12:37:57.992 I/libPowerHal( 1238): [PE] fpsgo update cmd:1438300, param:0
09-20 12:37:57.992 I/libPowerHal( 1238): [PE] fpsgo update cmd:1438400, param:0
09-20 12:37:57.993 I/libPowerHal( 1238): [PE] fpsgo update cmd:1438600, param:0
09-20 12:37:57.993 I/libPowerHal( 1238): [PE] fpsgo update cmd:1438700, param:0
09-20 12:37:58.046 I/mtkpower_client( 1317): perf_lock_rel, hdl:249418, tid:1317
09-20 12:37:58.047 I/mtkpower_client( 1317): perf_lock_rel, hdl:249419, tid:1317
09-20 12:37:58.047 I/libPowerHal( 1238): [perfLockRel] hdl:249418, idx:1
09-20 12:37:58.048 I/libPowerHal( 1238): [PD] fpsgo update cmd:1404500 param:0
09-20 12:37:58.050 I/libPowerHal( 1238): [perfLockRel] hdl:249419, idx:2
09-20 12:37:58.051 I/libPowerHal( 1238): [PD] fpsgo update cmd:1438300, param:1000
09-20 12:37:58.051 I/libPowerHal( 1238): [PD] fpsgo update cmd:1438400, param:1000
09-20 12:37:58.051 I/libPowerHal( 1238): [PD] fpsgo update cmd:1438600 param:1000
09-20 12:37:58.052 I/libPowerHal( 1238): [PD] fpsgo update cmd:1438700 param:1000
09-20 12:37:58.216 I/mtkpower_client( 1317): perf_lock_acq, hdl:0, dur:0, num:2, tid:1317
09-20 12:37:58.218 I/mtkpower_client( 1317): ret_hdl:249420
09-20 12:37:58.218 I/libPowerHal( 1238): [perfLockAcq] idx:1 hdl:249420 hint:-1 pid:1317 duration:0 lock_user:fpsgo => ret_hdl:249420
09-20 12:37:58.218 I/mtkpower_client( 1317): perf_lock_acq, hdl:0, dur:0, num:12, tid:1317
09-20 12:37:58.218 I/libPowerHal( 1238): [PE] fpsgo update cmd:1404500 param:1
09-20 12:37:58.220 I/mtkpower_client( 1317): ret_hdl:249421
09-20 12:37:58.221 I/libPowerHal( 1238): cmdSetting - unknown cmd:1438500, scmd:(null) ,param_1:0
09-20 12:37:58.221 I/libPowerHal( 1238): cmdSetting - unknown cmd:1438800, scmd:(null) ,param_1:0
09-20 12:37:58.221 I/libPowerHal( 1238): [perfLockAcq] idx:2 hdl:249421 hint:-1 pid:1317 duration:0 lock_user:fpsgo => ret_hdl:249421
09-20 12:37:58.221 I/libPowerHal( 1238): [PE] fpsgo update cmd:1438300, param:0
09-20 12:37:58.221 I/libPowerHal( 1238): [PE] fpsgo update cmd:1438400, param:0
09-20 12:37:58.221 I/libPowerHal( 1238): [PE] fpsgo update cmd:1438600, param:0
09-20 12:37:58.221 I/libPowerHal( 1238): [PE] fpsgo update cmd:1438700, param:0
09-20 12:37:58.387 I/mtkpower_client( 1317): perf_lock_rel, hdl:249420, tid:1317
09-20 12:37:58.389 I/mtkpower_client( 1317): perf_lock_rel, hdl:249421, tid:1317
09-20 12:37:58.389 I/libPowerHal( 1238): [perfLockRel] hdl:249420, idx:1
09-20 12:37:58.390 I/libPowerHal( 1238): [PD] fpsgo update cmd:1404500 param:0
09-20 12:37:58.392 I/libPowerHal( 1238): [perfLockRel] hdl:249421, idx:2
09-20 12:37:58.393 I/libPowerHal( 1238): [PD] fpsgo update cmd:1438300, param:1000
09-20 12:37:58.393 I/libPowerHal( 1238): [PD] fpsgo update cmd:1438400, param:1000
09-20 12:37:58.394 I/libPowerHal( 1238): [PD] fpsgo update cmd:1438600 param:1000
09-20 12:37:58.394 I/libPowerHal( 1238): [PD] fpsgo update cmd:1438700 param:1000
09-20 12:37:58.987 I/libPowerHal( 1238): [updateFPS] pid(20774) : -1 => 60
09-20 12:37:58.988 I/libPowerHal( 1238): [perfNotifyAppState] pack:com.edudashpro, act:com.edudashpro.MainActivity, state:5, pid:20774, uid:10458, fps:60
09-20 12:37:58.989 E/UxUtility( 1238): notifyAppState error = NULL
09-20 12:37:59.987 I/libPowerHal( 1238): [updateFPS] pid(20774) : 60 => -1
09-20 12:37:59.988 I/libPowerHal( 1238): [perfNotifyAppState] pack:com.edudashpro, act:com.edudashpro.MainActivity, state:5, pid:20774, uid:10458, fps:-1
09-20 12:37:59.988 E/UxUtility( 1238): notifyAppState error = NULL
09-20 12:38:11.609 I/libPowerHal( 1238): [perfLockAcq] idx:1 hdl:249422 hint:-1 pid:1221 duration:3000 lock_user:iawareperf@1.0- => ret_hdl:249422
09-20 12:38:11.612 I/libPowerHal( 1238): [setClusterFreq] iawareperf@1.0-: sysfs_freq set cpu freq: 1617000 -1 1600000 -1
09-20 12:38:11.614 I/libPowerHal( 1238): [PE] iawareperf@1.0- update cmd:1408300, param:30
09-20 12:38:11.617 I/libPowerHal( 1238): [perfLockRel] hdl:249422, idx:1
09-20 12:38:11.618 I/libPowerHal( 1238): [setClusterFreq] iawareperf@1.0-: sysfs_freq set cpu freq: -1 2015000 -1 -1
09-20 12:38:11.619 I/libPowerHal( 1238): [PD] iawareperf@1.0- update cmd:1408300 param:0
09-20 12:38:11.621 I/libPowerHal( 1238): [perfLockAcq] idx:2 hdl:249423 hint:-1 pid:1221 duration:80 lock_user:iawareperf@1.0- => ret_hdl:249423
09-20 12:38:11.623 I/libPowerHal( 1238): [setClusterFreq] iawareperf@1.0-: sysfs_freq set cpu freq: 1617000 -1 1491000 -1
09-20 12:38:11.624 I/libPowerHal( 1238): [PE] iawareperf@1.0- update cmd:1408300, param:30
09-20 12:38:11.626 I/libPowerHal( 1238): [perfLockAcq] idx:1 hdl:249424 hint:-1 pid:1221 duration:3000 lock_user:iawareperf@1.0- => ret_hdl:249424
09-20 12:38:11.626 I/libPowerHal( 1238): [setClusterFreq] iawareperf@1.0-: sysfs_freq set cpu freq: 1617000 -1 1491000 -1
09-20 12:38:11.704 I/mtkpower@impl( 1238): [powerd_req] TIMER_MSG_PERF_LOCK_TIMEOUT hdl:249423
09-20 12:38:11.704 I/libPowerHal( 1238): [perfLockRel] hdl:249423, idx:2
09-20 12:38:11.705 I/libPowerHal( 1238): [setClusterFreq] iawareperf@1.0-: sysfs_freq set cpu freq: -1 -1 -1 -1
09-20 12:38:11.706 I/libPowerHal( 1238): [PD] iawareperf@1.0- update cmd:1408300 param:0
09-20 12:38:11.763 I/libPowerHal( 1238): [perfLockAcq] idx:2 hdl:249425 hint:-1 pid:1221 duration:250 lock_user:iawareperf@1.0- => ret_hdl:249425
09-20 12:38:11.763 I/libPowerHal( 1238): [setGPUFreq] iawareperf@1.0- user set gpu freq min:2, max:-1
09-20 12:38:11.763 I/libPowerHal( 1238): iawareperf@1.0-: set gpu opp level max: 0
09-20 12:38:11.764 I/libPowerHal( 1238): [setGPUFreq] Soft min/max = (2, 0); Hard min/max = (2, 0)
09-20 12:38:11.765 I/libPowerHal( 1238): [setGPUFreq] final min/max = (2, 0)
09-20 12:38:11.765 I/libPowerHal( 1238): iawareperf@1.0-: set gpu opp level: 2
09-20 12:38:11.765 I/libPowerHal( 1238): iawareperf@1.0-: set gpu opp level max: 0
09-20 12:38:11.767 I/libPowerHal( 1238): [setClusterFreq] iawareperf@1.0-: sysfs_freq set cpu freq: 1617000 -1 1600000 -1
09-20 12:38:11.768 I/libPowerHal( 1238): [PE] iawareperf@1.0- update cmd:1408300, param:30
09-20 12:38:11.768 I/libPowerHal( 1238): [PE] iawareperf@1.0- update cmd:1000000 param:4
09-20 12:38:11.850 I/libPowerHal( 1238): [perfLockAcq] idx:4 hdl:249426 hint:-1 pid:1221 duration:250 lock_user:iawareperf@1.0- => ret_hdl:249426
09-20 12:38:11.850 I/libPowerHal( 1238): [setGPUFreq] iawareperf@1.0- user set gpu freq min:2, max:-1
09-20 12:38:11.850 I/libPowerHal( 1238): iawareperf@1.0-: set gpu opp level max: 0
09-20 12:38:11.850 I/libPowerHal( 1238): [setGPUFreq] Soft min/max = (2, 0); Hard min/max = (2, 0)
09-20 12:38:11.850 I/libPowerHal( 1238): [setGPUFreq] final min/max = (2, 0)
09-20 12:38:11.851 I/libPowerHal( 1238): iawareperf@1.0-: set gpu opp level: 2
09-20 12:38:11.851 I/libPowerHal( 1238): iawareperf@1.0-: set gpu opp level max: 0
09-20 12:38:11.852 I/libPowerHal( 1238): [setClusterFreq] iawareperf@1.0-: sysfs_freq set cpu freq: 1814000 -1 1600000 -1
09-20 12:38:11.852 I/libPowerHal( 1238): [PE] iawareperf@1.0- update cmd:1000000 param:2
09-20 12:38:11.949 I/mtkpower_client( 1317): perf_lock_acq, hdl:0, dur:0, num:2, tid:1317
09-20 12:38:11.950 I/mtkpower_client( 1317): ret_hdl:249427
09-20 12:38:11.950 I/mtkpower_client( 1317): perf_lock_acq, hdl:0, dur:0, num:12, tid:1317
09-20 12:38:11.950 I/libPowerHal( 1238): [perfLockAcq] idx:5 hdl:249427 hint:-1 pid:1317 duration:0 lock_user:fpsgo => ret_hdl:249427
09-20 12:38:11.951 I/libPowerHal( 1238): [PE] fpsgo update cmd:1404500 param:1
09-20 12:38:11.952 I/mtkpower_client( 1317): ret_hdl:249428
09-20 12:38:11.953 I/libPowerHal( 1238): cmdSetting - unknown cmd:1438500, scmd:(null) ,param_1:0
09-20 12:38:11.953 I/libPowerHal( 1238): cmdSetting - unknown cmd:1438800, scmd:(null) ,param_1:0
09-20 12:38:11.954 I/libPowerHal( 1238): [perfLockAcq] idx:7 hdl:249428 hint:-1 pid:1317 duration:0 lock_user:fpsgo => ret_hdl:249428
09-20 12:38:11.954 I/libPowerHal( 1238): [PE] fpsgo update cmd:1438300, param:0
09-20 12:38:11.954 I/libPowerHal( 1238): [PE] fpsgo update cmd:1438400, param:0
09-20 12:38:11.955 I/libPowerHal( 1238): [PE] fpsgo update cmd:1438600, param:0
09-20 12:38:11.955 I/libPowerHal( 1238): [PE] fpsgo update cmd:1438700, param:0
09-20 12:38:11.958 I/mtkpower_client( 1317): perf_lock_rel, hdl:249427, tid:1317
09-20 12:38:11.959 I/mtkpower_client( 1317): perf_lock_rel, hdl:249428, tid:1317
09-20 12:38:11.959 I/libPowerHal( 1238): [perfLockRel] hdl:249427, idx:5
09-20 12:38:11.959 I/libPowerHal( 1238): [PD] fpsgo update cmd:1404500 param:0
09-20 12:38:11.960 I/libPowerHal( 1238): [perfLockRel] hdl:249428, idx:7
09-20 12:38:11.960 I/libPowerHal( 1238): [PD] fpsgo update cmd:1438300, param:1000
09-20 12:38:11.961 I/libPowerHal( 1238): [PD] fpsgo update cmd:1438400, param:1000
09-20 12:38:11.961 I/libPowerHal( 1238): [PD] fpsgo update cmd:1438600 param:1000
09-20 12:38:11.961 I/libPowerHal( 1238): [PD] fpsgo update cmd:1438700 param:1000
09-20 12:38:12.019 I/mtkpower@impl( 1238): [powerd_req] TIMER_MSG_PERF_LOCK_TIMEOUT hdl:249425
09-20 12:38:12.019 I/libPowerHal( 1238): [perfLockRel] hdl:249425, idx:2
09-20 12:38:12.019 I/libPowerHal( 1238): [unsetGPUFreq] current min:2, max:0; scn_gpu_min:2, scn_gpu_max:-1; scn_gpu_min(HL):-1, scn_gpu_max(HL):-1
09-20 12:38:12.019 I/libPowerHal( 1238): [setGPUFreq] Soft min/max = (2, 0); Hard min/max = (2, 0)
09-20 12:38:12.019 I/libPowerHal( 1238): [setGPUFreq] final min/max = (2, 0)
09-20 12:38:12.020 I/libPowerHal( 1238): iawareperf@1.0-: set gpu opp level: 2
09-20 12:38:12.020 I/libPowerHal( 1238): iawareperf@1.0-: set gpu opp level max: 0
09-20 12:38:12.103 I/mtkpower@impl( 1238): [powerd_req] TIMER_MSG_PERF_LOCK_TIMEOUT hdl:249426
09-20 12:38:12.103 I/libPowerHal( 1238): [perfLockRel] hdl:249426, idx:4
09-20 12:38:12.104 I/libPowerHal( 1238): [setClusterFreq] iawareperf@1.0-: sysfs_freq set cpu freq: -1 -1 -1 -1
09-20 12:38:12.105 I/libPowerHal( 1238): [unsetGPUFreq] current min:2, max:0; scn_gpu_min:2, scn_gpu_max:-1; scn_gpu_min(HL):-1, scn_gpu_max(HL):-1
09-20 12:38:12.105 I/libPowerHal( 1238): [setGPUFreq] Soft min/max = (2, 0); Hard min/max = (2, 0)
09-20 12:38:12.105 I/libPowerHal( 1238): [setGPUFreq] final min/max = (2, 0)
09-20 12:38:12.105 I/libPowerHal( 1238): iawareperf@1.0-: set gpu opp level: 2
09-20 12:38:12.105 I/libPowerHal( 1238): iawareperf@1.0-: set gpu opp level max: 0
09-20 12:38:12.105 I/libPowerHal( 1238): [PD] iawareperf@1.0- update cmd:1408300 param:0
09-20 12:38:12.107 I/libPowerHal( 1238): [PD] iawareperf@1.0- update cmd:1000000 param:-1
09-20 12:38:13.254 I/libPowerHal( 1238): [perfLockAcq] idx:2 hdl:249429 hint:-1 pid:1221 duration:3000 lock_user:iawareperf@1.0- => ret_hdl:249429
09-20 12:38:13.255 I/libPowerHal( 1238): [setClusterFreq] iawareperf@1.0-: sysfs_freq set cpu freq: 1617000 -1 1600000 -1
09-20 12:38:13.256 I/libPowerHal( 1238): [PE] iawareperf@1.0- update cmd:1408300, param:30
09-20 12:38:13.298 I/libPowerHal( 1238): [perfLockRel] hdl:249429, idx:2
09-20 12:38:13.301 I/libPowerHal( 1238): [setClusterFreq] iawareperf@1.0-: sysfs_freq set cpu freq: -1 -1 -1 -1
09-20 12:38:13.301 I/libPowerHal( 1238): [PD] iawareperf@1.0- update cmd:1408300 param:0
09-20 12:38:13.303 I/libPowerHal( 1238): [perfLockAcq] idx:4 hdl:249430 hint:-1 pid:1221 duration:80 lock_user:iawareperf@1.0- => ret_hdl:249430
09-20 12:38:13.304 I/libPowerHal( 1238): [setClusterFreq] iawareperf@1.0-: sysfs_freq set cpu freq: 1617000 -1 1491000 -1
09-20 12:38:13.305 I/libPowerHal( 1238): [PE] iawareperf@1.0- update cmd:1408300, param:30
09-20 12:38:13.306 I/libPowerHal( 1238): [perfLockAcq] idx:2 hdl:249431 hint:-1 pid:1221 duration:3000 lock_user:iawareperf@1.0- => ret_hdl:249431
09-20 12:38:13.348 I/mtkpower_client( 1317): perf_lock_acq, hdl:0, dur:0, num:2, tid:1317
09-20 12:38:13.349 I/mtkpower_client( 1317): ret_hdl:249432
09-20 12:38:13.350 I/mtkpower_client( 1317): perf_lock_acq, hdl:0, dur:0, num:12, tid:1317
09-20 12:38:13.350 I/libPowerHal( 1238): [perfLockAcq] idx:5 hdl:249432 hint:-1 pid:1317 duration:0 lock_user:fpsgo => ret_hdl:249432
09-20 12:38:13.351 I/libPowerHal( 1238): [PE] fpsgo update cmd:1404500 param:1
09-20 12:38:13.351 I/mtkpower_client( 1317): ret_hdl:249433
09-20 12:38:13.351 I/libPowerHal( 1238): cmdSetting - unknown cmd:1438500, scmd:(null) ,param_1:0
09-20 12:38:13.352 I/libPowerHal( 1238): cmdSetting - unknown cmd:1438800, scmd:(null) ,param_1:0
09-20 12:38:13.352 I/libPowerHal( 1238): [perfLockAcq] idx:7 hdl:249433 hint:-1 pid:1317 duration:0 lock_user:fpsgo => ret_hdl:249433
09-20 12:38:13.352 I/libPowerHal( 1238): [PE] fpsgo update cmd:1438300, param:0
09-20 12:38:13.353 I/libPowerHal( 1238): [PE] fpsgo update cmd:1438400, param:0
09-20 12:38:13.353 I/libPowerHal( 1238): [PE] fpsgo update cmd:1438600, param:0
09-20 12:38:13.353 I/libPowerHal( 1238): [PE] fpsgo update cmd:1438700, param:0
09-20 12:38:13.359 I/mtkpower_client( 1317): perf_lock_rel, hdl:249432, tid:1317
09-20 12:38:13.360 I/mtkpower_client( 1317): perf_lock_rel, hdl:249433, tid:1317
09-20 12:38:13.360 I/libPowerHal( 1238): [perfLockRel] hdl:249432, idx:5
09-20 12:38:13.361 I/libPowerHal( 1238): [PD] fpsgo update cmd:1404500 param:0
09-20 12:38:13.362 I/libPowerHal( 1238): [perfLockRel] hdl:249433, idx:7
09-20 12:38:13.362 I/libPowerHal( 1238): [PD] fpsgo update cmd:1438300, param:1000
09-20 12:38:13.363 I/libPowerHal( 1238): [PD] fpsgo update cmd:1438400, param:1000
09-20 12:38:13.363 I/libPowerHal( 1238): [PD] fpsgo update cmd:1438600 param:1000
09-20 12:38:13.363 I/libPowerHal( 1238): [PD] fpsgo update cmd:1438700 param:1000
09-20 12:38:13.386 I/mtkpower@impl( 1238): [powerd_req] TIMER_MSG_PERF_LOCK_TIMEOUT hdl:249430
09-20 12:38:13.386 I/libPowerHal( 1238): [perfLockRel] hdl:249430, idx:4
09-20 12:38:13.387 I/libPowerHal( 1238): [setClusterFreq] iawareperf@1.0-: sysfs_freq set cpu freq: -1 -1 -1 -1
09-20 12:38:13.387 I/libPowerHal( 1238): [PD] iawareperf@1.0- update cmd:1408300 param:0
09-20 12:38:13.903 I/libPowerHal( 1238): [perfLockAcq] idx:4 hdl:249434 hint:-1 pid:1221 duration:250 lock_user:iawareperf@1.0- => ret_hdl:249434
09-20 12:38:13.903 I/libPowerHal( 1238): [setGPUFreq] iawareperf@1.0- user set gpu freq min:2, max:-1
09-20 12:38:13.903 I/libPowerHal( 1238): iawareperf@1.0-: set gpu opp level max: 0
09-20 12:38:13.904 I/libPowerHal( 1238): [setGPUFreq] Soft min/max = (2, 0); Hard min/max = (2, 0)
09-20 12:38:13.904 I/libPowerHal( 1238): [setGPUFreq] final min/max = (2, 0)
09-20 12:38:13.904 I/libPowerHal( 1238): iawareperf@1.0-: set gpu opp level: 2
09-20 12:38:13.905 I/libPowerHal( 1238): iawareperf@1.0-: set gpu opp level max: 0
09-20 12:38:13.905 I/libPowerHal( 1238): [setClusterFreq] iawareperf@1.0-: sysfs_freq set cpu freq: 2200000 -1 1600000 -1
09-20 12:38:13.906 I/libPowerHal( 1238): [PE] iawareperf@1.0- update cmd:1408300, param:30
09-20 12:38:13.907 I/libPowerHal( 1238): [PE] iawareperf@1.0- update cmd:1000000 param:0
09-20 12:38:14.107 I/mtkpower_client( 1317): perf_lock_acq, hdl:0, dur:0, num:2, tid:1317
09-20 12:38:14.108 I/mtkpower_client( 1317): ret_hdl:249435
09-20 12:38:14.109 I/mtkpower_client( 1317): perf_lock_acq, hdl:0, dur:0, num:12, tid:1317
09-20 12:38:14.109 I/libPowerHal( 1238): [perfLockAcq] idx:5 hdl:249435 hint:-1 pid:1317 duration:0 lock_user:fpsgo => ret_hdl:249435
09-20 12:38:14.109 I/libPowerHal( 1238): [PE] fpsgo update cmd:1404500 param:1
09-20 12:38:14.110 I/mtkpower_client( 1317): ret_hdl:249436
09-20 12:38:14.110 I/libPowerHal( 1238): cmdSetting - unknown cmd:1438500, scmd:(null) ,param_1:0
09-20 12:38:14.110 I/libPowerHal( 1238): cmdSetting - unknown cmd:1438800, scmd:(null) ,param_1:0
09-20 12:38:14.110 I/libPowerHal( 1238): [perfLockAcq] idx:7 hdl:249436 hint:-1 pid:1317 duration:0 lock_user:fpsgo => ret_hdl:249436
09-20 12:38:14.111 I/libPowerHal( 1238): [PE] fpsgo update cmd:1438300, param:0
09-20 12:38:14.111 I/libPowerHal( 1238): [PE] fpsgo update cmd:1438400, param:0
09-20 12:38:14.111 I/libPowerHal( 1238): [PE] fpsgo update cmd:1438600, param:0
09-20 12:38:14.111 I/libPowerHal( 1238): [PE] fpsgo update cmd:1438700, param:0
09-20 12:38:14.118 I/mtkpower_client( 1317): perf_lock_rel, hdl:249435, tid:1317
09-20 12:38:14.119 I/mtkpower_client( 1317): perf_lock_rel, hdl:249436, tid:1317
09-20 12:38:14.120 I/libPowerHal( 1238): [perfLockRel] hdl:249435, idx:5
09-20 12:38:14.121 I/libPowerHal( 1238): [PD] fpsgo update cmd:1404500 param:0
09-20 12:38:14.122 I/libPowerHal( 1238): [perfLockRel] hdl:249436, idx:7
09-20 12:38:14.122 I/libPowerHal( 1238): [PD] fpsgo update cmd:1438300, param:1000
09-20 12:38:14.123 I/libPowerHal( 1238): [PD] fpsgo update cmd:1438400, param:1000
09-20 12:38:14.123 I/libPowerHal( 1238): [PD] fpsgo update cmd:1438600 param:1000
09-20 12:38:14.123 I/libPowerHal( 1238): [PD] fpsgo update cmd:1438700 param:1000
09-20 12:38:14.157 I/mtkpower@impl( 1238): [powerd_req] TIMER_MSG_PERF_LOCK_TIMEOUT hdl:249434
09-20 12:38:14.157 I/libPowerHal( 1238): [perfLockRel] hdl:249434, idx:4
09-20 12:38:14.158 I/libPowerHal( 1238): [setClusterFreq] iawareperf@1.0-: sysfs_freq set cpu freq: -1 -1 -1 -1
09-20 12:38:14.159 I/libPowerHal( 1238): [unsetGPUFreq] current min:2, max:0; scn_gpu_min:2, scn_gpu_max:-1; scn_gpu_min(HL):-1, scn_gpu_max(HL):-1
09-20 12:38:14.159 I/libPowerHal( 1238): [setGPUFreq] Soft min/max = (2, 0); Hard min/max = (2, 0)
09-20 12:38:14.159 I/libPowerHal( 1238): [setGPUFreq] final min/max = (2, 0)
09-20 12:38:14.159 I/libPowerHal( 1238): iawareperf@1.0-: set gpu opp level: 2
09-20 12:38:14.160 I/libPowerHal( 1238): iawareperf@1.0-: set gpu opp level max: 0
09-20 12:38:14.160 I/libPowerHal( 1238): [PD] iawareperf@1.0- update cmd:1408300 param:0
09-20 12:38:14.162 I/libPowerHal( 1238): [PD] iawareperf@1.0- update cmd:1000000 param:-1
09-20 12:38:14.308 I/libPowerHal( 1238): [perfLockAcq] idx:4 hdl:249437 hint:-1 pid:1221 duration:250 lock_user:iawareperf@1.0- => ret_hdl:249437
09-20 12:38:14.308 I/libPowerHal( 1238): [setGPUFreq] iawareperf@1.0- user set gpu freq min:2, max:-1
09-20 12:38:14.309 I/libPowerHal( 1238): iawareperf@1.0-: set gpu opp level max: 0
09-20 12:38:14.309 I/libPowerHal( 1238): [setGPUFreq] Soft min/max = (2, 0); Hard min/max = (2, 0)
09-20 12:38:14.309 I/libPowerHal( 1238): [setGPUFreq] final min/max = (2, 0)
09-20 12:38:14.309 I/libPowerHal( 1238): iawareperf@1.0-: set gpu opp level: 2
09-20 12:38:14.309 I/libPowerHal( 1238): iawareperf@1.0-: set gpu opp level max: 0
09-20 12:38:14.310 I/libPowerHal( 1238): [setClusterFreq] iawareperf@1.0-: sysfs_freq set cpu freq: 2200000 -1 1600000 -1
09-20 12:38:14.311 I/libPowerHal( 1238): [PE] iawareperf@1.0- update cmd:1408300, param:30
09-20 12:38:14.312 I/libPowerHal( 1238): [PE] iawareperf@1.0- update cmd:1000000 param:0
09-20 12:38:14.367 I/mtkpower_client( 1317): perf_lock_acq, hdl:0, dur:0, num:2, tid:1317
09-20 12:38:14.367 I/mtkpower_client( 1317): ret_hdl:249438
09-20 12:38:14.368 I/mtkpower_client( 1317): perf_lock_acq, hdl:0, dur:0, num:12, tid:1317
09-20 12:38:14.368 I/libPowerHal( 1238): [perfLockAcq] idx:5 hdl:249438 hint:-1 pid:1317 duration:0 lock_user:fpsgo => ret_hdl:249438
09-20 12:38:14.368 I/libPowerHal( 1238): [PE] fpsgo update cmd:1404500 param:1
09-20 12:38:14.369 I/mtkpower_client( 1317): ret_hdl:249439
09-20 12:38:14.370 I/libPowerHal( 1238): cmdSetting - unknown cmd:1438500, scmd:(null) ,param_1:0
09-20 12:38:14.370 I/libPowerHal( 1238): cmdSetting - unknown cmd:1438800, scmd:(null) ,param_1:0
09-20 12:38:14.370 I/libPowerHal( 1238): [perfLockAcq] idx:7 hdl:249439 hint:-1 pid:1317 duration:0 lock_user:fpsgo => ret_hdl:249439
09-20 12:38:14.371 I/libPowerHal( 1238): [PE] fpsgo update cmd:1438300, param:0
09-20 12:38:14.371 I/libPowerHal( 1238): [PE] fpsgo update cmd:1438400, param:0
09-20 12:38:14.371 I/libPowerHal( 1238): [PE] fpsgo update cmd:1438600, param:0
09-20 12:38:14.371 I/libPowerHal( 1238): [PE] fpsgo update cmd:1438700, param:0
09-20 12:38:14.382 I/mtkpower_client( 1317): perf_lock_rel, hdl:249438, tid:1317
09-20 12:38:14.383 I/mtkpower_client( 1317): perf_lock_rel, hdl:249439, tid:1317
09-20 12:38:14.383 I/libPowerHal( 1238): [perfLockRel] hdl:249438, idx:5
09-20 12:38:14.384 I/libPowerHal( 1238): [PD] fpsgo update cmd:1404500 param:0
09-20 12:38:14.385 I/libPowerHal( 1238): [perfLockRel] hdl:249439, idx:7
09-20 12:38:14.385 I/libPowerHal( 1238): [PD] fpsgo update cmd:1438300, param:1000
09-20 12:38:14.385 I/libPowerHal( 1238): [PD] fpsgo update cmd:1438400, param:1000
09-20 12:38:14.386 I/libPowerHal( 1238): [PD] fpsgo update cmd:1438600 param:1000
09-20 12:38:14.386 I/libPowerHal( 1238): [PD] fpsgo update cmd:1438700 param:1000
09-20 12:38:14.541 I/libPowerHal( 1238): [updateFPS] pid(20774) : -1 => 60
09-20 12:38:14.542 I/libPowerHal( 1238): [perfNotifyAppState] pack:com.edudashpro, act:com.edudashpro.MainActivity, state:5, pid:20774, uid:10458, fps:60
09-20 12:38:14.543 E/UxUtility( 1238): notifyAppState error = NULL
09-20 12:38:14.562 I/mtkpower@impl( 1238): [powerd_req] TIMER_MSG_PERF_LOCK_TIMEOUT hdl:249437
09-20 12:38:14.563 I/libPowerHal( 1238): [perfLockRel] hdl:249437, idx:4
09-20 12:38:14.564 I/libPowerHal( 1238): [setClusterFreq] iawareperf@1.0-: sysfs_freq set cpu freq: -1 -1 -1 -1
09-20 12:38:14.564 I/libPowerHal( 1238): [unsetGPUFreq] current min:2, max:0; scn_gpu_min:2, scn_gpu_max:-1; scn_gpu_min(HL):-1, scn_gpu_max(HL):-1
09-20 12:38:14.564 I/libPowerHal( 1238): [setGPUFreq] Soft min/max = (2, 0); Hard min/max = (2, 0)
09-20 12:38:14.564 I/libPowerHal( 1238): [setGPUFreq] final min/max = (2, 0)
09-20 12:38:14.564 I/libPowerHal( 1238): iawareperf@1.0-: set gpu opp level: 2
09-20 12:38:14.565 I/libPowerHal( 1238): iawareperf@1.0-: set gpu opp level max: 0
09-20 12:38:14.565 I/libPowerHal( 1238): [PD] iawareperf@1.0- update cmd:1408300 param:0
09-20 12:38:14.567 I/libPowerHal( 1238): [PD] iawareperf@1.0- update cmd:1000000 param:-1
09-20 12:38:14.626 I/mtkpower@impl( 1238): [powerd_req] TIMER_MSG_PERF_LOCK_TIMEOUT hdl:249424
09-20 12:38:14.627 I/libPowerHal( 1238): [perfLockRel] hdl:249424, idx:1
09-20 12:38:15.757 I/mtkpower_client( 1317): perf_lock_acq, hdl:0, dur:0, num:2, tid:1317
09-20 12:38:15.759 I/mtkpower_client( 1317): ret_hdl:249440
09-20 12:38:15.759 I/mtkpower_client( 1317): perf_lock_acq, hdl:0, dur:0, num:12, tid:1317
09-20 12:38:15.760 I/libPowerHal( 1238): [perfLockAcq] idx:1 hdl:249440 hint:-1 pid:1317 duration:0 lock_user:fpsgo => ret_hdl:249440
09-20 12:38:15.760 I/libPowerHal( 1238): [PE] fpsgo update cmd:1404500 param:1
09-20 12:38:15.761 I/mtkpower_client( 1317): ret_hdl:249441
09-20 12:38:15.762 I/libPowerHal( 1238): cmdSetting - unknown cmd:1438500, scmd:(null) ,param_1:0
09-20 12:38:15.762 I/libPowerHal( 1238): cmdSetting - unknown cmd:1438800, scmd:(null) ,param_1:0
09-20 12:38:15.762 I/libPowerHal( 1238): [perfLockAcq] idx:4 hdl:249441 hint:-1 pid:1317 duration:0 lock_user:fpsgo => ret_hdl:249441
09-20 12:38:15.763 I/libPowerHal( 1238): [PE] fpsgo update cmd:1438300, param:0
09-20 12:38:15.763 I/libPowerHal( 1238): [PE] fpsgo update cmd:1438400, param:0
09-20 12:38:15.763 I/libPowerHal( 1238): [PE] fpsgo update cmd:1438600, param:0
09-20 12:38:15.763 I/libPowerHal( 1238): [PE] fpsgo update cmd:1438700, param:0
09-20 12:38:15.820 I/mtkpower_client( 1317): perf_lock_rel, hdl:249440, tid:1317
09-20 12:38:15.822 I/mtkpower_client( 1317): perf_lock_rel, hdl:249441, tid:1317
09-20 12:38:15.823 I/libPowerHal( 1238): [perfLockRel] hdl:249440, idx:1
09-20 12:38:15.824 I/libPowerHal( 1238): [PD] fpsgo update cmd:1404500 param:0
09-20 12:38:15.827 I/libPowerHal( 1238): [perfLockRel] hdl:249441, idx:4
09-20 12:38:15.828 I/libPowerHal( 1238): [PD] fpsgo update cmd:1438300, param:1000
09-20 12:38:15.829 I/libPowerHal( 1238): [PD] fpsgo update cmd:1438400, param:1000
09-20 12:38:15.829 I/libPowerHal( 1238): [PD] fpsgo update cmd:1438600 param:1000
09-20 12:38:15.830 I/libPowerHal( 1238): [PD] fpsgo update cmd:1438700 param:1000
09-20 12:38:16.307 I/mtkpower@impl( 1238): [powerd_req] TIMER_MSG_PERF_LOCK_TIMEOUT hdl:249431
09-20 12:38:16.308 I/libPowerHal( 1238): [perfLockRel] hdl:249431, idx:2
09-20 12:38:16.310 I/libPowerHal( 1238): [setClusterFreq] iawareperf@1.0-: sysfs_freq set cpu freq: -1 2015000 -1 -1
09-20 12:38:17.543 I/libPowerHal( 1238): [updateFPS] pid(20774) : 60 => -1
09-20 12:38:17.544 I/libPowerHal( 1238): [perfNotifyAppState] pack:com.edudashpro, act:com.edudashpro.MainActivity, state:5, pid:20774, uid:10458, fps:-1
09-20 12:38:17.545 E/UxUtility( 1238): notifyAppState error = NULL
09-20 12:38:17.753 I/libPowerHal( 1238): [perfLockAcq] idx:1 hdl:249442 hint:-1 pid:1221 duration:3000 lock_user:iawareperf@1.0- => ret_hdl:249442
09-20 12:38:17.756 I/libPowerHal( 1238): [setClusterFreq] iawareperf@1.0-: sysfs_freq set cpu freq: 1617000 -1 1600000 -1
09-20 12:38:17.758 I/libPowerHal( 1238): [PE] iawareperf@1.0- update cmd:1408300, param:30
09-20 12:38:17.792 I/mtkpower_client( 1317): perf_lock_acq, hdl:0, dur:0, num:2, tid:1317
09-20 12:38:17.794 I/mtkpower_client( 1317): ret_hdl:249443
09-20 12:38:17.794 I/libPowerHal( 1238): [perfLockAcq] idx:2 hdl:249443 hint:-1 pid:1317 duration:0 lock_user:fpsgo => ret_hdl:249443
09-20 12:38:17.794 I/mtkpower_client( 1317): perf_lock_acq, hdl:0, dur:0, num:12, tid:1317
09-20 12:38:17.794 I/libPowerHal( 1238): [PE] fpsgo update cmd:1404500 param:1
09-20 12:38:17.795 I/mtkpower_client( 1317): ret_hdl:249444
09-20 12:38:17.795 I/libPowerHal( 1238): cmdSetting - unknown cmd:1438500, scmd:(null) ,param_1:0
09-20 12:38:17.796 I/libPowerHal( 1238): cmdSetting - unknown cmd:1438800, scmd:(null) ,param_1:0
09-20 12:38:17.796 I/libPowerHal( 1238): [perfLockAcq] idx:4 hdl:249444 hint:-1 pid:1317 duration:0 lock_user:fpsgo => ret_hdl:249444
09-20 12:38:17.796 I/libPowerHal( 1238): [PE] fpsgo update cmd:1438300, param:0
09-20 12:38:17.796 I/libPowerHal( 1238): [PE] fpsgo update cmd:1438400, param:0
09-20 12:38:17.796 I/libPowerHal( 1238): [PE] fpsgo update cmd:1438600, param:0
09-20 12:38:17.796 I/libPowerHal( 1238): [PE] fpsgo update cmd:1438700, param:0
09-20 12:38:17.823 I/mtkpower_client( 1317): perf_lock_rel, hdl:249443, tid:1317
09-20 12:38:17.824 I/mtkpower_client( 1317): perf_lock_rel, hdl:249444, tid:1317
09-20 12:38:17.824 I/libPowerHal( 1238): [perfLockRel] hdl:249443, idx:2
09-20 12:38:17.824 I/libPowerHal( 1238): [PD] fpsgo update cmd:1404500 param:0
09-20 12:38:17.826 I/libPowerHal( 1238): [perfLockRel] hdl:249444, idx:4
09-20 12:38:17.826 I/libPowerHal( 1238): [PD] fpsgo update cmd:1438300, param:1000
09-20 12:38:17.826 I/libPowerHal( 1238): [PD] fpsgo update cmd:1438400, param:1000
09-20 12:38:17.826 I/libPowerHal( 1238): [PD] fpsgo update cmd:1438600 param:1000
09-20 12:38:17.826 I/libPowerHal( 1238): [PD] fpsgo update cmd:1438700 param:1000
09-20 12:38:17.843 I/libPowerHal( 1238): [perfLockRel] hdl:249442, idx:1
09-20 12:38:17.845 I/libPowerHal( 1238): [setClusterFreq] iawareperf@1.0-: sysfs_freq set cpu freq: -1 2015000 -1 -1
09-20 12:38:17.845 I/libPowerHal( 1238): [PD] iawareperf@1.0- update cmd:1408300 param:0
09-20 12:38:17.848 I/libPowerHal( 1238): [perfLockAcq] idx:2 hdl:249445 hint:-1 pid:1221 duration:80 lock_user:iawareperf@1.0- => ret_hdl:249445
09-20 12:38:17.849 I/libPowerHal( 1238): [setClusterFreq] iawareperf@1.0-: sysfs_freq set cpu freq: 1617000 -1 1491000 -1
09-20 12:38:17.850 I/libPowerHal( 1238): [PE] iawareperf@1.0- update cmd:1408300, param:30
09-20 12:38:17.852 I/libPowerHal( 1238): [perfLockAcq] idx:1 hdl:249446 hint:-1 pid:1221 duration:3000 lock_user:iawareperf@1.0- => ret_hdl:249446
09-20 12:38:17.852 I/libPowerHal( 1238): [setClusterFreq] iawareperf@1.0-: sysfs_freq set cpu freq: 1617000 -1 1491000 -1
09-20 12:38:17.879 I/libPowerHal( 1238): [perfLockAcq] idx:4 hdl:249447 hint:-1 pid:1221 duration:250 lock_user:iawareperf@1.0- => ret_hdl:249447
09-20 12:38:17.879 I/libPowerHal( 1238): [setGPUFreq] iawareperf@1.0- user set gpu freq min:2, max:-1
09-20 12:38:17.879 I/libPowerHal( 1238): iawareperf@1.0-: set gpu opp level max: 0
09-20 12:38:17.880 I/libPowerHal( 1238): [setGPUFreq] Soft min/max = (2, 0); Hard min/max = (2, 0)
09-20 12:38:17.880 I/libPowerHal( 1238): [setGPUFreq] final min/max = (2, 0)
09-20 12:38:17.880 I/libPowerHal( 1238): iawareperf@1.0-: set gpu opp level: 2
09-20 12:38:17.880 I/libPowerHal( 1238): iawareperf@1.0-: set gpu opp level max: 0
09-20 12:38:17.881 I/libPowerHal( 1238): [setClusterFreq] iawareperf@1.0-: sysfs_freq set cpu freq: 1617000 -1 1600000 -1
09-20 12:38:17.881 I/libPowerHal( 1238): [PE] iawareperf@1.0- update cmd:1000000 param:4
09-20 12:38:17.931 I/mtkpower@impl( 1238): [powerd_req] TIMER_MSG_PERF_LOCK_TIMEOUT hdl:249445
09-20 12:38:17.931 I/libPowerHal( 1238): [perfLockRel] hdl:249445, idx:2
09-20 12:38:18.132 I/mtkpower@impl( 1238): [powerd_req] TIMER_MSG_PERF_LOCK_TIMEOUT hdl:249447
09-20 12:38:18.132 I/libPowerHal( 1238): [perfLockRel] hdl:249447, idx:4
09-20 12:38:18.133 I/libPowerHal( 1238): [setClusterFreq] iawareperf@1.0-: sysfs_freq set cpu freq: -1 -1 -1 -1
09-20 12:38:18.134 I/libPowerHal( 1238): [unsetGPUFreq] current min:2, max:0; scn_gpu_min:2, scn_gpu_max:-1; scn_gpu_min(HL):-1, scn_gpu_max(HL):-1
09-20 12:38:18.134 I/libPowerHal( 1238): [setGPUFreq] Soft min/max = (2, 0); Hard min/max = (2, 0)
09-20 12:38:18.134 I/libPowerHal( 1238): [setGPUFreq] final min/max = (2, 0)
09-20 12:38:18.134 I/libPowerHal( 1238): iawareperf@1.0-: set gpu opp level: 2
09-20 12:38:18.134 I/libPowerHal( 1238): iawareperf@1.0-: set gpu opp level max: 0
09-20 12:38:18.134 I/libPowerHal( 1238): [PD] iawareperf@1.0- update cmd:1408300 param:0
09-20 12:38:18.136 I/libPowerHal( 1238): [PD] iawareperf@1.0- update cmd:1000000 param:-1
09-20 12:38:18.543 I/libPowerHal( 1238): [updateFPS] pid(20774) : -1 => 60
09-20 12:38:18.545 I/libPowerHal( 1238): [perfNotifyAppState] pack:com.edudashpro, act:com.edudashpro.MainActivity, state:5, pid:20774, uid:10458, fps:60
09-20 12:38:18.545 E/UxUtility( 1238): notifyAppState error = NULL
09-20 12:38:19.544 I/libPowerHal( 1238): [updateFPS] pid(20774) : 60 => -1
09-20 12:38:19.546 I/libPowerHal( 1238): [perfNotifyAppState] pack:com.edudashpro, act:com.edudashpro.MainActivity, state:5, pid:20774, uid:10458, fps:-1
09-20 12:38:19.546 E/UxUtility( 1238): notifyAppState error = NULL
09-20 12:38:20.855 I/mtkpower@impl( 1238): [powerd_req] TIMER_MSG_PERF_LOCK_TIMEOUT hdl:249446
09-20 12:38:20.856 I/libPowerHal( 1238): [perfLockRel] hdl:249446, idx:1
09-20 12:38:20.857 I/libPowerHal( 1238): [setClusterFreq] iawareperf@1.0-: sysfs_freq set cpu freq: -1 2015000 -1 -1
