09-20 12:37:40.607 I/libPowerHal( 1238): [perfLockRel] hdl:249357, idx:5
09-20 12:37:40.608 I/libPowerHal( 1238): [setClusterFreq] iawareperf@1.0-: sysfs_freq set cpu freq: -1 -1 -1 -1
09-20 12:37:40.609 I/libPowerHal( 1238): [unsetGPUFreq] current min:2, max:0; scn_gpu_min:2, scn_gpu_max:-1; scn_gpu_min(HL):-1, scn_gpu_max(HL):-1
09-20 12:37:40.610 I/libPowerHal( 1238): [setGPUFreq] Soft min/max = (2, 0); Hard min/max = (2, 0)
09-20 12:37:40.610 I/libPowerHal( 1238): [setGPUFreq] final min/max = (2, 0)
09-20 12:37:40.611 I/libPowerHal( 1238): iawareperf@1.0-: set gpu opp level: 2
09-20 12:37:40.612 I/libPowerHal( 1238): iawareperf@1.0-: set gpu opp level max: 0
09-20 12:37:40.612 I/libPowerHal( 1238): [PD] iawareperf@1.0- update cmd:1408300 param:0
09-20 12:37:40.614 I/libPowerHal( 1238): [PD] iawareperf@1.0- update cmd:1000000 param:-1
09-20 12:37:40.614 I/libPowerHal( 1238): [unset_task_affinity] index:0 0x0, scn:0xb4000078920123e0
09-20 12:37:40.614 E/libPowerHal( 1238): [unset_task_affinity] stat PATH_CURR_SCENE fail
09-20 12:37:40.614 I/libPowerHal( 1238): [PD] iawareperf@1.0- update ONESHOT cmd:10002000 param:0
09-20 12:37:40.632 I/mtkpower@impl( 1238): [setMode] type:6, enabled:0
09-20 12:37:40.632 E/mtkpower@impl( 1238): [setMode] unknown type
09-20 12:37:40.650 I/mtkpower@impl( 1238): [setMode] type:5, enabled:0
09-20 12:37:40.679 I/libPowerHal( 1238): [perfLockAcq] idx:1 hdl:249358 hint:-1 pid:1221 duration:80 lock_user:iawareperf@1.0- => ret_hdl:249358
09-20 12:37:40.681 I/libPowerHal( 1238): [setClusterFreq] iawareperf@1.0-: sysfs_freq set cpu freq: 1617000 -1 1579000 -1
09-20 12:37:40.682 I/libPowerHal( 1238): [PE] iawareperf@1.0- update cmd:1408300, param:30
09-20 12:37:40.693 I/mtkpower_client( 1630): [Legacy][PowerHal_Wrap_notifyAppState] com.edudashpro/com.edudashpro.MainActivity pid=20474 state:0
09-20 12:37:40.694 I/libPowerHal( 1238): [perfNotifyAppState] pack:com.edudashpro, act:com.edudashpro.MainActivity, state:0, pid:20474, uid:10458, fps:60
09-20 12:37:40.763 I/mtkpower@impl( 1238): [powerd_req] TIMER_MSG_PERF_LOCK_TIMEOUT hdl:249358
09-20 12:37:40.763 I/libPowerHal( 1238): [perfLockRel] hdl:249358, idx:1
09-20 12:37:40.764 I/libPowerHal( 1238): [setClusterFreq] iawareperf@1.0-: sysfs_freq set cpu freq: -1 -1 -1 -1
09-20 12:37:40.764 I/libPowerHal( 1238): [PD] iawareperf@1.0- update cmd:1408300 param:0
09-20 12:37:41.351 I/libPowerHal( 1238): [perfLockAcq] idx:1 hdl:249359 hint:-1 pid:1221 duration:3000 lock_user:iawareperf@1.0- => ret_hdl:249359
09-20 12:37:41.353 I/libPowerHal( 1238): [setClusterFreq] iawareperf@1.0-: sysfs_freq set cpu freq: 1617000 -1 1600000 -1
09-20 12:37:41.354 I/libPowerHal( 1238): [PE] iawareperf@1.0- update cmd:1408300, param:30
09-20 12:37:41.356 I/libPowerHal( 1238): [perfLockAcq] idx:4 hdl:249360 hint:-1 pid:1221 duration:80 lock_user:iawareperf@1.0- => ret_hdl:249360
09-20 12:37:41.433 I/libPowerHal( 1238): [perfLockAcq] idx:5 hdl:249361 hint:-1 pid:1221 duration:3000 lock_user:iawareperf@1.0- => ret_hdl:249361
09-20 12:37:41.433 I/libPowerHal( 1238): [setGPUFreq] iawareperf@1.0- user set gpu freq min:2, max:-1
09-20 12:37:41.433 I/libPowerHal( 1238): iawareperf@1.0-: set gpu opp level max: 0
09-20 12:37:41.433 I/libPowerHal( 1238): [setGPUFreq] Soft min/max = (2, 0); Hard min/max = (2, 0)
09-20 12:37:41.434 I/libPowerHal( 1238): [setGPUFreq] final min/max = (2, 0)
09-20 12:37:41.434 I/libPowerHal( 1238): iawareperf@1.0-: set gpu opp level: 2
09-20 12:37:41.434 I/libPowerHal( 1238): iawareperf@1.0-: set gpu opp level max: 0
09-20 12:37:41.434 I/libPowerHal( 1238): [setClusterFreq] iawareperf@1.0-: sysfs_freq set cpu freq: 2200000 -1 1600000 -1
09-20 12:37:41.435 I/libPowerHal( 1238): [PE] iawareperf@1.0- update cmd:1000000 param:0
09-20 12:37:41.437 I/mtkpower@impl( 1238): [powerd_req] TIMER_MSG_PERF_LOCK_TIMEOUT hdl:249360
09-20 12:37:41.437 I/libPowerHal( 1238): [perfLockRel] hdl:249360, idx:4
09-20 12:37:41.456 I/mtkpower_client( 1317): perf_lock_acq, hdl:0, dur:0, num:2, tid:1317
09-20 12:37:41.458 I/mtkpower_client( 1317): ret_hdl:249362
09-20 12:37:41.458 I/mtkpower_client( 1317): perf_lock_acq, hdl:0, dur:0, num:12, tid:1317
09-20 12:37:41.458 I/libPowerHal( 1238): [perfLockAcq] idx:4 hdl:249362 hint:-1 pid:1317 duration:0 lock_user:fpsgo => ret_hdl:249362
09-20 12:37:41.458 I/libPowerHal( 1238): [PE] fpsgo update cmd:1404500 param:1
09-20 12:37:41.459 I/mtkpower_client( 1317): ret_hdl:249363
09-20 12:37:41.460 I/libPowerHal( 1238): cmdSetting - unknown cmd:1438500, scmd:(null) ,param_1:0
09-20 12:37:41.460 I/libPowerHal( 1238): cmdSetting - unknown cmd:1438800, scmd:(null) ,param_1:0
09-20 12:37:41.460 I/libPowerHal( 1238): [perfLockAcq] idx:7 hdl:249363 hint:-1 pid:1317 duration:0 lock_user:fpsgo => ret_hdl:249363
09-20 12:37:41.460 I/libPowerHal( 1238): [PE] fpsgo update cmd:1438300, param:0
09-20 12:37:41.460 I/libPowerHal( 1238): [PE] fpsgo update cmd:1438400, param:0
09-20 12:37:41.461 I/libPowerHal( 1238): [PE] fpsgo update cmd:1438600, param:0
09-20 12:37:41.461 I/libPowerHal( 1238): [PE] fpsgo update cmd:1438700, param:0
09-20 12:37:41.474 I/mtkpower_client( 1317): perf_lock_rel, hdl:249362, tid:1317
09-20 12:37:41.474 I/mtkpower_client( 1317): perf_lock_rel, hdl:249363, tid:1317
09-20 12:37:41.475 I/libPowerHal( 1238): [perfLockRel] hdl:249362, idx:4
09-20 12:37:41.475 I/libPowerHal( 1238): [PD] fpsgo update cmd:1404500 param:0
09-20 12:37:41.476 I/libPowerHal( 1238): [perfLockRel] hdl:249363, idx:7
09-20 12:37:41.477 I/libPowerHal( 1238): [PD] fpsgo update cmd:1438300, param:1000
09-20 12:37:41.477 I/libPowerHal( 1238): [PD] fpsgo update cmd:1438400, param:1000
09-20 12:37:41.477 I/libPowerHal( 1238): [PD] fpsgo update cmd:1438600 param:1000
09-20 12:37:41.477 I/libPowerHal( 1238): [PD] fpsgo update cmd:1438700 param:1000
09-20 12:37:41.492 I/libPowerHal( 1238): [perfLockRel] hdl:249359, idx:1
09-20 12:37:41.494 I/libPowerHal( 1238): [perfLockAcq] idx:4 hdl:249364 hint:-1 pid:1221 duration:80 lock_user:iawareperf@1.0- => ret_hdl:249364
09-20 12:37:41.495 I/libPowerHal( 1238): [perfLockAcq] idx:1 hdl:249365 hint:-1 pid:1221 duration:3000 lock_user:iawareperf@1.0- => ret_hdl:249365
09-20 12:37:41.575 I/mtkpower@impl( 1238): [powerd_req] TIMER_MSG_PERF_LOCK_TIMEOUT hdl:249364
09-20 12:37:41.575 I/libPowerHal( 1238): [perfLockRel] hdl:249364, idx:4
09-20 12:37:41.859 I/mtkpower_client( 1630): [Legacy][PowerHal_Wrap_notifyAppState] com.edudashpro/com.edudashpro pid=20474 state:3
09-20 12:37:41.860 I/libPowerHal( 1238): [perfNotifyAppState] pack:com.edudashpro, act:com.edudashpro, state:3, pid:20474, uid:10458, fps:60
09-20 12:37:41.860 I/libPowerHal( 1238): [perfNotifyAppState] pack:com.edudashpro, pid:20474, STATE_DEAD
09-20 12:37:42.586 I/libPowerHal( 1238): [perfLockRel] hdl:249361, idx:5
09-20 12:37:42.587 I/libPowerHal( 1238): [setClusterFreq] iawareperf@1.0-: sysfs_freq set cpu freq: -1 -1 -1 -1
09-20 12:37:42.587 I/libPowerHal( 1238): [unsetGPUFreq] current min:2, max:0; scn_gpu_min:2, scn_gpu_max:-1; scn_gpu_min(HL):-1, scn_gpu_max(HL):-1
09-20 12:37:42.587 I/libPowerHal( 1238): [setGPUFreq] Soft min/max = (2, 0); Hard min/max = (2, 0)
09-20 12:37:42.587 I/libPowerHal( 1238): [setGPUFreq] final min/max = (2, 0)
09-20 12:37:42.587 I/libPowerHal( 1238): iawareperf@1.0-: set gpu opp level: 2
09-20 12:37:42.587 I/libPowerHal( 1238): iawareperf@1.0-: set gpu opp level max: 0
09-20 12:37:42.588 I/libPowerHal( 1238): [PD] iawareperf@1.0- update cmd:1408300 param:0
09-20 12:37:42.591 I/libPowerHal( 1238): [PD] iawareperf@1.0- update cmd:1000000 param:-1
09-20 12:37:42.946 I/libPowerHal( 1238): [perfLockAcq] idx:4 hdl:249366 hint:-1 pid:1221 duration:3000 lock_user:iawareperf@1.0- => ret_hdl:249366
09-20 12:37:42.947 I/libPowerHal( 1238): [setClusterFreq] iawareperf@1.0-: sysfs_freq set cpu freq: 1617000 -1 1600000 -1
09-20 12:37:42.948 I/libPowerHal( 1238): [PE] iawareperf@1.0- update cmd:1408300, param:30
09-20 12:37:42.950 I/libPowerHal( 1238): [perfLockAcq] idx:5 hdl:249367 hint:-1 pid:1221 duration:80 lock_user:iawareperf@1.0- => ret_hdl:249367
09-20 12:37:43.024 I/libPowerHal( 1238): [perfLockRel] hdl:249366, idx:4
09-20 12:37:43.025 I/libPowerHal( 1238): [setClusterFreq] iawareperf@1.0-: sysfs_freq set cpu freq: 1617000 -1 1579000 -1
09-20 12:37:43.027 I/libPowerHal( 1238): [perfLockAcq] idx:7 hdl:249368 hint:-1 pid:1221 duration:80 lock_user:iawareperf@1.0- => ret_hdl:249368
09-20 12:37:43.029 I/mtkpower@impl( 1238): [powerd_req] TIMER_MSG_PERF_LOCK_TIMEOUT hdl:249367
09-20 12:37:43.029 I/libPowerHal( 1238): [perfLockRel] hdl:249367, idx:5
09-20 12:37:43.030 I/libPowerHal( 1238): [setClusterFreq] iawareperf@1.0-: sysfs_freq set cpu freq: 1617000 -1 1491000 -1
09-20 12:37:43.031 I/libPowerHal( 1238): [perfLockAcq] idx:4 hdl:249369 hint:-1 pid:1221 duration:3000 lock_user:iawareperf@1.0- => ret_hdl:249369
09-20 12:37:43.033 I/libPowerHal( 1238): cmdSetting - unknown cmd:1c3c000, scmd:(null) ,param_1:1
09-20 12:37:43.033 I/libPowerHal( 1238): [perfLockAcq] idx:5 hdl:249370 hint:-1 pid:1221 duration:7000 lock_user:iawareperf@1.0- => ret_hdl:249370
09-20 12:37:43.033 I/libPowerHal( 1238): [setGPUFreq] iawareperf@1.0- user set gpu freq min:2, max:-1
09-20 12:37:43.033 I/libPowerHal( 1238): iawareperf@1.0-: set gpu opp level max: 0
09-20 12:37:43.033 I/libPowerHal( 1238): [setGPUFreq] Soft min/max = (2, 0); Hard min/max = (2, 0)
09-20 12:37:43.034 I/libPowerHal( 1238): [setGPUFreq] final min/max = (2, 0)
09-20 12:37:43.034 I/libPowerHal( 1238): iawareperf@1.0-: set gpu opp level: 2
09-20 12:37:43.034 I/libPowerHal( 1238): iawareperf@1.0-: set gpu opp level max: 0
09-20 12:37:43.035 I/libPowerHal( 1238): [setClusterFreq] iawareperf@1.0-: sysfs_freq set cpu freq: 2200000 -1 1600000 -1
09-20 12:37:43.036 I/libPowerHal( 1238): [PE] iawareperf@1.0- update cmd:1408300, param:50
09-20 12:37:43.037 I/libPowerHal( 1238): [PE] iawareperf@1.0- update cmd:1000000 param:1
09-20 12:37:43.037 I/libPowerHal( 1238): [set_task_affinity] index:0 0x0, scn:0xb4000078920123e0
09-20 12:37:43.037 E/libPowerHal( 1238): [set_task_affinity] stat PATH_CURR_SCENE fail
09-20 12:37:43.037 I/libPowerHal( 1238): [PE] iawareperf@1.0- update cmd:10002000 param:0
09-20 12:37:43.048 I/mtkpower_client( 1630): [Legacy][PowerHal_Wrap_notifyAppState] com.hihonor.android.launcher/com.hihonor.android.launcher.unihome.UniHomeLauncher pid=3121 state:0
09-20 12:37:43.049 I/libPowerHal( 1238): [perfNotifyAppState] pack:com.hihonor.android.launcher, act:com.hihonor.android.launcher.unihome.UniHomeLauncher, state:0, pid:3121, uid:10094, fps:60
09-20 12:37:43.050 I/mtkpower@impl( 1238): [setMode] type:5, enabled:1
09-20 12:37:43.105 I/libPowerHal( 1238): [perfLockAcq] idx:8 hdl:249371 hint:-1 pid:1221 duration:250 lock_user:iawareperf@1.0- => ret_hdl:249371
09-20 12:37:43.105 I/libPowerHal( 1238): [setGPUFreq] iawareperf@1.0- user set gpu freq min:2, max:-1
09-20 12:37:43.106 I/libPowerHal( 1238): iawareperf@1.0-: set gpu opp level max: 0
09-20 12:37:43.106 I/libPowerHal( 1238): [setGPUFreq] Soft min/max = (2, 0); Hard min/max = (2, 0)
09-20 12:37:43.106 I/libPowerHal( 1238): [setGPUFreq] final min/max = (2, 0)
09-20 12:37:43.106 I/libPowerHal( 1238): iawareperf@1.0-: set gpu opp level: 2
09-20 12:37:43.107 I/libPowerHal( 1238): iawareperf@1.0-: set gpu opp level max: 0
09-20 12:37:43.110 I/libPowerHal( 1238): [PE] iawareperf@1.0- update cmd:1000000 param:0
09-20 12:37:43.111 I/mtkpower@impl( 1238): [powerd_req] TIMER_MSG_PERF_LOCK_TIMEOUT hdl:249368
09-20 12:37:43.111 I/libPowerHal( 1238): [perfLockRel] hdl:249368, idx:7
09-20 12:37:43.113 I/mtkpower_client( 1317): perf_lock_acq, hdl:0, dur:0, num:2, tid:1317
09-20 12:37:43.116 I/libPowerHal( 1238): [perfLockAcq] idx:7 hdl:249372 hint:-1 pid:1317 duration:0 lock_user:fpsgo => ret_hdl:249372
09-20 12:37:43.116 I/mtkpower_client( 1317): ret_hdl:249372
09-20 12:37:43.116 I/mtkpower_client( 1317): perf_lock_acq, hdl:0, dur:0, num:12, tid:1317
09-20 12:37:43.117 I/libPowerHal( 1238): [PE] fpsgo update cmd:1404500 param:1
09-20 12:37:43.118 I/mtkpower_client( 1317): ret_hdl:249373
09-20 12:37:43.118 I/libPowerHal( 1238): cmdSetting - unknown cmd:1438500, scmd:(null) ,param_1:0
09-20 12:37:43.119 I/libPowerHal( 1238): cmdSetting - unknown cmd:1438800, scmd:(null) ,param_1:0
09-20 12:37:43.119 I/libPowerHal( 1238): [perfLockAcq] idx:9 hdl:249373 hint:-1 pid:1317 duration:0 lock_user:fpsgo => ret_hdl:249373
09-20 12:37:43.119 I/libPowerHal( 1238): [PE] fpsgo update cmd:1438300, param:0
09-20 12:37:43.119 I/libPowerHal( 1238): [PE] fpsgo update cmd:1438400, param:0
09-20 12:37:43.119 I/libPowerHal( 1238): [PE] fpsgo update cmd:1438600, param:0
09-20 12:37:43.119 I/libPowerHal( 1238): [PE] fpsgo update cmd:1438700, param:0
09-20 12:37:43.121 I/mtkpower_client( 1630): [Legacy][PowerHal_Wrap_notifyAppState] com.edudashpro/com.edudashpro.MainActivity pid=20774 state:1
09-20 12:37:43.122 I/libPowerHal( 1238): [perfNotifyAppState] pack:com.edudashpro, act:com.edudashpro.MainActivity, state:1, pid:20774, uid:10458, fps:60
09-20 12:37:43.122 I/libPowerHal( 1238): [perfNotifyAppState] foreground:com.edudashpro, pid:20774, uid:10458
09-20 12:37:43.123 E/UxUtility( 1238): notifyAppState error = NULL
09-20 12:37:43.124 I/mtkpower@impl( 1238): [notifyAppState] pc:0, com.hihonor.android.launcher => com.edudashpro
09-20 12:37:43.129 I/mtkpower@impl( 1238): [setMode] type:6, enabled:1
09-20 12:37:43.129 E/mtkpower@impl( 1238): [setMode] unknown type
09-20 12:37:43.134 I/mtkpower_client( 1317): perf_lock_rel, hdl:249372, tid:1317
09-20 12:37:43.136 I/libPowerHal( 1238): [perfLockRel] hdl:249372, idx:7
09-20 12:37:43.137 I/libPowerHal( 1238): [PD] fpsgo update cmd:1404500 param:0
09-20 12:37:43.136 I/mtkpower_client( 1317): perf_lock_rel, hdl:249373, tid:1317
09-20 12:37:43.141 I/libPowerHal( 1238): [perfLockRel] hdl:249373, idx:9
09-20 12:37:43.141 I/libPowerHal( 1238): [PD] fpsgo update cmd:1438300, param:1000
09-20 12:37:43.142 I/libPowerHal( 1238): [PD] fpsgo update cmd:1438400, param:1000
09-20 12:37:43.142 I/libPowerHal( 1238): [PD] fpsgo update cmd:1438600 param:1000
09-20 12:37:43.143 I/libPowerHal( 1238): [PD] fpsgo update cmd:1438700 param:1000
09-20 12:37:43.181 I/mtkpower@impl( 1238): [powerd_req] TIMER_MSG_PERF_LOCK_TIMEOUT hdl:249356
09-20 12:37:43.181 I/libPowerHal( 1238): [perfLockRel] hdl:249356, idx:2
09-20 12:37:43.207 I/mtkpower_client( 1317): perf_lock_acq, hdl:0, dur:0, num:2, tid:1317
09-20 12:37:43.208 I/mtkpower_client( 1317): ret_hdl:249374
09-20 12:37:43.208 I/mtkpower_client( 1317): perf_lock_acq, hdl:0, dur:0, num:12, tid:1317
09-20 12:37:43.208 I/mtkpower_client( 1317): ret_hdl:249375
09-20 12:37:43.209 I/libPowerHal( 1238): [perfLockAcq] idx:2 hdl:249374 hint:-1 pid:1317 duration:0 lock_user:fpsgo => ret_hdl:249374
09-20 12:37:43.210 I/libPowerHal( 1238): [PE] fpsgo update cmd:1404500 param:1
09-20 12:37:43.214 I/libPowerHal( 1238): cmdSetting - unknown cmd:1438500, scmd:(null) ,param_1:0
09-20 12:37:43.214 I/libPowerHal( 1238): cmdSetting - unknown cmd:1438800, scmd:(null) ,param_1:0
09-20 12:37:43.214 I/libPowerHal( 1238): [perfLockAcq] idx:7 hdl:249375 hint:-1 pid:1317 duration:0 lock_user:fpsgo => ret_hdl:249375
09-20 12:37:43.214 I/libPowerHal( 1238): [PE] fpsgo update cmd:1438300, param:0
09-20 12:37:43.214 I/libPowerHal( 1238): [PE] fpsgo update cmd:1438400, param:0
09-20 12:37:43.215 I/libPowerHal( 1238): [PE] fpsgo update cmd:1438600, param:0
09-20 12:37:43.215 I/libPowerHal( 1238): [PE] fpsgo update cmd:1438700, param:0
09-20 12:37:43.360 I/mtkpower@impl( 1238): [powerd_req] TIMER_MSG_PERF_LOCK_TIMEOUT hdl:249371
09-20 12:37:43.361 I/libPowerHal( 1238): [perfLockRel] hdl:249371, idx:8
09-20 12:37:43.361 I/libPowerHal( 1238): [unsetGPUFreq] current min:2, max:0; scn_gpu_min:2, scn_gpu_max:-1; scn_gpu_min(HL):-1, scn_gpu_max(HL):-1
09-20 12:37:43.361 I/libPowerHal( 1238): [setGPUFreq] Soft min/max = (2, 0); Hard min/max = (2, 0)
09-20 12:37:43.361 I/libPowerHal( 1238): [setGPUFreq] final min/max = (2, 0)
09-20 12:37:43.361 I/libPowerHal( 1238): iawareperf@1.0-: set gpu opp level: 2
09-20 12:37:43.362 I/libPowerHal( 1238): iawareperf@1.0-: set gpu opp level max: 0
09-20 12:37:43.362 I/mtkpower_client( 1317): perf_lock_rel, hdl:249374, tid:1317
09-20 12:37:43.363 I/mtkpower_client( 1317): perf_lock_rel, hdl:249375, tid:1317
09-20 12:37:43.363 I/libPowerHal( 1238): [PD] iawareperf@1.0- update cmd:1000000 param:1
09-20 12:37:43.364 I/libPowerHal( 1238): [perfLockRel] hdl:249374, idx:2
09-20 12:37:43.364 I/libPowerHal( 1238): [PD] fpsgo update cmd:1404500 param:0
09-20 12:37:43.366 I/libPowerHal( 1238): [perfLockRel] hdl:249375, idx:7
09-20 12:37:43.366 I/libPowerHal( 1238): [PD] fpsgo update cmd:1438300, param:1000
09-20 12:37:43.366 I/libPowerHal( 1238): [PD] fpsgo update cmd:1438400, param:1000
09-20 12:37:43.367 I/libPowerHal( 1238): [PD] fpsgo update cmd:1438600 param:1000
09-20 12:37:43.367 I/libPowerHal( 1238): [PD] fpsgo update cmd:1438700 param:1000
09-20 12:37:43.426 I/mtkpower@impl( 1238): [setMode] type:6, enabled:0
09-20 12:37:43.426 E/mtkpower@impl( 1238): [setMode] unknown type
09-20 12:37:43.567 I/libPowerHal( 1238): cmdSetting - unknown cmd:1c3c000, scmd:(null) ,param_1:1
09-20 12:37:43.568 I/libPowerHal( 1238): [perfLockAcq] idx:2 hdl:249376 hint:-1 pid:1221 duration:400 lock_user:iawareperf@1.0- => ret_hdl:249376
09-20 12:37:43.568 I/libPowerHal( 1238): [setGPUFreq] iawareperf@1.0- user set gpu freq min:2, max:-1
09-20 12:37:43.568 I/libPowerHal( 1238): iawareperf@1.0-: set gpu opp level max: 0
09-20 12:37:43.568 I/libPowerHal( 1238): [setGPUFreq] Soft min/max = (2, 0); Hard min/max = (2, 0)
09-20 12:37:43.568 I/libPowerHal( 1238): [setGPUFreq] final min/max = (2, 0)
09-20 12:37:43.568 I/libPowerHal( 1238): iawareperf@1.0-: set gpu opp level: 2
09-20 12:37:43.568 I/libPowerHal( 1238): iawareperf@1.0-: set gpu opp level max: 0
09-20 12:37:43.704 I/mtkpower@impl( 1238): [setMode] type:5, enabled:0
09-20 12:37:43.706 I/mtkpower_client( 1630): [Legacy][PowerHal_Wrap_notifyAppState] com.hihonor.android.launcher/com.hihonor.android.launcher.unihome.UniHomeLauncher pid=3121 state:0
09-20 12:37:43.709 I/libPowerHal( 1238): [perfNotifyAppState] pack:com.hihonor.android.launcher, act:com.hihonor.android.launcher.unihome.UniHomeLauncher, state:0, pid:3121, uid:10094, fps:60
09-20 12:37:43.770 I/mtkpower_client( 1317): perf_lock_acq, hdl:0, dur:0, num:2, tid:1317
09-20 12:37:43.772 I/mtkpower_client( 1317): ret_hdl:249377
09-20 12:37:43.772 I/mtkpower_client( 1317): perf_lock_acq, hdl:0, dur:0, num:12, tid:1317
09-20 12:37:43.772 I/libPowerHal( 1238): [perfLockAcq] idx:7 hdl:249377 hint:-1 pid:1317 duration:0 lock_user:fpsgo => ret_hdl:249377
09-20 12:37:43.773 I/libPowerHal( 1238): [PE] fpsgo update cmd:1404500 param:1
09-20 12:37:43.774 I/mtkpower_client( 1317): ret_hdl:249378
09-20 12:37:43.775 I/libPowerHal( 1238): cmdSetting - unknown cmd:1438500, scmd:(null) ,param_1:0
09-20 12:37:43.775 I/libPowerHal( 1238): cmdSetting - unknown cmd:1438800, scmd:(null) ,param_1:0
09-20 12:37:43.775 I/libPowerHal( 1238): [perfLockAcq] idx:8 hdl:249378 hint:-1 pid:1317 duration:0 lock_user:fpsgo => ret_hdl:249378
09-20 12:37:43.776 I/libPowerHal( 1238): [PE] fpsgo update cmd:1438300, param:0
09-20 12:37:43.776 I/libPowerHal( 1238): [PE] fpsgo update cmd:1438400, param:0
09-20 12:37:43.776 I/libPowerHal( 1238): [PE] fpsgo update cmd:1438600, param:0
09-20 12:37:43.776 I/libPowerHal( 1238): [PE] fpsgo update cmd:1438700, param:0
09-20 12:37:43.778 I/mtkpower_client( 1317): perf_lock_rel, hdl:249377, tid:1317
09-20 12:37:43.778 I/mtkpower_client( 1317): perf_lock_rel, hdl:249378, tid:1317
09-20 12:37:43.779 I/libPowerHal( 1238): [perfLockRel] hdl:249377, idx:7
09-20 12:37:43.779 I/libPowerHal( 1238): [PD] fpsgo update cmd:1404500 param:0
09-20 12:37:43.780 I/libPowerHal( 1238): [perfLockRel] hdl:249378, idx:8
09-20 12:37:43.780 I/libPowerHal( 1238): [PD] fpsgo update cmd:1438300, param:1000
09-20 12:37:43.780 I/libPowerHal( 1238): [PD] fpsgo update cmd:1438400, param:1000
09-20 12:37:43.780 I/libPowerHal( 1238): [PD] fpsgo update cmd:1438600 param:1000
09-20 12:37:43.781 I/libPowerHal( 1238): [PD] fpsgo update cmd:1438700 param:1000
09-20 12:37:43.878 I/mtkpower_client( 1317): perf_lock_acq, hdl:0, dur:0, num:2, tid:1317
09-20 12:37:43.879 I/mtkpower_client( 1317): ret_hdl:249379
09-20 12:37:43.880 I/libPowerHal( 1238): [perfLockAcq] idx:7 hdl:249379 hint:-1 pid:1317 duration:0 lock_user:fpsgo => ret_hdl:249379
09-20 12:37:43.880 I/mtkpower_client( 1317): perf_lock_acq, hdl:0, dur:0, num:12, tid:1317
09-20 12:37:43.880 I/libPowerHal( 1238): [PE] fpsgo update cmd:1404500 param:1
09-20 12:37:43.881 I/mtkpower_client( 1317): ret_hdl:249380
09-20 12:37:43.881 I/libPowerHal( 1238): cmdSetting - unknown cmd:1438500, scmd:(null) ,param_1:0
09-20 12:37:43.881 I/libPowerHal( 1238): cmdSetting - unknown cmd:1438800, scmd:(null) ,param_1:0
09-20 12:37:43.881 I/libPowerHal( 1238): [perfLockAcq] idx:8 hdl:249380 hint:-1 pid:1317 duration:0 lock_user:fpsgo => ret_hdl:249380
09-20 12:37:43.882 I/libPowerHal( 1238): [PE] fpsgo update cmd:1438300, param:0
09-20 12:37:43.883 I/libPowerHal( 1238): [PE] fpsgo update cmd:1438400, param:0
09-20 12:37:43.883 I/libPowerHal( 1238): [PE] fpsgo update cmd:1438600, param:0
09-20 12:37:43.885 I/libPowerHal( 1238): [PE] fpsgo update cmd:1438700, param:0
09-20 12:37:43.889 I/mtkpower_client( 1317): perf_lock_rel, hdl:249379, tid:1317
09-20 12:37:43.890 I/mtkpower_client( 1317): perf_lock_rel, hdl:249380, tid:1317
09-20 12:37:43.891 I/libPowerHal( 1238): [perfLockRel] hdl:249379, idx:7
09-20 12:37:43.892 I/libPowerHal( 1238): [PD] fpsgo update cmd:1404500 param:0
09-20 12:37:43.894 I/libPowerHal( 1238): [perfLockRel] hdl:249380, idx:8
09-20 12:37:43.895 I/libPowerHal( 1238): [PD] fpsgo update cmd:1438300, param:1000
09-20 12:37:43.896 I/libPowerHal( 1238): [PD] fpsgo update cmd:1438400, param:1000
09-20 12:37:43.897 I/libPowerHal( 1238): [PD] fpsgo update cmd:1438600 param:1000
09-20 12:37:43.898 I/libPowerHal( 1238): [PD] fpsgo update cmd:1438700 param:1000
09-20 12:37:43.969 I/mtkpower@impl( 1238): [powerd_req] TIMER_MSG_PERF_LOCK_TIMEOUT hdl:249376
09-20 12:37:43.969 I/libPowerHal( 1238): [perfLockRel] hdl:249376, idx:2
09-20 12:37:43.969 I/libPowerHal( 1238): [unsetGPUFreq] current min:2, max:0; scn_gpu_min:2, scn_gpu_max:-1; scn_gpu_min(HL):-1, scn_gpu_max(HL):-1
09-20 12:37:43.969 I/libPowerHal( 1238): [setGPUFreq] Soft min/max = (2, 0); Hard min/max = (2, 0)
09-20 12:37:43.970 I/libPowerHal( 1238): [setGPUFreq] final min/max = (2, 0)
09-20 12:37:43.970 I/libPowerHal( 1238): iawareperf@1.0-: set gpu opp level: 2
09-20 12:37:43.970 I/libPowerHal( 1238): iawareperf@1.0-: set gpu opp level max: 0
09-20 12:37:43.972 I/libPowerHal( 1238): [updateFPS] pid(20774) : 60 => -1
09-20 12:37:43.972 I/libPowerHal( 1238): [perfNotifyAppState] pack:com.edudashpro, act:com.edudashpro.MainActivity, state:5, pid:20774, uid:10458, fps:-1
09-20 12:37:43.973 E/UxUtility( 1238): notifyAppState error = NULL
09-20 12:37:44.496 I/mtkpower@impl( 1238): [powerd_req] TIMER_MSG_PERF_LOCK_TIMEOUT hdl:249365
09-20 12:37:44.496 I/libPowerHal( 1238): [perfLockRel] hdl:249365, idx:1
09-20 12:37:44.997 I/mtkpower_client( 1317): perf_lock_acq, hdl:0, dur:0, num:2, tid:1317
09-20 12:37:45.001 I/mtkpower_client( 1317): ret_hdl:249381
09-20 12:37:45.001 I/mtkpower_client( 1317): perf_lock_acq, hdl:0, dur:0, num:12, tid:1317
09-20 12:37:45.001 I/libPowerHal( 1238): [perfLockAcq] idx:1 hdl:249381 hint:-1 pid:1317 duration:0 lock_user:fpsgo => ret_hdl:249381
09-20 12:37:45.001 I/libPowerHal( 1238): [PE] fpsgo update cmd:1404500 param:1
09-20 12:37:45.002 I/mtkpower_client( 1317): ret_hdl:249382
09-20 12:37:45.002 I/libPowerHal( 1238): cmdSetting - unknown cmd:1438500, scmd:(null) ,param_1:0
09-20 12:37:45.002 I/libPowerHal( 1238): cmdSetting - unknown cmd:1438800, scmd:(null) ,param_1:0
09-20 12:37:45.002 I/libPowerHal( 1238): [perfLockAcq] idx:2 hdl:249382 hint:-1 pid:1317 duration:0 lock_user:fpsgo => ret_hdl:249382
09-20 12:37:45.003 I/libPowerHal( 1238): [PE] fpsgo update cmd:1438300, param:0
09-20 12:37:45.003 I/libPowerHal( 1238): [PE] fpsgo update cmd:1438400, param:0
09-20 12:37:45.003 I/libPowerHal( 1238): [PE] fpsgo update cmd:1438600, param:0
09-20 12:37:45.003 I/libPowerHal( 1238): [PE] fpsgo update cmd:1438700, param:0
09-20 12:37:45.164 I/mtkpower_client( 1317): perf_lock_rel, hdl:249381, tid:1317
09-20 12:37:45.165 I/mtkpower_client( 1317): perf_lock_rel, hdl:249382, tid:1317
09-20 12:37:45.165 I/libPowerHal( 1238): [perfLockRel] hdl:249381, idx:1
09-20 12:37:45.166 I/libPowerHal( 1238): [PD] fpsgo update cmd:1404500 param:0
09-20 12:37:45.167 I/libPowerHal( 1238): [perfLockRel] hdl:249382, idx:2
09-20 12:37:45.167 I/libPowerHal( 1238): [PD] fpsgo update cmd:1438300, param:1000
09-20 12:37:45.168 I/libPowerHal( 1238): [PD] fpsgo update cmd:1438400, param:1000
09-20 12:37:45.168 I/libPowerHal( 1238): [PD] fpsgo update cmd:1438600 param:1000
09-20 12:37:45.168 I/libPowerHal( 1238): [PD] fpsgo update cmd:1438700 param:1000
09-20 12:37:45.766 I/mtkpower_client( 1317): perf_lock_acq, hdl:0, dur:0, num:2, tid:1317
09-20 12:37:45.767 I/mtkpower_client( 1317): ret_hdl:249383
09-20 12:37:45.767 I/mtkpower_client( 1317): perf_lock_acq, hdl:0, dur:0, num:12, tid:1317
09-20 12:37:45.768 I/libPowerHal( 1238): [perfLockAcq] idx:1 hdl:249383 hint:-1 pid:1317 duration:0 lock_user:fpsgo => ret_hdl:249383
09-20 12:37:45.768 I/libPowerHal( 1238): [PE] fpsgo update cmd:1404500 param:1
09-20 12:37:45.768 I/mtkpower_client( 1317): ret_hdl:249384
09-20 12:37:45.770 I/libPowerHal( 1238): cmdSetting - unknown cmd:1438500, scmd:(null) ,param_1:0
09-20 12:37:45.771 I/libPowerHal( 1238): cmdSetting - unknown cmd:1438800, scmd:(null) ,param_1:0
09-20 12:37:45.771 I/libPowerHal( 1238): [perfLockAcq] idx:2 hdl:249384 hint:-1 pid:1317 duration:0 lock_user:fpsgo => ret_hdl:249384
09-20 12:37:45.772 I/mtkpower_client( 1317): perf_lock_rel, hdl:249383, tid:1317
09-20 12:37:45.772 I/libPowerHal( 1238): [PE] fpsgo update cmd:1438300, param:0
09-20 12:37:45.772 I/libPowerHal( 1238): [PE] fpsgo update cmd:1438400, param:0
09-20 12:37:45.772 I/libPowerHal( 1238): [PE] fpsgo update cmd:1438600, param:0
09-20 12:37:45.772 I/libPowerHal( 1238): [PE] fpsgo update cmd:1438700, param:0
09-20 12:37:45.773 I/mtkpower_client( 1317): perf_lock_rel, hdl:249384, tid:1317
09-20 12:37:45.773 I/libPowerHal( 1238): [perfLockRel] hdl:249383, idx:1
09-20 12:37:45.773 I/libPowerHal( 1238): [PD] fpsgo update cmd:1404500 param:0
09-20 12:37:45.775 I/libPowerHal( 1238): [perfLockRel] hdl:249384, idx:2
09-20 12:37:45.775 I/libPowerHal( 1238): [PD] fpsgo update cmd:1438300, param:1000
09-20 12:37:45.775 I/libPowerHal( 1238): [PD] fpsgo update cmd:1438400, param:1000
09-20 12:37:45.776 I/libPowerHal( 1238): [PD] fpsgo update cmd:1438600 param:1000
09-20 12:37:45.776 I/libPowerHal( 1238): [PD] fpsgo update cmd:1438700 param:1000
09-20 12:37:45.972 I/libPowerHal( 1238): [updateFPS] pid(20774) : -1 => 90
09-20 12:37:45.973 I/libPowerHal( 1238): [perfNotifyAppState] pack:com.edudashpro, act:com.edudashpro.MainActivity, state:5, pid:20774, uid:10458, fps:90
09-20 12:37:45.974 E/UxUtility( 1238): notifyAppState error = NULL
09-20 12:37:46.032 I/mtkpower@impl( 1238): [powerd_req] TIMER_MSG_PERF_LOCK_TIMEOUT hdl:249369
09-20 12:37:46.032 I/libPowerHal( 1238): [perfLockRel] hdl:249369, idx:4
09-20 12:37:46.499 I/mtkpower_client( 1317): perf_lock_acq, hdl:0, dur:0, num:2, tid:1317
09-20 12:37:46.500 I/mtkpower_client( 1317): ret_hdl:249385
09-20 12:37:46.500 I/mtkpower_client( 1317): perf_lock_acq, hdl:0, dur:0, num:12, tid:1317
09-20 12:37:46.501 I/libPowerHal( 1238): [perfLockAcq] idx:1 hdl:249385 hint:-1 pid:1317 duration:0 lock_user:fpsgo => ret_hdl:249385
09-20 12:37:46.501 I/libPowerHal( 1238): [PE] fpsgo update cmd:1404500 param:1
09-20 12:37:46.502 I/mtkpower_client( 1317): ret_hdl:249386
09-20 12:37:46.502 I/libPowerHal( 1238): cmdSetting - unknown cmd:1438500, scmd:(null) ,param_1:0
09-20 12:37:46.502 I/libPowerHal( 1238): cmdSetting - unknown cmd:1438800, scmd:(null) ,param_1:0
09-20 12:37:46.503 I/libPowerHal( 1238): [perfLockAcq] idx:2 hdl:249386 hint:-1 pid:1317 duration:0 lock_user:fpsgo => ret_hdl:249386
09-20 12:37:46.503 I/libPowerHal( 1238): [PE] fpsgo update cmd:1438300, param:0
09-20 12:37:46.503 I/libPowerHal( 1238): [PE] fpsgo update cmd:1438400, param:0
09-20 12:37:46.503 I/libPowerHal( 1238): [PE] fpsgo update cmd:1438600, param:0
09-20 12:37:46.504 I/libPowerHal( 1238): [PE] fpsgo update cmd:1438700, param:0
09-20 12:37:46.601 I/mtkpower_client( 1317): perf_lock_rel, hdl:249385, tid:1317
09-20 12:37:46.602 I/mtkpower_client( 1317): perf_lock_rel, hdl:249386, tid:1317
09-20 12:37:46.602 I/libPowerHal( 1238): [perfLockRel] hdl:249385, idx:1
09-20 12:37:46.603 I/libPowerHal( 1238): [PD] fpsgo update cmd:1404500 param:0
09-20 12:37:46.604 I/libPowerHal( 1238): [perfLockRel] hdl:249386, idx:2
09-20 12:37:46.604 I/libPowerHal( 1238): [PD] fpsgo update cmd:1438300, param:1000
09-20 12:37:46.604 I/libPowerHal( 1238): [PD] fpsgo update cmd:1438400, param:1000
09-20 12:37:46.604 I/libPowerHal( 1238): [PD] fpsgo update cmd:1438600 param:1000
09-20 12:37:46.605 I/libPowerHal( 1238): [PD] fpsgo update cmd:1438700 param:1000
09-20 12:37:46.973 I/libPowerHal( 1238): [updateFPS] pid(20774) : 90 => 60
09-20 12:37:46.973 I/libPowerHal( 1238): [perfNotifyAppState] pack:com.edudashpro, act:com.edudashpro.MainActivity, state:5, pid:20774, uid:10458, fps:60
09-20 12:37:46.973 E/UxUtility( 1238): notifyAppState error = NULL
09-20 12:37:47.703 I/libPowerHal( 1238): [perfLockAcq] idx:1 hdl:249387 hint:-1 pid:1221 duration:3000 lock_user:iawareperf@1.0- => ret_hdl:249387
09-20 12:37:47.767 I/libPowerHal( 1238): [perfLockRel] hdl:249387, idx:1
09-20 12:37:47.769 I/libPowerHal( 1238): [perfLockAcq] idx:1 hdl:249388 hint:-1 pid:1221 duration:80 lock_user:iawareperf@1.0- => ret_hdl:249388
09-20 12:37:47.771 I/libPowerHal( 1238): [perfLockAcq] idx:2 hdl:249389 hint:-1 pid:1221 duration:3000 lock_user:iawareperf@1.0- => ret_hdl:249389
09-20 12:37:47.772 I/libPowerHal( 1238): [perfLockAcq] idx:4 hdl:249390 hint:-1 pid:1221 duration:250 lock_user:iawareperf@1.0- => ret_hdl:249390
09-20 12:37:47.773 I/libPowerHal( 1238): [setGPUFreq] iawareperf@1.0- user set gpu freq min:2, max:-1
09-20 12:37:47.773 I/libPowerHal( 1238): iawareperf@1.0-: set gpu opp level max: 0
09-20 12:37:47.773 I/libPowerHal( 1238): [setGPUFreq] Soft min/max = (2, 0); Hard min/max = (2, 0)
09-20 12:37:47.773 I/libPowerHal( 1238): [setGPUFreq] final min/max = (2, 0)
09-20 12:37:47.773 I/libPowerHal( 1238): iawareperf@1.0-: set gpu opp level: 2
09-20 12:37:47.773 I/libPowerHal( 1238): iawareperf@1.0-: set gpu opp level max: 0
09-20 12:37:47.849 I/mtkpower@impl( 1238): [powerd_req] TIMER_MSG_PERF_LOCK_TIMEOUT hdl:249388
09-20 12:37:47.849 I/libPowerHal( 1238): [perfLockRel] hdl:249388, idx:1
09-20 12:37:47.959 I/mtkpower_client( 1317): perf_lock_acq, hdl:0, dur:0, num:2, tid:1317
09-20 12:37:47.960 I/mtkpower_client( 1317): ret_hdl:249391
09-20 12:37:47.960 I/mtkpower_client( 1317): perf_lock_acq, hdl:0, dur:0, num:12, tid:1317
09-20 12:37:47.962 I/libPowerHal( 1238): [perfLockAcq] idx:1 hdl:249391 hint:-1 pid:1317 duration:0 lock_user:fpsgo => ret_hdl:249391
09-20 12:37:47.962 I/libPowerHal( 1238): [PE] fpsgo update cmd:1404500 param:1
09-20 12:37:47.964 I/mtkpower_client( 1317): ret_hdl:249392
09-20 12:37:47.964 I/libPowerHal( 1238): cmdSetting - unknown cmd:1438500, scmd:(null) ,param_1:0
09-20 12:37:47.964 I/libPowerHal( 1238): cmdSetting - unknown cmd:1438800, scmd:(null) ,param_1:0
09-20 12:37:47.964 I/libPowerHal( 1238): [perfLockAcq] idx:7 hdl:249392 hint:-1 pid:1317 duration:0 lock_user:fpsgo => ret_hdl:249392
09-20 12:37:47.965 I/libPowerHal( 1238): [PE] fpsgo update cmd:1438300, param:0
09-20 12:37:47.965 I/libPowerHal( 1238): [PE] fpsgo update cmd:1438400, param:0
09-20 12:37:47.965 I/libPowerHal( 1238): [PE] fpsgo update cmd:1438600, param:0
09-20 12:37:47.966 I/libPowerHal( 1238): [PE] fpsgo update cmd:1438700, param:0
09-20 12:37:47.973 I/libPowerHal( 1238): [updateFPS] pid(20774) : 60 => -1
09-20 12:37:47.973 I/libPowerHal( 1238): [perfNotifyAppState] pack:com.edudashpro, act:com.edudashpro.MainActivity, state:5, pid:20774, uid:10458, fps:-1
09-20 12:37:47.974 E/UxUtility( 1238): notifyAppState error = NULL
09-20 12:37:48.023 I/mtkpower@impl( 1238): [powerd_req] TIMER_MSG_PERF_LOCK_TIMEOUT hdl:249390
09-20 12:37:48.024 I/libPowerHal( 1238): [perfLockRel] hdl:249390, idx:4
09-20 12:37:48.024 I/libPowerHal( 1238): [unsetGPUFreq] current min:2, max:0; scn_gpu_min:2, scn_gpu_max:-1; scn_gpu_min(HL):-1, scn_gpu_max(HL):-1
09-20 12:37:48.024 I/libPowerHal( 1238): [setGPUFreq] Soft min/max = (2, 0); Hard min/max = (2, 0)
09-20 12:37:48.024 I/libPowerHal( 1238): [setGPUFreq] final min/max = (2, 0)
09-20 12:37:48.024 I/libPowerHal( 1238): iawareperf@1.0-: set gpu opp level: 2
09-20 12:37:48.024 I/libPowerHal( 1238): iawareperf@1.0-: set gpu opp level max: 0
09-20 12:37:48.067 I/mtkpower_client( 1317): perf_lock_rel, hdl:249391, tid:1317
09-20 12:37:48.067 I/mtkpower_client( 1317): perf_lock_rel, hdl:249392, tid:1317
09-20 12:37:48.068 I/libPowerHal( 1238): [perfLockRel] hdl:249391, idx:1
09-20 12:37:48.069 I/libPowerHal( 1238): [PD] fpsgo update cmd:1404500 param:0
09-20 12:37:48.070 I/libPowerHal( 1238): [perfLockRel] hdl:249392, idx:7
09-20 12:37:48.070 I/libPowerHal( 1238): [PD] fpsgo update cmd:1438300, param:1000
09-20 12:37:48.070 I/libPowerHal( 1238): [PD] fpsgo update cmd:1438400, param:1000
09-20 12:37:48.070 I/libPowerHal( 1238): [PD] fpsgo update cmd:1438600 param:1000
09-20 12:37:48.070 I/libPowerHal( 1238): [PD] fpsgo update cmd:1438700 param:1000
09-20 12:37:48.095 I/mtkpower_client( 1317): perf_lock_acq, hdl:0, dur:0, num:2, tid:1317
09-20 12:37:48.100 I/mtkpower_client( 1317): ret_hdl:249393
09-20 12:37:48.101 I/mtkpower_client( 1317): perf_lock_acq, hdl:0, dur:0, num:12, tid:1317
09-20 12:37:48.102 I/libPowerHal( 1238): [perfLockAcq] idx:1 hdl:249393 hint:-1 pid:1317 duration:0 lock_user:fpsgo => ret_hdl:249393
09-20 12:37:48.102 I/libPowerHal( 1238): [PE] fpsgo update cmd:1404500 param:1
09-20 12:37:48.103 I/mtkpower_client( 1317): ret_hdl:249394
09-20 12:37:48.103 I/libPowerHal( 1238): cmdSetting - unknown cmd:1438500, scmd:(null) ,param_1:0
09-20 12:37:48.103 I/libPowerHal( 1238): cmdSetting - unknown cmd:1438800, scmd:(null) ,param_1:0
09-20 12:37:48.103 I/libPowerHal( 1238): [perfLockAcq] idx:4 hdl:249394 hint:-1 pid:1317 duration:0 lock_user:fpsgo => ret_hdl:249394
09-20 12:37:48.104 I/libPowerHal( 1238): [PE] fpsgo update cmd:1438300, param:0
09-20 12:37:48.104 I/libPowerHal( 1238): [PE] fpsgo update cmd:1438400, param:0
09-20 12:37:48.104 I/libPowerHal( 1238): [PE] fpsgo update cmd:1438600, param:0
09-20 12:37:48.104 I/libPowerHal( 1238): [PE] fpsgo update cmd:1438700, param:0
09-20 12:37:48.123 I/mtkpower_client( 1317): perf_lock_rel, hdl:249393, tid:1317
09-20 12:37:48.124 I/mtkpower_client( 1317): perf_lock_rel, hdl:249394, tid:1317
09-20 12:37:48.124 I/libPowerHal( 1238): [perfLockRel] hdl:249393, idx:1
09-20 12:37:48.126 I/libPowerHal( 1238): [PD] fpsgo update cmd:1404500 param:0
09-20 12:37:48.129 I/libPowerHal( 1238): [perfLockRel] hdl:249394, idx:4
09-20 12:37:48.129 I/libPowerHal( 1238): [PD] fpsgo update cmd:1438300, param:1000
09-20 12:37:48.130 I/libPowerHal( 1238): [PD] fpsgo update cmd:1438400, param:1000
09-20 12:37:48.130 I/libPowerHal( 1238): [PD] fpsgo update cmd:1438600 param:1000
09-20 12:37:48.130 I/libPowerHal( 1238): [PD] fpsgo update cmd:1438700 param:1000
09-20 12:37:48.281 I/libPowerHal( 1238): [perfLockAcq] idx:1 hdl:249395 hint:-1 pid:1221 duration:250 lock_user:iawareperf@1.0- => ret_hdl:249395
09-20 12:37:48.281 I/libPowerHal( 1238): [setGPUFreq] iawareperf@1.0- user set gpu freq min:2, max:-1
09-20 12:37:48.281 I/libPowerHal( 1238): iawareperf@1.0-: set gpu opp level max: 0
09-20 12:37:48.281 I/libPowerHal( 1238): [setGPUFreq] Soft min/max = (2, 0); Hard min/max = (2, 0)
09-20 12:37:48.281 I/libPowerHal( 1238): [setGPUFreq] final min/max = (2, 0)
09-20 12:37:48.281 I/libPowerHal( 1238): iawareperf@1.0-: set gpu opp level: 2
09-20 12:37:48.281 I/libPowerHal( 1238): iawareperf@1.0-: set gpu opp level max: 0
09-20 12:37:48.532 I/mtkpower@impl( 1238): [powerd_req] TIMER_MSG_PERF_LOCK_TIMEOUT hdl:249395
09-20 12:37:48.532 I/libPowerHal( 1238): [perfLockRel] hdl:249395, idx:1
09-20 12:37:48.533 I/libPowerHal( 1238): [unsetGPUFreq] current min:2, max:0; scn_gpu_min:2, scn_gpu_max:-1; scn_gpu_min(HL):-1, scn_gpu_max(HL):-1
09-20 12:37:48.533 I/libPowerHal( 1238): [setGPUFreq] Soft min/max = (2, 0); Hard min/max = (2, 0)
09-20 12:37:48.533 I/libPowerHal( 1238): [setGPUFreq] final min/max = (2, 0)
09-20 12:37:48.533 I/libPowerHal( 1238): iawareperf@1.0-: set gpu opp level: 2
09-20 12:37:48.533 I/libPowerHal( 1238): iawareperf@1.0-: set gpu opp level max: 0
09-20 12:37:48.973 I/libPowerHal( 1238): [updateFPS] pid(20774) : -1 => 60
09-20 12:37:48.974 I/libPowerHal( 1238): [perfNotifyAppState] pack:com.edudashpro, act:com.edudashpro.MainActivity, state:5, pid:20774, uid:10458, fps:60
09-20 12:37:48.974 E/UxUtility( 1238): notifyAppState error = NULL
09-20 12:37:49.197 I/libPowerHal( 1238): [perfLockAcq] idx:1 hdl:249396 hint:-1 pid:1221 duration:3000 lock_user:iawareperf@1.0- => ret_hdl:249396
09-20 12:37:49.246 I/libPowerHal( 1238): [perfLockRel] hdl:249396, idx:1
09-20 12:37:49.247 I/libPowerHal( 1238): [perfLockAcq] idx:4 hdl:249397 hint:-1 pid:1221 duration:80 lock_user:iawareperf@1.0- => ret_hdl:249397
09-20 12:37:49.249 I/libPowerHal( 1238): [perfLockAcq] idx:1 hdl:249398 hint:-1 pid:1221 duration:3000 lock_user:iawareperf@1.0- => ret_hdl:249398
09-20 12:37:49.250 I/libPowerHal( 1238): [perfLockAcq] idx:7 hdl:249399 hint:-1 pid:1221 duration:250 lock_user:iawareperf@1.0- => ret_hdl:249399
09-20 12:37:49.250 I/libPowerHal( 1238): [setGPUFreq] iawareperf@1.0- user set gpu freq min:2, max:-1
09-20 12:37:49.250 I/libPowerHal( 1238): iawareperf@1.0-: set gpu opp level max: 0
09-20 12:37:49.251 I/libPowerHal( 1238): [setGPUFreq] Soft min/max = (2, 0); Hard min/max = (2, 0)
09-20 12:37:49.251 I/libPowerHal( 1238): [setGPUFreq] final min/max = (2, 0)
09-20 12:37:49.251 I/libPowerHal( 1238): iawareperf@1.0-: set gpu opp level: 2
09-20 12:37:49.251 I/libPowerHal( 1238): iawareperf@1.0-: set gpu opp level max: 0
09-20 12:37:49.278 I/mtkpower_client( 1317): perf_lock_acq, hdl:0, dur:0, num:2, tid:1317
09-20 12:37:49.279 I/mtkpower_client( 1317): ret_hdl:249400
09-20 12:37:49.279 I/mtkpower_client( 1317): perf_lock_acq, hdl:0, dur:0, num:12, tid:1317
09-20 12:37:49.280 I/libPowerHal( 1238): [perfLockAcq] idx:8 hdl:249400 hint:-1 pid:1317 duration:0 lock_user:fpsgo => ret_hdl:249400
09-20 12:37:49.281 I/libPowerHal( 1238): [PE] fpsgo update cmd:1404500 param:1
09-20 12:37:49.282 I/mtkpower_client( 1317): ret_hdl:249401
09-20 12:37:49.282 I/libPowerHal( 1238): cmdSetting - unknown cmd:1438500, scmd:(null) ,param_1:0
09-20 12:37:49.282 I/libPowerHal( 1238): cmdSetting - unknown cmd:1438800, scmd:(null) ,param_1:0
09-20 12:37:49.282 I/libPowerHal( 1238): [perfLockAcq] idx:9 hdl:249401 hint:-1 pid:1317 duration:0 lock_user:fpsgo => ret_hdl:249401
09-20 12:37:49.282 I/libPowerHal( 1238): [PE] fpsgo update cmd:1438300, param:0
09-20 12:37:49.282 I/libPowerHal( 1238): [PE] fpsgo update cmd:1438400, param:0
09-20 12:37:49.283 I/libPowerHal( 1238): [PE] fpsgo update cmd:1438600, param:0
09-20 12:37:49.283 I/libPowerHal( 1238): [PE] fpsgo update cmd:1438700, param:0
09-20 12:37:49.283 I/mtkpower_client( 1317): perf_lock_rel, hdl:249400, tid:1317
09-20 12:37:49.285 I/mtkpower_client( 1317): perf_lock_rel, hdl:249401, tid:1317
09-20 12:37:49.285 I/libPowerHal( 1238): [perfLockRel] hdl:249400, idx:8
09-20 12:37:49.286 I/libPowerHal( 1238): [PD] fpsgo update cmd:1404500 param:0
09-20 12:37:49.288 I/libPowerHal( 1238): [perfLockRel] hdl:249401, idx:9
09-20 12:37:49.289 I/libPowerHal( 1238): [PD] fpsgo update cmd:1438300, param:1000
09-20 12:37:49.289 I/libPowerHal( 1238): [PD] fpsgo update cmd:1438400, param:1000
09-20 12:37:49.289 I/libPowerHal( 1238): [PD] fpsgo update cmd:1438600 param:1000
09-20 12:37:49.289 I/libPowerHal( 1238): [PD] fpsgo update cmd:1438700 param:1000
09-20 12:37:49.323 I/libPowerHal( 1238): cmdSetting - unknown cmd:1c3c000, scmd:(null) ,param_1:1
09-20 12:37:49.323 I/libPowerHal( 1238): [perfLockAcq] idx:8 hdl:249402 hint:-1 pid:1221 duration:7000 lock_user:iawareperf@1.0- => ret_hdl:249402
09-20 12:37:49.324 I/libPowerHal( 1238): [setGPUFreq] iawareperf@1.0- user set gpu freq min:2, max:-1
09-20 12:37:49.324 I/libPowerHal( 1238): iawareperf@1.0-: set gpu opp level max: 0
09-20 12:37:49.324 I/libPowerHal( 1238): [setGPUFreq] Soft min/max = (2, 0); Hard min/max = (2, 0)
09-20 12:37:49.324 I/libPowerHal( 1238): [setGPUFreq] final min/max = (2, 0)
09-20 12:37:49.324 I/libPowerHal( 1238): iawareperf@1.0-: set gpu opp level: 2
09-20 12:37:49.324 I/libPowerHal( 1238): iawareperf@1.0-: set gpu opp level max: 0
09-20 12:37:49.328 I/mtkpower@impl( 1238): [powerd_req] TIMER_MSG_PERF_LOCK_TIMEOUT hdl:249397
09-20 12:37:49.329 I/libPowerHal( 1238): [perfLockRel] hdl:249397, idx:4
09-20 12:37:49.337 I/mtkpower@impl( 1238): [setMode] type:5, enabled:1
09-20 12:37:49.339 I/mtkpower_client( 1630): [Legacy][PowerHal_Wrap_notifyAppState] com.edudashpro/com.edudashpro.MainActivity pid=20774 state:0
09-20 12:37:49.339 I/libPowerHal( 1238): [perfNotifyAppState] pack:com.edudashpro, act:com.edudashpro.MainActivity, state:0, pid:20774, uid:10458, fps:60
09-20 12:37:49.378 I/mtkpower_client( 1630): [Legacy][PowerHal_Wrap_notifyAppState] com.google.android.gms/com.google.android.gms.autofill.ui.AutofillTransparentActivity pid=20599 state:1
09-20 12:37:49.378 I/libPowerHal( 1238): [perfNotifyAppState] pack:com.google.android.gms, act:com.google.android.gms.autofill.ui.AutofillTransparentActivity, state:1, pid:20599, uid:10036, fps:60
09-20 12:37:49.382 I/libPowerHal( 1238): [perfNotifyAppState] foreground:com.google.android.gms, pid:20599, uid:10036
09-20 12:37:49.383 E/UxUtility( 1238): notifyAppState error = NULL
09-20 12:37:49.383 I/mtkpower@impl( 1238): [notifyAppState] pc:0, com.edudashpro => com.google.android.gms
09-20 12:37:49.389 I/mtkpower_client( 1630): [Legacy][PowerHal_Wrap_notifyAppState] com.edudashpro/com.edudashpro.MainActivity pid=20774 state:0
09-20 12:37:49.389 I/libPowerHal( 1238): [perfNotifyAppState] pack:com.edudashpro, act:com.edudashpro.MainActivity, state:0, pid:20774, uid:10458, fps:60
09-20 12:37:49.434 I/mtkpower_client( 1630): [Legacy][PowerHal_Wrap_notifyAppState] com.google.android.gms/com.google.android.gms.autofill.ui.AutofillTransparentActivity pid=20599 state:0
09-20 12:37:49.435 I/libPowerHal( 1238): [perfNotifyAppState] pack:com.google.android.gms, act:com.google.android.gms.autofill.ui.AutofillTransparentActivity, state:0, pid:20599, uid:10036, fps:60
09-20 12:37:49.469 I/libPowerHal( 1238): cmdSetting - unknown cmd:1c3c000, scmd:(null) ,param_1:1
09-20 12:37:49.469 I/libPowerHal( 1238): [perfLockAcq] idx:4 hdl:249403 hint:-1 pid:1221 duration:400 lock_user:iawareperf@1.0- => ret_hdl:249403
09-20 12:37:49.469 I/libPowerHal( 1238): [setGPUFreq] iawareperf@1.0- user set gpu freq min:2, max:-1
09-20 12:37:49.469 I/libPowerHal( 1238): iawareperf@1.0-: set gpu opp level max: 0
09-20 12:37:49.469 I/libPowerHal( 1238): [setGPUFreq] Soft min/max = (2, 0); Hard min/max = (2, 0)
09-20 12:37:49.469 I/libPowerHal( 1238): [setGPUFreq] final min/max = (2, 0)
09-20 12:37:49.469 I/libPowerHal( 1238): iawareperf@1.0-: set gpu opp level: 2
09-20 12:37:49.469 I/libPowerHal( 1238): iawareperf@1.0-: set gpu opp level max: 0
09-20 12:37:49.471 I/libPowerHal( 1238): cmdSetting - unknown cmd:1c3c000, scmd:(null) ,param_1:1
09-20 12:37:49.471 I/libPowerHal( 1238): [perfLockAcq] idx:9 hdl:249404 hint:-1 pid:1221 duration:400 lock_user:iawareperf@1.0- => ret_hdl:249404
09-20 12:37:49.471 I/libPowerHal( 1238): [setGPUFreq] iawareperf@1.0- user set gpu freq min:2, max:-1
09-20 12:37:49.471 I/libPowerHal( 1238): iawareperf@1.0-: set gpu opp level max: 0
09-20 12:37:49.471 I/libPowerHal( 1238): [setGPUFreq] Soft min/max = (2, 0); Hard min/max = (2, 0)
09-20 12:37:49.472 I/libPowerHal( 1238): [setGPUFreq] final min/max = (2, 0)
09-20 12:37:49.472 I/libPowerHal( 1238): iawareperf@1.0-: set gpu opp level: 2
09-20 12:37:49.472 I/libPowerHal( 1238): iawareperf@1.0-: set gpu opp level max: 0
09-20 12:37:49.475 I/mtkpower_client( 1630): [Legacy][PowerHal_Wrap_notifyAppState] com.edudashpro/com.edudashpro.MainActivity pid=20774 state:1
09-20 12:37:49.475 I/libPowerHal( 1238): [perfNotifyAppState] pack:com.edudashpro, act:com.edudashpro.MainActivity, state:1, pid:20774, uid:10458, fps:60
09-20 12:37:49.475 I/libPowerHal( 1238): [perfNotifyAppState] foreground:com.edudashpro, pid:20774, uid:10458
09-20 12:37:49.477 E/UxUtility( 1238): notifyAppState error = NULL
09-20 12:37:49.477 I/mtkpower@impl( 1238): [notifyAppState] pc:0, com.google.android.gms => com.edudashpro
09-20 12:37:49.499 I/mtkpower_client( 1630): [Legacy][PowerHal_Wrap_notifyAppState] com.google.android.gms/com.google.android.gms.autofill.ui.AutofillTransparentActivity pid=20599 state:0
09-20 12:37:49.499 I/libPowerHal( 1238): [perfNotifyAppState] pack:com.google.android.gms, act:com.google.android.gms.autofill.ui.AutofillTransparentActivity, state:0, pid:20599, uid:10036, fps:60
09-20 12:37:49.503 I/mtkpower@impl( 1238): [powerd_req] TIMER_MSG_PERF_LOCK_TIMEOUT hdl:249399
09-20 12:37:49.503 I/libPowerHal( 1238): [perfLockRel] hdl:249399, idx:7
09-20 12:37:49.503 I/libPowerHal( 1238): [unsetGPUFreq] current min:2, max:0; scn_gpu_min:2, scn_gpu_max:-1; scn_gpu_min(HL):-1, scn_gpu_max(HL):-1
09-20 12:37:49.503 I/libPowerHal( 1238): [setGPUFreq] Soft min/max = (2, 0); Hard min/max = (2, 0)
09-20 12:37:49.503 I/libPowerHal( 1238): [setGPUFreq] final min/max = (2, 0)
09-20 12:37:49.503 I/libPowerHal( 1238): iawareperf@1.0-: set gpu opp level: 2
09-20 12:37:49.504 I/libPowerHal( 1238): iawareperf@1.0-: set gpu opp level max: 0
09-20 12:37:49.539 I/libPowerHal( 1238): cmdSetting - unknown cmd:1c3c000, scmd:(null) ,param_1:1
09-20 12:37:49.539 I/libPowerHal( 1238): [perfLockAcq] idx:7 hdl:249405 hint:-1 pid:1221 duration:400 lock_user:iawareperf@1.0- => ret_hdl:249405
09-20 12:37:49.539 I/libPowerHal( 1238): [setGPUFreq] iawareperf@1.0- user set gpu freq min:2, max:-1
09-20 12:37:49.539 I/libPowerHal( 1238): iawareperf@1.0-: set gpu opp level max: 0
09-20 12:37:49.540 I/libPowerHal( 1238): [setGPUFreq] Soft min/max = (2, 0); Hard min/max = (2, 0)
09-20 12:37:49.541 I/libPowerHal( 1238): [setGPUFreq] final min/max = (2, 0)
09-20 12:37:49.541 I/libPowerHal( 1238): iawareperf@1.0-: set gpu opp level: 2
09-20 12:37:49.541 I/libPowerHal( 1238): iawareperf@1.0-: set gpu opp level max: 0
09-20 12:37:49.557 I/libPowerHal( 1238): cmdSetting - unknown cmd:1c3c000, scmd:(null) ,param_1:1
09-20 12:37:49.557 I/libPowerHal( 1238): [perfLockAcq] idx:10 hdl:249406 hint:-1 pid:1221 duration:400 lock_user:iawareperf@1.0- => ret_hdl:249406
09-20 12:37:49.557 I/libPowerHal( 1238): [setGPUFreq] iawareperf@1.0- user set gpu freq min:2, max:-1
09-20 12:37:49.557 I/libPowerHal( 1238): iawareperf@1.0-: set gpu opp level max: 0
09-20 12:37:49.558 I/libPowerHal( 1238): [setGPUFreq] Soft min/max = (2, 0); Hard min/max = (2, 0)
09-20 12:37:49.558 I/libPowerHal( 1238): [setGPUFreq] final min/max = (2, 0)
09-20 12:37:49.558 I/libPowerHal( 1238): iawareperf@1.0-: set gpu opp level: 2
09-20 12:37:49.558 I/libPowerHal( 1238): iawareperf@1.0-: set gpu opp level max: 0
09-20 12:37:49.611 I/mtkpower@impl( 1238): [setMode] type:5, enabled:0
09-20 12:37:49.870 I/mtkpower@impl( 1238): [powerd_req] TIMER_MSG_PERF_LOCK_TIMEOUT hdl:249403
09-20 12:37:49.870 I/libPowerHal( 1238): [perfLockRel] hdl:249403, idx:4
09-20 12:37:49.870 I/libPowerHal( 1238): [unsetGPUFreq] current min:2, max:0; scn_gpu_min:2, scn_gpu_max:-1; scn_gpu_min(HL):-1, scn_gpu_max(HL):-1
09-20 12:37:49.870 I/libPowerHal( 1238): [setGPUFreq] Soft min/max = (2, 0); Hard min/max = (2, 0)
09-20 12:37:49.871 I/libPowerHal( 1238): [setGPUFreq] final min/max = (2, 0)
09-20 12:37:49.871 I/libPowerHal( 1238): iawareperf@1.0-: set gpu opp level: 2
09-20 12:37:49.871 I/libPowerHal( 1238): iawareperf@1.0-: set gpu opp level max: 0
09-20 12:37:49.873 I/mtkpower@impl( 1238): [powerd_req] TIMER_MSG_PERF_LOCK_TIMEOUT hdl:249404
09-20 12:37:49.873 I/libPowerHal( 1238): [perfLockRel] hdl:249404, idx:9
09-20 12:37:49.873 I/libPowerHal( 1238): [unsetGPUFreq] current min:2, max:0; scn_gpu_min:2, scn_gpu_max:-1; scn_gpu_min(HL):-1, scn_gpu_max(HL):-1
09-20 12:37:49.873 I/libPowerHal( 1238): [setGPUFreq] Soft min/max = (2, 0); Hard min/max = (2, 0)
09-20 12:37:49.873 I/libPowerHal( 1238): [setGPUFreq] final min/max = (2, 0)
09-20 12:37:49.873 I/libPowerHal( 1238): iawareperf@1.0-: set gpu opp level: 2
09-20 12:37:49.874 I/libPowerHal( 1238): iawareperf@1.0-: set gpu opp level max: 0
09-20 12:37:49.941 I/mtkpower@impl( 1238): [powerd_req] TIMER_MSG_PERF_LOCK_TIMEOUT hdl:249405
09-20 12:37:49.942 I/libPowerHal( 1238): [perfLockRel] hdl:249405, idx:7
09-20 12:37:49.942 I/libPowerHal( 1238): [unsetGPUFreq] current min:2, max:0; scn_gpu_min:2, scn_gpu_max:-1; scn_gpu_min(HL):-1, scn_gpu_max(HL):-1
09-20 12:37:49.942 I/libPowerHal( 1238): [setGPUFreq] Soft min/max = (2, 0); Hard min/max = (2, 0)
09-20 12:37:49.942 I/libPowerHal( 1238): [setGPUFreq] final min/max = (2, 0)
09-20 12:37:49.942 I/libPowerHal( 1238): iawareperf@1.0-: set gpu opp level: 2
09-20 12:37:49.942 I/libPowerHal( 1238): iawareperf@1.0-: set gpu opp level max: 0
09-20 12:37:49.959 I/mtkpower@impl( 1238): [powerd_req] TIMER_MSG_PERF_LOCK_TIMEOUT hdl:249406
09-20 12:37:49.959 I/libPowerHal( 1238): [perfLockRel] hdl:249406, idx:10
