09-20 13:09:40.834 I/libPowerHal( 1238): [setGPUFreq] Soft min/max = (2, 0); Hard min/max = (2, 0)
09-20 13:09:40.834 I/libPowerHal( 1238): [setGPUFreq] final min/max = (2, 0)
09-20 13:09:40.834 I/libPowerHal( 1238): iawareperf@1.0-: set gpu opp level: 2
09-20 13:09:40.834 I/libPowerHal( 1238): iawareperf@1.0-: set gpu opp level max: 0
09-20 13:09:40.834 I/libPowerHal( 1238): [PD] iawareperf@1.0- update cmd:1408300 param:0
09-20 13:09:40.837 I/libPowerHal( 1238): [PD] iawareperf@1.0- update cmd:1000000 param:-1
09-20 13:09:40.837 I/libPowerHal( 1238): [unset_task_affinity] index:0 0x0, scn:0xb40000789200f5c0
09-20 13:09:40.837 E/libPowerHal( 1238): [unset_task_affinity] stat PATH_CURR_SCENE fail
09-20 13:09:40.837 I/libPowerHal( 1238): [PD] iawareperf@1.0- update ONESHOT cmd:10002000 param:0
09-20 13:09:40.850 I/mtkpower@impl( 1238): [setMode] type:5, enabled:0
09-20 13:09:40.851 I/mtkpower@impl( 1238): [setMode] type:6, enabled:0
09-20 13:09:40.851 E/mtkpower@impl( 1238): [setMode] unknown type
09-20 13:09:40.872 I/mtkpower_client( 1630): [Legacy][PowerHal_Wrap_notifyAppState] com.edudashpro/com.edudashpro.MainActivity pid=631 state:0
09-20 13:09:40.872 I/libPowerHal( 1238): [perfNotifyAppState] pack:com.edudashpro, act:com.edudashpro.MainActivity, state:0, pid:631, uid:10458, fps:60
09-20 13:09:41.113 I/libPowerHal( 1238): [perfLockAcq] idx:1 hdl:251126 hint:-1 pid:1221 duration:80 lock_user:iawareperf@1.0- => ret_hdl:251126
09-20 13:09:41.114 I/libPowerHal( 1238): [setClusterFreq] iawareperf@1.0-: sysfs_freq set cpu freq: 1617000 -1 1579000 -1
09-20 13:09:41.115 I/libPowerHal( 1238): [PE] iawareperf@1.0- update cmd:1408300, param:30
09-20 13:09:41.195 I/mtkpower@impl( 1238): [powerd_req] TIMER_MSG_PERF_LOCK_TIMEOUT hdl:251126
09-20 13:09:41.196 I/libPowerHal( 1238): [perfLockRel] hdl:251126, idx:1
09-20 13:09:41.196 I/libPowerHal( 1238): [setClusterFreq] iawareperf@1.0-: sysfs_freq set cpu freq: -1 -1 -1 -1
09-20 13:09:41.197 I/libPowerHal( 1238): [PD] iawareperf@1.0- update cmd:1408300 param:0
09-20 13:09:41.578 I/libPowerHal( 1238): [perfLockAcq] idx:1 hdl:251127 hint:-1 pid:1221 duration:3000 lock_user:iawareperf@1.0- => ret_hdl:251127
09-20 13:09:41.579 I/libPowerHal( 1238): [setClusterFreq] iawareperf@1.0-: sysfs_freq set cpu freq: 1617000 -1 1600000 -1
09-20 13:09:41.580 I/libPowerHal( 1238): [PE] iawareperf@1.0- update cmd:1408300, param:30
09-20 13:09:41.582 I/libPowerHal( 1238): [perfLockAcq] idx:2 hdl:251128 hint:-1 pid:1221 duration:80 lock_user:iawareperf@1.0- => ret_hdl:251128
09-20 13:09:41.628 I/libPowerHal( 1238): [perfLockAcq] idx:5 hdl:251129 hint:-1 pid:1221 duration:3000 lock_user:iawareperf@1.0- => ret_hdl:251129
09-20 13:09:41.628 I/libPowerHal( 1238): [setGPUFreq] iawareperf@1.0- user set gpu freq min:2, max:-1
09-20 13:09:41.628 I/libPowerHal( 1238): iawareperf@1.0-: set gpu opp level max: 0
09-20 13:09:41.628 I/libPowerHal( 1238): [setGPUFreq] Soft min/max = (2, 0); Hard min/max = (2, 0)
09-20 13:09:41.628 I/libPowerHal( 1238): [setGPUFreq] final min/max = (2, 0)
09-20 13:09:41.628 I/libPowerHal( 1238): iawareperf@1.0-: set gpu opp level: 2
09-20 13:09:41.628 I/libPowerHal( 1238): iawareperf@1.0-: set gpu opp level max: 0
09-20 13:09:41.629 I/libPowerHal( 1238): [setClusterFreq] iawareperf@1.0-: sysfs_freq set cpu freq: 2200000 -1 1600000 -1
09-20 13:09:41.629 I/libPowerHal( 1238): [PE] iawareperf@1.0- update cmd:1000000 param:0
09-20 13:09:41.646 I/mtkpower_client( 1317): perf_lock_acq, hdl:0, dur:0, num:2, tid:1317
09-20 13:09:41.647 I/mtkpower_client( 1317): ret_hdl:251130
09-20 13:09:41.647 I/mtkpower_client( 1317): perf_lock_acq, hdl:0, dur:0, num:12, tid:1317
09-20 13:09:41.648 I/mtkpower_client( 1317): ret_hdl:251131
09-20 13:09:41.648 I/libPowerHal( 1238): [perfLockAcq] idx:7 hdl:251130 hint:-1 pid:1317 duration:0 lock_user:fpsgo => ret_hdl:251130
09-20 13:09:41.648 I/libPowerHal( 1238): [PE] fpsgo update cmd:1404500 param:1
09-20 13:09:41.649 I/libPowerHal( 1238): cmdSetting - unknown cmd:1438500, scmd:(null) ,param_1:0
09-20 13:09:41.649 I/libPowerHal( 1238): cmdSetting - unknown cmd:1438800, scmd:(null) ,param_1:0
09-20 13:09:41.650 I/libPowerHal( 1238): [perfLockAcq] idx:8 hdl:251131 hint:-1 pid:1317 duration:0 lock_user:fpsgo => ret_hdl:251131
09-20 13:09:41.650 I/libPowerHal( 1238): [PE] fpsgo update cmd:1438300, param:0
09-20 13:09:41.650 I/libPowerHal( 1238): [PE] fpsgo update cmd:1438400, param:0
09-20 13:09:41.650 I/libPowerHal( 1238): [PE] fpsgo update cmd:1438600, param:0
09-20 13:09:41.651 I/libPowerHal( 1238): [PE] fpsgo update cmd:1438700, param:0
09-20 13:09:41.662 I/mtkpower_client( 1317): perf_lock_rel, hdl:251130, tid:1317
09-20 13:09:41.662 I/mtkpower@impl( 1238): [powerd_req] TIMER_MSG_PERF_LOCK_TIMEOUT hdl:251128
09-20 13:09:41.662 I/libPowerHal( 1238): [perfLockRel] hdl:251128, idx:2
09-20 13:09:41.663 I/mtkpower_client( 1317): perf_lock_rel, hdl:251131, tid:1317
09-20 13:09:41.663 I/libPowerHal( 1238): [perfLockRel] hdl:251130, idx:7
09-20 13:09:41.664 I/libPowerHal( 1238): [PD] fpsgo update cmd:1404500 param:0
09-20 13:09:41.665 I/libPowerHal( 1238): [perfLockRel] hdl:251131, idx:8
09-20 13:09:41.665 I/libPowerHal( 1238): [PD] fpsgo update cmd:1438300, param:1000
09-20 13:09:41.665 I/libPowerHal( 1238): [PD] fpsgo update cmd:1438400, param:1000
09-20 13:09:41.666 I/libPowerHal( 1238): [PD] fpsgo update cmd:1438600 param:1000
09-20 13:09:41.666 I/libPowerHal( 1238): [PD] fpsgo update cmd:1438700 param:1000
09-20 13:09:41.697 I/libPowerHal( 1238): [perfLockRel] hdl:251127, idx:1
09-20 13:09:41.698 I/libPowerHal( 1238): [perfLockAcq] idx:2 hdl:251132 hint:-1 pid:1221 duration:80 lock_user:iawareperf@1.0- => ret_hdl:251132
09-20 13:09:41.699 I/libPowerHal( 1238): [perfLockAcq] idx:1 hdl:251133 hint:-1 pid:1221 duration:3000 lock_user:iawareperf@1.0- => ret_hdl:251133
09-20 13:09:41.779 I/mtkpower@impl( 1238): [powerd_req] TIMER_MSG_PERF_LOCK_TIMEOUT hdl:251132
09-20 13:09:41.779 I/libPowerHal( 1238): [perfLockRel] hdl:251132, idx:2
09-20 13:09:42.026 I/mtkpower_client( 1630): [Legacy][PowerHal_Wrap_notifyAppState] com.edudashpro/com.edudashpro pid=631 state:3
09-20 13:09:42.027 I/libPowerHal( 1238): [perfNotifyAppState] pack:com.edudashpro, act:com.edudashpro, state:3, pid:631, uid:10458, fps:60
09-20 13:09:42.027 I/libPowerHal( 1238): [perfNotifyAppState] pack:com.edudashpro, pid:631, STATE_DEAD
09-20 13:09:43.020 I/libPowerHal( 1238): [perfLockRel] hdl:251129, idx:5
09-20 13:09:43.021 I/libPowerHal( 1238): [setClusterFreq] iawareperf@1.0-: sysfs_freq set cpu freq: -1 -1 -1 -1
09-20 13:09:43.021 I/libPowerHal( 1238): [unsetGPUFreq] current min:2, max:0; scn_gpu_min:2, scn_gpu_max:-1; scn_gpu_min(HL):-1, scn_gpu_max(HL):-1
09-20 13:09:43.021 I/libPowerHal( 1238): [setGPUFreq] Soft min/max = (2, 0); Hard min/max = (2, 0)
09-20 13:09:43.021 I/libPowerHal( 1238): [setGPUFreq] final min/max = (2, 0)
09-20 13:09:43.021 I/libPowerHal( 1238): iawareperf@1.0-: set gpu opp level: 2
09-20 13:09:43.021 I/libPowerHal( 1238): iawareperf@1.0-: set gpu opp level max: 0
09-20 13:09:43.022 I/libPowerHal( 1238): [PD] iawareperf@1.0- update cmd:1408300 param:0
09-20 13:09:43.025 I/libPowerHal( 1238): [PD] iawareperf@1.0- update cmd:1000000 param:-1
09-20 13:09:43.193 I/libPowerHal( 1238): [updateFPS] pid(3121) : 60 => -1
09-20 13:09:43.194 I/libPowerHal( 1238): [perfNotifyAppState] pack:com.hihonor.android.launcher, act:com.hihonor.android.launcher.unihome.UniHomeLauncher, state:5, pid:3121, uid:10094, fps:-1
09-20 13:09:43.195 E/UxUtility( 1238): notifyAppState error = NULL
09-20 13:09:43.408 I/mtkpower@impl( 1238): [powerd_req] TIMER_MSG_PERF_LOCK_TIMEOUT hdl:251124
09-20 13:09:43.408 I/libPowerHal( 1238): [perfLockRel] hdl:251124, idx:4
09-20 13:09:44.701 I/mtkpower@impl( 1238): [powerd_req] TIMER_MSG_PERF_LOCK_TIMEOUT hdl:251133
09-20 13:09:44.701 I/libPowerHal( 1238): [perfLockRel] hdl:251133, idx:1
09-20 13:09:44.702 I/libPowerHal( 1238): [setClusterFreq] iawareperf@1.0-: sysfs_freq set cpu freq: -1 2015000 -1 -1
09-20 13:10:05.598 I/mtkpower_client( 1317): perf_lock_acq, hdl:0, dur:0, num:2, tid:1317
09-20 13:10:05.600 I/mtkpower_client( 1317): ret_hdl:251134
09-20 13:10:05.601 I/mtkpower_client( 1317): perf_lock_acq, hdl:0, dur:0, num:12, tid:1317
09-20 13:10:05.601 I/libPowerHal( 1238): [perfLockAcq] idx:1 hdl:251134 hint:-1 pid:1317 duration:0 lock_user:fpsgo => ret_hdl:251134
09-20 13:10:05.602 I/libPowerHal( 1238): [PE] fpsgo update cmd:1404500 param:1
09-20 13:10:05.604 I/libPowerHal( 1238): cmdSetting - unknown cmd:1438500, scmd:(null) ,param_1:0
09-20 13:10:05.604 I/mtkpower_client( 1317): ret_hdl:251135
09-20 13:10:05.605 I/libPowerHal( 1238): cmdSetting - unknown cmd:1438800, scmd:(null) ,param_1:0
09-20 13:10:05.605 I/libPowerHal( 1238): [perfLockAcq] idx:2 hdl:251135 hint:-1 pid:1317 duration:0 lock_user:fpsgo => ret_hdl:251135
09-20 13:10:05.606 I/libPowerHal( 1238): [PE] fpsgo update cmd:1438300, param:0
09-20 13:10:05.606 I/libPowerHal( 1238): [PE] fpsgo update cmd:1438400, param:0
09-20 13:10:05.607 I/libPowerHal( 1238): [PE] fpsgo update cmd:1438600, param:0
09-20 13:10:05.607 I/libPowerHal( 1238): [PE] fpsgo update cmd:1438700, param:0
09-20 13:10:05.695 I/mtkpower_client( 1317): perf_lock_rel, hdl:251134, tid:1317
09-20 13:10:05.697 I/mtkpower_client( 1317): perf_lock_rel, hdl:251135, tid:1317
09-20 13:10:05.697 I/libPowerHal( 1238): [perfLockRel] hdl:251134, idx:1
09-20 13:10:05.699 I/libPowerHal( 1238): [PD] fpsgo update cmd:1404500 param:0
09-20 13:10:05.701 I/libPowerHal( 1238): [perfLockRel] hdl:251135, idx:2
09-20 13:10:05.702 I/libPowerHal( 1238): [PD] fpsgo update cmd:1438300, param:1000
09-20 13:10:05.703 I/libPowerHal( 1238): [PD] fpsgo update cmd:1438400, param:1000
09-20 13:10:05.703 I/libPowerHal( 1238): [PD] fpsgo update cmd:1438600 param:1000
09-20 13:10:05.704 I/libPowerHal( 1238): [PD] fpsgo update cmd:1438700 param:1000
09-20 13:10:30.669 I/libPowerHal( 1238): [perfLockAcq] idx:1 hdl:251136 hint:-1 pid:1221 duration:3000 lock_user:iawareperf@1.0- => ret_hdl:251136
09-20 13:10:30.671 I/libPowerHal( 1238): [setClusterFreq] iawareperf@1.0-: sysfs_freq set cpu freq: 1617000 -1 1600000 -1
09-20 13:10:30.672 I/libPowerHal( 1238): [PE] iawareperf@1.0- update cmd:1408300, param:30
09-20 13:10:30.675 I/libPowerHal( 1238): [perfLockAcq] idx:2 hdl:251137 hint:-1 pid:1221 duration:80 lock_user:iawareperf@1.0- => ret_hdl:251137
09-20 13:10:30.711 I/libPowerHal( 1238): [perfLockRel] hdl:251136, idx:1
09-20 13:10:30.715 I/libPowerHal( 1238): [setClusterFreq] iawareperf@1.0-: sysfs_freq set cpu freq: 1617000 -1 1579000 -1
09-20 13:10:30.717 I/libPowerHal( 1238): [perfLockAcq] idx:4 hdl:251138 hint:-1 pid:1221 duration:80 lock_user:iawareperf@1.0- => ret_hdl:251138
09-20 13:10:30.718 I/libPowerHal( 1238): [perfLockAcq] idx:1 hdl:251139 hint:-1 pid:1221 duration:3000 lock_user:iawareperf@1.0- => ret_hdl:251139
09-20 13:10:30.721 I/libPowerHal( 1238): cmdSetting - unknown cmd:1c3c000, scmd:(null) ,param_1:1
09-20 13:10:30.721 I/libPowerHal( 1238): [perfLockAcq] idx:5 hdl:251140 hint:-1 pid:1221 duration:7000 lock_user:iawareperf@1.0- => ret_hdl:251140
09-20 13:10:30.721 I/libPowerHal( 1238): [setGPUFreq] iawareperf@1.0- user set gpu freq min:2, max:-1
09-20 13:10:30.721 I/libPowerHal( 1238): iawareperf@1.0-: set gpu opp level max: 0
09-20 13:10:30.722 I/libPowerHal( 1238): [setGPUFreq] Soft min/max = (2, 0); Hard min/max = (2, 0)
09-20 13:10:30.722 I/libPowerHal( 1238): [setGPUFreq] final min/max = (2, 0)
09-20 13:10:30.722 I/libPowerHal( 1238): iawareperf@1.0-: set gpu opp level: 2
09-20 13:10:30.722 I/libPowerHal( 1238): iawareperf@1.0-: set gpu opp level max: 0
09-20 13:10:30.723 I/libPowerHal( 1238): [setClusterFreq] iawareperf@1.0-: sysfs_freq set cpu freq: 2200000 -1 1600000 -1
09-20 13:10:30.725 I/libPowerHal( 1238): [PE] iawareperf@1.0- update cmd:1408300, param:50
09-20 13:10:30.725 I/libPowerHal( 1238): [PE] iawareperf@1.0- update cmd:1000000 param:1
09-20 13:10:30.725 I/libPowerHal( 1238): [set_task_affinity] index:0 0x0, scn:0xb4000078920123e0
09-20 13:10:30.725 E/libPowerHal( 1238): [set_task_affinity] stat PATH_CURR_SCENE fail
09-20 13:10:30.725 I/libPowerHal( 1238): [PE] iawareperf@1.0- update cmd:10002000 param:0
09-20 13:10:30.746 I/mtkpower_client( 1630): [Legacy][PowerHal_Wrap_notifyAppState] com.hihonor.android.launcher/com.hihonor.android.launcher.unihome.UniHomeLauncher pid=3121 state:0
09-20 13:10:30.746 I/libPowerHal( 1238): [perfNotifyAppState] pack:com.hihonor.android.launcher, act:com.hihonor.android.launcher.unihome.UniHomeLauncher, state:0, pid:3121, uid:10094, fps:-1
09-20 13:10:30.748 I/mtkpower@impl( 1238): [setMode] type:5, enabled:1
09-20 13:10:30.756 I/mtkpower@impl( 1238): [powerd_req] TIMER_MSG_PERF_LOCK_TIMEOUT hdl:251137
09-20 13:10:30.756 I/libPowerHal( 1238): [perfLockRel] hdl:251137, idx:2
09-20 13:10:30.798 I/mtkpower@impl( 1238): [powerd_req] TIMER_MSG_PERF_LOCK_TIMEOUT hdl:251138
09-20 13:10:30.798 I/libPowerHal( 1238): [perfLockRel] hdl:251138, idx:4
09-20 13:10:30.808 I/libPowerHal( 1238): [perfLockAcq] idx:2 hdl:251141 hint:-1 pid:1221 duration:250 lock_user:iawareperf@1.0- => ret_hdl:251141
09-20 13:10:30.808 I/libPowerHal( 1238): [setGPUFreq] iawareperf@1.0- user set gpu freq min:2, max:-1
09-20 13:10:30.808 I/libPowerHal( 1238): iawareperf@1.0-: set gpu opp level max: 0
09-20 13:10:30.809 I/libPowerHal( 1238): [setGPUFreq] Soft min/max = (2, 0); Hard min/max = (2, 0)
09-20 13:10:30.809 I/libPowerHal( 1238): [setGPUFreq] final min/max = (2, 0)
09-20 13:10:30.809 I/libPowerHal( 1238): iawareperf@1.0-: set gpu opp level: 2
09-20 13:10:30.809 I/libPowerHal( 1238): iawareperf@1.0-: set gpu opp level max: 0
09-20 13:10:30.820 I/libPowerHal( 1238): [perfLockAcq] idx:4 hdl:251142 hint:-1 pid:1221 duration:250 lock_user:iawareperf@1.0- => ret_hdl:251142
09-20 13:10:30.821 I/libPowerHal( 1238): [setGPUFreq] iawareperf@1.0- user set gpu freq min:2, max:-1
09-20 13:10:30.821 I/libPowerHal( 1238): iawareperf@1.0-: set gpu opp level max: 0
09-20 13:10:30.821 I/libPowerHal( 1238): [setGPUFreq] Soft min/max = (2, 0); Hard min/max = (2, 0)
09-20 13:10:30.821 I/libPowerHal( 1238): [setGPUFreq] final min/max = (2, 0)
09-20 13:10:30.821 I/libPowerHal( 1238): iawareperf@1.0-: set gpu opp level: 2
09-20 13:10:30.822 I/libPowerHal( 1238): iawareperf@1.0-: set gpu opp level max: 0
09-20 13:10:30.829 I/mtkpower_client( 1317): perf_lock_acq, hdl:0, dur:0, num:2, tid:1317
09-20 13:10:30.830 I/mtkpower_client( 1317): ret_hdl:251143
09-20 13:10:30.830 I/mtkpower_client( 1317): perf_lock_acq, hdl:0, dur:0, num:12, tid:1317
09-20 13:10:30.830 I/libPowerHal( 1238): [perfLockAcq] idx:7 hdl:251143 hint:-1 pid:1317 duration:0 lock_user:fpsgo => ret_hdl:251143
09-20 13:10:30.831 I/libPowerHal( 1238): [PE] fpsgo update cmd:1404500 param:1
09-20 13:10:30.831 I/mtkpower_client( 1630): [Legacy][PowerHal_Wrap_notifyAppState] com.edudashpro/com.edudashpro.MainActivity pid=1126 state:1
09-20 13:10:30.831 I/libPowerHal( 1238): cmdSetting - unknown cmd:1438500, scmd:(null) ,param_1:0
09-20 13:10:30.831 I/libPowerHal( 1238): cmdSetting - unknown cmd:1438800, scmd:(null) ,param_1:0
09-20 13:10:30.832 I/libPowerHal( 1238): [perfLockAcq] idx:8 hdl:251144 hint:-1 pid:1317 duration:0 lock_user:fpsgo => ret_hdl:251144
09-20 13:10:30.832 I/libPowerHal( 1238): [PE] fpsgo update cmd:1438300, param:0
09-20 13:10:30.832 I/libPowerHal( 1238): [PE] fpsgo update cmd:1438400, param:0
09-20 13:10:30.832 I/libPowerHal( 1238): [PE] fpsgo update cmd:1438600, param:0
09-20 13:10:30.832 I/libPowerHal( 1238): [PE] fpsgo update cmd:1438700, param:0
09-20 13:10:30.833 I/mtkpower_client( 1317): ret_hdl:251144
09-20 13:10:30.834 I/libPowerHal( 1238): [perfNotifyAppState] pack:com.edudashpro, act:com.edudashpro.MainActivity, state:1, pid:1126, uid:10458, fps:-1
09-20 13:10:30.834 I/libPowerHal( 1238): [perfNotifyAppState] foreground:com.edudashpro, pid:1126, uid:10458
09-20 13:10:30.835 E/UxUtility( 1238): notifyAppState error = NULL
09-20 13:10:30.837 I/mtkpower@impl( 1238): [notifyAppState] pc:0, com.hihonor.android.launcher => com.edudashpro
09-20 13:10:30.849 I/mtkpower@impl( 1238): [setMode] type:6, enabled:1
09-20 13:10:30.853 E/mtkpower@impl( 1238): [setMode] unknown type
09-20 13:10:30.867 I/mtkpower_client( 1317): perf_lock_rel, hdl:251143, tid:1317
09-20 13:10:30.871 I/mtkpower_client( 1317): perf_lock_rel, hdl:251144, tid:1317
09-20 13:10:30.872 I/libPowerHal( 1238): [perfLockRel] hdl:251143, idx:7
09-20 13:10:30.873 I/libPowerHal( 1238): [PD] fpsgo update cmd:1404500 param:0
09-20 13:10:30.880 I/libPowerHal( 1238): [perfLockRel] hdl:251144, idx:8
09-20 13:10:30.880 I/libPowerHal( 1238): [PD] fpsgo update cmd:1438300, param:1000
09-20 13:10:30.880 I/libPowerHal( 1238): [PD] fpsgo update cmd:1438400, param:1000
09-20 13:10:30.880 I/libPowerHal( 1238): [PD] fpsgo update cmd:1438600 param:1000
09-20 13:10:30.880 I/libPowerHal( 1238): [PD] fpsgo update cmd:1438700 param:1000
09-20 13:10:31.060 I/mtkpower@impl( 1238): [powerd_req] TIMER_MSG_PERF_LOCK_TIMEOUT hdl:251141
09-20 13:10:31.060 I/libPowerHal( 1238): [perfLockRel] hdl:251141, idx:2
09-20 13:10:31.060 I/libPowerHal( 1238): [unsetGPUFreq] current min:2, max:0; scn_gpu_min:2, scn_gpu_max:-1; scn_gpu_min(HL):-1, scn_gpu_max(HL):-1
09-20 13:10:31.060 I/libPowerHal( 1238): [setGPUFreq] Soft min/max = (2, 0); Hard min/max = (2, 0)
09-20 13:10:31.060 I/libPowerHal( 1238): [setGPUFreq] final min/max = (2, 0)
09-20 13:10:31.060 I/libPowerHal( 1238): iawareperf@1.0-: set gpu opp level: 2
09-20 13:10:31.061 I/libPowerHal( 1238): iawareperf@1.0-: set gpu opp level max: 0
09-20 13:10:31.073 I/mtkpower@impl( 1238): [powerd_req] TIMER_MSG_PERF_LOCK_TIMEOUT hdl:251142
09-20 13:10:31.073 I/libPowerHal( 1238): [perfLockRel] hdl:251142, idx:4
09-20 13:10:31.073 I/libPowerHal( 1238): [unsetGPUFreq] current min:2, max:0; scn_gpu_min:2, scn_gpu_max:-1; scn_gpu_min(HL):-1, scn_gpu_max(HL):-1
09-20 13:10:31.073 I/libPowerHal( 1238): [setGPUFreq] Soft min/max = (2, 0); Hard min/max = (2, 0)
09-20 13:10:31.074 I/libPowerHal( 1238): [setGPUFreq] final min/max = (2, 0)
09-20 13:10:31.074 I/libPowerHal( 1238): iawareperf@1.0-: set gpu opp level: 2
09-20 13:10:31.074 I/libPowerHal( 1238): iawareperf@1.0-: set gpu opp level max: 0
09-20 13:10:31.150 I/mtkpower@impl( 1238): [setMode] type:6, enabled:0
09-20 13:10:31.151 E/mtkpower@impl( 1238): [setMode] unknown type
09-20 13:10:31.359 I/libPowerHal( 1238): cmdSetting - unknown cmd:1c3c000, scmd:(null) ,param_1:1
09-20 13:10:31.359 I/libPowerHal( 1238): [perfLockAcq] idx:2 hdl:251145 hint:-1 pid:1221 duration:400 lock_user:iawareperf@1.0- => ret_hdl:251145
09-20 13:10:31.359 I/libPowerHal( 1238): [setGPUFreq] iawareperf@1.0- user set gpu freq min:2, max:-1
09-20 13:10:31.359 I/libPowerHal( 1238): iawareperf@1.0-: set gpu opp level max: 0
09-20 13:10:31.359 I/libPowerHal( 1238): [setGPUFreq] Soft min/max = (2, 0); Hard min/max = (2, 0)
09-20 13:10:31.359 I/libPowerHal( 1238): [setGPUFreq] final min/max = (2, 0)
09-20 13:10:31.359 I/libPowerHal( 1238): iawareperf@1.0-: set gpu opp level: 2
09-20 13:10:31.360 I/libPowerHal( 1238): iawareperf@1.0-: set gpu opp level max: 0
09-20 13:10:31.522 I/mtkpower@impl( 1238): [setMode] type:5, enabled:0
09-20 13:10:31.525 I/mtkpower_client( 1630): [Legacy][PowerHal_Wrap_notifyAppState] com.hihonor.android.launcher/com.hihonor.android.launcher.unihome.UniHomeLauncher pid=3121 state:0
09-20 13:10:31.526 I/libPowerHal( 1238): [perfNotifyAppState] pack:com.hihonor.android.launcher, act:com.hihonor.android.launcher.unihome.UniHomeLauncher, state:0, pid:3121, uid:10094, fps:-1
09-20 13:10:31.541 I/libPowerHal( 1238): [perfLockAcq] idx:4 hdl:251146 hint:-1 pid:1221 duration:250 lock_user:iawareperf@1.0- => ret_hdl:251146
09-20 13:10:31.541 I/libPowerHal( 1238): [setGPUFreq] iawareperf@1.0- user set gpu freq min:2, max:-1
09-20 13:10:31.541 I/libPowerHal( 1238): iawareperf@1.0-: set gpu opp level max: 0
09-20 13:10:31.541 I/libPowerHal( 1238): [setGPUFreq] Soft min/max = (2, 0); Hard min/max = (2, 0)
09-20 13:10:31.541 I/libPowerHal( 1238): [setGPUFreq] final min/max = (2, 0)
09-20 13:10:31.541 I/libPowerHal( 1238): iawareperf@1.0-: set gpu opp level: 2
09-20 13:10:31.542 I/libPowerHal( 1238): iawareperf@1.0-: set gpu opp level max: 0
09-20 13:10:31.611 I/mtkpower_client( 1317): perf_lock_acq, hdl:0, dur:0, num:2, tid:1317
09-20 13:10:31.619 I/mtkpower_client( 1317): ret_hdl:251147
09-20 13:10:31.619 I/mtkpower_client( 1317): perf_lock_acq, hdl:0, dur:0, num:12, tid:1317
09-20 13:10:31.620 I/libPowerHal( 1238): [perfLockAcq] idx:7 hdl:251147 hint:-1 pid:1317 duration:0 lock_user:fpsgo => ret_hdl:251147
09-20 13:10:31.620 I/libPowerHal( 1238): [PE] fpsgo update cmd:1404500 param:1
09-20 13:10:31.622 I/mtkpower_client( 1317): ret_hdl:251148
09-20 13:10:31.622 I/mtkpower_client( 1317): perf_lock_rel, hdl:251147, tid:1317
09-20 13:10:31.623 I/libPowerHal( 1238): cmdSetting - unknown cmd:1438500, scmd:(null) ,param_1:0
09-20 13:10:31.623 I/libPowerHal( 1238): cmdSetting - unknown cmd:1438800, scmd:(null) ,param_1:0
09-20 13:10:31.623 I/libPowerHal( 1238): [perfLockAcq] idx:8 hdl:251148 hint:-1 pid:1317 duration:0 lock_user:fpsgo => ret_hdl:251148
09-20 13:10:31.623 I/libPowerHal( 1238): [PE] fpsgo update cmd:1438300, param:0
09-20 13:10:31.623 I/libPowerHal( 1238): [PE] fpsgo update cmd:1438400, param:0
09-20 13:10:31.623 I/libPowerHal( 1238): [PE] fpsgo update cmd:1438600, param:0
09-20 13:10:31.623 I/libPowerHal( 1238): [PE] fpsgo update cmd:1438700, param:0
09-20 13:10:31.625 I/mtkpower_client( 1317): perf_lock_rel, hdl:251148, tid:1317
09-20 13:10:31.625 I/libPowerHal( 1238): [perfLockRel] hdl:251147, idx:7
09-20 13:10:31.625 I/libPowerHal( 1238): [PD] fpsgo update cmd:1404500 param:0
09-20 13:10:31.629 I/libPowerHal( 1238): [perfLockRel] hdl:251148, idx:8
09-20 13:10:31.629 I/libPowerHal( 1238): [PD] fpsgo update cmd:1438300, param:1000
09-20 13:10:31.629 I/libPowerHal( 1238): [PD] fpsgo update cmd:1438400, param:1000
09-20 13:10:31.629 I/libPowerHal( 1238): [PD] fpsgo update cmd:1438600 param:1000
09-20 13:10:31.629 I/libPowerHal( 1238): [PD] fpsgo update cmd:1438700 param:1000
09-20 13:10:31.662 I/mtkpower_client( 1630): [Legacy][PowerHal_Wrap_notifyAppState] com.google.android.tts/com.google.android.tts pid=388 state:3
09-20 13:10:31.665 I/libPowerHal( 1238): [perfNotifyAppState] pack:com.google.android.tts, act:com.google.android.tts, state:3, pid:388, uid:10132, fps:-1
09-20 13:10:31.665 I/libPowerHal( 1238): [perfNotifyAppState] pack:com.google.android.tts, pid:388, STATE_DEAD
09-20 13:10:31.760 I/mtkpower@impl( 1238): [powerd_req] TIMER_MSG_PERF_LOCK_TIMEOUT hdl:251145
09-20 13:10:31.761 I/libPowerHal( 1238): [perfLockRel] hdl:251145, idx:2
09-20 13:10:31.761 I/libPowerHal( 1238): [unsetGPUFreq] current min:2, max:0; scn_gpu_min:2, scn_gpu_max:-1; scn_gpu_min(HL):-1, scn_gpu_max(HL):-1
09-20 13:10:31.761 I/libPowerHal( 1238): [setGPUFreq] Soft min/max = (2, 0); Hard min/max = (2, 0)
09-20 13:10:31.761 I/libPowerHal( 1238): [setGPUFreq] final min/max = (2, 0)
09-20 13:10:31.761 I/libPowerHal( 1238): iawareperf@1.0-: set gpu opp level: 2
09-20 13:10:31.762 I/libPowerHal( 1238): iawareperf@1.0-: set gpu opp level max: 0
09-20 13:10:31.793 I/mtkpower@impl( 1238): [powerd_req] TIMER_MSG_PERF_LOCK_TIMEOUT hdl:251146
09-20 13:10:31.793 I/libPowerHal( 1238): [perfLockRel] hdl:251146, idx:4
09-20 13:10:31.793 I/libPowerHal( 1238): [unsetGPUFreq] current min:2, max:0; scn_gpu_min:2, scn_gpu_max:-1; scn_gpu_min(HL):-1, scn_gpu_max(HL):-1
09-20 13:10:31.793 I/libPowerHal( 1238): [setGPUFreq] Soft min/max = (2, 0); Hard min/max = (2, 0)
09-20 13:10:31.793 I/libPowerHal( 1238): [setGPUFreq] final min/max = (2, 0)
09-20 13:10:31.793 I/libPowerHal( 1238): iawareperf@1.0-: set gpu opp level: 2
09-20 13:10:31.793 I/libPowerHal( 1238): iawareperf@1.0-: set gpu opp level max: 0
09-20 13:10:31.809 I/mtkpower_client( 1317): perf_lock_acq, hdl:0, dur:0, num:2, tid:1317
09-20 13:10:31.811 I/mtkpower_client( 1317): ret_hdl:251149
09-20 13:10:31.812 I/mtkpower_client( 1317): perf_lock_acq, hdl:0, dur:0, num:12, tid:1317
09-20 13:10:31.814 I/libPowerHal( 1238): [perfLockAcq] idx:2 hdl:251149 hint:-1 pid:1317 duration:0 lock_user:fpsgo => ret_hdl:251149
09-20 13:10:31.814 I/libPowerHal( 1238): [PE] fpsgo update cmd:1404500 param:1
09-20 13:10:31.816 I/mtkpower_client( 1317): ret_hdl:251150
09-20 13:10:31.817 I/libPowerHal( 1238): cmdSetting - unknown cmd:1438500, scmd:(null) ,param_1:0
09-20 13:10:31.817 I/libPowerHal( 1238): cmdSetting - unknown cmd:1438800, scmd:(null) ,param_1:0
09-20 13:10:31.817 I/libPowerHal( 1238): [perfLockAcq] idx:4 hdl:251150 hint:-1 pid:1317 duration:0 lock_user:fpsgo => ret_hdl:251150
09-20 13:10:31.817 I/libPowerHal( 1238): [PE] fpsgo update cmd:1438300, param:0
09-20 13:10:31.817 I/libPowerHal( 1238): [PE] fpsgo update cmd:1438400, param:0
09-20 13:10:31.817 I/libPowerHal( 1238): [PE] fpsgo update cmd:1438600, param:0
09-20 13:10:31.817 I/libPowerHal( 1238): [PE] fpsgo update cmd:1438700, param:0
09-20 13:10:31.820 I/mtkpower_client( 1317): perf_lock_rel, hdl:251149, tid:1317
09-20 13:10:31.821 I/mtkpower_client( 1317): perf_lock_rel, hdl:251150, tid:1317
09-20 13:10:31.822 I/libPowerHal( 1238): [perfLockRel] hdl:251149, idx:2
09-20 13:10:31.823 I/libPowerHal( 1238): [PD] fpsgo update cmd:1404500 param:0
09-20 13:10:31.824 I/libPowerHal( 1238): [perfLockRel] hdl:251150, idx:4
09-20 13:10:31.825 I/libPowerHal( 1238): [PD] fpsgo update cmd:1438300, param:1000
09-20 13:10:31.825 I/libPowerHal( 1238): [PD] fpsgo update cmd:1438400, param:1000
09-20 13:10:31.825 I/libPowerHal( 1238): [PD] fpsgo update cmd:1438600 param:1000
09-20 13:10:31.825 I/libPowerHal( 1238): [PD] fpsgo update cmd:1438700 param:1000
09-20 13:10:33.721 I/mtkpower@impl( 1238): [powerd_req] TIMER_MSG_PERF_LOCK_TIMEOUT hdl:251139
09-20 13:10:33.721 I/libPowerHal( 1238): [perfLockRel] hdl:251139, idx:1
09-20 13:10:33.948 I/mtkpower_client( 1317): perf_lock_acq, hdl:0, dur:0, num:2, tid:1317
09-20 13:10:33.949 I/mtkpower_client( 1317): ret_hdl:251151
09-20 13:10:33.950 I/mtkpower_client( 1317): perf_lock_acq, hdl:0, dur:0, num:12, tid:1317
09-20 13:10:33.950 I/libPowerHal( 1238): [perfLockAcq] idx:1 hdl:251151 hint:-1 pid:1317 duration:0 lock_user:fpsgo => ret_hdl:251151
09-20 13:10:33.950 I/libPowerHal( 1238): [PE] fpsgo update cmd:1404500 param:1
09-20 13:10:33.950 I/mtkpower_client( 1317): ret_hdl:251152
09-20 13:10:33.951 I/libPowerHal( 1238): cmdSetting - unknown cmd:1438500, scmd:(null) ,param_1:0
09-20 13:10:33.951 I/libPowerHal( 1238): cmdSetting - unknown cmd:1438800, scmd:(null) ,param_1:0
09-20 13:10:33.951 I/libPowerHal( 1238): [perfLockAcq] idx:2 hdl:251152 hint:-1 pid:1317 duration:0 lock_user:fpsgo => ret_hdl:251152
09-20 13:10:33.951 I/libPowerHal( 1238): [PE] fpsgo update cmd:1438300, param:0
09-20 13:10:33.951 I/libPowerHal( 1238): [PE] fpsgo update cmd:1438400, param:0
09-20 13:10:33.952 I/libPowerHal( 1238): [PE] fpsgo update cmd:1438600, param:0
09-20 13:10:33.952 I/libPowerHal( 1238): [PE] fpsgo update cmd:1438700, param:0
09-20 13:10:33.954 I/mtkpower_client( 1317): perf_lock_rel, hdl:251151, tid:1317
09-20 13:10:33.955 I/mtkpower_client( 1317): perf_lock_rel, hdl:251152, tid:1317
09-20 13:10:33.955 I/libPowerHal( 1238): [perfLockRel] hdl:251151, idx:1
09-20 13:10:33.955 I/libPowerHal( 1238): [PD] fpsgo update cmd:1404500 param:0
09-20 13:10:33.956 I/libPowerHal( 1238): [perfLockRel] hdl:251152, idx:2
09-20 13:10:33.956 I/libPowerHal( 1238): [PD] fpsgo update cmd:1438300, param:1000
09-20 13:10:33.957 I/libPowerHal( 1238): [PD] fpsgo update cmd:1438400, param:1000
09-20 13:10:33.957 I/libPowerHal( 1238): [PD] fpsgo update cmd:1438600 param:1000
09-20 13:10:33.957 I/libPowerHal( 1238): [PD] fpsgo update cmd:1438700 param:1000
09-20 13:10:34.741 I/mtkpower_client( 1317): perf_lock_acq, hdl:0, dur:0, num:2, tid:1317
09-20 13:10:34.742 I/mtkpower_client( 1317): ret_hdl:251153
09-20 13:10:34.742 I/libPowerHal( 1238): [perfLockAcq] idx:1 hdl:251153 hint:-1 pid:1317 duration:0 lock_user:fpsgo => ret_hdl:251153
09-20 13:10:34.742 I/mtkpower_client( 1317): perf_lock_acq, hdl:0, dur:0, num:12, tid:1317
09-20 13:10:34.743 I/libPowerHal( 1238): [PE] fpsgo update cmd:1404500 param:1
09-20 13:10:34.744 I/mtkpower_client( 1317): ret_hdl:251154
09-20 13:10:34.744 I/libPowerHal( 1238): cmdSetting - unknown cmd:1438500, scmd:(null) ,param_1:0
09-20 13:10:34.744 I/libPowerHal( 1238): cmdSetting - unknown cmd:1438800, scmd:(null) ,param_1:0
09-20 13:10:34.744 I/libPowerHal( 1238): [perfLockAcq] idx:2 hdl:251154 hint:-1 pid:1317 duration:0 lock_user:fpsgo => ret_hdl:251154
09-20 13:10:34.745 I/libPowerHal( 1238): [PE] fpsgo update cmd:1438300, param:0
09-20 13:10:34.745 I/libPowerHal( 1238): [PE] fpsgo update cmd:1438400, param:0
09-20 13:10:34.745 I/libPowerHal( 1238): [PE] fpsgo update cmd:1438600, param:0
09-20 13:10:34.745 I/libPowerHal( 1238): [PE] fpsgo update cmd:1438700, param:0
09-20 13:10:34.746 I/mtkpower_client( 1317): perf_lock_rel, hdl:251153, tid:1317
09-20 13:10:34.748 I/mtkpower_client( 1317): perf_lock_rel, hdl:251154, tid:1317
09-20 13:10:34.748 I/libPowerHal( 1238): [perfLockRel] hdl:251153, idx:1
09-20 13:10:34.749 I/libPowerHal( 1238): [PD] fpsgo update cmd:1404500 param:0
09-20 13:10:34.750 I/libPowerHal( 1238): [perfLockRel] hdl:251154, idx:2
09-20 13:10:34.750 I/libPowerHal( 1238): [PD] fpsgo update cmd:1438300, param:1000
09-20 13:10:34.750 I/libPowerHal( 1238): [PD] fpsgo update cmd:1438400, param:1000
09-20 13:10:34.751 I/libPowerHal( 1238): [PD] fpsgo update cmd:1438600 param:1000
09-20 13:10:34.751 I/libPowerHal( 1238): [PD] fpsgo update cmd:1438700 param:1000
09-20 13:10:35.524 I/mtkpower_client( 1317): perf_lock_acq, hdl:0, dur:0, num:2, tid:1317
09-20 13:10:35.525 I/mtkpower_client( 1317): ret_hdl:251155
09-20 13:10:35.525 I/mtkpower_client( 1317): perf_lock_acq, hdl:0, dur:0, num:12, tid:1317
09-20 13:10:35.525 I/libPowerHal( 1238): [perfLockAcq] idx:1 hdl:251155 hint:-1 pid:1317 duration:0 lock_user:fpsgo => ret_hdl:251155
09-20 13:10:35.525 I/libPowerHal( 1238): [PE] fpsgo update cmd:1404500 param:1
09-20 13:10:35.526 I/mtkpower_client( 1317): ret_hdl:251156
09-20 13:10:35.526 I/libPowerHal( 1238): cmdSetting - unknown cmd:1438500, scmd:(null) ,param_1:0
09-20 13:10:35.526 I/libPowerHal( 1238): cmdSetting - unknown cmd:1438800, scmd:(null) ,param_1:0
09-20 13:10:35.526 I/libPowerHal( 1238): [perfLockAcq] idx:2 hdl:251156 hint:-1 pid:1317 duration:0 lock_user:fpsgo => ret_hdl:251156
09-20 13:10:35.530 I/libPowerHal( 1238): [PE] fpsgo update cmd:1438300, param:0
09-20 13:10:35.530 I/libPowerHal( 1238): [PE] fpsgo update cmd:1438400, param:0
09-20 13:10:35.531 I/libPowerHal( 1238): [PE] fpsgo update cmd:1438600, param:0
09-20 13:10:35.531 I/libPowerHal( 1238): [PE] fpsgo update cmd:1438700, param:0
09-20 13:10:35.622 I/mtkpower_client( 1317): perf_lock_rel, hdl:251155, tid:1317
09-20 13:10:35.623 I/mtkpower_client( 1317): perf_lock_rel, hdl:251156, tid:1317
09-20 13:10:35.623 I/libPowerHal( 1238): [perfLockRel] hdl:251155, idx:1
09-20 13:10:35.624 I/libPowerHal( 1238): [PD] fpsgo update cmd:1404500 param:0
09-20 13:10:35.625 I/libPowerHal( 1238): [perfLockRel] hdl:251156, idx:2
09-20 13:10:35.625 I/libPowerHal( 1238): [PD] fpsgo update cmd:1438300, param:1000
09-20 13:10:35.629 I/libPowerHal( 1238): [PD] fpsgo update cmd:1438400, param:1000
09-20 13:10:35.629 I/libPowerHal( 1238): [PD] fpsgo update cmd:1438600 param:1000
09-20 13:10:35.630 I/libPowerHal( 1238): [PD] fpsgo update cmd:1438700 param:1000
09-20 13:10:35.695 I/libPowerHal( 1238): [updateFPS] pid(1126) : -1 => 90
09-20 13:10:35.696 I/libPowerHal( 1238): [perfNotifyAppState] pack:com.edudashpro, act:com.edudashpro.MainActivity, state:5, pid:1126, uid:10458, fps:90
09-20 13:10:35.699 E/UxUtility( 1238): notifyAppState error = NULL
09-20 13:10:36.695 I/libPowerHal( 1238): [updateFPS] pid(1126) : 90 => -1
09-20 13:10:36.696 I/libPowerHal( 1238): [perfNotifyAppState] pack:com.edudashpro, act:com.edudashpro.MainActivity, state:5, pid:1126, uid:10458, fps:-1
09-20 13:10:36.698 E/UxUtility( 1238): notifyAppState error = NULL
09-20 13:10:37.197 I/mtkpower_client( 1317): perf_lock_acq, hdl:0, dur:0, num:2, tid:1317
09-20 13:10:37.198 I/mtkpower_client( 1317): ret_hdl:251157
09-20 13:10:37.199 I/mtkpower_client( 1317): perf_lock_acq, hdl:0, dur:0, num:12, tid:1317
09-20 13:10:37.199 I/libPowerHal( 1238): [perfLockAcq] idx:1 hdl:251157 hint:-1 pid:1317 duration:0 lock_user:fpsgo => ret_hdl:251157
09-20 13:10:37.199 I/libPowerHal( 1238): [PE] fpsgo update cmd:1404500 param:1
09-20 13:10:37.200 I/libPowerHal( 1238): cmdSetting - unknown cmd:1438500, scmd:(null) ,param_1:0
09-20 13:10:37.200 I/mtkpower_client( 1317): ret_hdl:251158
09-20 13:10:37.200 I/libPowerHal( 1238): cmdSetting - unknown cmd:1438800, scmd:(null) ,param_1:0
09-20 13:10:37.200 I/libPowerHal( 1238): [perfLockAcq] idx:2 hdl:251158 hint:-1 pid:1317 duration:0 lock_user:fpsgo => ret_hdl:251158
09-20 13:10:37.203 I/libPowerHal( 1238): [PE] fpsgo update cmd:1438300, param:0
09-20 13:10:37.204 I/libPowerHal( 1238): [PE] fpsgo update cmd:1438400, param:0
09-20 13:10:37.205 I/libPowerHal( 1238): [PE] fpsgo update cmd:1438600, param:0
09-20 13:10:37.205 I/libPowerHal( 1238): [PE] fpsgo update cmd:1438700, param:0
09-20 13:10:37.265 I/mtkpower_client( 1317): perf_lock_rel, hdl:251157, tid:1317
09-20 13:10:37.266 I/mtkpower_client( 1317): perf_lock_rel, hdl:251158, tid:1317
09-20 13:10:37.266 I/libPowerHal( 1238): [perfLockRel] hdl:251157, idx:1
09-20 13:10:37.267 I/libPowerHal( 1238): [PD] fpsgo update cmd:1404500 param:0
09-20 13:10:37.268 I/libPowerHal( 1238): [perfLockRel] hdl:251158, idx:2
09-20 13:10:37.268 I/libPowerHal( 1238): [PD] fpsgo update cmd:1438300, param:1000
09-20 13:10:37.271 I/libPowerHal( 1238): [PD] fpsgo update cmd:1438400, param:1000
09-20 13:10:37.271 I/libPowerHal( 1238): [PD] fpsgo update cmd:1438600 param:1000
09-20 13:10:37.272 I/libPowerHal( 1238): [PD] fpsgo update cmd:1438700 param:1000
09-20 13:10:37.696 I/libPowerHal( 1238): [updateFPS] pid(1126) : -1 => 60
09-20 13:10:37.696 I/libPowerHal( 1238): [perfNotifyAppState] pack:com.edudashpro, act:com.edudashpro.MainActivity, state:5, pid:1126, uid:10458, fps:60
09-20 13:10:37.698 E/UxUtility( 1238): notifyAppState error = NULL
09-20 13:10:37.726 I/mtkpower@impl( 1238): [powerd_req] TIMER_MSG_PERF_LOCK_TIMEOUT hdl:251140
09-20 13:10:37.726 I/libPowerHal( 1238): [perfLockRel] hdl:251140, idx:5
09-20 13:10:37.735 I/libPowerHal( 1238): [setClusterFreq] iawareperf@1.0-: sysfs_freq set cpu freq: -1 2015000 -1 -1
09-20 13:10:37.735 I/libPowerHal( 1238): [unsetGPUFreq] current min:2, max:0; scn_gpu_min:2, scn_gpu_max:-1; scn_gpu_min(HL):-1, scn_gpu_max(HL):-1
09-20 13:10:37.735 I/libPowerHal( 1238): [setGPUFreq] Soft min/max = (2, 0); Hard min/max = (2, 0)
09-20 13:10:37.735 I/libPowerHal( 1238): [setGPUFreq] final min/max = (2, 0)
09-20 13:10:37.735 I/libPowerHal( 1238): iawareperf@1.0-: set gpu opp level: 2
09-20 13:10:37.738 I/libPowerHal( 1238): iawareperf@1.0-: set gpu opp level max: 0
09-20 13:10:37.739 I/libPowerHal( 1238): [PD] iawareperf@1.0- update cmd:1408300 param:0
09-20 13:10:37.745 I/libPowerHal( 1238): [PD] iawareperf@1.0- update cmd:1000000 param:-1
09-20 13:10:37.745 I/libPowerHal( 1238): [unset_task_affinity] index:0 0x0, scn:0xb4000078920123e0
09-20 13:10:37.745 E/libPowerHal( 1238): [unset_task_affinity] stat PATH_CURR_SCENE fail
09-20 13:10:37.745 I/libPowerHal( 1238): [PD] iawareperf@1.0- update ONESHOT cmd:10002000 param:0
09-20 13:10:38.697 I/libPowerHal( 1238): [updateFPS] pid(1126) : 60 => -1
09-20 13:10:38.698 I/libPowerHal( 1238): [perfNotifyAppState] pack:com.edudashpro, act:com.edudashpro.MainActivity, state:5, pid:1126, uid:10458, fps:-1
09-20 13:10:38.701 E/UxUtility( 1238): notifyAppState error = NULL
09-20 13:10:41.142 I/libPowerHal( 1238): cmdSetting - unknown cmd:1c3c000, scmd:(null) ,param_1:1
09-20 13:10:41.142 I/libPowerHal( 1238): [perfLockAcq] idx:1 hdl:251159 hint:-1 pid:1221 duration:400 lock_user:iawareperf@1.0- => ret_hdl:251159
09-20 13:10:41.143 I/libPowerHal( 1238): [setGPUFreq] iawareperf@1.0- user set gpu freq min:2, max:-1
09-20 13:10:41.143 I/libPowerHal( 1238): iawareperf@1.0-: set gpu opp level max: 0
09-20 13:10:41.145 I/libPowerHal( 1238): [setGPUFreq] Soft min/max = (2, 0); Hard min/max = (2, 0)
09-20 13:10:41.146 I/libPowerHal( 1238): [setGPUFreq] final min/max = (2, 0)
09-20 13:10:41.146 I/libPowerHal( 1238): iawareperf@1.0-: set gpu opp level: 2
09-20 13:10:41.147 I/libPowerHal( 1238): iawareperf@1.0-: set gpu opp level max: 0
09-20 13:10:41.156 I/libPowerHal( 1238): [setClusterFreq] iawareperf@1.0-: sysfs_freq set cpu freq: 2200000 -1 1600000 -1
09-20 13:10:41.157 I/libPowerHal( 1238): [PE] iawareperf@1.0- update cmd:1408300, param:50
09-20 13:10:41.162 I/libPowerHal( 1238): [PE] iawareperf@1.0- update cmd:1000000 param:2
09-20 13:10:41.168 I/libPowerHal( 1238): cmdSetting - unknown cmd:1c3c000, scmd:(null) ,param_1:1
09-20 13:10:41.168 I/libPowerHal( 1238): [perfLockAcq] idx:2 hdl:251160 hint:-1 pid:1221 duration:400 lock_user:iawareperf@1.0- => ret_hdl:251160
09-20 13:10:41.168 I/libPowerHal( 1238): [setGPUFreq] iawareperf@1.0- user set gpu freq min:2, max:-1
09-20 13:10:41.168 I/libPowerHal( 1238): iawareperf@1.0-: set gpu opp level max: 0
09-20 13:10:41.168 I/libPowerHal( 1238): [setGPUFreq] Soft min/max = (2, 0); Hard min/max = (2, 0)
09-20 13:10:41.168 I/libPowerHal( 1238): [setGPUFreq] final min/max = (2, 0)
09-20 13:10:41.168 I/libPowerHal( 1238): iawareperf@1.0-: set gpu opp level: 2
09-20 13:10:41.168 I/libPowerHal( 1238): iawareperf@1.0-: set gpu opp level max: 0
09-20 13:10:41.564 I/mtkpower@impl( 1238): [powerd_req] TIMER_MSG_PERF_LOCK_TIMEOUT hdl:251159
09-20 13:10:41.564 I/mtkpower_client( 1317): perf_lock_acq, hdl:0, dur:0, num:2, tid:1317
09-20 13:10:41.564 I/libPowerHal( 1238): [perfLockRel] hdl:251159, idx:1
09-20 13:10:41.564 I/libPowerHal( 1238): [unsetGPUFreq] current min:2, max:0; scn_gpu_min:2, scn_gpu_max:-1; scn_gpu_min(HL):-1, scn_gpu_max(HL):-1
09-20 13:10:41.564 I/libPowerHal( 1238): [setGPUFreq] Soft min/max = (2, 0); Hard min/max = (2, 0)
09-20 13:10:41.565 I/libPowerHal( 1238): [setGPUFreq] final min/max = (2, 0)
09-20 13:10:41.565 I/libPowerHal( 1238): iawareperf@1.0-: set gpu opp level: 2
09-20 13:10:41.565 I/libPowerHal( 1238): iawareperf@1.0-: set gpu opp level max: 0
09-20 13:10:41.566 I/mtkpower_client( 1317): ret_hdl:251161
09-20 13:10:41.566 I/libPowerHal( 1238): [perfLockAcq] idx:1 hdl:251161 hint:-1 pid:1317 duration:0 lock_user:fpsgo => ret_hdl:251161
09-20 13:10:41.566 I/mtkpower_client( 1317): perf_lock_acq, hdl:0, dur:0, num:12, tid:1317
09-20 13:10:41.566 I/libPowerHal( 1238): [PE] fpsgo update cmd:1404500 param:1
09-20 13:10:41.567 I/mtkpower_client( 1317): ret_hdl:251162
09-20 13:10:41.567 I/libPowerHal( 1238): cmdSetting - unknown cmd:1438500, scmd:(null) ,param_1:0
09-20 13:10:41.567 I/libPowerHal( 1238): cmdSetting - unknown cmd:1438800, scmd:(null) ,param_1:0
09-20 13:10:41.567 I/libPowerHal( 1238): [perfLockAcq] idx:4 hdl:251162 hint:-1 pid:1317 duration:0 lock_user:fpsgo => ret_hdl:251162
09-20 13:10:41.569 I/libPowerHal( 1238): [PE] fpsgo update cmd:1438300, param:0
09-20 13:10:41.570 I/libPowerHal( 1238): [PE] fpsgo update cmd:1438400, param:0
09-20 13:10:41.571 I/libPowerHal( 1238): [PE] fpsgo update cmd:1438600, param:0
09-20 13:10:41.571 I/libPowerHal( 1238): [PE] fpsgo update cmd:1438700, param:0
09-20 13:10:41.571 I/mtkpower@impl( 1238): [powerd_req] TIMER_MSG_PERF_LOCK_TIMEOUT hdl:251160
09-20 13:10:41.571 I/libPowerHal( 1238): [perfLockRel] hdl:251160, idx:2
09-20 13:10:41.573 I/libPowerHal( 1238): [setClusterFreq] iawareperf@1.0-: sysfs_freq set cpu freq: -1 2015000 -1 -1
09-20 13:10:41.573 I/libPowerHal( 1238): [unsetGPUFreq] current min:2, max:0; scn_gpu_min:2, scn_gpu_max:-1; scn_gpu_min(HL):-1, scn_gpu_max(HL):-1
09-20 13:10:41.573 I/libPowerHal( 1238): [setGPUFreq] Soft min/max = (2, 0); Hard min/max = (2, 0)
09-20 13:10:41.573 I/libPowerHal( 1238): [setGPUFreq] final min/max = (2, 0)
09-20 13:10:41.573 I/libPowerHal( 1238): iawareperf@1.0-: set gpu opp level: 2
09-20 13:10:41.574 I/libPowerHal( 1238): iawareperf@1.0-: set gpu opp level max: 0
09-20 13:10:41.574 I/libPowerHal( 1238): [PD] iawareperf@1.0- update cmd:1408300 param:0
09-20 13:10:41.576 I/libPowerHal( 1238): [PD] iawareperf@1.0- update cmd:1000000 param:-1
09-20 13:10:41.581 I/mtkpower_client( 1317): perf_lock_rel, hdl:251161, tid:1317
09-20 13:10:41.582 I/mtkpower_client( 1317): perf_lock_rel, hdl:251162, tid:1317
09-20 13:10:41.583 I/libPowerHal( 1238): [perfLockRel] hdl:251161, idx:1
09-20 13:10:41.583 I/libPowerHal( 1238): [PD] fpsgo update cmd:1404500 param:0
09-20 13:10:41.585 I/libPowerHal( 1238): [perfLockRel] hdl:251162, idx:4
09-20 13:10:41.585 I/libPowerHal( 1238): [PD] fpsgo update cmd:1438300, param:1000
09-20 13:10:41.585 I/libPowerHal( 1238): [PD] fpsgo update cmd:1438400, param:1000
09-20 13:10:41.586 I/libPowerHal( 1238): [PD] fpsgo update cmd:1438600 param:1000
09-20 13:10:41.586 I/libPowerHal( 1238): [PD] fpsgo update cmd:1438700 param:1000
09-20 13:10:41.699 I/libPowerHal( 1238): [updateFPS] pid(1126) : -1 => 60
09-20 13:10:41.700 I/libPowerHal( 1238): [perfNotifyAppState] pack:com.edudashpro, act:com.edudashpro.MainActivity, state:5, pid:1126, uid:10458, fps:60
09-20 13:10:41.701 E/UxUtility( 1238): notifyAppState error = NULL
09-20 13:10:43.700 I/libPowerHal( 1238): [updateFPS] pid(1126) : 60 => -1
09-20 13:10:43.701 I/libPowerHal( 1238): [perfNotifyAppState] pack:com.edudashpro, act:com.edudashpro.MainActivity, state:5, pid:1126, uid:10458, fps:-1
09-20 13:10:43.701 E/UxUtility( 1238): notifyAppState error = NULL
09-20 13:10:43.983 I/mtkpower_client( 1317): perf_lock_acq, hdl:0, dur:0, num:2, tid:1317
09-20 13:10:43.985 I/mtkpower_client( 1317): ret_hdl:251163
09-20 13:10:43.985 I/mtkpower_client( 1317): perf_lock_acq, hdl:0, dur:0, num:12, tid:1317
09-20 13:10:43.986 I/libPowerHal( 1238): [perfLockAcq] idx:1 hdl:251163 hint:-1 pid:1317 duration:0 lock_user:fpsgo => ret_hdl:251163
09-20 13:10:43.986 I/libPowerHal( 1238): [PE] fpsgo update cmd:1404500 param:1
09-20 13:10:43.987 I/mtkpower_client( 1317): ret_hdl:251164
09-20 13:10:43.988 I/libPowerHal( 1238): cmdSetting - unknown cmd:1438500, scmd:(null) ,param_1:0
09-20 13:10:43.988 I/libPowerHal( 1238): cmdSetting - unknown cmd:1438800, scmd:(null) ,param_1:0
09-20 13:10:43.988 I/libPowerHal( 1238): [perfLockAcq] idx:2 hdl:251164 hint:-1 pid:1317 duration:0 lock_user:fpsgo => ret_hdl:251164
09-20 13:10:43.989 I/libPowerHal( 1238): [PE] fpsgo update cmd:1438300, param:0
09-20 13:10:43.989 I/libPowerHal( 1238): [PE] fpsgo update cmd:1438400, param:0
09-20 13:10:43.989 I/libPowerHal( 1238): [PE] fpsgo update cmd:1438600, param:0
09-20 13:10:43.990 I/libPowerHal( 1238): [PE] fpsgo update cmd:1438700, param:0
09-20 13:10:44.046 I/mtkpower_client( 1317): perf_lock_rel, hdl:251163, tid:1317
09-20 13:10:44.047 I/mtkpower_client( 1317): perf_lock_rel, hdl:251164, tid:1317
09-20 13:10:44.047 I/libPowerHal( 1238): [perfLockRel] hdl:251163, idx:1
09-20 13:10:44.049 I/libPowerHal( 1238): [PD] fpsgo update cmd:1404500 param:0
09-20 13:10:44.051 I/libPowerHal( 1238): [perfLockRel] hdl:251164, idx:2
09-20 13:10:44.051 I/libPowerHal( 1238): [PD] fpsgo update cmd:1438300, param:1000
09-20 13:10:44.052 I/libPowerHal( 1238): [PD] fpsgo update cmd:1438400, param:1000
09-20 13:10:44.052 I/libPowerHal( 1238): [PD] fpsgo update cmd:1438600 param:1000
09-20 13:10:44.053 I/libPowerHal( 1238): [PD] fpsgo update cmd:1438700 param:1000
09-20 13:10:44.700 I/libPowerHal( 1238): [updateFPS] pid(1126) : -1 => 60
09-20 13:10:44.701 I/libPowerHal( 1238): [perfNotifyAppState] pack:com.edudashpro, act:com.edudashpro.MainActivity, state:5, pid:1126, uid:10458, fps:60
09-20 13:10:44.702 E/UxUtility( 1238): notifyAppState error = NULL
09-20 13:10:45.700 I/libPowerHal( 1238): [updateFPS] pid(1126) : 60 => -1
09-20 13:10:45.702 I/libPowerHal( 1238): [perfNotifyAppState] pack:com.edudashpro, act:com.edudashpro.MainActivity, state:5, pid:1126, uid:10458, fps:-1
09-20 13:10:45.702 E/UxUtility( 1238): notifyAppState error = NULL
09-20 13:10:51.091 I/libPowerHal( 1238): [perfLockAcq] idx:1 hdl:251165 hint:-1 pid:1221 duration:3000 lock_user:iawareperf@1.0- => ret_hdl:251165
09-20 13:10:51.091 I/libPowerHal( 1238): [setClusterFreq] iawareperf@1.0-: sysfs_freq set cpu freq: 1617000 -1 1600000 -1
09-20 13:10:51.092 I/libPowerHal( 1238): [PE] iawareperf@1.0- update cmd:1408300, param:30
09-20 13:10:51.135 I/libPowerHal( 1238): [perfLockAcq] idx:2 hdl:251166 hint:-1 pid:1221 duration:3000 lock_user:iawareperf@1.0- => ret_hdl:251166
09-20 13:10:51.135 I/libPowerHal( 1238): [setGPUFreq] iawareperf@1.0- user set gpu freq min:2, max:-1
09-20 13:10:51.135 I/libPowerHal( 1238): iawareperf@1.0-: set gpu opp level max: 0
09-20 13:10:51.136 I/libPowerHal( 1238): [setGPUFreq] Soft min/max = (2, 0); Hard min/max = (2, 0)
09-20 13:10:51.136 I/libPowerHal( 1238): [setGPUFreq] final min/max = (2, 0)
09-20 13:10:51.136 I/libPowerHal( 1238): iawareperf@1.0-: set gpu opp level: 2
09-20 13:10:51.136 I/libPowerHal( 1238): iawareperf@1.0-: set gpu opp level max: 0
09-20 13:10:51.136 I/libPowerHal( 1238): [setClusterFreq] iawareperf@1.0-: sysfs_freq set cpu freq: 2200000 -1 1600000 -1
09-20 13:10:51.137 I/libPowerHal( 1238): [PE] iawareperf@1.0- update cmd:1000000 param:0
09-20 13:10:51.217 I/mtkpower_client( 1317): perf_lock_acq, hdl:0, dur:0, num:2, tid:1317
09-20 13:10:51.219 I/mtkpower_client( 1317): ret_hdl:251167
09-20 13:10:51.219 I/mtkpower_client( 1317): perf_lock_acq, hdl:0, dur:0, num:12, tid:1317
09-20 13:10:51.220 I/libPowerHal( 1238): [perfLockAcq] idx:4 hdl:251167 hint:-1 pid:1317 duration:0 lock_user:fpsgo => ret_hdl:251167
09-20 13:10:51.221 I/libPowerHal( 1238): [PE] fpsgo update cmd:1404500 param:1
09-20 13:10:51.222 I/libPowerHal( 1238): cmdSetting - unknown cmd:1438500, scmd:(null) ,param_1:0
09-20 13:10:51.222 I/libPowerHal( 1238): cmdSetting - unknown cmd:1438800, scmd:(null) ,param_1:0
09-20 13:10:51.222 I/libPowerHal( 1238): [perfLockAcq] idx:5 hdl:251168 hint:-1 pid:1317 duration:0 lock_user:fpsgo => ret_hdl:251168
09-20 13:10:51.223 I/libPowerHal( 1238): [PE] fpsgo update cmd:1438300, param:0
09-20 13:10:51.223 I/libPowerHal( 1238): [PE] fpsgo update cmd:1438400, param:0
09-20 13:10:51.224 I/libPowerHal( 1238): [PE] fpsgo update cmd:1438600, param:0
09-20 13:10:51.227 I/libPowerHal( 1238): [PE] fpsgo update cmd:1438700, param:0
09-20 13:10:51.228 I/mtkpower_client( 1317): ret_hdl:251168
09-20 13:10:51.289 I/libPowerHal( 1238): [perfLockRel] hdl:251165, idx:1
09-20 13:10:51.290 I/libPowerHal( 1238): [perfLockAcq] idx:7 hdl:251169 hint:-1 pid:1221 duration:80 lock_user:iawareperf@1.0- => ret_hdl:251169
09-20 13:10:51.292 I/libPowerHal( 1238): [perfLockAcq] idx:8 hdl:251170 hint:-1 pid:1221 duration:3000 lock_user:iawareperf@1.0- => ret_hdl:251170
09-20 13:10:51.372 I/mtkpower@impl( 1238): [powerd_req] TIMER_MSG_PERF_LOCK_TIMEOUT hdl:251169
09-20 13:10:51.373 I/libPowerHal( 1238): [perfLockRel] hdl:251169, idx:7
09-20 13:10:51.439 I/libPowerHal( 1238): [perfLockRel] hdl:251166, idx:2
09-20 13:10:51.440 I/libPowerHal( 1238): [setClusterFreq] iawareperf@1.0-: sysfs_freq set cpu freq: -1 -1 -1 -1
09-20 13:10:51.441 I/libPowerHal( 1238): [unsetGPUFreq] current min:2, max:0; scn_gpu_min:2, scn_gpu_max:-1; scn_gpu_min(HL):-1, scn_gpu_max(HL):-1
09-20 13:10:51.441 I/libPowerHal( 1238): [setGPUFreq] Soft min/max = (2, 0); Hard min/max = (2, 0)
09-20 13:10:51.441 I/libPowerHal( 1238): [setGPUFreq] final min/max = (2, 0)
09-20 13:10:51.441 I/libPowerHal( 1238): iawareperf@1.0-: set gpu opp level: 2
09-20 13:10:51.441 I/libPowerHal( 1238): iawareperf@1.0-: set gpu opp level max: 0
09-20 13:10:51.442 I/libPowerHal( 1238): [PD] iawareperf@1.0- update cmd:1408300 param:0
09-20 13:10:51.443 I/libPowerHal( 1238): [PD] iawareperf@1.0- update cmd:1000000 param:-1
09-20 13:10:51.609 I/mtkpower_client( 1317): perf_lock_rel, hdl:251167, tid:1317
09-20 13:10:51.611 I/mtkpower_client( 1317): perf_lock_rel, hdl:251168, tid:1317
09-20 13:10:51.611 I/libPowerHal( 1238): [perfLockRel] hdl:251167, idx:4
09-20 13:10:51.612 I/libPowerHal( 1238): [PD] fpsgo update cmd:1404500 param:0
09-20 13:10:51.614 I/libPowerHal( 1238): [perfLockRel] hdl:251168, idx:5
09-20 13:10:51.618 I/libPowerHal( 1238): [PD] fpsgo update cmd:1438300, param:1000
09-20 13:10:51.619 I/libPowerHal( 1238): [PD] fpsgo update cmd:1438400, param:1000
09-20 13:10:51.619 I/libPowerHal( 1238): [PD] fpsgo update cmd:1438600 param:1000
09-20 13:10:51.620 I/libPowerHal( 1238): [PD] fpsgo update cmd:1438700 param:1000
09-20 13:10:51.704 I/libPowerHal( 1238): [updateFPS] pid(1126) : -1 => 90
09-20 13:10:51.706 I/libPowerHal( 1238): [perfNotifyAppState] pack:com.edudashpro, act:com.edudashpro.MainActivity, state:5, pid:1126, uid:10458, fps:90
09-20 13:10:51.706 E/UxUtility( 1238): notifyAppState error = NULL
09-20 13:10:52.637 I/libPowerHal( 1238): [perfLockAcq] idx:1 hdl:251171 hint:-1 pid:1221 duration:3000 lock_user:iawareperf@1.0- => ret_hdl:251171
09-20 13:10:52.639 I/libPowerHal( 1238): [setClusterFreq] iawareperf@1.0-: sysfs_freq set cpu freq: 1617000 -1 1600000 -1
09-20 13:10:52.640 I/libPowerHal( 1238): [PE] iawareperf@1.0- update cmd:1408300, param:30
09-20 13:10:52.714 I/libPowerHal( 1238): [perfLockRel] hdl:251171, idx:1
09-20 13:10:52.714 I/libPowerHal( 1238): [setClusterFreq] iawareperf@1.0-: sysfs_freq set cpu freq: -1 -1 -1 -1
09-20 13:10:52.715 I/libPowerHal( 1238): [PD] iawareperf@1.0- update cmd:1408300 param:0
09-20 13:10:52.718 I/libPowerHal( 1238): [perfLockAcq] idx:1 hdl:251172 hint:-1 pid:1221 duration:80 lock_user:iawareperf@1.0- => ret_hdl:251172
09-20 13:10:52.719 I/libPowerHal( 1238): [setClusterFreq] iawareperf@1.0-: sysfs_freq set cpu freq: 1617000 -1 1491000 -1
