09-20 12:58:01.068 I/libPowerHal( 1238): [setClusterFreq] iawareperf@1.0-: sysfs_freq set cpu freq: 1617000 -1 1491000 -1
09-20 12:58:01.069 I/libPowerHal( 1238): [PE] iawareperf@1.0- update cmd:1408300, param:30
09-20 12:58:01.071 I/libPowerHal( 1238): [perfLockAcq] idx:2 hdl:250476 hint:-1 pid:1221 duration:3000 lock_user:iawareperf@1.0- => ret_hdl:250476
09-20 12:58:01.072 I/libPowerHal( 1238): [perfLockAcq] idx:5 hdl:250477 hint:-1 pid:1221 duration:250 lock_user:iawareperf@1.0- => ret_hdl:250477
09-20 12:58:01.072 I/libPowerHal( 1238): [setGPUFreq] iawareperf@1.0- user set gpu freq min:2, max:-1
09-20 12:58:01.072 I/libPowerHal( 1238): iawareperf@1.0-: set gpu opp level max: 0
09-20 12:58:01.075 I/libPowerHal( 1238): [setGPUFreq] Soft min/max = (2, 0); Hard min/max = (2, 0)
09-20 12:58:01.075 I/libPowerHal( 1238): [setGPUFreq] final min/max = (2, 0)
09-20 12:58:01.075 I/libPowerHal( 1238): iawareperf@1.0-: set gpu opp level: 2
09-20 12:58:01.078 I/libPowerHal( 1238): iawareperf@1.0-: set gpu opp level max: 0
09-20 12:58:01.078 I/libPowerHal( 1238): [setClusterFreq] iawareperf@1.0-: sysfs_freq set cpu freq: 1617000 -1 1600000 -1
09-20 12:58:01.079 I/libPowerHal( 1238): [PE] iawareperf@1.0- update cmd:1000000 param:4
09-20 12:58:01.087 I/mtkpower_client( 1317): perf_lock_acq, hdl:0, dur:0, num:2, tid:1317
09-20 12:58:01.089 I/mtkpower_client( 1317): ret_hdl:250478
09-20 12:58:01.089 I/libPowerHal( 1238): [perfLockAcq] idx:7 hdl:250478 hint:-1 pid:1317 duration:0 lock_user:fpsgo => ret_hdl:250478
09-20 12:58:01.089 I/mtkpower_client( 1317): perf_lock_acq, hdl:0, dur:0, num:12, tid:1317
09-20 12:58:01.089 I/libPowerHal( 1238): [PE] fpsgo update cmd:1404500 param:1
09-20 12:58:01.090 I/mtkpower_client( 1317): ret_hdl:250479
09-20 12:58:01.091 I/mtkpower_client( 1317): perf_lock_rel, hdl:250478, tid:1317
09-20 12:58:01.091 I/libPowerHal( 1238): cmdSetting - unknown cmd:1438500, scmd:(null) ,param_1:0
09-20 12:58:01.091 I/libPowerHal( 1238): cmdSetting - unknown cmd:1438800, scmd:(null) ,param_1:0
09-20 12:58:01.091 I/libPowerHal( 1238): [perfLockAcq] idx:8 hdl:250479 hint:-1 pid:1317 duration:0 lock_user:fpsgo => ret_hdl:250479
09-20 12:58:01.094 I/libPowerHal( 1238): [PE] fpsgo update cmd:1438300, param:0
09-20 12:58:01.094 I/libPowerHal( 1238): [PE] fpsgo update cmd:1438400, param:0
09-20 12:58:01.095 I/libPowerHal( 1238): [PE] fpsgo update cmd:1438600, param:0
09-20 12:58:01.096 I/libPowerHal( 1238): [PE] fpsgo update cmd:1438700, param:0
09-20 12:58:01.096 I/mtkpower_client( 1317): perf_lock_rel, hdl:250479, tid:1317
09-20 12:58:01.097 I/libPowerHal( 1238): [perfLockRel] hdl:250478, idx:7
09-20 12:58:01.097 I/libPowerHal( 1238): [PD] fpsgo update cmd:1404500 param:0
09-20 12:58:01.099 I/libPowerHal( 1238): [perfLockRel] hdl:250479, idx:8
09-20 12:58:01.100 I/libPowerHal( 1238): [PD] fpsgo update cmd:1438300, param:1000
09-20 12:58:01.100 I/libPowerHal( 1238): [PD] fpsgo update cmd:1438400, param:1000
09-20 12:58:01.100 I/libPowerHal( 1238): [PD] fpsgo update cmd:1438600 param:1000
09-20 12:58:01.101 I/libPowerHal( 1238): [PD] fpsgo update cmd:1438700 param:1000
09-20 12:58:01.149 I/mtkpower@impl( 1238): [powerd_req] TIMER_MSG_PERF_LOCK_TIMEOUT hdl:250475
09-20 12:58:01.149 I/libPowerHal( 1238): [perfLockRel] hdl:250475, idx:4
09-20 12:58:01.150 I/libPowerHal( 1238): cmdSetting - unknown cmd:1c3c000, scmd:(null) ,param_1:1
09-20 12:58:01.150 I/libPowerHal( 1238): [perfLockAcq] idx:7 hdl:250480 hint:-1 pid:1221 duration:7000 lock_user:iawareperf@1.0- => ret_hdl:250480
09-20 12:58:01.150 I/libPowerHal( 1238): [setGPUFreq] iawareperf@1.0- user set gpu freq min:2, max:-1
09-20 12:58:01.150 I/libPowerHal( 1238): iawareperf@1.0-: set gpu opp level max: 0
09-20 12:58:01.150 I/libPowerHal( 1238): [setGPUFreq] Soft min/max = (2, 0); Hard min/max = (2, 0)
09-20 12:58:01.150 I/libPowerHal( 1238): [setGPUFreq] final min/max = (2, 0)
09-20 12:58:01.150 I/libPowerHal( 1238): iawareperf@1.0-: set gpu opp level: 2
09-20 12:58:01.150 I/libPowerHal( 1238): iawareperf@1.0-: set gpu opp level max: 0
09-20 12:58:01.151 I/libPowerHal( 1238): [setClusterFreq] iawareperf@1.0-: sysfs_freq set cpu freq: 2200000 -1 1600000 -1
09-20 12:58:01.152 I/libPowerHal( 1238): [PE] iawareperf@1.0- update cmd:1408300, param:50
09-20 12:58:01.159 I/libPowerHal( 1238): [PE] iawareperf@1.0- update cmd:1000000 param:1
09-20 12:58:01.164 I/mtkpower@impl( 1238): [setMode] type:5, enabled:1
09-20 12:58:01.166 I/mtkpower_client( 1630): [Legacy][PowerHal_Wrap_notifyAppState] com.edudashpro/com.edudashpro.MainActivity pid=28262 state:0
09-20 12:58:01.167 I/libPowerHal( 1238): [perfNotifyAppState] pack:com.edudashpro, act:com.edudashpro.MainActivity, state:0, pid:28262, uid:10458, fps:60
09-20 12:58:01.236 I/mtkpower_client( 1630): [Legacy][PowerHal_Wrap_notifyAppState] com.google.android.gms/com.google.android.gms.autofill.ui.AutofillTransparentActivity pid=27675 state:1
09-20 12:58:01.239 I/libPowerHal( 1238): [perfNotifyAppState] pack:com.google.android.gms, act:com.google.android.gms.autofill.ui.AutofillTransparentActivity, state:1, pid:27675, uid:10036, fps:60
09-20 12:58:01.239 I/libPowerHal( 1238): [perfNotifyAppState] foreground:com.google.android.gms, pid:27675, uid:10036
09-20 12:58:01.247 I/mtkpower_client( 1630): [Legacy][PowerHal_Wrap_notifyAppState] com.edudashpro/com.edudashpro.MainActivity pid=28262 state:0
09-20 12:58:01.259 E/UxUtility( 1238): notifyAppState error = NULL
09-20 12:58:01.260 I/mtkpower@impl( 1238): [notifyAppState] pc:0, com.edudashpro => com.google.android.gms
09-20 12:58:01.262 I/libPowerHal( 1238): [perfNotifyAppState] pack:com.edudashpro, act:com.edudashpro.MainActivity, state:0, pid:28262, uid:10458, fps:60
09-20 12:58:01.282 I/mtkpower_client( 1630): [Legacy][PowerHal_Wrap_notifyAppState] com.google.android.gms/com.google.android.gms.autofill.ui.AutofillTransparentActivity pid=27675 state:0
09-20 12:58:01.284 I/libPowerHal( 1238): [perfNotifyAppState] pack:com.google.android.gms, act:com.google.android.gms.autofill.ui.AutofillTransparentActivity, state:0, pid:27675, uid:10036, fps:60
09-20 12:58:01.317 I/libPowerHal( 1238): cmdSetting - unknown cmd:1c3c000, scmd:(null) ,param_1:1
09-20 12:58:01.317 I/libPowerHal( 1238): [perfLockAcq] idx:4 hdl:250481 hint:-1 pid:1221 duration:400 lock_user:iawareperf@1.0- => ret_hdl:250481
09-20 12:58:01.317 I/libPowerHal( 1238): [setGPUFreq] iawareperf@1.0- user set gpu freq min:2, max:-1
09-20 12:58:01.317 I/libPowerHal( 1238): iawareperf@1.0-: set gpu opp level max: 0
09-20 12:58:01.322 I/libPowerHal( 1238): [setGPUFreq] Soft min/max = (2, 0); Hard min/max = (2, 0)
09-20 12:58:01.322 I/libPowerHal( 1238): [setGPUFreq] final min/max = (2, 0)
09-20 12:58:01.322 I/libPowerHal( 1238): iawareperf@1.0-: set gpu opp level: 2
09-20 12:58:01.323 I/libPowerHal( 1238): iawareperf@1.0-: set gpu opp level max: 0
09-20 12:58:01.326 I/libPowerHal( 1238): cmdSetting - unknown cmd:1c3c000, scmd:(null) ,param_1:1
09-20 12:58:01.326 I/libPowerHal( 1238): [perfLockAcq] idx:8 hdl:250482 hint:-1 pid:1221 duration:400 lock_user:iawareperf@1.0- => ret_hdl:250482
09-20 12:58:01.326 I/libPowerHal( 1238): [setGPUFreq] iawareperf@1.0- user set gpu freq min:2, max:-1
09-20 12:58:01.326 I/libPowerHal( 1238): iawareperf@1.0-: set gpu opp level max: 0
09-20 12:58:01.326 I/libPowerHal( 1238): [setGPUFreq] Soft min/max = (2, 0); Hard min/max = (2, 0)
09-20 12:58:01.326 I/libPowerHal( 1238): [setGPUFreq] final min/max = (2, 0)
09-20 12:58:01.326 I/libPowerHal( 1238): iawareperf@1.0-: set gpu opp level: 2
09-20 12:58:01.326 I/libPowerHal( 1238): iawareperf@1.0-: set gpu opp level max: 0
09-20 12:58:01.327 I/mtkpower_client( 1630): [Legacy][PowerHal_Wrap_notifyAppState] com.edudashpro/com.edudashpro.MainActivity pid=28262 state:1
09-20 12:58:01.329 I/mtkpower@impl( 1238): [powerd_req] TIMER_MSG_PERF_LOCK_TIMEOUT hdl:250477
09-20 12:58:01.329 I/libPowerHal( 1238): [perfLockRel] hdl:250477, idx:5
09-20 12:58:01.329 I/libPowerHal( 1238): [unsetGPUFreq] current min:2, max:0; scn_gpu_min:2, scn_gpu_max:-1; scn_gpu_min(HL):-1, scn_gpu_max(HL):-1
09-20 12:58:01.329 I/libPowerHal( 1238): [setGPUFreq] Soft min/max = (2, 0); Hard min/max = (2, 0)
09-20 12:58:01.329 I/libPowerHal( 1238): [setGPUFreq] final min/max = (2, 0)
09-20 12:58:01.329 I/libPowerHal( 1238): iawareperf@1.0-: set gpu opp level: 2
09-20 12:58:01.329 I/libPowerHal( 1238): iawareperf@1.0-: set gpu opp level max: 0
09-20 12:58:01.330 I/libPowerHal( 1238): [perfNotifyAppState] pack:com.edudashpro, act:com.edudashpro.MainActivity, state:1, pid:28262, uid:10458, fps:60
09-20 12:58:01.330 I/libPowerHal( 1238): [perfNotifyAppState] foreground:com.edudashpro, pid:28262, uid:10458
09-20 12:58:01.330 E/UxUtility( 1238): notifyAppState error = NULL
09-20 12:58:01.330 I/mtkpower@impl( 1238): [notifyAppState] pc:0, com.google.android.gms => com.edudashpro
09-20 12:58:01.342 I/mtkpower_client( 1630): [Legacy][PowerHal_Wrap_notifyAppState] com.google.android.gms/com.google.android.gms.autofill.ui.AutofillTransparentActivity pid=27675 state:0
09-20 12:58:01.342 I/libPowerHal( 1238): [perfNotifyAppState] pack:com.google.android.gms, act:com.google.android.gms.autofill.ui.AutofillTransparentActivity, state:0, pid:27675, uid:10036, fps:60
09-20 12:58:01.355 I/libPowerHal( 1238): cmdSetting - unknown cmd:1c3c000, scmd:(null) ,param_1:1
09-20 12:58:01.355 I/libPowerHal( 1238): [perfLockAcq] idx:5 hdl:250483 hint:-1 pid:1221 duration:400 lock_user:iawareperf@1.0- => ret_hdl:250483
09-20 12:58:01.355 I/libPowerHal( 1238): [setGPUFreq] iawareperf@1.0- user set gpu freq min:2, max:-1
09-20 12:58:01.355 I/libPowerHal( 1238): iawareperf@1.0-: set gpu opp level max: 0
09-20 12:58:01.355 I/libPowerHal( 1238): [setGPUFreq] Soft min/max = (2, 0); Hard min/max = (2, 0)
09-20 12:58:01.355 I/libPowerHal( 1238): [setGPUFreq] final min/max = (2, 0)
09-20 12:58:01.355 I/libPowerHal( 1238): iawareperf@1.0-: set gpu opp level: 2
09-20 12:58:01.355 I/libPowerHal( 1238): iawareperf@1.0-: set gpu opp level max: 0
09-20 12:58:01.417 I/libPowerHal( 1238): cmdSetting - unknown cmd:1c3c000, scmd:(null) ,param_1:1
09-20 12:58:01.417 I/libPowerHal( 1238): [perfLockAcq] idx:9 hdl:250484 hint:-1 pid:1221 duration:400 lock_user:iawareperf@1.0- => ret_hdl:250484
09-20 12:58:01.417 I/libPowerHal( 1238): [setGPUFreq] iawareperf@1.0- user set gpu freq min:2, max:-1
09-20 12:58:01.417 I/libPowerHal( 1238): iawareperf@1.0-: set gpu opp level max: 0
09-20 12:58:01.419 I/libPowerHal( 1238): [setGPUFreq] Soft min/max = (2, 0); Hard min/max = (2, 0)
09-20 12:58:01.419 I/libPowerHal( 1238): [setGPUFreq] final min/max = (2, 0)
09-20 12:58:01.419 I/libPowerHal( 1238): iawareperf@1.0-: set gpu opp level: 2
09-20 12:58:01.419 I/libPowerHal( 1238): iawareperf@1.0-: set gpu opp level max: 0
09-20 12:58:01.454 I/mtkpower@impl( 1238): [setMode] type:5, enabled:0
09-20 12:58:01.484 I/libPowerHal( 1238): [updateFPS] pid(28262) : 60 => -1
09-20 12:58:01.485 I/libPowerHal( 1238): [perfNotifyAppState] pack:com.edudashpro, act:com.edudashpro.MainActivity, state:5, pid:28262, uid:10458, fps:-1
09-20 12:58:01.485 E/UxUtility( 1238): notifyAppState error = NULL
09-20 12:58:01.725 I/mtkpower@impl( 1238): [powerd_req] TIMER_MSG_PERF_LOCK_TIMEOUT hdl:250481
09-20 12:58:01.726 I/libPowerHal( 1238): [perfLockRel] hdl:250481, idx:4
09-20 12:58:01.726 I/libPowerHal( 1238): [unsetGPUFreq] current min:2, max:0; scn_gpu_min:2, scn_gpu_max:-1; scn_gpu_min(HL):-1, scn_gpu_max(HL):-1
09-20 12:58:01.726 I/libPowerHal( 1238): [setGPUFreq] Soft min/max = (2, 0); Hard min/max = (2, 0)
09-20 12:58:01.726 I/libPowerHal( 1238): [setGPUFreq] final min/max = (2, 0)
09-20 12:58:01.726 I/libPowerHal( 1238): iawareperf@1.0-: set gpu opp level: 2
09-20 12:58:01.729 I/libPowerHal( 1238): iawareperf@1.0-: set gpu opp level max: 0
09-20 12:58:01.730 I/mtkpower@impl( 1238): [powerd_req] TIMER_MSG_PERF_LOCK_TIMEOUT hdl:250482
09-20 12:58:01.730 I/libPowerHal( 1238): [perfLockRel] hdl:250482, idx:8
09-20 12:58:01.730 I/libPowerHal( 1238): [unsetGPUFreq] current min:2, max:0; scn_gpu_min:2, scn_gpu_max:-1; scn_gpu_min(HL):-1, scn_gpu_max(HL):-1
09-20 12:58:01.730 I/libPowerHal( 1238): [setGPUFreq] Soft min/max = (2, 0); Hard min/max = (2, 0)
09-20 12:58:01.730 I/libPowerHal( 1238): [setGPUFreq] final min/max = (2, 0)
09-20 12:58:01.730 I/libPowerHal( 1238): iawareperf@1.0-: set gpu opp level: 2
09-20 12:58:01.731 I/libPowerHal( 1238): iawareperf@1.0-: set gpu opp level max: 0
09-20 12:58:01.755 I/mtkpower@impl( 1238): [powerd_req] TIMER_MSG_PERF_LOCK_TIMEOUT hdl:250483
09-20 12:58:01.755 I/libPowerHal( 1238): [perfLockRel] hdl:250483, idx:5
09-20 12:58:01.755 I/libPowerHal( 1238): [unsetGPUFreq] current min:2, max:0; scn_gpu_min:2, scn_gpu_max:-1; scn_gpu_min(HL):-1, scn_gpu_max(HL):-1
09-20 12:58:01.756 I/libPowerHal( 1238): [setGPUFreq] Soft min/max = (2, 0); Hard min/max = (2, 0)
09-20 12:58:01.756 I/libPowerHal( 1238): [setGPUFreq] final min/max = (2, 0)
09-20 12:58:01.756 I/libPowerHal( 1238): iawareperf@1.0-: set gpu opp level: 2
09-20 12:58:01.756 I/libPowerHal( 1238): iawareperf@1.0-: set gpu opp level max: 0
09-20 12:58:01.820 I/mtkpower@impl( 1238): [powerd_req] TIMER_MSG_PERF_LOCK_TIMEOUT hdl:250484
09-20 12:58:01.820 I/libPowerHal( 1238): [perfLockRel] hdl:250484, idx:9
09-20 12:58:01.820 I/libPowerHal( 1238): [unsetGPUFreq] current min:2, max:0; scn_gpu_min:2, scn_gpu_max:-1; scn_gpu_min(HL):-1, scn_gpu_max(HL):-1
09-20 12:58:01.820 I/libPowerHal( 1238): [setGPUFreq] Soft min/max = (2, 0); Hard min/max = (2, 0)
09-20 12:58:01.820 I/libPowerHal( 1238): [setGPUFreq] final min/max = (2, 0)
09-20 12:58:01.820 I/libPowerHal( 1238): iawareperf@1.0-: set gpu opp level: 2
09-20 12:58:01.820 I/libPowerHal( 1238): iawareperf@1.0-: set gpu opp level max: 0
09-20 12:58:02.353 I/mtkpower@impl( 1238): [powerd_req] TIMER_MSG_PERF_LOCK_TIMEOUT hdl:250465
09-20 12:58:02.353 I/libPowerHal( 1238): [perfLockRel] hdl:250465, idx:1
09-20 12:58:03.178 I/libPowerHal( 1238): [perfLockAcq] idx:1 hdl:250485 hint:-1 pid:1221 duration:3000 lock_user:iawareperf@1.0- => ret_hdl:250485
09-20 12:58:03.254 I/libPowerHal( 1238): [perfLockRel] hdl:250485, idx:1
09-20 12:58:03.255 I/libPowerHal( 1238): [perfLockAcq] idx:4 hdl:250486 hint:-1 pid:1221 duration:80 lock_user:iawareperf@1.0- => ret_hdl:250486
09-20 12:58:03.256 I/libPowerHal( 1238): [perfLockAcq] idx:5 hdl:250487 hint:-1 pid:1221 duration:3000 lock_user:iawareperf@1.0- => ret_hdl:250487
09-20 12:58:03.292 I/libPowerHal( 1238): [perfLockAcq] idx:1 hdl:250488 hint:-1 pid:1221 duration:250 lock_user:iawareperf@1.0- => ret_hdl:250488
09-20 12:58:03.292 I/libPowerHal( 1238): [setGPUFreq] iawareperf@1.0- user set gpu freq min:2, max:-1
09-20 12:58:03.292 I/libPowerHal( 1238): iawareperf@1.0-: set gpu opp level max: 0
09-20 12:58:03.298 I/mtkpower_client( 1317): perf_lock_acq, hdl:0, dur:0, num:2, tid:1317
09-20 12:58:03.303 I/libPowerHal( 1238): [setGPUFreq] Soft min/max = (2, 0); Hard min/max = (2, 0)
09-20 12:58:03.303 I/libPowerHal( 1238): [setGPUFreq] final min/max = (2, 0)
09-20 12:58:03.303 I/libPowerHal( 1238): iawareperf@1.0-: set gpu opp level: 2
09-20 12:58:03.304 I/libPowerHal( 1238): iawareperf@1.0-: set gpu opp level max: 0
09-20 12:58:03.307 I/mtkpower_client( 1317): ret_hdl:250489
09-20 12:58:03.308 I/mtkpower_client( 1317): perf_lock_acq, hdl:0, dur:0, num:12, tid:1317
09-20 12:58:03.314 I/mtkpower_client( 1317): ret_hdl:250490
09-20 12:58:03.315 I/libPowerHal( 1238): [perfLockAcq] idx:8 hdl:250489 hint:-1 pid:1317 duration:0 lock_user:fpsgo => ret_hdl:250489
09-20 12:58:03.315 I/libPowerHal( 1238): [PE] fpsgo update cmd:1404500 param:1
09-20 12:58:03.329 I/mtkpower_client( 1317): perf_lock_rel, hdl:250489, tid:1317
09-20 12:58:03.330 I/libPowerHal( 1238): cmdSetting - unknown cmd:1438500, scmd:(null) ,param_1:0
09-20 12:58:03.330 I/libPowerHal( 1238): cmdSetting - unknown cmd:1438800, scmd:(null) ,param_1:0
09-20 12:58:03.330 I/libPowerHal( 1238): [perfLockAcq] idx:9 hdl:250490 hint:-1 pid:1317 duration:0 lock_user:fpsgo => ret_hdl:250490
09-20 12:58:03.332 I/libPowerHal( 1238): [PE] fpsgo update cmd:1438300, param:0
09-20 12:58:03.332 I/libPowerHal( 1238): [PE] fpsgo update cmd:1438400, param:0
09-20 12:58:03.333 I/libPowerHal( 1238): [PE] fpsgo update cmd:1438600, param:0
09-20 12:58:03.333 I/libPowerHal( 1238): [PE] fpsgo update cmd:1438700, param:0
09-20 12:58:03.334 I/mtkpower_client( 1317): perf_lock_rel, hdl:250490, tid:1317
09-20 12:58:03.335 I/mtkpower@impl( 1238): [powerd_req] TIMER_MSG_PERF_LOCK_TIMEOUT hdl:250486
09-20 12:58:03.335 I/libPowerHal( 1238): [perfLockRel] hdl:250486, idx:4
09-20 12:58:03.335 I/libPowerHal( 1238): [perfLockRel] hdl:250489, idx:8
09-20 12:58:03.336 I/libPowerHal( 1238): [PD] fpsgo update cmd:1404500 param:0
09-20 12:58:03.337 I/libPowerHal( 1238): [perfLockRel] hdl:250490, idx:9
09-20 12:58:03.337 I/libPowerHal( 1238): [PD] fpsgo update cmd:1438300, param:1000
09-20 12:58:03.337 I/libPowerHal( 1238): [PD] fpsgo update cmd:1438400, param:1000
09-20 12:58:03.337 I/libPowerHal( 1238): [PD] fpsgo update cmd:1438600 param:1000
09-20 12:58:03.337 I/libPowerHal( 1238): [PD] fpsgo update cmd:1438700 param:1000
09-20 12:58:03.485 I/libPowerHal( 1238): [updateFPS] pid(28262) : -1 => 60
09-20 12:58:03.486 I/libPowerHal( 1238): [perfNotifyAppState] pack:com.edudashpro, act:com.edudashpro.MainActivity, state:5, pid:28262, uid:10458, fps:60
09-20 12:58:03.490 E/UxUtility( 1238): notifyAppState error = NULL
09-20 12:58:03.557 I/mtkpower@impl( 1238): [powerd_req] TIMER_MSG_PERF_LOCK_TIMEOUT hdl:250488
09-20 12:58:03.557 I/libPowerHal( 1238): [perfLockRel] hdl:250488, idx:1
09-20 12:58:03.557 I/libPowerHal( 1238): [unsetGPUFreq] current min:2, max:0; scn_gpu_min:2, scn_gpu_max:-1; scn_gpu_min(HL):-1, scn_gpu_max(HL):-1
09-20 12:58:03.557 I/libPowerHal( 1238): [setGPUFreq] Soft min/max = (2, 0); Hard min/max = (2, 0)
09-20 12:58:03.557 I/libPowerHal( 1238): [setGPUFreq] final min/max = (2, 0)
09-20 12:58:03.557 I/libPowerHal( 1238): iawareperf@1.0-: set gpu opp level: 2
09-20 12:58:03.557 I/libPowerHal( 1238): iawareperf@1.0-: set gpu opp level max: 0
09-20 12:58:03.959 I/libPowerHal( 1238): [perfLockAcq] idx:1 hdl:250491 hint:-1 pid:1221 duration:250 lock_user:iawareperf@1.0- => ret_hdl:250491
09-20 12:58:03.960 I/libPowerHal( 1238): [setGPUFreq] iawareperf@1.0- user set gpu freq min:2, max:-1
09-20 12:58:03.960 I/libPowerHal( 1238): iawareperf@1.0-: set gpu opp level max: 0
09-20 12:58:03.962 I/libPowerHal( 1238): [setGPUFreq] Soft min/max = (2, 0); Hard min/max = (2, 0)
09-20 12:58:03.962 I/libPowerHal( 1238): [setGPUFreq] final min/max = (2, 0)
09-20 12:58:03.962 I/libPowerHal( 1238): iawareperf@1.0-: set gpu opp level: 2
09-20 12:58:03.962 I/libPowerHal( 1238): iawareperf@1.0-: set gpu opp level max: 0
09-20 12:58:04.080 I/mtkpower@impl( 1238): [powerd_req] TIMER_MSG_PERF_LOCK_TIMEOUT hdl:250476
09-20 12:58:04.080 I/libPowerHal( 1238): [perfLockRel] hdl:250476, idx:2
09-20 12:58:04.215 I/mtkpower@impl( 1238): [powerd_req] TIMER_MSG_PERF_LOCK_TIMEOUT hdl:250491
09-20 12:58:04.215 I/libPowerHal( 1238): [perfLockRel] hdl:250491, idx:1
09-20 12:58:04.215 I/libPowerHal( 1238): [unsetGPUFreq] current min:2, max:0; scn_gpu_min:2, scn_gpu_max:-1; scn_gpu_min(HL):-1, scn_gpu_max(HL):-1
09-20 12:58:04.215 I/libPowerHal( 1238): [setGPUFreq] Soft min/max = (2, 0); Hard min/max = (2, 0)
09-20 12:58:04.215 I/libPowerHal( 1238): [setGPUFreq] final min/max = (2, 0)
09-20 12:58:04.215 I/libPowerHal( 1238): iawareperf@1.0-: set gpu opp level: 2
09-20 12:58:04.223 I/libPowerHal( 1238): iawareperf@1.0-: set gpu opp level max: 0
09-20 12:58:04.487 I/libPowerHal( 1238): [updateFPS] pid(28262) : 60 => 90
09-20 12:58:04.488 I/libPowerHal( 1238): [perfNotifyAppState] pack:com.edudashpro, act:com.edudashpro.MainActivity, state:5, pid:28262, uid:10458, fps:90
09-20 12:58:04.492 E/UxUtility( 1238): notifyAppState error = NULL
09-20 12:58:06.258 I/mtkpower@impl( 1238): [powerd_req] TIMER_MSG_PERF_LOCK_TIMEOUT hdl:250487
09-20 12:58:06.259 I/libPowerHal( 1238): [perfLockRel] hdl:250487, idx:5
09-20 12:58:07.486 I/libPowerHal( 1238): [updateFPS] pid(28262) : 90 => 60
09-20 12:58:07.487 I/libPowerHal( 1238): [perfNotifyAppState] pack:com.edudashpro, act:com.edudashpro.MainActivity, state:5, pid:28262, uid:10458, fps:60
09-20 12:58:07.489 E/UxUtility( 1238): notifyAppState error = NULL
09-20 12:58:08.164 I/mtkpower@impl( 1238): [powerd_req] TIMER_MSG_PERF_LOCK_TIMEOUT hdl:250480
09-20 12:58:08.164 I/libPowerHal( 1238): [perfLockRel] hdl:250480, idx:7
09-20 12:58:08.174 I/libPowerHal( 1238): [setClusterFreq] iawareperf@1.0-: sysfs_freq set cpu freq: -1 2015000 -1 -1
09-20 12:58:08.174 I/libPowerHal( 1238): [unsetGPUFreq] current min:2, max:0; scn_gpu_min:2, scn_gpu_max:-1; scn_gpu_min(HL):-1, scn_gpu_max(HL):-1
09-20 12:58:08.174 I/libPowerHal( 1238): [setGPUFreq] Soft min/max = (2, 0); Hard min/max = (2, 0)
09-20 12:58:08.174 I/libPowerHal( 1238): [setGPUFreq] final min/max = (2, 0)
09-20 12:58:08.174 I/libPowerHal( 1238): iawareperf@1.0-: set gpu opp level: 2
09-20 12:58:08.177 I/libPowerHal( 1238): iawareperf@1.0-: set gpu opp level max: 0
09-20 12:58:08.178 I/libPowerHal( 1238): [PD] iawareperf@1.0- update cmd:1408300 param:0
09-20 12:58:08.182 I/libPowerHal( 1238): [PD] iawareperf@1.0- update cmd:1000000 param:-1
09-20 12:58:08.486 I/libPowerHal( 1238): [updateFPS] pid(28262) : 60 => -1
09-20 12:58:08.486 I/libPowerHal( 1238): [perfNotifyAppState] pack:com.edudashpro, act:com.edudashpro.MainActivity, state:5, pid:28262, uid:10458, fps:-1
09-20 12:58:08.489 E/UxUtility( 1238): notifyAppState error = NULL
09-20 12:58:08.782 I/mtkpower_client( 1630): [Legacy][PowerHal_Wrap_notifyAppState] com.android.rkpdapp/com.android.rkpdapp pid=27507 state:3
09-20 12:58:08.782 I/libPowerHal( 1238): [perfNotifyAppState] pack:com.android.rkpdapp, act:com.android.rkpdapp, state:3, pid:27507, uid:10268, fps:-1
09-20 12:58:08.782 I/libPowerHal( 1238): [perfNotifyAppState] pack:com.android.rkpdapp, pid:27507, STATE_DEAD
09-20 12:58:09.717 I/mtkpower_client( 1317): perf_lock_acq, hdl:0, dur:0, num:2, tid:1317
09-20 12:58:09.719 I/libPowerHal( 1238): [perfLockAcq] idx:1 hdl:250492 hint:-1 pid:1317 duration:0 lock_user:fpsgo => ret_hdl:250492
09-20 12:58:09.719 I/libPowerHal( 1238): [PE] fpsgo update cmd:1404500 param:1
09-20 12:58:09.719 I/mtkpower_client( 1317): ret_hdl:250492
09-20 12:58:09.720 I/mtkpower_client( 1317): perf_lock_acq, hdl:0, dur:0, num:12, tid:1317
09-20 12:58:09.722 I/libPowerHal( 1238): cmdSetting - unknown cmd:1438500, scmd:(null) ,param_1:0
09-20 12:58:09.722 I/libPowerHal( 1238): cmdSetting - unknown cmd:1438800, scmd:(null) ,param_1:0
09-20 12:58:09.722 I/libPowerHal( 1238): [perfLockAcq] idx:2 hdl:250493 hint:-1 pid:1317 duration:0 lock_user:fpsgo => ret_hdl:250493
09-20 12:58:09.727 I/mtkpower_client( 1317): ret_hdl:250493
09-20 12:58:09.729 I/libPowerHal( 1238): [PE] fpsgo update cmd:1438300, param:0
09-20 12:58:09.729 I/libPowerHal( 1238): [PE] fpsgo update cmd:1438400, param:0
09-20 12:58:09.732 I/libPowerHal( 1238): [PE] fpsgo update cmd:1438600, param:0
09-20 12:58:09.733 I/libPowerHal( 1238): [PE] fpsgo update cmd:1438700, param:0
09-20 12:58:09.781 I/mtkpower_client( 1317): perf_lock_rel, hdl:250492, tid:1317
09-20 12:58:09.781 I/mtkpower_client( 1317): perf_lock_rel, hdl:250493, tid:1317
09-20 12:58:09.782 I/libPowerHal( 1238): [perfLockRel] hdl:250492, idx:1
09-20 12:58:09.783 I/libPowerHal( 1238): [PD] fpsgo update cmd:1404500 param:0
09-20 12:58:09.786 I/libPowerHal( 1238): [perfLockRel] hdl:250493, idx:2
09-20 12:58:09.786 I/libPowerHal( 1238): [PD] fpsgo update cmd:1438300, param:1000
09-20 12:58:09.787 I/libPowerHal( 1238): [PD] fpsgo update cmd:1438400, param:1000
09-20 12:58:09.787 I/libPowerHal( 1238): [PD] fpsgo update cmd:1438600 param:1000
09-20 12:58:09.787 I/libPowerHal( 1238): [PD] fpsgo update cmd:1438700 param:1000
09-20 12:58:10.132 I/mtkpower_client( 1317): perf_lock_acq, hdl:0, dur:0, num:2, tid:1317
09-20 12:58:10.138 I/libPowerHal( 1238): [perfLockAcq] idx:1 hdl:250494 hint:-1 pid:1317 duration:0 lock_user:fpsgo => ret_hdl:250494
09-20 12:58:10.138 I/libPowerHal( 1238): [PE] fpsgo update cmd:1404500 param:1
09-20 12:58:10.138 I/mtkpower_client( 1317): ret_hdl:250494
09-20 12:58:10.139 I/mtkpower_client( 1317): perf_lock_acq, hdl:0, dur:0, num:12, tid:1317
09-20 12:58:10.140 I/libPowerHal( 1238): cmdSetting - unknown cmd:1438500, scmd:(null) ,param_1:0
09-20 12:58:10.140 I/libPowerHal( 1238): cmdSetting - unknown cmd:1438800, scmd:(null) ,param_1:0
09-20 12:58:10.140 I/libPowerHal( 1238): [perfLockAcq] idx:2 hdl:250495 hint:-1 pid:1317 duration:0 lock_user:fpsgo => ret_hdl:250495
09-20 12:58:10.141 I/mtkpower_client( 1317): ret_hdl:250495
09-20 12:58:10.145 I/libPowerHal( 1238): [PE] fpsgo update cmd:1438300, param:0
09-20 12:58:10.146 I/libPowerHal( 1238): [PE] fpsgo update cmd:1438400, param:0
09-20 12:58:10.147 I/libPowerHal( 1238): [PE] fpsgo update cmd:1438600, param:0
09-20 12:58:10.147 I/libPowerHal( 1238): [PE] fpsgo update cmd:1438700, param:0
09-20 12:58:10.252 I/mtkpower_client( 1317): perf_lock_rel, hdl:250494, tid:1317
09-20 12:58:10.252 I/mtkpower_client( 1317): perf_lock_rel, hdl:250495, tid:1317
09-20 12:58:10.253 I/libPowerHal( 1238): [perfLockRel] hdl:250494, idx:1
09-20 12:58:10.253 I/libPowerHal( 1238): [PD] fpsgo update cmd:1404500 param:0
09-20 12:58:10.256 I/libPowerHal( 1238): [perfLockRel] hdl:250495, idx:2
09-20 12:58:10.257 I/libPowerHal( 1238): [PD] fpsgo update cmd:1438300, param:1000
09-20 12:58:10.263 I/libPowerHal( 1238): [PD] fpsgo update cmd:1438400, param:1000
09-20 12:58:10.263 I/libPowerHal( 1238): [PD] fpsgo update cmd:1438600 param:1000
09-20 12:58:10.264 I/libPowerHal( 1238): [PD] fpsgo update cmd:1438700 param:1000
09-20 12:58:10.487 I/libPowerHal( 1238): [updateFPS] pid(28262) : -1 => 60
09-20 12:58:10.488 I/libPowerHal( 1238): [perfNotifyAppState] pack:com.edudashpro, act:com.edudashpro.MainActivity, state:5, pid:28262, uid:10458, fps:60
09-20 12:58:10.491 E/UxUtility( 1238): notifyAppState error = NULL
09-20 12:58:10.689 I/mtkpower_client( 1630): [Legacy][PowerHal_Wrap_notifyAppState] com.google.android.gsf/com.google.android.gsf pid=25189 state:3
09-20 12:58:10.692 I/libPowerHal( 1238): [perfNotifyAppState] pack:com.google.android.gsf, act:com.google.android.gsf, state:3, pid:25189, uid:10036, fps:60
09-20 12:58:10.693 I/libPowerHal( 1238): [perfNotifyAppState] pack:com.google.android.gsf, pid:25189, STATE_DEAD
09-20 12:58:10.755 I/mtkpower_client( 1630): [Legacy][PowerHal_Wrap_notifyAppState] com.google.android.googlequicksearchbox/com.google.android.googlequicksearchbox pid=27302 state:3
09-20 12:58:10.755 I/libPowerHal( 1238): [perfNotifyAppState] pack:com.google.android.googlequicksearchbox, act:com.google.android.googlequicksearchbox, state:3, pid:27302, uid:99385, fps:60
09-20 12:58:10.755 I/libPowerHal( 1238): [perfNotifyAppState] pack:com.google.android.googlequicksearchbox, pid:27302, STATE_DEAD
09-20 12:58:10.919 I/libPowerHal( 1238): [perfNotifyAppState] pack:com.google.android.googlequicksearchbox, act:com.google.android.googlequicksearchbox, state:3, pid:27901, uid:10124, fps:60
09-20 12:58:10.919 I/libPowerHal( 1238): [perfNotifyAppState] pack:com.google.android.googlequicksearchbox, pid:27901, STATE_DEAD
09-20 12:58:10.920 I/mtkpower_client( 1630): [Legacy][PowerHal_Wrap_notifyAppState] com.google.android.googlequicksearchbox/com.google.android.googlequicksearchbox pid=27901 state:3
09-20 12:58:11.933 I/mtkpower_client( 1630): [Legacy][PowerHal_Wrap_notifyAppState] com.google.android.youtube/com.google.android.youtube pid=27842 state:3
09-20 12:58:11.936 I/libPowerHal( 1238): [perfNotifyAppState] pack:com.google.android.youtube, act:com.google.android.youtube, state:3, pid:27842, uid:10138, fps:60
09-20 12:58:11.936 I/libPowerHal( 1238): [perfNotifyAppState] pack:com.google.android.youtube, pid:27842, STATE_DEAD
09-20 12:58:12.486 I/libPowerHal( 1238): [updateFPS] pid(28262) : 60 => -1
09-20 12:58:12.487 I/libPowerHal( 1238): [perfNotifyAppState] pack:com.edudashpro, act:com.edudashpro.MainActivity, state:5, pid:28262, uid:10458, fps:-1
09-20 12:58:12.491 E/UxUtility( 1238): notifyAppState error = NULL
09-20 12:58:13.032 I/mtkpower_client( 1630): [Legacy][PowerHal_Wrap_notifyAppState] com.google.android.apps.youtube.music/com.google.android.apps.youtube.music pid=27900 state:3
09-20 12:58:13.033 I/libPowerHal( 1238): [perfNotifyAppState] pack:com.google.android.apps.youtube.music, act:com.google.android.apps.youtube.music, state:3, pid:27900, uid:10137, fps:-1
09-20 12:58:13.033 I/libPowerHal( 1238): [perfNotifyAppState] pack:com.google.android.apps.youtube.music, pid:27900, STATE_DEAD
09-20 12:58:13.674 I/libPowerHal( 1238): [perfNotifyAppState] pack:com.google.android.gms, act:com.google.android.gms, state:3, pid:27675, uid:10036, fps:-1
09-20 12:58:13.674 I/libPowerHal( 1238): [perfNotifyAppState] pack:com.google.android.gms, pid:27675, STATE_DEAD
09-20 12:58:13.676 I/mtkpower_client( 1630): [Legacy][PowerHal_Wrap_notifyAppState] com.google.android.gms/com.google.android.gms pid=27675 state:3
09-20 12:58:16.619 I/mtkpower_client( 1630): [Legacy][PowerHal_Wrap_notifyAppState] com.android.vending/com.android.vending pid=27582 state:3
09-20 12:58:16.622 I/libPowerHal( 1238): [perfNotifyAppState] pack:com.android.vending, act:com.android.vending, state:3, pid:27582, uid:10122, fps:-1
09-20 12:58:16.623 I/libPowerHal( 1238): [perfNotifyAppState] pack:com.android.vending, pid:27582, STATE_DEAD
09-20 12:58:19.899 I/libPowerHal( 1238): [perfLockAcq] idx:1 hdl:250496 hint:-1 pid:1221 duration:3000 lock_user:iawareperf@1.0- => ret_hdl:250496
09-20 12:58:19.909 I/libPowerHal( 1238): [setClusterFreq] iawareperf@1.0-: sysfs_freq set cpu freq: 1617000 -1 1600000 -1
09-20 12:58:19.910 I/libPowerHal( 1238): [PE] iawareperf@1.0- update cmd:1408300, param:30
09-20 12:58:19.944 I/libPowerHal( 1238): [perfLockRel] hdl:250496, idx:1
09-20 12:58:19.945 I/libPowerHal( 1238): [setClusterFreq] iawareperf@1.0-: sysfs_freq set cpu freq: -1 2015000 -1 -1
09-20 12:58:19.945 I/libPowerHal( 1238): [PD] iawareperf@1.0- update cmd:1408300 param:0
09-20 12:58:19.948 I/libPowerHal( 1238): [perfLockAcq] idx:1 hdl:250497 hint:-1 pid:1221 duration:80 lock_user:iawareperf@1.0- => ret_hdl:250497
09-20 12:58:19.950 I/mtkpower_client( 1317): perf_lock_acq, hdl:0, dur:0, num:2, tid:1317
09-20 12:58:19.951 I/libPowerHal( 1238): [setClusterFreq] iawareperf@1.0-: sysfs_freq set cpu freq: 1617000 -1 1491000 -1
09-20 12:58:19.952 I/libPowerHal( 1238): [PE] iawareperf@1.0- update cmd:1408300, param:30
09-20 12:58:19.953 I/libPowerHal( 1238): [perfLockAcq] idx:2 hdl:250498 hint:-1 pid:1221 duration:3000 lock_user:iawareperf@1.0- => ret_hdl:250498
09-20 12:58:19.953 I/libPowerHal( 1238): [setClusterFreq] iawareperf@1.0-: sysfs_freq set cpu freq: 1617000 -1 1491000 -1
09-20 12:58:19.955 I/mtkpower_client( 1317): ret_hdl:250499
09-20 12:58:19.955 I/mtkpower_client( 1317): perf_lock_acq, hdl:0, dur:0, num:12, tid:1317
09-20 12:58:19.956 I/libPowerHal( 1238): [perfLockAcq] idx:4 hdl:250499 hint:-1 pid:1317 duration:0 lock_user:fpsgo => ret_hdl:250499
09-20 12:58:19.956 I/libPowerHal( 1238): [PE] fpsgo update cmd:1404500 param:1
09-20 12:58:19.957 I/mtkpower_client( 1317): ret_hdl:250500
09-20 12:58:19.957 I/libPowerHal( 1238): cmdSetting - unknown cmd:1438500, scmd:(null) ,param_1:0
09-20 12:58:19.957 I/libPowerHal( 1238): cmdSetting - unknown cmd:1438800, scmd:(null) ,param_1:0
09-20 12:58:19.957 I/libPowerHal( 1238): [perfLockAcq] idx:5 hdl:250500 hint:-1 pid:1317 duration:0 lock_user:fpsgo => ret_hdl:250500
09-20 12:58:19.959 I/libPowerHal( 1238): [PE] fpsgo update cmd:1438300, param:0
09-20 12:58:19.959 I/libPowerHal( 1238): [PE] fpsgo update cmd:1438400, param:0
09-20 12:58:19.961 I/libPowerHal( 1238): [PE] fpsgo update cmd:1438600, param:0
09-20 12:58:19.962 I/libPowerHal( 1238): [PE] fpsgo update cmd:1438700, param:0
09-20 12:58:19.993 I/libPowerHal( 1238): [perfLockAcq] idx:7 hdl:250501 hint:-1 pid:1221 duration:250 lock_user:iawareperf@1.0- => ret_hdl:250501
09-20 12:58:19.994 I/libPowerHal( 1238): [setGPUFreq] iawareperf@1.0- user set gpu freq min:2, max:-1
09-20 12:58:19.994 I/libPowerHal( 1238): iawareperf@1.0-: set gpu opp level max: 0
09-20 12:58:19.996 I/libPowerHal( 1238): [setGPUFreq] Soft min/max = (2, 0); Hard min/max = (2, 0)
09-20 12:58:19.996 I/libPowerHal( 1238): [setGPUFreq] final min/max = (2, 0)
09-20 12:58:19.996 I/libPowerHal( 1238): iawareperf@1.0-: set gpu opp level: 2
09-20 12:58:19.997 I/libPowerHal( 1238): iawareperf@1.0-: set gpu opp level max: 0
09-20 12:58:19.998 I/libPowerHal( 1238): [setClusterFreq] iawareperf@1.0-: sysfs_freq set cpu freq: 1617000 -1 1600000 -1
09-20 12:58:19.999 I/libPowerHal( 1238): [PE] iawareperf@1.0- update cmd:1000000 param:4
09-20 12:58:20.003 I/mtkpower_client( 1317): perf_lock_rel, hdl:250499, tid:1317
09-20 12:58:20.004 I/mtkpower_client( 1317): perf_lock_rel, hdl:250500, tid:1317
09-20 12:58:20.004 I/libPowerHal( 1238): [perfLockRel] hdl:250499, idx:4
09-20 12:58:20.005 I/libPowerHal( 1238): [PD] fpsgo update cmd:1404500 param:0
09-20 12:58:20.006 I/libPowerHal( 1238): [perfLockRel] hdl:250500, idx:5
09-20 12:58:20.007 I/libPowerHal( 1238): [PD] fpsgo update cmd:1438300, param:1000
09-20 12:58:20.007 I/libPowerHal( 1238): [PD] fpsgo update cmd:1438400, param:1000
09-20 12:58:20.008 I/libPowerHal( 1238): [PD] fpsgo update cmd:1438600 param:1000
09-20 12:58:20.008 I/libPowerHal( 1238): [PD] fpsgo update cmd:1438700 param:1000
09-20 12:58:20.033 I/mtkpower@impl( 1238): [powerd_req] TIMER_MSG_PERF_LOCK_TIMEOUT hdl:250497
09-20 12:58:20.033 I/libPowerHal( 1238): [perfLockRel] hdl:250497, idx:1
09-20 12:58:20.250 I/mtkpower@impl( 1238): [powerd_req] TIMER_MSG_PERF_LOCK_TIMEOUT hdl:250501
09-20 12:58:20.250 I/libPowerHal( 1238): [perfLockRel] hdl:250501, idx:7
09-20 12:58:20.250 I/libPowerHal( 1238): [setClusterFreq] iawareperf@1.0-: sysfs_freq set cpu freq: -1 -1 -1 -1
09-20 12:58:20.251 I/libPowerHal( 1238): [unsetGPUFreq] current min:2, max:0; scn_gpu_min:2, scn_gpu_max:-1; scn_gpu_min(HL):-1, scn_gpu_max(HL):-1
09-20 12:58:20.251 I/libPowerHal( 1238): [setGPUFreq] Soft min/max = (2, 0); Hard min/max = (2, 0)
09-20 12:58:20.251 I/libPowerHal( 1238): [setGPUFreq] final min/max = (2, 0)
09-20 12:58:20.251 I/libPowerHal( 1238): iawareperf@1.0-: set gpu opp level: 2
09-20 12:58:20.251 I/libPowerHal( 1238): iawareperf@1.0-: set gpu opp level max: 0
09-20 12:58:20.252 I/libPowerHal( 1238): [PD] iawareperf@1.0- update cmd:1408300 param:0
09-20 12:58:20.256 I/libPowerHal( 1238): [PD] iawareperf@1.0- update cmd:1000000 param:-1
09-20 12:58:20.488 I/libPowerHal( 1238): [perfLockAcq] idx:1 hdl:250502 hint:-1 pid:1221 duration:250 lock_user:iawareperf@1.0- => ret_hdl:250502
09-20 12:58:20.488 I/libPowerHal( 1238): [setGPUFreq] iawareperf@1.0- user set gpu freq min:2, max:-1
09-20 12:58:20.488 I/libPowerHal( 1238): iawareperf@1.0-: set gpu opp level max: 0
09-20 12:58:20.488 I/libPowerHal( 1238): [setGPUFreq] Soft min/max = (2, 0); Hard min/max = (2, 0)
09-20 12:58:20.488 I/libPowerHal( 1238): [setGPUFreq] final min/max = (2, 0)
09-20 12:58:20.489 I/libPowerHal( 1238): iawareperf@1.0-: set gpu opp level: 2
09-20 12:58:20.489 I/libPowerHal( 1238): iawareperf@1.0-: set gpu opp level max: 0
09-20 12:58:20.489 I/libPowerHal( 1238): [updateFPS] pid(28262) : -1 => 60
09-20 12:58:20.489 I/libPowerHal( 1238): [setClusterFreq] iawareperf@1.0-: sysfs_freq set cpu freq: 1814000 -1 1600000 -1
09-20 12:58:20.490 I/libPowerHal( 1238): [PE] iawareperf@1.0- update cmd:1408300, param:30
09-20 12:58:20.491 I/libPowerHal( 1238): [PE] iawareperf@1.0- update cmd:1000000 param:2
09-20 12:58:20.491 I/libPowerHal( 1238): [perfNotifyAppState] pack:com.edudashpro, act:com.edudashpro.MainActivity, state:5, pid:28262, uid:10458, fps:60
09-20 12:58:20.494 E/UxUtility( 1238): notifyAppState error = NULL
09-20 12:58:20.498 I/libPowerHal( 1238): [perfLockAcq] idx:4 hdl:250503 hint:-1 pid:1221 duration:250 lock_user:iawareperf@1.0- => ret_hdl:250503
09-20 12:58:20.498 I/libPowerHal( 1238): [setGPUFreq] iawareperf@1.0- user set gpu freq min:2, max:-1
09-20 12:58:20.498 I/libPowerHal( 1238): iawareperf@1.0-: set gpu opp level max: 0
09-20 12:58:20.498 I/libPowerHal( 1238): [setGPUFreq] Soft min/max = (2, 0); Hard min/max = (2, 0)
09-20 12:58:20.498 I/libPowerHal( 1238): [setGPUFreq] final min/max = (2, 0)
09-20 12:58:20.498 I/libPowerHal( 1238): iawareperf@1.0-: set gpu opp level: 2
09-20 12:58:20.498 I/libPowerHal( 1238): iawareperf@1.0-: set gpu opp level max: 0
09-20 12:58:20.532 I/mtkpower_client( 1317): perf_lock_acq, hdl:0, dur:0, num:2, tid:1317
09-20 12:58:20.533 I/mtkpower_client( 1317): ret_hdl:250504
09-20 12:58:20.533 I/mtkpower_client( 1317): perf_lock_acq, hdl:0, dur:0, num:12, tid:1317
09-20 12:58:20.534 I/libPowerHal( 1238): [perfLockAcq] idx:5 hdl:250504 hint:-1 pid:1317 duration:0 lock_user:fpsgo => ret_hdl:250504
09-20 12:58:20.534 I/libPowerHal( 1238): [PE] fpsgo update cmd:1404500 param:1
09-20 12:58:20.534 I/mtkpower_client( 1317): ret_hdl:250505
09-20 12:58:20.535 I/libPowerHal( 1238): cmdSetting - unknown cmd:1438500, scmd:(null) ,param_1:0
09-20 12:58:20.535 I/libPowerHal( 1238): cmdSetting - unknown cmd:1438800, scmd:(null) ,param_1:0
09-20 12:58:20.535 I/libPowerHal( 1238): [perfLockAcq] idx:7 hdl:250505 hint:-1 pid:1317 duration:0 lock_user:fpsgo => ret_hdl:250505
09-20 12:58:20.535 I/libPowerHal( 1238): [PE] fpsgo update cmd:1438300, param:0
09-20 12:58:20.535 I/libPowerHal( 1238): [PE] fpsgo update cmd:1438400, param:0
09-20 12:58:20.535 I/libPowerHal( 1238): [PE] fpsgo update cmd:1438600, param:0
09-20 12:58:20.535 I/libPowerHal( 1238): [PE] fpsgo update cmd:1438700, param:0
09-20 12:58:20.543 I/mtkpower_client( 1317): perf_lock_rel, hdl:250504, tid:1317
09-20 12:58:20.544 I/mtkpower_client( 1317): perf_lock_rel, hdl:250505, tid:1317
09-20 12:58:20.544 I/libPowerHal( 1238): [perfLockRel] hdl:250504, idx:5
09-20 12:58:20.544 I/libPowerHal( 1238): [PD] fpsgo update cmd:1404500 param:0
09-20 12:58:20.546 I/libPowerHal( 1238): [perfLockRel] hdl:250505, idx:7
09-20 12:58:20.546 I/libPowerHal( 1238): [PD] fpsgo update cmd:1438300, param:1000
09-20 12:58:20.547 I/libPowerHal( 1238): [PD] fpsgo update cmd:1438400, param:1000
09-20 12:58:20.547 I/libPowerHal( 1238): [PD] fpsgo update cmd:1438600 param:1000
09-20 12:58:20.547 I/libPowerHal( 1238): [PD] fpsgo update cmd:1438700 param:1000
09-20 12:58:20.742 I/mtkpower@impl( 1238): [powerd_req] TIMER_MSG_PERF_LOCK_TIMEOUT hdl:250502
09-20 12:58:20.744 I/libPowerHal( 1238): [perfLockRel] hdl:250502, idx:1
09-20 12:58:20.746 I/libPowerHal( 1238): [setClusterFreq] iawareperf@1.0-: sysfs_freq set cpu freq: 1617000 -1 1600000 -1
09-20 12:58:20.747 I/libPowerHal( 1238): [unsetGPUFreq] current min:2, max:0; scn_gpu_min:2, scn_gpu_max:-1; scn_gpu_min(HL):-1, scn_gpu_max(HL):-1
09-20 12:58:20.747 I/libPowerHal( 1238): [setGPUFreq] Soft min/max = (2, 0); Hard min/max = (2, 0)
09-20 12:58:20.747 I/libPowerHal( 1238): [setGPUFreq] final min/max = (2, 0)
09-20 12:58:20.747 I/libPowerHal( 1238): iawareperf@1.0-: set gpu opp level: 2
09-20 12:58:20.747 I/libPowerHal( 1238): iawareperf@1.0-: set gpu opp level max: 0
09-20 12:58:20.747 I/libPowerHal( 1238): [PD] iawareperf@1.0- update cmd:1000000 param:4
09-20 12:58:20.749 I/mtkpower@impl( 1238): [powerd_req] TIMER_MSG_PERF_LOCK_TIMEOUT hdl:250503
09-20 12:58:20.749 I/libPowerHal( 1238): [perfLockRel] hdl:250503, idx:4
09-20 12:58:20.750 I/libPowerHal( 1238): [setClusterFreq] iawareperf@1.0-: sysfs_freq set cpu freq: -1 -1 -1 -1
09-20 12:58:20.750 I/libPowerHal( 1238): [unsetGPUFreq] current min:2, max:0; scn_gpu_min:2, scn_gpu_max:-1; scn_gpu_min(HL):-1, scn_gpu_max(HL):-1
09-20 12:58:20.750 I/libPowerHal( 1238): [setGPUFreq] Soft min/max = (2, 0); Hard min/max = (2, 0)
09-20 12:58:20.750 I/libPowerHal( 1238): [setGPUFreq] final min/max = (2, 0)
09-20 12:58:20.750 I/libPowerHal( 1238): iawareperf@1.0-: set gpu opp level: 2
09-20 12:58:20.751 I/libPowerHal( 1238): iawareperf@1.0-: set gpu opp level max: 0
09-20 12:58:20.751 I/libPowerHal( 1238): [PD] iawareperf@1.0- update cmd:1408300 param:0
09-20 12:58:20.752 I/libPowerHal( 1238): [PD] iawareperf@1.0- update cmd:1000000 param:-1
09-20 12:58:22.489 I/libPowerHal( 1238): [updateFPS] pid(28262) : 60 => -1
09-20 12:58:22.489 I/libPowerHal( 1238): [perfNotifyAppState] pack:com.edudashpro, act:com.edudashpro.MainActivity, state:5, pid:28262, uid:10458, fps:-1
09-20 12:58:22.489 E/UxUtility( 1238): notifyAppState error = NULL
09-20 12:58:22.954 I/mtkpower@impl( 1238): [powerd_req] TIMER_MSG_PERF_LOCK_TIMEOUT hdl:250498
09-20 12:58:22.955 I/libPowerHal( 1238): [perfLockRel] hdl:250498, idx:2
09-20 12:58:22.956 I/libPowerHal( 1238): [setClusterFreq] iawareperf@1.0-: sysfs_freq set cpu freq: -1 2015000 -1 -1
