09-20 12:37:01.683 I/libPowerHal( 1238): [PD] fpsgo update cmd:1438300, param:1000
09-20 12:37:01.691 I/libPowerHal( 1238): [PD] fpsgo update cmd:1438400, param:1000
09-20 12:37:01.691 I/libPowerHal( 1238): [PD] fpsgo update cmd:1438600 param:1000
09-20 12:37:01.693 I/libPowerHal( 1238): [PD] fpsgo update cmd:1438700 param:1000
09-20 12:37:01.742 I/mtkpower_client( 1317): perf_lock_acq, hdl:0, dur:0, num:2, tid:1317
09-20 12:37:01.743 I/mtkpower_client( 1317): ret_hdl:249265
09-20 12:37:01.743 I/mtkpower_client( 1317): perf_lock_acq, hdl:0, dur:0, num:12, tid:1317
09-20 12:37:01.744 I/libPowerHal( 1238): [perfLockAcq] idx:2 hdl:249265 hint:-1 pid:1317 duration:0 lock_user:fpsgo => ret_hdl:249265
09-20 12:37:01.744 I/libPowerHal( 1238): [PE] fpsgo update cmd:1404500 param:1
09-20 12:37:01.746 I/mtkpower_client( 1317): ret_hdl:249266
09-20 12:37:01.748 I/libPowerHal( 1238): cmdSetting - unknown cmd:1438500, scmd:(null) ,param_1:0
09-20 12:37:01.748 I/libPowerHal( 1238): cmdSetting - unknown cmd:1438800, scmd:(null) ,param_1:0
09-20 12:37:01.748 I/libPowerHal( 1238): [perfLockAcq] idx:4 hdl:249266 hint:-1 pid:1317 duration:0 lock_user:fpsgo => ret_hdl:249266
09-20 12:37:01.755 I/libPowerHal( 1238): [PE] fpsgo update cmd:1438300, param:0
09-20 12:37:01.757 I/libPowerHal( 1238): [PE] fpsgo update cmd:1438400, param:0
09-20 12:37:01.758 I/libPowerHal( 1238): [PE] fpsgo update cmd:1438600, param:0
09-20 12:37:01.759 I/libPowerHal( 1238): [PE] fpsgo update cmd:1438700, param:0
09-20 12:37:01.790 I/mtkpower_client( 1317): perf_lock_rel, hdl:249265, tid:1317
09-20 12:37:01.791 I/mtkpower_client( 1317): perf_lock_rel, hdl:249266, tid:1317
09-20 12:37:01.793 I/libPowerHal( 1238): [perfLockRel] hdl:249265, idx:2
09-20 12:37:01.794 I/libPowerHal( 1238): [PD] fpsgo update cmd:1404500 param:0
09-20 12:37:01.797 I/libPowerHal( 1238): [perfLockRel] hdl:249266, idx:4
09-20 12:37:01.797 I/libPowerHal( 1238): [PD] fpsgo update cmd:1438300, param:1000
09-20 12:37:01.797 I/libPowerHal( 1238): [PD] fpsgo update cmd:1438400, param:1000
09-20 12:37:01.798 I/libPowerHal( 1238): [PD] fpsgo update cmd:1438600 param:1000
09-20 12:37:01.798 I/libPowerHal( 1238): [PD] fpsgo update cmd:1438700 param:1000
09-20 12:37:01.871 I/libPowerHal( 1238): [perfLockAcq] idx:2 hdl:249267 hint:-1 pid:1221 duration:250 lock_user:iawareperf@1.0- => ret_hdl:249267
09-20 12:37:01.872 I/libPowerHal( 1238): [setGPUFreq] iawareperf@1.0- user set gpu freq min:2, max:-1
09-20 12:37:01.872 I/libPowerHal( 1238): iawareperf@1.0-: set gpu opp level max: 0
09-20 12:37:01.874 I/libPowerHal( 1238): [setGPUFreq] Soft min/max = (2, 0); Hard min/max = (2, 0)
09-20 12:37:01.875 I/libPowerHal( 1238): [setGPUFreq] final min/max = (2, 0)
09-20 12:37:01.875 I/libPowerHal( 1238): iawareperf@1.0-: set gpu opp level: 2
09-20 12:37:01.875 I/libPowerHal( 1238): iawareperf@1.0-: set gpu opp level max: 0
09-20 12:37:02.127 I/mtkpower@impl( 1238): [powerd_req] TIMER_MSG_PERF_LOCK_TIMEOUT hdl:249267
09-20 12:37:02.127 I/libPowerHal( 1238): [perfLockRel] hdl:249267, idx:2
09-20 12:37:02.127 I/libPowerHal( 1238): [unsetGPUFreq] current min:2, max:0; scn_gpu_min:2, scn_gpu_max:-1; scn_gpu_min(HL):-1, scn_gpu_max(HL):-1
09-20 12:37:02.127 I/libPowerHal( 1238): [setGPUFreq] Soft min/max = (2, 0); Hard min/max = (2, 0)
09-20 12:37:02.127 I/libPowerHal( 1238): [setGPUFreq] final min/max = (2, 0)
09-20 12:37:02.127 I/libPowerHal( 1238): iawareperf@1.0-: set gpu opp level: 2
09-20 12:37:02.130 I/libPowerHal( 1238): iawareperf@1.0-: set gpu opp level max: 0
09-20 12:37:02.797 I/libPowerHal( 1238): [perfLockAcq] idx:2 hdl:249268 hint:-1 pid:1221 duration:3000 lock_user:iawareperf@1.0- => ret_hdl:249268
09-20 12:37:02.841 I/libPowerHal( 1238): [perfLockRel] hdl:249268, idx:2
09-20 12:37:02.842 I/libPowerHal( 1238): [perfLockAcq] idx:4 hdl:249269 hint:-1 pid:1221 duration:80 lock_user:iawareperf@1.0- => ret_hdl:249269
09-20 12:37:02.844 I/libPowerHal( 1238): [perfLockAcq] idx:2 hdl:249270 hint:-1 pid:1221 duration:3000 lock_user:iawareperf@1.0- => ret_hdl:249270
09-20 12:37:02.846 I/libPowerHal( 1238): [perfLockAcq] idx:7 hdl:249271 hint:-1 pid:1221 duration:250 lock_user:iawareperf@1.0- => ret_hdl:249271
09-20 12:37:02.846 I/libPowerHal( 1238): [setGPUFreq] iawareperf@1.0- user set gpu freq min:2, max:-1
09-20 12:37:02.846 I/libPowerHal( 1238): iawareperf@1.0-: set gpu opp level max: 0
09-20 12:37:02.849 I/libPowerHal( 1238): [setGPUFreq] Soft min/max = (2, 0); Hard min/max = (2, 0)
09-20 12:37:02.849 I/libPowerHal( 1238): [setGPUFreq] final min/max = (2, 0)
09-20 12:37:02.849 I/libPowerHal( 1238): iawareperf@1.0-: set gpu opp level: 2
09-20 12:37:02.850 I/libPowerHal( 1238): iawareperf@1.0-: set gpu opp level max: 0
09-20 12:37:02.875 I/mtkpower_client( 1317): perf_lock_acq, hdl:0, dur:0, num:2, tid:1317
09-20 12:37:02.876 I/mtkpower_client( 1317): ret_hdl:249272
09-20 12:37:02.876 I/libPowerHal( 1238): [perfLockAcq] idx:8 hdl:249272 hint:-1 pid:1317 duration:0 lock_user:fpsgo => ret_hdl:249272
09-20 12:37:02.877 I/libPowerHal( 1238): [PE] fpsgo update cmd:1404500 param:1
09-20 12:37:02.877 I/mtkpower_client( 1317): perf_lock_acq, hdl:0, dur:0, num:12, tid:1317
09-20 12:37:02.878 I/mtkpower_client( 1317): ret_hdl:249273
09-20 12:37:02.878 I/libPowerHal( 1238): cmdSetting - unknown cmd:1438500, scmd:(null) ,param_1:0
09-20 12:37:02.879 I/libPowerHal( 1238): cmdSetting - unknown cmd:1438800, scmd:(null) ,param_1:0
09-20 12:37:02.879 I/libPowerHal( 1238): [perfLockAcq] idx:9 hdl:249273 hint:-1 pid:1317 duration:0 lock_user:fpsgo => ret_hdl:249273
09-20 12:37:02.879 I/mtkpower_client( 1317): perf_lock_rel, hdl:249272, tid:1317
09-20 12:37:02.885 I/libPowerHal( 1238): [PE] fpsgo update cmd:1438300, param:0
09-20 12:37:02.885 I/libPowerHal( 1238): [PE] fpsgo update cmd:1438400, param:0
09-20 12:37:02.886 I/libPowerHal( 1238): [PE] fpsgo update cmd:1438600, param:0
09-20 12:37:02.886 I/libPowerHal( 1238): [PE] fpsgo update cmd:1438700, param:0
09-20 12:37:02.888 I/mtkpower_client( 1317): perf_lock_rel, hdl:249273, tid:1317
09-20 12:37:02.889 I/libPowerHal( 1238): [perfLockRel] hdl:249272, idx:8
09-20 12:37:02.889 I/libPowerHal( 1238): [PD] fpsgo update cmd:1404500 param:0
09-20 12:37:02.892 I/libPowerHal( 1238): [perfLockRel] hdl:249273, idx:9
09-20 12:37:02.892 I/libPowerHal( 1238): [PD] fpsgo update cmd:1438300, param:1000
09-20 12:37:02.893 I/libPowerHal( 1238): [PD] fpsgo update cmd:1438400, param:1000
09-20 12:37:02.893 I/libPowerHal( 1238): [PD] fpsgo update cmd:1438600 param:1000
09-20 12:37:02.893 I/libPowerHal( 1238): [PD] fpsgo update cmd:1438700 param:1000
09-20 12:37:02.923 I/mtkpower@impl( 1238): [powerd_req] TIMER_MSG_PERF_LOCK_TIMEOUT hdl:249269
09-20 12:37:02.923 I/libPowerHal( 1238): [perfLockRel] hdl:249269, idx:4
09-20 12:37:02.925 I/libPowerHal( 1238): cmdSetting - unknown cmd:1c3c000, scmd:(null) ,param_1:1
09-20 12:37:02.926 I/libPowerHal( 1238): [perfLockAcq] idx:4 hdl:249274 hint:-1 pid:1221 duration:7000 lock_user:iawareperf@1.0- => ret_hdl:249274
09-20 12:37:02.926 I/libPowerHal( 1238): [setGPUFreq] iawareperf@1.0- user set gpu freq min:2, max:-1
09-20 12:37:02.926 I/libPowerHal( 1238): iawareperf@1.0-: set gpu opp level max: 0
09-20 12:37:02.929 I/libPowerHal( 1238): [setGPUFreq] Soft min/max = (2, 0); Hard min/max = (2, 0)
09-20 12:37:02.929 I/libPowerHal( 1238): [setGPUFreq] final min/max = (2, 0)
09-20 12:37:02.929 I/libPowerHal( 1238): iawareperf@1.0-: set gpu opp level: 2
09-20 12:37:02.932 I/libPowerHal( 1238): iawareperf@1.0-: set gpu opp level max: 0
09-20 12:37:02.933 I/mtkpower@impl( 1238): [powerd_req] TIMER_MSG_PERF_LOCK_TIMEOUT hdl:249240
09-20 12:37:02.933 I/libPowerHal( 1238): [perfLockRel] hdl:249240, idx:5
09-20 12:37:02.933 I/libPowerHal( 1238): [unsetGPUFreq] current min:2, max:0; scn_gpu_min:2, scn_gpu_max:-1; scn_gpu_min(HL):-1, scn_gpu_max(HL):-1
09-20 12:37:02.933 I/libPowerHal( 1238): [setGPUFreq] Soft min/max = (2, 0); Hard min/max = (2, 0)
09-20 12:37:02.933 I/libPowerHal( 1238): [setGPUFreq] final min/max = (2, 0)
09-20 12:37:02.933 I/libPowerHal( 1238): iawareperf@1.0-: set gpu opp level: 2
09-20 12:37:02.933 I/libPowerHal( 1238): iawareperf@1.0-: set gpu opp level max: 0
09-20 12:37:02.934 I/libPowerHal( 1238): [unset_task_affinity] index:0 0x0, scn:0xb4000078920123e0
09-20 12:37:02.934 E/libPowerHal( 1238): [unset_task_affinity] stat PATH_CURR_SCENE fail
09-20 12:37:02.934 I/libPowerHal( 1238): [PD] iawareperf@1.0- update ONESHOT cmd:10002000 param:0
09-20 12:37:02.946 I/mtkpower@impl( 1238): [setMode] type:5, enabled:1
09-20 12:37:02.948 I/mtkpower_client( 1630): [Legacy][PowerHal_Wrap_notifyAppState] com.edudashpro/com.edudashpro.MainActivity pid=20474 state:0
09-20 12:37:02.952 I/libPowerHal( 1238): [perfNotifyAppState] pack:com.edudashpro, act:com.edudashpro.MainActivity, state:0, pid:20474, uid:10458, fps:60
09-20 12:37:02.985 I/mtkpower_client( 1630): [Legacy][PowerHal_Wrap_notifyAppState] com.google.android.gms/com.google.android.gms.autofill.ui.AutofillTransparentActivity pid=20599 state:1
09-20 12:37:02.987 I/libPowerHal( 1238): [perfNotifyAppState] pack:com.google.android.gms, act:com.google.android.gms.autofill.ui.AutofillTransparentActivity, state:1, pid:20599, uid:10036, fps:60
09-20 12:37:02.987 I/libPowerHal( 1238): [perfNotifyAppState] foreground:com.google.android.gms, pid:20599, uid:10036
09-20 12:37:02.992 E/UxUtility( 1238): notifyAppState error = NULL
09-20 12:37:02.993 I/mtkpower@impl( 1238): [notifyAppState] pc:0, com.edudashpro => com.google.android.gms
09-20 12:37:02.996 I/mtkpower_client( 1630): [Legacy][PowerHal_Wrap_notifyAppState] com.edudashpro/com.edudashpro.MainActivity pid=20474 state:0
09-20 12:37:02.997 I/libPowerHal( 1238): [perfNotifyAppState] pack:com.edudashpro, act:com.edudashpro.MainActivity, state:0, pid:20474, uid:10458, fps:60
09-20 12:37:03.101 I/mtkpower@impl( 1238): [powerd_req] TIMER_MSG_PERF_LOCK_TIMEOUT hdl:249271
09-20 12:37:03.101 I/libPowerHal( 1238): [perfLockRel] hdl:249271, idx:7
09-20 12:37:03.101 I/libPowerHal( 1238): [unsetGPUFreq] current min:2, max:0; scn_gpu_min:2, scn_gpu_max:-1; scn_gpu_min(HL):-1, scn_gpu_max(HL):-1
09-20 12:37:03.101 I/libPowerHal( 1238): [setGPUFreq] Soft min/max = (2, 0); Hard min/max = (2, 0)
09-20 12:37:03.101 I/libPowerHal( 1238): [setGPUFreq] final min/max = (2, 0)
09-20 12:37:03.101 I/libPowerHal( 1238): iawareperf@1.0-: set gpu opp level: 2
09-20 12:37:03.101 I/libPowerHal( 1238): iawareperf@1.0-: set gpu opp level max: 0
09-20 12:37:03.120 I/mtkpower_client( 1630): [Legacy][PowerHal_Wrap_notifyAppState] com.google.android.gms/com.google.android.gms.autofill.ui.AutofillTransparentActivity pid=20599 state:0
09-20 12:37:03.120 I/libPowerHal( 1238): [perfNotifyAppState] pack:com.google.android.gms, act:com.google.android.gms.autofill.ui.AutofillTransparentActivity, state:0, pid:20599, uid:10036, fps:60
09-20 12:37:03.190 I/libPowerHal( 1238): cmdSetting - unknown cmd:1c3c000, scmd:(null) ,param_1:1
09-20 12:37:03.192 I/libPowerHal( 1238): [perfLockAcq] idx:5 hdl:249275 hint:-1 pid:1221 duration:400 lock_user:iawareperf@1.0- => ret_hdl:249275
09-20 12:37:03.192 I/libPowerHal( 1238): [setGPUFreq] iawareperf@1.0- user set gpu freq min:2, max:-1
09-20 12:37:03.192 I/libPowerHal( 1238): iawareperf@1.0-: set gpu opp level max: 0
09-20 12:37:03.192 I/libPowerHal( 1238): [setGPUFreq] Soft min/max = (2, 0); Hard min/max = (2, 0)
09-20 12:37:03.193 I/libPowerHal( 1238): [setGPUFreq] final min/max = (2, 0)
09-20 12:37:03.193 I/libPowerHal( 1238): iawareperf@1.0-: set gpu opp level: 2
09-20 12:37:03.193 I/libPowerHal( 1238): iawareperf@1.0-: set gpu opp level max: 0
09-20 12:37:03.195 I/mtkpower_client( 1630): [Legacy][PowerHal_Wrap_notifyAppState] com.edudashpro/com.edudashpro.MainActivity pid=20474 state:1
09-20 12:37:03.198 I/libPowerHal( 1238): cmdSetting - unknown cmd:1c3c000, scmd:(null) ,param_1:1
09-20 12:37:03.199 I/libPowerHal( 1238): [perfLockAcq] idx:7 hdl:249276 hint:-1 pid:1221 duration:400 lock_user:iawareperf@1.0- => ret_hdl:249276
09-20 12:37:03.199 I/libPowerHal( 1238): [setGPUFreq] iawareperf@1.0- user set gpu freq min:2, max:-1
09-20 12:37:03.199 I/libPowerHal( 1238): iawareperf@1.0-: set gpu opp level max: 0
09-20 12:37:03.200 I/libPowerHal( 1238): [setGPUFreq] Soft min/max = (2, 0); Hard min/max = (2, 0)
09-20 12:37:03.200 I/libPowerHal( 1238): [setGPUFreq] final min/max = (2, 0)
09-20 12:37:03.200 I/libPowerHal( 1238): iawareperf@1.0-: set gpu opp level: 2
09-20 12:37:03.200 I/libPowerHal( 1238): iawareperf@1.0-: set gpu opp level max: 0
09-20 12:37:03.201 I/libPowerHal( 1238): [perfNotifyAppState] pack:com.edudashpro, act:com.edudashpro.MainActivity, state:1, pid:20474, uid:10458, fps:60
09-20 12:37:03.202 I/libPowerHal( 1238): [perfNotifyAppState] foreground:com.edudashpro, pid:20474, uid:10458
09-20 12:37:03.205 E/UxUtility( 1238): notifyAppState error = NULL
09-20 12:37:03.206 I/mtkpower@impl( 1238): [notifyAppState] pc:0, com.google.android.gms => com.edudashpro
09-20 12:37:03.213 I/mtkpower_client( 1630): [Legacy][PowerHal_Wrap_notifyAppState] com.google.android.gms/com.google.android.gms.autofill.ui.AutofillTransparentActivity pid=20599 state:0
09-20 12:37:03.214 I/libPowerHal( 1238): [perfNotifyAppState] pack:com.google.android.gms, act:com.google.android.gms.autofill.ui.AutofillTransparentActivity, state:0, pid:20599, uid:10036, fps:60
09-20 12:37:03.249 I/libPowerHal( 1238): cmdSetting - unknown cmd:1c3c000, scmd:(null) ,param_1:1
09-20 12:37:03.249 I/libPowerHal( 1238): [perfLockAcq] idx:8 hdl:249277 hint:-1 pid:1221 duration:400 lock_user:iawareperf@1.0- => ret_hdl:249277
09-20 12:37:03.249 I/libPowerHal( 1238): [setGPUFreq] iawareperf@1.0- user set gpu freq min:2, max:-1
09-20 12:37:03.249 I/libPowerHal( 1238): iawareperf@1.0-: set gpu opp level max: 0
09-20 12:37:03.250 I/libPowerHal( 1238): [setGPUFreq] Soft min/max = (2, 0); Hard min/max = (2, 0)
09-20 12:37:03.250 I/libPowerHal( 1238): [setGPUFreq] final min/max = (2, 0)
09-20 12:37:03.250 I/libPowerHal( 1238): iawareperf@1.0-: set gpu opp level: 2
09-20 12:37:03.251 I/libPowerHal( 1238): iawareperf@1.0-: set gpu opp level max: 0
09-20 12:37:03.280 I/libPowerHal( 1238): cmdSetting - unknown cmd:1c3c000, scmd:(null) ,param_1:1
09-20 12:37:03.280 I/libPowerHal( 1238): [perfLockAcq] idx:9 hdl:249278 hint:-1 pid:1221 duration:400 lock_user:iawareperf@1.0- => ret_hdl:249278
09-20 12:37:03.282 I/libPowerHal( 1238): [setGPUFreq] iawareperf@1.0- user set gpu freq min:2, max:-1
09-20 12:37:03.282 I/libPowerHal( 1238): iawareperf@1.0-: set gpu opp level max: 0
09-20 12:37:03.282 I/libPowerHal( 1238): [setGPUFreq] Soft min/max = (2, 0); Hard min/max = (2, 0)
09-20 12:37:03.282 I/libPowerHal( 1238): [setGPUFreq] final min/max = (2, 0)
09-20 12:37:03.282 I/libPowerHal( 1238): iawareperf@1.0-: set gpu opp level: 2
09-20 12:37:03.283 I/libPowerHal( 1238): iawareperf@1.0-: set gpu opp level max: 0
09-20 12:37:03.329 I/mtkpower@impl( 1238): [setMode] type:5, enabled:0
09-20 12:37:03.594 I/mtkpower@impl( 1238): [powerd_req] TIMER_MSG_PERF_LOCK_TIMEOUT hdl:249275
09-20 12:37:03.594 I/libPowerHal( 1238): [perfLockRel] hdl:249275, idx:5
09-20 12:37:03.594 I/libPowerHal( 1238): [unsetGPUFreq] current min:2, max:0; scn_gpu_min:2, scn_gpu_max:-1; scn_gpu_min(HL):-1, scn_gpu_max(HL):-1
09-20 12:37:03.594 I/libPowerHal( 1238): [setGPUFreq] Soft min/max = (2, 0); Hard min/max = (2, 0)
09-20 12:37:03.594 I/libPowerHal( 1238): [setGPUFreq] final min/max = (2, 0)
09-20 12:37:03.594 I/libPowerHal( 1238): iawareperf@1.0-: set gpu opp level: 2
09-20 12:37:03.597 I/libPowerHal( 1238): iawareperf@1.0-: set gpu opp level max: 0
09-20 12:37:03.601 I/mtkpower@impl( 1238): [powerd_req] TIMER_MSG_PERF_LOCK_TIMEOUT hdl:249276
09-20 12:37:03.602 I/libPowerHal( 1238): [perfLockRel] hdl:249276, idx:7
09-20 12:37:03.602 I/libPowerHal( 1238): [unsetGPUFreq] current min:2, max:0; scn_gpu_min:2, scn_gpu_max:-1; scn_gpu_min(HL):-1, scn_gpu_max(HL):-1
09-20 12:37:03.602 I/libPowerHal( 1238): [setGPUFreq] Soft min/max = (2, 0); Hard min/max = (2, 0)
09-20 12:37:03.602 I/libPowerHal( 1238): [setGPUFreq] final min/max = (2, 0)
09-20 12:37:03.602 I/libPowerHal( 1238): iawareperf@1.0-: set gpu opp level: 2
09-20 12:37:03.602 I/libPowerHal( 1238): iawareperf@1.0-: set gpu opp level max: 0
09-20 12:37:03.651 I/mtkpower@impl( 1238): [powerd_req] TIMER_MSG_PERF_LOCK_TIMEOUT hdl:249277
09-20 12:37:03.652 I/libPowerHal( 1238): [perfLockRel] hdl:249277, idx:8
09-20 12:37:03.652 I/libPowerHal( 1238): [unsetGPUFreq] current min:2, max:0; scn_gpu_min:2, scn_gpu_max:-1; scn_gpu_min(HL):-1, scn_gpu_max(HL):-1
09-20 12:37:03.652 I/libPowerHal( 1238): [setGPUFreq] Soft min/max = (2, 0); Hard min/max = (2, 0)
09-20 12:37:03.653 I/libPowerHal( 1238): [setGPUFreq] final min/max = (2, 0)
09-20 12:37:03.653 I/libPowerHal( 1238): iawareperf@1.0-: set gpu opp level: 2
09-20 12:37:03.653 I/libPowerHal( 1238): iawareperf@1.0-: set gpu opp level max: 0
09-20 12:37:03.683 I/mtkpower@impl( 1238): [powerd_req] TIMER_MSG_PERF_LOCK_TIMEOUT hdl:249278
09-20 12:37:03.683 I/libPowerHal( 1238): [perfLockRel] hdl:249278, idx:9
09-20 12:37:03.683 I/libPowerHal( 1238): [unsetGPUFreq] current min:2, max:0; scn_gpu_min:2, scn_gpu_max:-1; scn_gpu_min(HL):-1, scn_gpu_max(HL):-1
09-20 12:37:03.683 I/libPowerHal( 1238): [setGPUFreq] Soft min/max = (2, 0); Hard min/max = (2, 0)
09-20 12:37:03.683 I/libPowerHal( 1238): [setGPUFreq] final min/max = (2, 0)
09-20 12:37:03.683 I/libPowerHal( 1238): iawareperf@1.0-: set gpu opp level: 2
09-20 12:37:03.684 I/libPowerHal( 1238): iawareperf@1.0-: set gpu opp level max: 0
09-20 12:37:03.845 I/mtkpower_client( 1317): perf_lock_acq, hdl:0, dur:0, num:2, tid:1317
09-20 12:37:03.846 I/mtkpower_client( 1317): ret_hdl:249279
09-20 12:37:03.846 I/mtkpower_client( 1317): perf_lock_acq, hdl:0, dur:0, num:12, tid:1317
09-20 12:37:03.847 I/libPowerHal( 1238): [perfLockAcq] idx:5 hdl:249279 hint:-1 pid:1317 duration:0 lock_user:fpsgo => ret_hdl:249279
09-20 12:37:03.847 I/libPowerHal( 1238): [PE] fpsgo update cmd:1404500 param:1
09-20 12:37:03.848 I/mtkpower_client( 1317): ret_hdl:249280
09-20 12:37:03.848 I/libPowerHal( 1238): cmdSetting - unknown cmd:1438500, scmd:(null) ,param_1:0
09-20 12:37:03.848 I/libPowerHal( 1238): cmdSetting - unknown cmd:1438800, scmd:(null) ,param_1:0
09-20 12:37:03.848 I/libPowerHal( 1238): [perfLockAcq] idx:7 hdl:249280 hint:-1 pid:1317 duration:0 lock_user:fpsgo => ret_hdl:249280
09-20 12:37:03.853 I/libPowerHal( 1238): [PE] fpsgo update cmd:1438300, param:0
09-20 12:37:03.854 I/libPowerHal( 1238): [PE] fpsgo update cmd:1438400, param:0
09-20 12:37:03.855 I/libPowerHal( 1238): [PE] fpsgo update cmd:1438600, param:0
09-20 12:37:03.856 I/libPowerHal( 1238): [PE] fpsgo update cmd:1438700, param:0
09-20 12:37:03.957 I/libPowerHal( 1238): [updateFPS] pid(20474) : 60 => -1
09-20 12:37:03.957 I/libPowerHal( 1238): [perfNotifyAppState] pack:com.edudashpro, act:com.edudashpro.MainActivity, state:5, pid:20474, uid:10458, fps:-1
09-20 12:37:03.960 E/UxUtility( 1238): notifyAppState error = NULL
09-20 12:37:03.979 I/mtkpower_client( 1317): perf_lock_rel, hdl:249279, tid:1317
09-20 12:37:03.980 I/mtkpower_client( 1317): perf_lock_rel, hdl:249280, tid:1317
09-20 12:37:03.980 I/libPowerHal( 1238): [perfLockRel] hdl:249279, idx:5
09-20 12:37:03.981 I/libPowerHal( 1238): [PD] fpsgo update cmd:1404500 param:0
09-20 12:37:03.982 I/libPowerHal( 1238): [perfLockRel] hdl:249280, idx:7
09-20 12:37:03.982 I/libPowerHal( 1238): [PD] fpsgo update cmd:1438300, param:1000
09-20 12:37:03.982 I/libPowerHal( 1238): [PD] fpsgo update cmd:1438400, param:1000
09-20 12:37:03.982 I/libPowerHal( 1238): [PD] fpsgo update cmd:1438600 param:1000
09-20 12:37:03.982 I/libPowerHal( 1238): [PD] fpsgo update cmd:1438700 param:1000
09-20 12:37:04.348 I/mtkpower@impl( 1238): [powerd_req] TIMER_MSG_PERF_LOCK_TIMEOUT hdl:249261
09-20 12:37:04.348 I/libPowerHal( 1238): [perfLockRel] hdl:249261, idx:1
09-20 12:37:04.843 I/mtkpower_client( 1317): perf_lock_acq, hdl:0, dur:0, num:2, tid:1317
09-20 12:37:04.844 I/mtkpower_client( 1317): ret_hdl:249281
09-20 12:37:04.844 I/mtkpower_client( 1317): perf_lock_acq, hdl:0, dur:0, num:12, tid:1317
09-20 12:37:04.844 I/libPowerHal( 1238): [perfLockAcq] idx:1 hdl:249281 hint:-1 pid:1317 duration:0 lock_user:fpsgo => ret_hdl:249281
09-20 12:37:04.845 I/libPowerHal( 1238): [PE] fpsgo update cmd:1404500 param:1
09-20 12:37:04.845 I/mtkpower_client( 1317): ret_hdl:249282
09-20 12:37:04.846 I/libPowerHal( 1238): cmdSetting - unknown cmd:1438500, scmd:(null) ,param_1:0
09-20 12:37:04.846 I/libPowerHal( 1238): cmdSetting - unknown cmd:1438800, scmd:(null) ,param_1:0
09-20 12:37:04.846 I/libPowerHal( 1238): [perfLockAcq] idx:5 hdl:249282 hint:-1 pid:1317 duration:0 lock_user:fpsgo => ret_hdl:249282
09-20 12:37:04.846 I/libPowerHal( 1238): [PE] fpsgo update cmd:1438300, param:0
09-20 12:37:04.846 I/libPowerHal( 1238): [PE] fpsgo update cmd:1438400, param:0
09-20 12:37:04.846 I/libPowerHal( 1238): [PE] fpsgo update cmd:1438600, param:0
09-20 12:37:04.847 I/libPowerHal( 1238): [PE] fpsgo update cmd:1438700, param:0
09-20 12:37:04.980 I/mtkpower_client( 1317): perf_lock_rel, hdl:249281, tid:1317
09-20 12:37:04.981 I/mtkpower_client( 1317): perf_lock_rel, hdl:249282, tid:1317
09-20 12:37:04.981 I/libPowerHal( 1238): [perfLockRel] hdl:249281, idx:1
09-20 12:37:04.982 I/libPowerHal( 1238): [PD] fpsgo update cmd:1404500 param:0
09-20 12:37:04.983 I/libPowerHal( 1238): [perfLockRel] hdl:249282, idx:5
09-20 12:37:04.983 I/libPowerHal( 1238): [PD] fpsgo update cmd:1438300, param:1000
09-20 12:37:04.984 I/libPowerHal( 1238): [PD] fpsgo update cmd:1438400, param:1000
09-20 12:37:04.984 I/libPowerHal( 1238): [PD] fpsgo update cmd:1438600 param:1000
09-20 12:37:04.984 I/libPowerHal( 1238): [PD] fpsgo update cmd:1438700 param:1000
09-20 12:37:05.840 I/mtkpower_client( 1317): perf_lock_acq, hdl:0, dur:0, num:2, tid:1317
09-20 12:37:05.841 I/mtkpower_client( 1317): ret_hdl:249283
09-20 12:37:05.842 I/mtkpower_client( 1317): perf_lock_acq, hdl:0, dur:0, num:12, tid:1317
09-20 12:37:05.842 I/libPowerHal( 1238): [perfLockAcq] idx:1 hdl:249283 hint:-1 pid:1317 duration:0 lock_user:fpsgo => ret_hdl:249283
09-20 12:37:05.842 I/libPowerHal( 1238): [PE] fpsgo update cmd:1404500 param:1
09-20 12:37:05.843 I/mtkpower_client( 1317): ret_hdl:249284
09-20 12:37:05.844 I/mtkpower@impl( 1238): [powerd_req] TIMER_MSG_PERF_LOCK_TIMEOUT hdl:249270
09-20 12:37:05.844 I/libPowerHal( 1238): [perfLockRel] hdl:249270, idx:2
09-20 12:37:05.845 I/libPowerHal( 1238): cmdSetting - unknown cmd:1438500, scmd:(null) ,param_1:0
09-20 12:37:05.846 I/libPowerHal( 1238): cmdSetting - unknown cmd:1438800, scmd:(null) ,param_1:0
09-20 12:37:05.847 I/libPowerHal( 1238): [perfLockAcq] idx:5 hdl:249284 hint:-1 pid:1317 duration:0 lock_user:fpsgo => ret_hdl:249284
09-20 12:37:05.847 I/libPowerHal( 1238): [PE] fpsgo update cmd:1438300, param:0
09-20 12:37:05.847 I/libPowerHal( 1238): [PE] fpsgo update cmd:1438400, param:0
09-20 12:37:05.848 I/libPowerHal( 1238): [PE] fpsgo update cmd:1438600, param:0
09-20 12:37:05.848 I/libPowerHal( 1238): [PE] fpsgo update cmd:1438700, param:0
09-20 12:37:05.981 I/mtkpower_client( 1317): perf_lock_rel, hdl:249283, tid:1317
09-20 12:37:05.982 I/mtkpower_client( 1317): perf_lock_rel, hdl:249284, tid:1317
09-20 12:37:05.982 I/libPowerHal( 1238): [perfLockRel] hdl:249283, idx:1
09-20 12:37:05.982 I/libPowerHal( 1238): [PD] fpsgo update cmd:1404500 param:0
09-20 12:37:05.983 I/libPowerHal( 1238): [perfLockRel] hdl:249284, idx:5
09-20 12:37:05.984 I/libPowerHal( 1238): [PD] fpsgo update cmd:1438300, param:1000
09-20 12:37:05.984 I/libPowerHal( 1238): [PD] fpsgo update cmd:1438400, param:1000
09-20 12:37:05.985 I/libPowerHal( 1238): [PD] fpsgo update cmd:1438600 param:1000
09-20 12:37:05.985 I/libPowerHal( 1238): [PD] fpsgo update cmd:1438700 param:1000
09-20 12:37:06.376 I/libPowerHal( 1238): [perfLockAcq] idx:1 hdl:249285 hint:-1 pid:1221 duration:3000 lock_user:iawareperf@1.0- => ret_hdl:249285
09-20 12:37:06.411 I/mtkpower_client( 1317): perf_lock_acq, hdl:0, dur:0, num:2, tid:1317
09-20 12:37:06.412 I/mtkpower_client( 1317): ret_hdl:249286
09-20 12:37:06.412 I/mtkpower_client( 1317): perf_lock_acq, hdl:0, dur:0, num:12, tid:1317
09-20 12:37:06.422 I/libPowerHal( 1238): [perfLockAcq] idx:2 hdl:249286 hint:-1 pid:1317 duration:0 lock_user:fpsgo => ret_hdl:249286
09-20 12:37:06.422 I/libPowerHal( 1238): [PE] fpsgo update cmd:1404500 param:1
09-20 12:37:06.423 I/mtkpower_client( 1317): ret_hdl:249287
09-20 12:37:06.424 I/libPowerHal( 1238): cmdSetting - unknown cmd:1438500, scmd:(null) ,param_1:0
09-20 12:37:06.424 I/libPowerHal( 1238): cmdSetting - unknown cmd:1438800, scmd:(null) ,param_1:0
09-20 12:37:06.424 I/libPowerHal( 1238): [perfLockAcq] idx:5 hdl:249287 hint:-1 pid:1317 duration:0 lock_user:fpsgo => ret_hdl:249287
09-20 12:37:06.428 I/libPowerHal( 1238): [PE] fpsgo update cmd:1438300, param:0
09-20 12:37:06.428 I/libPowerHal( 1238): [PE] fpsgo update cmd:1438400, param:0
09-20 12:37:06.429 I/libPowerHal( 1238): [PE] fpsgo update cmd:1438600, param:0
09-20 12:37:06.429 I/libPowerHal( 1238): [PE] fpsgo update cmd:1438700, param:0
09-20 12:37:06.437 I/libPowerHal( 1238): [perfLockRel] hdl:249285, idx:1
09-20 12:37:06.439 I/libPowerHal( 1238): [perfLockAcq] idx:7 hdl:249288 hint:-1 pid:1221 duration:80 lock_user:iawareperf@1.0- => ret_hdl:249288
09-20 12:37:06.441 I/libPowerHal( 1238): [perfLockAcq] idx:1 hdl:249289 hint:-1 pid:1221 duration:3000 lock_user:iawareperf@1.0- => ret_hdl:249289
09-20 12:37:06.486 I/libPowerHal( 1238): [perfLockAcq] idx:8 hdl:249290 hint:-1 pid:1221 duration:250 lock_user:iawareperf@1.0- => ret_hdl:249290
09-20 12:37:06.486 I/libPowerHal( 1238): [setGPUFreq] iawareperf@1.0- user set gpu freq min:2, max:-1
09-20 12:37:06.486 I/libPowerHal( 1238): iawareperf@1.0-: set gpu opp level max: 0
09-20 12:37:06.489 I/libPowerHal( 1238): [setGPUFreq] Soft min/max = (2, 0); Hard min/max = (2, 0)
09-20 12:37:06.489 I/libPowerHal( 1238): [setGPUFreq] final min/max = (2, 0)
09-20 12:37:06.490 I/libPowerHal( 1238): iawareperf@1.0-: set gpu opp level: 2
09-20 12:37:06.491 I/libPowerHal( 1238): iawareperf@1.0-: set gpu opp level max: 0
09-20 12:37:06.493 I/mtkpower_client( 1317): perf_lock_rel, hdl:249286, tid:1317
09-20 12:37:06.493 I/mtkpower_client( 1317): perf_lock_rel, hdl:249287, tid:1317
09-20 12:37:06.494 I/libPowerHal( 1238): [perfLockRel] hdl:249286, idx:2
09-20 12:37:06.494 I/libPowerHal( 1238): [PD] fpsgo update cmd:1404500 param:0
09-20 12:37:06.495 I/libPowerHal( 1238): [perfLockRel] hdl:249287, idx:5
09-20 12:37:06.495 I/libPowerHal( 1238): [PD] fpsgo update cmd:1438300, param:1000
09-20 12:37:06.500 I/libPowerHal( 1238): [PD] fpsgo update cmd:1438400, param:1000
09-20 12:37:06.501 I/libPowerHal( 1238): [PD] fpsgo update cmd:1438600 param:1000
09-20 12:37:06.502 I/libPowerHal( 1238): [PD] fpsgo update cmd:1438700 param:1000
09-20 12:37:06.519 I/mtkpower@impl( 1238): [powerd_req] TIMER_MSG_PERF_LOCK_TIMEOUT hdl:249288
09-20 12:37:06.519 I/libPowerHal( 1238): [perfLockRel] hdl:249288, idx:7
09-20 12:37:06.742 I/mtkpower@impl( 1238): [powerd_req] TIMER_MSG_PERF_LOCK_TIMEOUT hdl:249290
09-20 12:37:06.743 I/libPowerHal( 1238): [perfLockRel] hdl:249290, idx:8
09-20 12:37:06.743 I/libPowerHal( 1238): [unsetGPUFreq] current min:2, max:0; scn_gpu_min:2, scn_gpu_max:-1; scn_gpu_min(HL):-1, scn_gpu_max(HL):-1
09-20 12:37:06.743 I/libPowerHal( 1238): [setGPUFreq] Soft min/max = (2, 0); Hard min/max = (2, 0)
09-20 12:37:06.743 I/libPowerHal( 1238): [setGPUFreq] final min/max = (2, 0)
09-20 12:37:06.743 I/libPowerHal( 1238): iawareperf@1.0-: set gpu opp level: 2
09-20 12:37:06.747 I/libPowerHal( 1238): iawareperf@1.0-: set gpu opp level max: 0
09-20 12:37:06.957 I/libPowerHal( 1238): [updateFPS] pid(20474) : -1 => 90
09-20 12:37:06.958 I/libPowerHal( 1238): [perfNotifyAppState] pack:com.edudashpro, act:com.edudashpro.MainActivity, state:5, pid:20474, uid:10458, fps:90
09-20 12:37:06.961 E/UxUtility( 1238): notifyAppState error = NULL
09-20 12:37:07.328 I/libPowerHal( 1238): [perfLockAcq] idx:2 hdl:249291 hint:-1 pid:1221 duration:250 lock_user:iawareperf@1.0- => ret_hdl:249291
09-20 12:37:07.328 I/libPowerHal( 1238): [setGPUFreq] iawareperf@1.0- user set gpu freq min:2, max:-1
09-20 12:37:07.328 I/libPowerHal( 1238): iawareperf@1.0-: set gpu opp level max: 0
09-20 12:37:07.331 I/libPowerHal( 1238): [setGPUFreq] Soft min/max = (2, 0); Hard min/max = (2, 0)
09-20 12:37:07.331 I/libPowerHal( 1238): [setGPUFreq] final min/max = (2, 0)
09-20 12:37:07.331 I/libPowerHal( 1238): iawareperf@1.0-: set gpu opp level: 2
09-20 12:37:07.333 I/libPowerHal( 1238): iawareperf@1.0-: set gpu opp level max: 0
09-20 12:37:07.584 I/mtkpower@impl( 1238): [powerd_req] TIMER_MSG_PERF_LOCK_TIMEOUT hdl:249291
09-20 12:37:07.585 I/libPowerHal( 1238): [perfLockRel] hdl:249291, idx:2
09-20 12:37:07.585 I/libPowerHal( 1238): [unsetGPUFreq] current min:2, max:0; scn_gpu_min:2, scn_gpu_max:-1; scn_gpu_min(HL):-1, scn_gpu_max(HL):-1
09-20 12:37:07.585 I/libPowerHal( 1238): [setGPUFreq] Soft min/max = (2, 0); Hard min/max = (2, 0)
09-20 12:37:07.585 I/libPowerHal( 1238): [setGPUFreq] final min/max = (2, 0)
09-20 12:37:07.585 I/libPowerHal( 1238): iawareperf@1.0-: set gpu opp level: 2
09-20 12:37:07.587 I/libPowerHal( 1238): iawareperf@1.0-: set gpu opp level max: 0
09-20 12:37:09.443 I/mtkpower@impl( 1238): [powerd_req] TIMER_MSG_PERF_LOCK_TIMEOUT hdl:249289
09-20 12:37:09.443 I/libPowerHal( 1238): [perfLockRel] hdl:249289, idx:1
09-20 12:37:09.933 I/mtkpower@impl( 1238): [powerd_req] TIMER_MSG_PERF_LOCK_TIMEOUT hdl:249274
09-20 12:37:09.933 I/libPowerHal( 1238): [perfLockRel] hdl:249274, idx:4
09-20 12:37:09.942 I/libPowerHal( 1238): [setClusterFreq] iawareperf@1.0-: sysfs_freq set cpu freq: -1 2015000 -1 -1
09-20 12:37:09.943 I/libPowerHal( 1238): [unsetGPUFreq] current min:2, max:0; scn_gpu_min:2, scn_gpu_max:-1; scn_gpu_min(HL):-1, scn_gpu_max(HL):-1
09-20 12:37:09.943 I/libPowerHal( 1238): [setGPUFreq] Soft min/max = (2, 0); Hard min/max = (2, 0)
09-20 12:37:09.944 I/libPowerHal( 1238): [setGPUFreq] final min/max = (2, 0)
09-20 12:37:09.944 I/libPowerHal( 1238): iawareperf@1.0-: set gpu opp level: 2
09-20 12:37:09.946 I/libPowerHal( 1238): iawareperf@1.0-: set gpu opp level max: 0
09-20 12:37:09.948 I/libPowerHal( 1238): [PD] iawareperf@1.0- update cmd:1408300 param:0
09-20 12:37:09.951 I/libPowerHal( 1238): [PD] iawareperf@1.0- update cmd:1000000 param:-1
09-20 12:37:10.959 I/libPowerHal( 1238): [updateFPS] pid(20474) : 90 => -1
09-20 12:37:10.960 I/libPowerHal( 1238): [perfNotifyAppState] pack:com.edudashpro, act:com.edudashpro.MainActivity, state:5, pid:20474, uid:10458, fps:-1
09-20 12:37:10.962 E/UxUtility( 1238): notifyAppState error = NULL
09-20 12:37:12.564 I/mtkpower_client( 1317): perf_lock_acq, hdl:0, dur:0, num:2, tid:1317
09-20 12:37:12.566 I/mtkpower_client( 1317): ret_hdl:249292
09-20 12:37:12.566 I/mtkpower_client( 1317): perf_lock_acq, hdl:0, dur:0, num:12, tid:1317
09-20 12:37:12.568 I/libPowerHal( 1238): [perfLockAcq] idx:1 hdl:249292 hint:-1 pid:1317 duration:0 lock_user:fpsgo => ret_hdl:249292
09-20 12:37:12.568 I/libPowerHal( 1238): [PE] fpsgo update cmd:1404500 param:1
09-20 12:37:12.570 I/mtkpower_client( 1317): ret_hdl:249293
09-20 12:37:12.570 I/libPowerHal( 1238): cmdSetting - unknown cmd:1438500, scmd:(null) ,param_1:0
09-20 12:37:12.570 I/libPowerHal( 1238): cmdSetting - unknown cmd:1438800, scmd:(null) ,param_1:0
09-20 12:37:12.570 I/libPowerHal( 1238): [perfLockAcq] idx:2 hdl:249293 hint:-1 pid:1317 duration:0 lock_user:fpsgo => ret_hdl:249293
09-20 12:37:12.575 I/libPowerHal( 1238): [PE] fpsgo update cmd:1438300, param:0
09-20 12:37:12.575 I/libPowerHal( 1238): [PE] fpsgo update cmd:1438400, param:0
09-20 12:37:12.576 I/libPowerHal( 1238): [PE] fpsgo update cmd:1438600, param:0
09-20 12:37:12.576 I/libPowerHal( 1238): [PE] fpsgo update cmd:1438700, param:0
09-20 12:37:12.642 I/mtkpower_client( 1317): perf_lock_rel, hdl:249292, tid:1317
09-20 12:37:12.643 I/libPowerHal( 1238): [perfLockRel] hdl:249292, idx:1
09-20 12:37:12.643 I/libPowerHal( 1238): [PD] fpsgo update cmd:1404500 param:0
09-20 12:37:12.644 I/mtkpower_client( 1317): perf_lock_rel, hdl:249293, tid:1317
09-20 12:37:12.646 I/libPowerHal( 1238): [perfLockRel] hdl:249293, idx:2
09-20 12:37:12.646 I/libPowerHal( 1238): [PD] fpsgo update cmd:1438300, param:1000
09-20 12:37:12.652 I/libPowerHal( 1238): [PD] fpsgo update cmd:1438400, param:1000
09-20 12:37:12.653 I/libPowerHal( 1238): [PD] fpsgo update cmd:1438600 param:1000
09-20 12:37:12.654 I/libPowerHal( 1238): [PD] fpsgo update cmd:1438700 param:1000
09-20 12:37:12.812 I/mtkpower_client( 1317): perf_lock_acq, hdl:0, dur:0, num:2, tid:1317
09-20 12:37:12.813 I/mtkpower_client( 1317): ret_hdl:249294
09-20 12:37:12.813 I/mtkpower_client( 1317): perf_lock_acq, hdl:0, dur:0, num:12, tid:1317
09-20 12:37:12.814 I/libPowerHal( 1238): [perfLockAcq] idx:1 hdl:249294 hint:-1 pid:1317 duration:0 lock_user:fpsgo => ret_hdl:249294
09-20 12:37:12.814 I/libPowerHal( 1238): [PE] fpsgo update cmd:1404500 param:1
09-20 12:37:12.816 I/mtkpower_client( 1317): ret_hdl:249295
09-20 12:37:12.816 I/libPowerHal( 1238): cmdSetting - unknown cmd:1438500, scmd:(null) ,param_1:0
09-20 12:37:12.816 I/libPowerHal( 1238): cmdSetting - unknown cmd:1438800, scmd:(null) ,param_1:0
09-20 12:37:12.816 I/libPowerHal( 1238): [perfLockAcq] idx:2 hdl:249295 hint:-1 pid:1317 duration:0 lock_user:fpsgo => ret_hdl:249295
09-20 12:37:12.817 I/libPowerHal( 1238): [PE] fpsgo update cmd:1438300, param:0
09-20 12:37:12.817 I/libPowerHal( 1238): [PE] fpsgo update cmd:1438400, param:0
09-20 12:37:12.818 I/libPowerHal( 1238): [PE] fpsgo update cmd:1438600, param:0
09-20 12:37:12.818 I/libPowerHal( 1238): [PE] fpsgo update cmd:1438700, param:0
09-20 12:37:12.959 I/libPowerHal( 1238): [updateFPS] pid(20474) : -1 => 60
09-20 12:37:12.960 I/libPowerHal( 1238): [perfNotifyAppState] pack:com.edudashpro, act:com.edudashpro.MainActivity, state:5, pid:20474, uid:10458, fps:60
09-20 12:37:12.964 E/UxUtility( 1238): notifyAppState error = NULL
09-20 12:37:12.992 I/mtkpower_client( 1317): perf_lock_rel, hdl:249294, tid:1317
09-20 12:37:12.994 I/mtkpower_client( 1317): perf_lock_rel, hdl:249295, tid:1317
09-20 12:37:12.994 I/libPowerHal( 1238): [perfLockRel] hdl:249294, idx:1
09-20 12:37:12.996 I/libPowerHal( 1238): [PD] fpsgo update cmd:1404500 param:0
09-20 12:37:13.000 I/libPowerHal( 1238): [perfLockRel] hdl:249295, idx:2
09-20 12:37:13.001 I/libPowerHal( 1238): [PD] fpsgo update cmd:1438300, param:1000
09-20 12:37:13.001 I/libPowerHal( 1238): [PD] fpsgo update cmd:1438400, param:1000
09-20 12:37:13.001 I/libPowerHal( 1238): [PD] fpsgo update cmd:1438600 param:1000
09-20 12:37:13.002 I/libPowerHal( 1238): [PD] fpsgo update cmd:1438700 param:1000
09-20 12:37:14.961 I/libPowerHal( 1238): [updateFPS] pid(20474) : 60 => -1
09-20 12:37:14.962 I/libPowerHal( 1238): [perfNotifyAppState] pack:com.edudashpro, act:com.edudashpro.MainActivity, state:5, pid:20474, uid:10458, fps:-1
09-20 12:37:14.962 E/UxUtility( 1238): notifyAppState error = NULL
09-20 12:37:20.021 I/libPowerHal( 1238): [perfLockAcq] idx:1 hdl:249296 hint:-1 pid:1221 duration:3000 lock_user:iawareperf@1.0- => ret_hdl:249296
09-20 12:37:20.022 I/libPowerHal( 1238): [setClusterFreq] iawareperf@1.0-: sysfs_freq set cpu freq: 1617000 -1 1600000 -1
09-20 12:37:20.022 I/libPowerHal( 1238): [PE] iawareperf@1.0- update cmd:1408300, param:30
09-20 12:37:20.063 I/mtkpower_client( 1317): perf_lock_acq, hdl:0, dur:0, num:2, tid:1317
09-20 12:37:20.063 I/libPowerHal( 1238): [perfLockRel] hdl:249296, idx:1
09-20 12:37:20.066 I/libPowerHal( 1238): [setClusterFreq] iawareperf@1.0-: sysfs_freq set cpu freq: -1 2015000 -1 -1
09-20 12:37:20.066 I/libPowerHal( 1238): [PD] iawareperf@1.0- update cmd:1408300 param:0
09-20 12:37:20.069 I/libPowerHal( 1238): [perfLockAcq] idx:2 hdl:249297 hint:-1 pid:1221 duration:80 lock_user:iawareperf@1.0- => ret_hdl:249297
09-20 12:37:20.075 I/libPowerHal( 1238): [setClusterFreq] iawareperf@1.0-: sysfs_freq set cpu freq: 1617000 -1 1491000 -1
09-20 12:37:20.076 I/libPowerHal( 1238): [PE] iawareperf@1.0- update cmd:1408300, param:30
09-20 12:37:20.077 I/libPowerHal( 1238): [perfLockAcq] idx:4 hdl:249298 hint:-1 pid:1221 duration:3000 lock_user:iawareperf@1.0- => ret_hdl:249298
09-20 12:37:20.078 I/libPowerHal( 1238): [setClusterFreq] iawareperf@1.0-: sysfs_freq set cpu freq: 1617000 -1 1491000 -1
09-20 12:37:20.079 I/mtkpower_client( 1317): ret_hdl:249299
09-20 12:37:20.079 I/libPowerHal( 1238): [perfLockAcq] idx:1 hdl:249299 hint:-1 pid:1317 duration:0 lock_user:fpsgo => ret_hdl:249299
09-20 12:37:20.079 I/mtkpower_client( 1317): perf_lock_acq, hdl:0, dur:0, num:12, tid:1317
09-20 12:37:20.079 I/libPowerHal( 1238): [PE] fpsgo update cmd:1404500 param:1
09-20 12:37:20.079 I/mtkpower_client( 1317): ret_hdl:249300
09-20 12:37:20.080 I/libPowerHal( 1238): cmdSetting - unknown cmd:1438500, scmd:(null) ,param_1:0
09-20 12:37:20.080 I/libPowerHal( 1238): cmdSetting - unknown cmd:1438800, scmd:(null) ,param_1:0
09-20 12:37:20.080 I/libPowerHal( 1238): [perfLockAcq] idx:5 hdl:249300 hint:-1 pid:1317 duration:0 lock_user:fpsgo => ret_hdl:249300
09-20 12:37:20.080 I/libPowerHal( 1238): [PE] fpsgo update cmd:1438300, param:0
09-20 12:37:20.080 I/libPowerHal( 1238): [PE] fpsgo update cmd:1438400, param:0
09-20 12:37:20.080 I/libPowerHal( 1238): [PE] fpsgo update cmd:1438600, param:0
09-20 12:37:20.080 I/libPowerHal( 1238): [PE] fpsgo update cmd:1438700, param:0
09-20 12:37:20.103 I/libPowerHal( 1238): [perfLockAcq] idx:7 hdl:249301 hint:-1 pid:1221 duration:250 lock_user:iawareperf@1.0- => ret_hdl:249301
09-20 12:37:20.104 I/libPowerHal( 1238): [setGPUFreq] iawareperf@1.0- user set gpu freq min:2, max:-1
09-20 12:37:20.104 I/libPowerHal( 1238): iawareperf@1.0-: set gpu opp level max: 0
09-20 12:37:20.107 I/libPowerHal( 1238): [setGPUFreq] Soft min/max = (2, 0); Hard min/max = (2, 0)
09-20 12:37:20.107 I/libPowerHal( 1238): [setGPUFreq] final min/max = (2, 0)
09-20 12:37:20.107 I/libPowerHal( 1238): iawareperf@1.0-: set gpu opp level: 2
09-20 12:37:20.108 I/libPowerHal( 1238): iawareperf@1.0-: set gpu opp level max: 0
09-20 12:37:20.109 I/libPowerHal( 1238): [setClusterFreq] iawareperf@1.0-: sysfs_freq set cpu freq: 1617000 -1 1600000 -1
09-20 12:37:20.110 I/libPowerHal( 1238): [PE] iawareperf@1.0- update cmd:1000000 param:4
09-20 12:37:20.115 I/mtkpower_client( 1317): perf_lock_rel, hdl:249299, tid:1317
09-20 12:37:20.116 I/mtkpower_client( 1317): perf_lock_rel, hdl:249300, tid:1317
09-20 12:37:20.116 I/libPowerHal( 1238): [perfLockRel] hdl:249299, idx:1
09-20 12:37:20.117 I/libPowerHal( 1238): [PD] fpsgo update cmd:1404500 param:0
09-20 12:37:20.118 I/libPowerHal( 1238): [perfLockRel] hdl:249300, idx:5
09-20 12:37:20.118 I/libPowerHal( 1238): [PD] fpsgo update cmd:1438300, param:1000
09-20 12:37:20.119 I/libPowerHal( 1238): [PD] fpsgo update cmd:1438400, param:1000
09-20 12:37:20.119 I/libPowerHal( 1238): [PD] fpsgo update cmd:1438600 param:1000
09-20 12:37:20.119 I/libPowerHal( 1238): [PD] fpsgo update cmd:1438700 param:1000
09-20 12:37:20.157 I/mtkpower@impl( 1238): [powerd_req] TIMER_MSG_PERF_LOCK_TIMEOUT hdl:249297
09-20 12:37:20.157 I/libPowerHal( 1238): [perfLockRel] hdl:249297, idx:2
09-20 12:37:20.361 I/mtkpower@impl( 1238): [powerd_req] TIMER_MSG_PERF_LOCK_TIMEOUT hdl:249301
09-20 12:37:20.361 I/libPowerHal( 1238): [perfLockRel] hdl:249301, idx:7
09-20 12:37:20.362 I/libPowerHal( 1238): [setClusterFreq] iawareperf@1.0-: sysfs_freq set cpu freq: -1 -1 -1 -1
09-20 12:37:20.363 I/libPowerHal( 1238): [unsetGPUFreq] current min:2, max:0; scn_gpu_min:2, scn_gpu_max:-1; scn_gpu_min(HL):-1, scn_gpu_max(HL):-1
09-20 12:37:20.363 I/libPowerHal( 1238): [setGPUFreq] Soft min/max = (2, 0); Hard min/max = (2, 0)
09-20 12:37:20.363 I/libPowerHal( 1238): [setGPUFreq] final min/max = (2, 0)
09-20 12:37:20.363 I/libPowerHal( 1238): iawareperf@1.0-: set gpu opp level: 2
09-20 12:37:20.363 I/libPowerHal( 1238): iawareperf@1.0-: set gpu opp level max: 0
09-20 12:37:20.364 I/libPowerHal( 1238): [PD] iawareperf@1.0- update cmd:1408300 param:0
09-20 12:37:20.368 I/libPowerHal( 1238): [PD] iawareperf@1.0- update cmd:1000000 param:-1
09-20 12:37:20.599 I/libPowerHal( 1238): [perfLockAcq] idx:1 hdl:249302 hint:-1 pid:1221 duration:250 lock_user:iawareperf@1.0- => ret_hdl:249302
09-20 12:37:20.599 I/libPowerHal( 1238): [setGPUFreq] iawareperf@1.0- user set gpu freq min:2, max:-1
09-20 12:37:20.599 I/libPowerHal( 1238): iawareperf@1.0-: set gpu opp level max: 0
09-20 12:37:20.600 I/libPowerHal( 1238): [setGPUFreq] Soft min/max = (2, 0); Hard min/max = (2, 0)
09-20 12:37:20.600 I/libPowerHal( 1238): [setGPUFreq] final min/max = (2, 0)
09-20 12:37:20.600 I/libPowerHal( 1238): iawareperf@1.0-: set gpu opp level: 2
09-20 12:37:20.600 I/libPowerHal( 1238): iawareperf@1.0-: set gpu opp level max: 0
09-20 12:37:20.601 I/libPowerHal( 1238): [setClusterFreq] iawareperf@1.0-: sysfs_freq set cpu freq: 1814000 -1 1600000 -1
09-20 12:37:20.602 I/libPowerHal( 1238): [PE] iawareperf@1.0- update cmd:1408300, param:30
09-20 12:37:20.602 I/libPowerHal( 1238): [PE] iawareperf@1.0- update cmd:1000000 param:2
09-20 12:37:20.606 I/libPowerHal( 1238): [perfLockAcq] idx:2 hdl:249303 hint:-1 pid:1221 duration:250 lock_user:iawareperf@1.0- => ret_hdl:249303
09-20 12:37:20.607 I/libPowerHal( 1238): [setGPUFreq] iawareperf@1.0- user set gpu freq min:2, max:-1
09-20 12:37:20.607 I/libPowerHal( 1238): iawareperf@1.0-: set gpu opp level max: 0
09-20 12:37:20.607 I/libPowerHal( 1238): [setGPUFreq] Soft min/max = (2, 0); Hard min/max = (2, 0)
09-20 12:37:20.607 I/libPowerHal( 1238): [setGPUFreq] final min/max = (2, 0)
09-20 12:37:20.607 I/libPowerHal( 1238): iawareperf@1.0-: set gpu opp level: 2
09-20 12:37:20.607 I/libPowerHal( 1238): iawareperf@1.0-: set gpu opp level max: 0
09-20 12:37:20.640 I/mtkpower_client( 1317): perf_lock_acq, hdl:0, dur:0, num:2, tid:1317
09-20 12:37:20.641 I/mtkpower_client( 1317): ret_hdl:249304
09-20 12:37:20.641 I/mtkpower_client( 1317): perf_lock_acq, hdl:0, dur:0, num:12, tid:1317
09-20 12:37:20.641 I/libPowerHal( 1238): [perfLockAcq] idx:5 hdl:249304 hint:-1 pid:1317 duration:0 lock_user:fpsgo => ret_hdl:249304
09-20 12:37:20.641 I/libPowerHal( 1238): [PE] fpsgo update cmd:1404500 param:1
09-20 12:37:20.644 I/mtkpower_client( 1317): ret_hdl:249305
09-20 12:37:20.644 I/libPowerHal( 1238): cmdSetting - unknown cmd:1438500, scmd:(null) ,param_1:0
09-20 12:37:20.644 I/libPowerHal( 1238): cmdSetting - unknown cmd:1438800, scmd:(null) ,param_1:0
09-20 12:37:20.644 I/libPowerHal( 1238): [perfLockAcq] idx:7 hdl:249305 hint:-1 pid:1317 duration:0 lock_user:fpsgo => ret_hdl:249305
09-20 12:37:20.644 I/libPowerHal( 1238): [PE] fpsgo update cmd:1438300, param:0
09-20 12:37:20.644 I/libPowerHal( 1238): [PE] fpsgo update cmd:1438400, param:0
09-20 12:37:20.644 I/libPowerHal( 1238): [PE] fpsgo update cmd:1438600, param:0
09-20 12:37:20.644 I/libPowerHal( 1238): [PE] fpsgo update cmd:1438700, param:0
09-20 12:37:20.649 I/mtkpower_client( 1317): perf_lock_rel, hdl:249304, tid:1317
09-20 12:37:20.650 I/mtkpower_client( 1317): perf_lock_rel, hdl:249305, tid:1317
09-20 12:37:20.650 I/libPowerHal( 1238): [perfLockRel] hdl:249304, idx:5
09-20 12:37:20.651 I/libPowerHal( 1238): [PD] fpsgo update cmd:1404500 param:0
09-20 12:37:20.651 I/libPowerHal( 1238): [perfLockRel] hdl:249305, idx:7
09-20 12:37:20.652 I/libPowerHal( 1238): [PD] fpsgo update cmd:1438300, param:1000
09-20 12:37:20.652 I/libPowerHal( 1238): [PD] fpsgo update cmd:1438400, param:1000
09-20 12:37:20.652 I/libPowerHal( 1238): [PD] fpsgo update cmd:1438600 param:1000
09-20 12:37:20.653 I/libPowerHal( 1238): [PD] fpsgo update cmd:1438700 param:1000
09-20 12:37:20.853 I/mtkpower@impl( 1238): [powerd_req] TIMER_MSG_PERF_LOCK_TIMEOUT hdl:249302
09-20 12:37:20.853 I/libPowerHal( 1238): [perfLockRel] hdl:249302, idx:1
09-20 12:37:20.854 I/libPowerHal( 1238): [setClusterFreq] iawareperf@1.0-: sysfs_freq set cpu freq: 1617000 -1 1600000 -1
09-20 12:37:20.854 I/libPowerHal( 1238): [unsetGPUFreq] current min:2, max:0; scn_gpu_min:2, scn_gpu_max:-1; scn_gpu_min(HL):-1, scn_gpu_max(HL):-1
09-20 12:37:20.855 I/libPowerHal( 1238): [setGPUFreq] Soft min/max = (2, 0); Hard min/max = (2, 0)
09-20 12:37:20.855 I/libPowerHal( 1238): [setGPUFreq] final min/max = (2, 0)
09-20 12:37:20.855 I/libPowerHal( 1238): iawareperf@1.0-: set gpu opp level: 2
09-20 12:37:20.855 I/libPowerHal( 1238): iawareperf@1.0-: set gpu opp level max: 0
09-20 12:37:20.856 I/libPowerHal( 1238): [PD] iawareperf@1.0- update cmd:1000000 param:4
09-20 12:37:20.859 I/mtkpower@impl( 1238): [powerd_req] TIMER_MSG_PERF_LOCK_TIMEOUT hdl:249303
09-20 12:37:20.859 I/libPowerHal( 1238): [perfLockRel] hdl:249303, idx:2
09-20 12:37:20.860 I/libPowerHal( 1238): [setClusterFreq] iawareperf@1.0-: sysfs_freq set cpu freq: -1 -1 -1 -1
09-20 12:37:20.861 I/libPowerHal( 1238): [unsetGPUFreq] current min:2, max:0; scn_gpu_min:2, scn_gpu_max:-1; scn_gpu_min(HL):-1, scn_gpu_max(HL):-1
09-20 12:37:20.861 I/libPowerHal( 1238): [setGPUFreq] Soft min/max = (2, 0); Hard min/max = (2, 0)
09-20 12:37:20.861 I/libPowerHal( 1238): [setGPUFreq] final min/max = (2, 0)
09-20 12:37:20.861 I/libPowerHal( 1238): iawareperf@1.0-: set gpu opp level: 2
09-20 12:37:20.862 I/libPowerHal( 1238): iawareperf@1.0-: set gpu opp level max: 0
09-20 12:37:20.862 I/libPowerHal( 1238): [PD] iawareperf@1.0- update cmd:1408300 param:0
09-20 12:37:20.864 I/libPowerHal( 1238): [PD] iawareperf@1.0- update cmd:1000000 param:-1
09-20 12:37:20.962 I/libPowerHal( 1238): [updateFPS] pid(20474) : -1 => 60
09-20 12:37:20.963 I/libPowerHal( 1238): [perfNotifyAppState] pack:com.edudashpro, act:com.edudashpro.MainActivity, state:5, pid:20474, uid:10458, fps:60
09-20 12:37:20.964 E/UxUtility( 1238): notifyAppState error = NULL
09-20 12:37:22.963 I/libPowerHal( 1238): [updateFPS] pid(20474) : 60 => -1
09-20 12:37:22.964 I/libPowerHal( 1238): [perfNotifyAppState] pack:com.edudashpro, act:com.edudashpro.MainActivity, state:5, pid:20474, uid:10458, fps:-1
09-20 12:37:22.965 E/UxUtility( 1238): notifyAppState error = NULL
09-20 12:37:23.079 I/mtkpower@impl( 1238): [powerd_req] TIMER_MSG_PERF_LOCK_TIMEOUT hdl:249298
09-20 12:37:23.080 I/libPowerHal( 1238): [perfLockRel] hdl:249298, idx:4
09-20 12:37:23.081 I/libPowerHal( 1238): [setClusterFreq] iawareperf@1.0-: sysfs_freq set cpu freq: -1 2015000 -1 -1
09-20 12:37:26.346 I/libPowerHal( 1238): [perfLockAcq] idx:1 hdl:249306 hint:-1 pid:1221 duration:3000 lock_user:iawareperf@1.0- => ret_hdl:249306
09-20 12:37:26.348 I/libPowerHal( 1238): [setClusterFreq] iawareperf@1.0-: sysfs_freq set cpu freq: 1617000 -1 1600000 -1
09-20 12:37:26.348 I/libPowerHal( 1238): [PE] iawareperf@1.0- update cmd:1408300, param:30
09-20 12:37:26.372 I/libPowerHal( 1238): [perfLockAcq] idx:2 hdl:249307 hint:-1 pid:1221 duration:3000 lock_user:iawareperf@1.0- => ret_hdl:249307
09-20 12:37:26.372 I/libPowerHal( 1238): [setGPUFreq] iawareperf@1.0- user set gpu freq min:2, max:-1
09-20 12:37:26.372 I/libPowerHal( 1238): iawareperf@1.0-: set gpu opp level max: 0
09-20 12:37:26.372 I/libPowerHal( 1238): [setGPUFreq] Soft min/max = (2, 0); Hard min/max = (2, 0)
09-20 12:37:26.372 I/libPowerHal( 1238): [setGPUFreq] final min/max = (2, 0)
09-20 12:37:26.372 I/libPowerHal( 1238): iawareperf@1.0-: set gpu opp level: 2
09-20 12:37:26.372 I/libPowerHal( 1238): iawareperf@1.0-: set gpu opp level max: 0
09-20 12:37:26.373 I/libPowerHal( 1238): [setClusterFreq] iawareperf@1.0-: sysfs_freq set cpu freq: 2200000 -1 1600000 -1
09-20 12:37:26.374 I/libPowerHal( 1238): [PE] iawareperf@1.0- update cmd:1000000 param:0
09-20 12:37:26.457 I/mtkpower_client( 1317): perf_lock_acq, hdl:0, dur:0, num:2, tid:1317
09-20 12:37:26.458 I/mtkpower_client( 1317): ret_hdl:249308
09-20 12:37:26.458 I/libPowerHal( 1238): [perfLockAcq] idx:4 hdl:249308 hint:-1 pid:1317 duration:0 lock_user:fpsgo => ret_hdl:249308
09-20 12:37:26.458 I/libPowerHal( 1238): [PE] fpsgo update cmd:1404500 param:1
09-20 12:37:26.458 I/mtkpower_client( 1317): perf_lock_acq, hdl:0, dur:0, num:12, tid:1317
09-20 12:37:26.459 I/mtkpower_client( 1317): ret_hdl:249309
09-20 12:37:26.461 I/libPowerHal( 1238): cmdSetting - unknown cmd:1438500, scmd:(null) ,param_1:0
09-20 12:37:26.461 I/libPowerHal( 1238): cmdSetting - unknown cmd:1438800, scmd:(null) ,param_1:0
09-20 12:37:26.461 I/libPowerHal( 1238): [perfLockAcq] idx:5 hdl:249309 hint:-1 pid:1317 duration:0 lock_user:fpsgo => ret_hdl:249309
09-20 12:37:26.461 I/libPowerHal( 1238): [PE] fpsgo update cmd:1438300, param:0
09-20 12:37:26.462 I/libPowerHal( 1238): [PE] fpsgo update cmd:1438400, param:0
09-20 12:37:26.462 I/libPowerHal( 1238): [PE] fpsgo update cmd:1438600, param:0
09-20 12:37:26.464 I/libPowerHal( 1238): [PE] fpsgo update cmd:1438700, param:0
09-20 12:37:26.511 I/libPowerHal( 1238): [perfLockRel] hdl:249306, idx:1
09-20 12:37:26.515 I/libPowerHal( 1238): [perfLockAcq] idx:1 hdl:249310 hint:-1 pid:1221 duration:80 lock_user:iawareperf@1.0- => ret_hdl:249310
09-20 12:37:26.516 I/libPowerHal( 1238): [perfLockAcq] idx:7 hdl:249311 hint:-1 pid:1221 duration:3000 lock_user:iawareperf@1.0- => ret_hdl:249311
09-20 12:37:26.595 I/mtkpower@impl( 1238): [powerd_req] TIMER_MSG_PERF_LOCK_TIMEOUT hdl:249310
09-20 12:37:26.595 I/libPowerHal( 1238): [perfLockRel] hdl:249310, idx:1
09-20 12:37:26.665 I/libPowerHal( 1238): [perfLockRel] hdl:249307, idx:2
09-20 12:37:26.666 I/libPowerHal( 1238): [setClusterFreq] iawareperf@1.0-: sysfs_freq set cpu freq: -1 -1 -1 -1
09-20 12:37:26.666 I/libPowerHal( 1238): [unsetGPUFreq] current min:2, max:0; scn_gpu_min:2, scn_gpu_max:-1; scn_gpu_min(HL):-1, scn_gpu_max(HL):-1
09-20 12:37:26.666 I/libPowerHal( 1238): [setGPUFreq] Soft min/max = (2, 0); Hard min/max = (2, 0)
09-20 12:37:26.667 I/libPowerHal( 1238): [setGPUFreq] final min/max = (2, 0)
09-20 12:37:26.667 I/libPowerHal( 1238): iawareperf@1.0-: set gpu opp level: 2
