09-20 13:10:52.720 I/libPowerHal( 1238): [PE] iawareperf@1.0- update cmd:1408300, param:30
09-20 13:10:52.721 I/libPowerHal( 1238): [perfLockAcq] idx:2 hdl:251173 hint:-1 pid:1221 duration:3000 lock_user:iawareperf@1.0- => ret_hdl:251173
09-20 13:10:52.800 I/mtkpower@impl( 1238): [powerd_req] TIMER_MSG_PERF_LOCK_TIMEOUT hdl:251172
09-20 13:10:52.800 I/libPowerHal( 1238): [perfLockRel] hdl:251172, idx:1
09-20 13:10:52.801 I/libPowerHal( 1238): [setClusterFreq] iawareperf@1.0-: sysfs_freq set cpu freq: -1 -1 -1 -1
09-20 13:10:52.802 I/libPowerHal( 1238): [PD] iawareperf@1.0- update cmd:1408300 param:0
09-20 13:10:53.050 I/mtkpower_client( 1317): perf_lock_acq, hdl:0, dur:0, num:2, tid:1317
09-20 13:10:53.052 I/mtkpower_client( 1317): ret_hdl:251174
09-20 13:10:53.052 I/libPowerHal( 1238): [perfLockAcq] idx:1 hdl:251174 hint:-1 pid:1317 duration:0 lock_user:fpsgo => ret_hdl:251174
09-20 13:10:53.052 I/mtkpower_client( 1317): perf_lock_acq, hdl:0, dur:0, num:12, tid:1317
09-20 13:10:53.052 I/libPowerHal( 1238): [PE] fpsgo update cmd:1404500 param:1
09-20 13:10:53.053 I/mtkpower_client( 1317): ret_hdl:251175
09-20 13:10:53.055 I/libPowerHal( 1238): cmdSetting - unknown cmd:1438500, scmd:(null) ,param_1:0
09-20 13:10:53.055 I/libPowerHal( 1238): cmdSetting - unknown cmd:1438800, scmd:(null) ,param_1:0
09-20 13:10:53.055 I/libPowerHal( 1238): [perfLockAcq] idx:4 hdl:251175 hint:-1 pid:1317 duration:0 lock_user:fpsgo => ret_hdl:251175
09-20 13:10:53.055 I/libPowerHal( 1238): [PE] fpsgo update cmd:1438300, param:0
09-20 13:10:53.055 I/libPowerHal( 1238): [PE] fpsgo update cmd:1438400, param:0
09-20 13:10:53.056 I/libPowerHal( 1238): [PE] fpsgo update cmd:1438600, param:0
09-20 13:10:53.057 I/libPowerHal( 1238): [PE] fpsgo update cmd:1438700, param:0
09-20 13:10:53.068 I/mtkpower_client( 1317): perf_lock_rel, hdl:251174, tid:1317
09-20 13:10:53.068 I/mtkpower_client( 1317): perf_lock_rel, hdl:251175, tid:1317
09-20 13:10:53.069 I/libPowerHal( 1238): [perfLockRel] hdl:251174, idx:1
09-20 13:10:53.069 I/libPowerHal( 1238): [PD] fpsgo update cmd:1404500 param:0
09-20 13:10:53.071 I/libPowerHal( 1238): [perfLockRel] hdl:251175, idx:4
09-20 13:10:53.072 I/libPowerHal( 1238): [PD] fpsgo update cmd:1438300, param:1000
09-20 13:10:53.072 I/libPowerHal( 1238): [PD] fpsgo update cmd:1438400, param:1000
09-20 13:10:53.073 I/libPowerHal( 1238): [PD] fpsgo update cmd:1438600 param:1000
09-20 13:10:53.073 I/libPowerHal( 1238): [PD] fpsgo update cmd:1438700 param:1000
09-20 13:10:53.704 I/libPowerHal( 1238): [updateFPS] pid(1126) : 90 => 60
09-20 13:10:53.705 I/libPowerHal( 1238): [perfNotifyAppState] pack:com.edudashpro, act:com.edudashpro.MainActivity, state:5, pid:1126, uid:10458, fps:60
09-20 13:10:53.705 E/UxUtility( 1238): notifyAppState error = NULL
09-20 13:10:53.915 I/mtkpower_client( 1317): perf_lock_acq, hdl:0, dur:0, num:2, tid:1317
09-20 13:10:53.917 I/mtkpower_client( 1317): ret_hdl:251176
09-20 13:10:53.917 I/libPowerHal( 1238): [perfLockAcq] idx:1 hdl:251176 hint:-1 pid:1317 duration:0 lock_user:fpsgo => ret_hdl:251176
09-20 13:10:53.918 I/libPowerHal( 1238): [PE] fpsgo update cmd:1404500 param:1
09-20 13:10:53.919 I/mtkpower_client( 1317): perf_lock_acq, hdl:0, dur:0, num:12, tid:1317
09-20 13:10:53.919 I/mtkpower_client( 1317): ret_hdl:251177
09-20 13:10:53.922 I/libPowerHal( 1238): cmdSetting - unknown cmd:1438500, scmd:(null) ,param_1:0
09-20 13:10:53.922 I/mtkpower_client( 1317): perf_lock_rel, hdl:251176, tid:1317
09-20 13:10:53.923 I/libPowerHal( 1238): cmdSetting - unknown cmd:1438800, scmd:(null) ,param_1:0
09-20 13:10:53.923 I/libPowerHal( 1238): [perfLockAcq] idx:4 hdl:251177 hint:-1 pid:1317 duration:0 lock_user:fpsgo => ret_hdl:251177
09-20 13:10:53.923 I/libPowerHal( 1238): [PE] fpsgo update cmd:1438300, param:0
09-20 13:10:53.923 I/libPowerHal( 1238): [PE] fpsgo update cmd:1438400, param:0
09-20 13:10:53.924 I/libPowerHal( 1238): [PE] fpsgo update cmd:1438600, param:0
09-20 13:10:53.924 I/libPowerHal( 1238): [PE] fpsgo update cmd:1438700, param:0
09-20 13:10:53.925 I/mtkpower_client( 1317): perf_lock_rel, hdl:251177, tid:1317
09-20 13:10:53.926 I/libPowerHal( 1238): [perfLockRel] hdl:251176, idx:1
09-20 13:10:53.927 I/libPowerHal( 1238): [PD] fpsgo update cmd:1404500 param:0
09-20 13:10:53.929 I/libPowerHal( 1238): [perfLockRel] hdl:251177, idx:4
09-20 13:10:53.929 I/libPowerHal( 1238): [PD] fpsgo update cmd:1438300, param:1000
09-20 13:10:53.929 I/libPowerHal( 1238): [PD] fpsgo update cmd:1438400, param:1000
09-20 13:10:53.929 I/libPowerHal( 1238): [PD] fpsgo update cmd:1438600 param:1000
09-20 13:10:53.929 I/libPowerHal( 1238): [PD] fpsgo update cmd:1438700 param:1000
09-20 13:10:54.241 I/mtkpower_client( 1317): perf_lock_acq, hdl:0, dur:0, num:2, tid:1317
09-20 13:10:54.243 I/mtkpower_client( 1317): ret_hdl:251178
09-20 13:10:54.243 I/mtkpower_client( 1317): perf_lock_acq, hdl:0, dur:0, num:12, tid:1317
09-20 13:10:54.244 I/libPowerHal( 1238): [perfLockAcq] idx:1 hdl:251178 hint:-1 pid:1317 duration:0 lock_user:fpsgo => ret_hdl:251178
09-20 13:10:54.244 I/libPowerHal( 1238): [PE] fpsgo update cmd:1404500 param:1
09-20 13:10:54.245 I/mtkpower_client( 1317): ret_hdl:251179
09-20 13:10:54.246 I/libPowerHal( 1238): cmdSetting - unknown cmd:1438500, scmd:(null) ,param_1:0
09-20 13:10:54.246 I/libPowerHal( 1238): cmdSetting - unknown cmd:1438800, scmd:(null) ,param_1:0
09-20 13:10:54.246 I/libPowerHal( 1238): [perfLockAcq] idx:4 hdl:251179 hint:-1 pid:1317 duration:0 lock_user:fpsgo => ret_hdl:251179
09-20 13:10:54.246 I/libPowerHal( 1238): [PE] fpsgo update cmd:1438300, param:0
09-20 13:10:54.247 I/libPowerHal( 1238): [PE] fpsgo update cmd:1438400, param:0
09-20 13:10:54.247 I/libPowerHal( 1238): [PE] fpsgo update cmd:1438600, param:0
09-20 13:10:54.248 I/libPowerHal( 1238): [PE] fpsgo update cmd:1438700, param:0
09-20 13:10:54.294 I/mtkpower@impl( 1238): [powerd_req] TIMER_MSG_PERF_LOCK_TIMEOUT hdl:251170
09-20 13:10:54.295 I/libPowerHal( 1238): [perfLockRel] hdl:251170, idx:8
09-20 13:10:54.345 I/mtkpower_client( 1317): perf_lock_rel, hdl:251178, tid:1317
09-20 13:10:54.347 I/mtkpower_client( 1317): perf_lock_rel, hdl:251179, tid:1317
09-20 13:10:54.347 I/libPowerHal( 1238): [perfLockRel] hdl:251178, idx:1
09-20 13:10:54.348 I/libPowerHal( 1238): [PD] fpsgo update cmd:1404500 param:0
09-20 13:10:54.350 I/libPowerHal( 1238): [perfLockRel] hdl:251179, idx:4
09-20 13:10:54.351 I/libPowerHal( 1238): [PD] fpsgo update cmd:1438300, param:1000
09-20 13:10:54.351 I/libPowerHal( 1238): [PD] fpsgo update cmd:1438400, param:1000
09-20 13:10:54.352 I/libPowerHal( 1238): [PD] fpsgo update cmd:1438600 param:1000
09-20 13:10:54.353 I/libPowerHal( 1238): [PD] fpsgo update cmd:1438700 param:1000
09-20 13:10:54.384 I/mtkpower_client( 1317): perf_lock_acq, hdl:0, dur:0, num:2, tid:1317
09-20 13:10:54.386 I/mtkpower_client( 1317): ret_hdl:251180
09-20 13:10:54.387 I/mtkpower_client( 1317): perf_lock_acq, hdl:0, dur:0, num:12, tid:1317
09-20 13:10:54.387 I/libPowerHal( 1238): [perfLockAcq] idx:1 hdl:251180 hint:-1 pid:1317 duration:0 lock_user:fpsgo => ret_hdl:251180
09-20 13:10:54.388 I/libPowerHal( 1238): [PE] fpsgo update cmd:1404500 param:1
09-20 13:10:54.390 I/mtkpower_client( 1317): ret_hdl:251181
09-20 13:10:54.391 I/libPowerHal( 1238): cmdSetting - unknown cmd:1438500, scmd:(null) ,param_1:0
09-20 13:10:54.391 I/libPowerHal( 1238): cmdSetting - unknown cmd:1438800, scmd:(null) ,param_1:0
09-20 13:10:54.392 I/libPowerHal( 1238): [perfLockAcq] idx:4 hdl:251181 hint:-1 pid:1317 duration:0 lock_user:fpsgo => ret_hdl:251181
09-20 13:10:54.392 I/libPowerHal( 1238): [PE] fpsgo update cmd:1438300, param:0
09-20 13:10:54.393 I/libPowerHal( 1238): [PE] fpsgo update cmd:1438400, param:0
09-20 13:10:54.393 I/libPowerHal( 1238): [PE] fpsgo update cmd:1438600, param:0
09-20 13:10:54.394 I/libPowerHal( 1238): [PE] fpsgo update cmd:1438700, param:0
09-20 13:10:54.397 I/mtkpower_client( 1317): perf_lock_rel, hdl:251180, tid:1317
09-20 13:10:54.398 I/mtkpower_client( 1317): perf_lock_rel, hdl:251181, tid:1317
09-20 13:10:54.399 I/libPowerHal( 1238): [perfLockRel] hdl:251180, idx:1
09-20 13:10:54.400 I/libPowerHal( 1238): [PD] fpsgo update cmd:1404500 param:0
09-20 13:10:54.401 I/libPowerHal( 1238): [perfLockRel] hdl:251181, idx:4
09-20 13:10:54.402 I/libPowerHal( 1238): [PD] fpsgo update cmd:1438300, param:1000
09-20 13:10:54.403 I/libPowerHal( 1238): [PD] fpsgo update cmd:1438400, param:1000
09-20 13:10:54.403 I/libPowerHal( 1238): [PD] fpsgo update cmd:1438600 param:1000
09-20 13:10:54.404 I/libPowerHal( 1238): [PD] fpsgo update cmd:1438700 param:1000
09-20 13:10:54.556 I/libPowerHal( 1238): [perfLockAcq] idx:1 hdl:251182 hint:-1 pid:1221 duration:3000 lock_user:iawareperf@1.0- => ret_hdl:251182
09-20 13:10:54.558 I/libPowerHal( 1238): [setClusterFreq] iawareperf@1.0-: sysfs_freq set cpu freq: 1617000 -1 1600000 -1
09-20 13:10:54.559 I/libPowerHal( 1238): [PE] iawareperf@1.0- update cmd:1408300, param:30
09-20 13:10:54.585 I/libPowerHal( 1238): [perfLockRel] hdl:251182, idx:1
09-20 13:10:54.586 I/libPowerHal( 1238): [setClusterFreq] iawareperf@1.0-: sysfs_freq set cpu freq: -1 -1 -1 -1
09-20 13:10:54.586 I/libPowerHal( 1238): [PD] iawareperf@1.0- update cmd:1408300 param:0
09-20 13:10:54.589 I/libPowerHal( 1238): [perfLockAcq] idx:4 hdl:251183 hint:-1 pid:1221 duration:80 lock_user:iawareperf@1.0- => ret_hdl:251183
09-20 13:10:54.591 I/libPowerHal( 1238): [setClusterFreq] iawareperf@1.0-: sysfs_freq set cpu freq: 1617000 -1 1491000 -1
09-20 13:10:54.592 I/libPowerHal( 1238): [PE] iawareperf@1.0- update cmd:1408300, param:30
09-20 13:10:54.593 I/libPowerHal( 1238): [perfLockAcq] idx:1 hdl:251184 hint:-1 pid:1221 duration:3000 lock_user:iawareperf@1.0- => ret_hdl:251184
09-20 13:10:54.631 I/libPowerHal( 1238): [perfLockAcq] idx:5 hdl:251185 hint:-1 pid:1221 duration:250 lock_user:iawareperf@1.0- => ret_hdl:251185
09-20 13:10:54.631 I/libPowerHal( 1238): [setGPUFreq] iawareperf@1.0- user set gpu freq min:2, max:-1
09-20 13:10:54.631 I/libPowerHal( 1238): iawareperf@1.0-: set gpu opp level max: 0
09-20 13:10:54.631 I/libPowerHal( 1238): [setGPUFreq] Soft min/max = (2, 0); Hard min/max = (2, 0)
09-20 13:10:54.631 I/libPowerHal( 1238): [setGPUFreq] final min/max = (2, 0)
09-20 13:10:54.631 I/libPowerHal( 1238): iawareperf@1.0-: set gpu opp level: 2
09-20 13:10:54.631 I/libPowerHal( 1238): iawareperf@1.0-: set gpu opp level max: 0
09-20 13:10:54.632 I/libPowerHal( 1238): [setClusterFreq] iawareperf@1.0-: sysfs_freq set cpu freq: 1617000 -1 1600000 -1
09-20 13:10:54.632 I/libPowerHal( 1238): [PE] iawareperf@1.0- update cmd:1000000 param:4
09-20 13:10:54.636 I/mtkpower_client( 1317): perf_lock_acq, hdl:0, dur:0, num:2, tid:1317
09-20 13:10:54.637 I/mtkpower_client( 1317): ret_hdl:251186
09-20 13:10:54.637 I/libPowerHal( 1238): [perfLockAcq] idx:7 hdl:251186 hint:-1 pid:1317 duration:0 lock_user:fpsgo => ret_hdl:251186
09-20 13:10:54.637 I/mtkpower_client( 1317): perf_lock_acq, hdl:0, dur:0, num:12, tid:1317
09-20 13:10:54.638 I/libPowerHal( 1238): [PE] fpsgo update cmd:1404500 param:1
09-20 13:10:54.639 I/mtkpower_client( 1317): ret_hdl:251187
09-20 13:10:54.639 I/libPowerHal( 1238): cmdSetting - unknown cmd:1438500, scmd:(null) ,param_1:0
09-20 13:10:54.640 I/libPowerHal( 1238): cmdSetting - unknown cmd:1438800, scmd:(null) ,param_1:0
09-20 13:10:54.640 I/libPowerHal( 1238): [perfLockAcq] idx:8 hdl:251187 hint:-1 pid:1317 duration:0 lock_user:fpsgo => ret_hdl:251187
09-20 13:10:54.640 I/libPowerHal( 1238): [PE] fpsgo update cmd:1438300, param:0
09-20 13:10:54.640 I/libPowerHal( 1238): [PE] fpsgo update cmd:1438400, param:0
09-20 13:10:54.640 I/libPowerHal( 1238): [PE] fpsgo update cmd:1438600, param:0
09-20 13:10:54.641 I/libPowerHal( 1238): [PE] fpsgo update cmd:1438700, param:0
09-20 13:10:54.645 I/mtkpower_client( 1317): perf_lock_rel, hdl:251186, tid:1317
09-20 13:10:54.646 I/mtkpower_client( 1317): perf_lock_rel, hdl:251187, tid:1317
09-20 13:10:54.646 I/libPowerHal( 1238): [perfLockRel] hdl:251186, idx:7
09-20 13:10:54.646 I/libPowerHal( 1238): [PD] fpsgo update cmd:1404500 param:0
09-20 13:10:54.648 I/libPowerHal( 1238): [perfLockRel] hdl:251187, idx:8
09-20 13:10:54.648 I/libPowerHal( 1238): [PD] fpsgo update cmd:1438300, param:1000
09-20 13:10:54.648 I/libPowerHal( 1238): [PD] fpsgo update cmd:1438400, param:1000
09-20 13:10:54.649 I/libPowerHal( 1238): [PD] fpsgo update cmd:1438600 param:1000
09-20 13:10:54.649 I/libPowerHal( 1238): [PD] fpsgo update cmd:1438700 param:1000
09-20 13:10:54.673 I/mtkpower@impl( 1238): [powerd_req] TIMER_MSG_PERF_LOCK_TIMEOUT hdl:251183
09-20 13:10:54.674 I/libPowerHal( 1238): [perfLockRel] hdl:251183, idx:4
09-20 13:10:54.882 I/mtkpower@impl( 1238): [powerd_req] TIMER_MSG_PERF_LOCK_TIMEOUT hdl:251185
09-20 13:10:54.883 I/libPowerHal( 1238): [perfLockRel] hdl:251185, idx:5
09-20 13:10:54.883 I/libPowerHal( 1238): [setClusterFreq] iawareperf@1.0-: sysfs_freq set cpu freq: -1 -1 -1 -1
09-20 13:10:54.883 I/libPowerHal( 1238): [unsetGPUFreq] current min:2, max:0; scn_gpu_min:2, scn_gpu_max:-1; scn_gpu_min(HL):-1, scn_gpu_max(HL):-1
09-20 13:10:54.883 I/libPowerHal( 1238): [setGPUFreq] Soft min/max = (2, 0); Hard min/max = (2, 0)
09-20 13:10:54.883 I/libPowerHal( 1238): [setGPUFreq] final min/max = (2, 0)
09-20 13:10:54.883 I/libPowerHal( 1238): iawareperf@1.0-: set gpu opp level: 2
09-20 13:10:54.883 I/libPowerHal( 1238): iawareperf@1.0-: set gpu opp level max: 0
09-20 13:10:54.883 I/libPowerHal( 1238): [PD] iawareperf@1.0- update cmd:1408300 param:0
09-20 13:10:54.885 I/libPowerHal( 1238): [PD] iawareperf@1.0- update cmd:1000000 param:-1
09-20 13:10:55.227 I/libPowerHal( 1238): [perfLockAcq] idx:4 hdl:251188 hint:-1 pid:1221 duration:250 lock_user:iawareperf@1.0- => ret_hdl:251188
09-20 13:10:55.227 I/libPowerHal( 1238): [setGPUFreq] iawareperf@1.0- user set gpu freq min:2, max:-1
09-20 13:10:55.228 I/libPowerHal( 1238): iawareperf@1.0-: set gpu opp level max: 0
09-20 13:10:55.228 I/libPowerHal( 1238): [setGPUFreq] Soft min/max = (2, 0); Hard min/max = (2, 0)
09-20 13:10:55.228 I/libPowerHal( 1238): [setGPUFreq] final min/max = (2, 0)
09-20 13:10:55.229 I/libPowerHal( 1238): iawareperf@1.0-: set gpu opp level: 2
09-20 13:10:55.229 I/libPowerHal( 1238): iawareperf@1.0-: set gpu opp level max: 0
09-20 13:10:55.230 I/libPowerHal( 1238): [setClusterFreq] iawareperf@1.0-: sysfs_freq set cpu freq: 1617000 -1 1600000 -1
09-20 13:10:55.231 I/libPowerHal( 1238): [PE] iawareperf@1.0- update cmd:1408300, param:30
09-20 13:10:55.232 I/libPowerHal( 1238): [PE] iawareperf@1.0- update cmd:1000000 param:4
09-20 13:10:55.482 I/mtkpower@impl( 1238): [powerd_req] TIMER_MSG_PERF_LOCK_TIMEOUT hdl:251188
09-20 13:10:55.482 I/libPowerHal( 1238): [perfLockRel] hdl:251188, idx:4
09-20 13:10:55.483 I/libPowerHal( 1238): [setClusterFreq] iawareperf@1.0-: sysfs_freq set cpu freq: -1 -1 -1 -1
09-20 13:10:55.483 I/libPowerHal( 1238): [unsetGPUFreq] current min:2, max:0; scn_gpu_min:2, scn_gpu_max:-1; scn_gpu_min(HL):-1, scn_gpu_max(HL):-1
09-20 13:10:55.483 I/libPowerHal( 1238): [setGPUFreq] Soft min/max = (2, 0); Hard min/max = (2, 0)
09-20 13:10:55.484 I/libPowerHal( 1238): [setGPUFreq] final min/max = (2, 0)
09-20 13:10:55.484 I/libPowerHal( 1238): iawareperf@1.0-: set gpu opp level: 2
09-20 13:10:55.485 I/libPowerHal( 1238): iawareperf@1.0-: set gpu opp level max: 0
09-20 13:10:55.485 I/libPowerHal( 1238): [PD] iawareperf@1.0- update cmd:1408300 param:0
09-20 13:10:55.487 I/libPowerHal( 1238): [PD] iawareperf@1.0- update cmd:1000000 param:-1
09-20 13:10:55.721 I/mtkpower@impl( 1238): [powerd_req] TIMER_MSG_PERF_LOCK_TIMEOUT hdl:251173
09-20 13:10:55.722 I/libPowerHal( 1238): [perfLockRel] hdl:251173, idx:2
09-20 13:10:55.750 I/mtkpower_client( 1317): perf_lock_acq, hdl:0, dur:0, num:2, tid:1317
09-20 13:10:55.751 I/mtkpower_client( 1317): ret_hdl:251189
09-20 13:10:55.752 I/mtkpower_client( 1317): perf_lock_acq, hdl:0, dur:0, num:12, tid:1317
09-20 13:10:55.752 I/libPowerHal( 1238): [perfLockAcq] idx:2 hdl:251189 hint:-1 pid:1317 duration:0 lock_user:fpsgo => ret_hdl:251189
09-20 13:10:55.752 I/libPowerHal( 1238): [PE] fpsgo update cmd:1404500 param:1
09-20 13:10:55.753 I/mtkpower_client( 1317): ret_hdl:251190
09-20 13:10:55.753 I/libPowerHal( 1238): cmdSetting - unknown cmd:1438500, scmd:(null) ,param_1:0
09-20 13:10:55.753 I/libPowerHal( 1238): cmdSetting - unknown cmd:1438800, scmd:(null) ,param_1:0
09-20 13:10:55.753 I/libPowerHal( 1238): [perfLockAcq] idx:4 hdl:251190 hint:-1 pid:1317 duration:0 lock_user:fpsgo => ret_hdl:251190
09-20 13:10:55.753 I/libPowerHal( 1238): [PE] fpsgo update cmd:1438300, param:0
09-20 13:10:55.754 I/libPowerHal( 1238): [PE] fpsgo update cmd:1438400, param:0
09-20 13:10:55.754 I/libPowerHal( 1238): [PE] fpsgo update cmd:1438600, param:0
09-20 13:10:55.754 I/libPowerHal( 1238): [PE] fpsgo update cmd:1438700, param:0
09-20 13:10:55.850 I/mtkpower_client( 1317): perf_lock_rel, hdl:251189, tid:1317
09-20 13:10:55.851 I/mtkpower_client( 1317): perf_lock_rel, hdl:251190, tid:1317
09-20 13:10:55.852 I/libPowerHal( 1238): [perfLockRel] hdl:251189, idx:2
09-20 13:10:55.853 I/libPowerHal( 1238): [PD] fpsgo update cmd:1404500 param:0
09-20 13:10:55.855 I/libPowerHal( 1238): [perfLockRel] hdl:251190, idx:4
09-20 13:10:55.856 I/libPowerHal( 1238): [PD] fpsgo update cmd:1438300, param:1000
09-20 13:10:55.857 I/libPowerHal( 1238): [PD] fpsgo update cmd:1438400, param:1000
09-20 13:10:55.858 I/libPowerHal( 1238): [PD] fpsgo update cmd:1438600 param:1000
09-20 13:10:55.858 I/libPowerHal( 1238): [PD] fpsgo update cmd:1438700 param:1000
09-20 13:10:56.501 I/libPowerHal( 1238): [perfLockAcq] idx:2 hdl:251191 hint:-1 pid:1221 duration:3000 lock_user:iawareperf@1.0- => ret_hdl:251191
09-20 13:10:56.504 I/libPowerHal( 1238): [setClusterFreq] iawareperf@1.0-: sysfs_freq set cpu freq: 1617000 -1 1600000 -1
09-20 13:10:56.505 I/libPowerHal( 1238): [PE] iawareperf@1.0- update cmd:1408300, param:30
09-20 13:10:56.533 I/mtkpower_client( 1317): perf_lock_acq, hdl:0, dur:0, num:2, tid:1317
09-20 13:10:56.540 I/mtkpower_client( 1317): ret_hdl:251192
09-20 13:10:56.540 I/mtkpower_client( 1317): perf_lock_acq, hdl:0, dur:0, num:12, tid:1317
09-20 13:10:56.541 I/libPowerHal( 1238): [perfLockAcq] idx:4 hdl:251192 hint:-1 pid:1317 duration:0 lock_user:fpsgo => ret_hdl:251192
09-20 13:10:56.541 I/libPowerHal( 1238): [PE] fpsgo update cmd:1404500 param:1
09-20 13:10:56.543 I/mtkpower_client( 1317): ret_hdl:251193
09-20 13:10:56.546 I/libPowerHal( 1238): cmdSetting - unknown cmd:1438500, scmd:(null) ,param_1:0
09-20 13:10:56.547 I/libPowerHal( 1238): cmdSetting - unknown cmd:1438800, scmd:(null) ,param_1:0
09-20 13:10:56.547 I/libPowerHal( 1238): [perfLockAcq] idx:5 hdl:251193 hint:-1 pid:1317 duration:0 lock_user:fpsgo => ret_hdl:251193
09-20 13:10:56.547 I/libPowerHal( 1238): [PE] fpsgo update cmd:1438300, param:0
09-20 13:10:56.548 I/libPowerHal( 1238): [PE] fpsgo update cmd:1438400, param:0
09-20 13:10:56.549 I/libPowerHal( 1238): [PE] fpsgo update cmd:1438600, param:0
09-20 13:10:56.549 I/mtkpower_client( 1317): perf_lock_rel, hdl:251192, tid:1317
09-20 13:10:56.550 I/libPowerHal( 1238): [PE] fpsgo update cmd:1438700, param:0
09-20 13:10:56.551 I/mtkpower_client( 1317): perf_lock_rel, hdl:251193, tid:1317
09-20 13:10:56.551 I/libPowerHal( 1238): [perfLockRel] hdl:251192, idx:4
09-20 13:10:56.552 I/libPowerHal( 1238): [PD] fpsgo update cmd:1404500 param:0
09-20 13:10:56.553 I/libPowerHal( 1238): [perfLockRel] hdl:251193, idx:5
09-20 13:10:56.553 I/libPowerHal( 1238): [PD] fpsgo update cmd:1438300, param:1000
09-20 13:10:56.553 I/libPowerHal( 1238): [PD] fpsgo update cmd:1438400, param:1000
09-20 13:10:56.554 I/libPowerHal( 1238): [PD] fpsgo update cmd:1438600 param:1000
09-20 13:10:56.554 I/libPowerHal( 1238): [PD] fpsgo update cmd:1438700 param:1000
09-20 13:10:56.567 I/libPowerHal( 1238): [perfLockAcq] idx:4 hdl:251194 hint:-1 pid:1221 duration:3000 lock_user:iawareperf@1.0- => ret_hdl:251194
09-20 13:10:56.567 I/libPowerHal( 1238): [setGPUFreq] iawareperf@1.0- user set gpu freq min:2, max:-1
09-20 13:10:56.567 I/libPowerHal( 1238): iawareperf@1.0-: set gpu opp level max: 0
09-20 13:10:56.568 I/libPowerHal( 1238): [setGPUFreq] Soft min/max = (2, 0); Hard min/max = (2, 0)
09-20 13:10:56.568 I/libPowerHal( 1238): [setGPUFreq] final min/max = (2, 0)
09-20 13:10:56.568 I/libPowerHal( 1238): iawareperf@1.0-: set gpu opp level: 2
09-20 13:10:56.568 I/libPowerHal( 1238): iawareperf@1.0-: set gpu opp level max: 0
09-20 13:10:56.569 I/libPowerHal( 1238): [setClusterFreq] iawareperf@1.0-: sysfs_freq set cpu freq: 2200000 -1 1600000 -1
09-20 13:10:56.569 I/libPowerHal( 1238): [PE] iawareperf@1.0- update cmd:1000000 param:0
09-20 13:10:56.623 I/mtkpower_client( 1630): perf_lock_acq, hdl:160331, dur:3000, num:2, pid:1630, tid:4779
09-20 13:10:56.625 I/mtkpower_client( 1630): IMtkPowerService_isDeclared 0
09-20 13:10:56.627 I/mtkpower_client( 1630): ret_hdl:251195
09-20 13:10:56.627 I/libPowerHal( 1238): [perfLockAcq] idx:5 hdl:251195 hint:-1 pid:1630 duration:3000 lock_user:system_server => ret_hdl:251195
09-20 13:10:56.628 I/libPowerHal( 1238): [touch_boost_enabled] value:0
09-20 13:10:56.628 I/libPowerHal( 1238): [PE] system_server update cmd:3408500 param:0
09-20 13:10:56.629 I/mtkpower_client( 1630): perf_lock_rel, hdl:251195, tid:4779
09-20 13:10:56.630 I/mtkpower_client( 1630): IMtkPowerService_isDeclared 0
09-20 13:10:56.631 I/mtkpower_client( 1317): perf_lock_acq, hdl:0, dur:0, num:2, tid:1317
09-20 13:10:56.632 I/libPowerHal( 1238): [perfLockRel] hdl:251195, idx:5
09-20 13:10:56.632 I/libPowerHal( 1238): [PD] system_server update cmd:3408500 param:1
09-20 13:10:56.633 I/libPowerHal( 1238): [touch_boost_enabled] value:-1
09-20 13:10:56.633 I/libPowerHal( 1238): [PD] system_server update cmd:3408500 param:-1
09-20 13:10:56.635 I/libPowerHal( 1238): [perfLockAcq] idx:7 hdl:251196 hint:-1 pid:1317 duration:0 lock_user:fpsgo => ret_hdl:251196
09-20 13:10:56.635 I/mtkpower_client( 1317): ret_hdl:251196
09-20 13:10:56.636 I/mtkpower_client( 1317): perf_lock_acq, hdl:0, dur:0, num:12, tid:1317
09-20 13:10:56.636 I/libPowerHal( 1238): [PE] fpsgo update cmd:1404500 param:1
09-20 13:10:56.636 I/mtkpower_client( 1317): ret_hdl:251197
09-20 13:10:56.637 I/libPowerHal( 1238): cmdSetting - unknown cmd:1438500, scmd:(null) ,param_1:0
09-20 13:10:56.637 I/libPowerHal( 1238): cmdSetting - unknown cmd:1438800, scmd:(null) ,param_1:0
09-20 13:10:56.637 I/libPowerHal( 1238): [perfLockAcq] idx:5 hdl:251197 hint:-1 pid:1317 duration:0 lock_user:fpsgo => ret_hdl:251197
09-20 13:10:56.637 I/libPowerHal( 1238): [PE] fpsgo update cmd:1438300, param:0
09-20 13:10:56.638 I/libPowerHal( 1238): [PE] fpsgo update cmd:1438400, param:0
09-20 13:10:56.638 I/libPowerHal( 1238): [PE] fpsgo update cmd:1438600, param:0
09-20 13:10:56.638 I/libPowerHal( 1238): [PE] fpsgo update cmd:1438700, param:0
09-20 13:10:56.643 I/mtkpower_client( 1317): perf_lock_rel, hdl:251196, tid:1317
09-20 13:10:56.644 I/mtkpower_client( 1317): perf_lock_rel, hdl:251197, tid:1317
09-20 13:10:56.645 I/libPowerHal( 1238): [perfLockRel] hdl:251196, idx:7
09-20 13:10:56.645 I/libPowerHal( 1238): [PD] fpsgo update cmd:1404500 param:0
09-20 13:10:56.646 I/libPowerHal( 1238): [perfLockRel] hdl:251197, idx:5
09-20 13:10:56.647 I/libPowerHal( 1238): [PD] fpsgo update cmd:1438300, param:1000
09-20 13:10:56.647 I/libPowerHal( 1238): [PD] fpsgo update cmd:1438400, param:1000
09-20 13:10:56.647 I/libPowerHal( 1238): [PD] fpsgo update cmd:1438600 param:1000
09-20 13:10:56.648 I/libPowerHal( 1238): [PD] fpsgo update cmd:1438700 param:1000
09-20 13:10:56.682 I/libPowerHal( 1238): [perfLockRel] hdl:251191, idx:2
09-20 13:10:56.685 I/libPowerHal( 1238): [perfLockAcq] idx:5 hdl:251198 hint:-1 pid:1221 duration:80 lock_user:iawareperf@1.0- => ret_hdl:251198
09-20 13:10:56.687 I/mtkpower_client( 1630): IMtkPowerService_isDeclared 0
09-20 13:10:56.689 I/libPowerHal( 1238): [perfLockAcq] idx:2 hdl:251199 hint:-1 pid:1221 duration:3000 lock_user:iawareperf@1.0- => ret_hdl:251199
09-20 13:10:56.692 I/libPowerHal( 1238): [perfLockAcq] idx:7 hdl:251200 hint:-1 pid:1221 duration:3000 lock_user:iawareperf@1.0- => ret_hdl:251200
09-20 13:10:56.692 I/libPowerHal( 1238): [setGPUFreq] iawareperf@1.0- user set gpu freq min:2, max:-1
09-20 13:10:56.692 I/libPowerHal( 1238): iawareperf@1.0-: set gpu opp level max: 0
09-20 13:10:56.693 I/libPowerHal( 1238): [setGPUFreq] Soft min/max = (2, 0); Hard min/max = (2, 0)
09-20 13:10:56.693 I/libPowerHal( 1238): [setGPUFreq] final min/max = (2, 0)
09-20 13:10:56.693 I/libPowerHal( 1238): iawareperf@1.0-: set gpu opp level: 2
09-20 13:10:56.693 I/libPowerHal( 1238): iawareperf@1.0-: set gpu opp level max: 0
09-20 13:10:56.704 I/mtkpower@impl( 1238): [setMode] type:6, enabled:1
09-20 13:10:56.704 E/mtkpower@impl( 1238): [setMode] unknown type
09-20 13:10:56.705 I/libPowerHal( 1238): [updateFPS] pid(1126) : 60 => -1
09-20 13:10:56.706 I/libPowerHal( 1238): [perfNotifyAppState] pack:com.edudashpro, act:com.edudashpro.MainActivity, state:5, pid:1126, uid:10458, fps:-1
09-20 13:10:56.706 E/UxUtility( 1238): notifyAppState error = NULL
09-20 13:10:56.742 I/mtkpower_client( 1317): perf_lock_acq, hdl:0, dur:0, num:2, tid:1317
09-20 13:10:56.744 I/mtkpower_client( 1317): ret_hdl:251201
09-20 13:10:56.744 I/mtkpower_client( 1317): perf_lock_acq, hdl:0, dur:0, num:12, tid:1317
09-20 13:10:56.744 I/libPowerHal( 1238): [perfLockAcq] idx:8 hdl:251201 hint:-1 pid:1317 duration:0 lock_user:fpsgo => ret_hdl:251201
09-20 13:10:56.744 I/libPowerHal( 1238): [PE] fpsgo update cmd:1404500 param:1
09-20 13:10:56.745 I/mtkpower_client( 1317): ret_hdl:251202
09-20 13:10:56.746 I/libPowerHal( 1238): cmdSetting - unknown cmd:1438500, scmd:(null) ,param_1:0
09-20 13:10:56.746 I/libPowerHal( 1238): cmdSetting - unknown cmd:1438800, scmd:(null) ,param_1:0
09-20 13:10:56.746 I/libPowerHal( 1238): [perfLockAcq] idx:9 hdl:251202 hint:-1 pid:1317 duration:0 lock_user:fpsgo => ret_hdl:251202
09-20 13:10:56.746 I/libPowerHal( 1238): [PE] fpsgo update cmd:1438300, param:0
09-20 13:10:56.746 I/libPowerHal( 1238): [PE] fpsgo update cmd:1438400, param:0
09-20 13:10:56.747 I/libPowerHal( 1238): [PE] fpsgo update cmd:1438600, param:0
09-20 13:10:56.747 I/libPowerHal( 1238): [PE] fpsgo update cmd:1438700, param:0
09-20 13:10:56.766 I/mtkpower@impl( 1238): [powerd_req] TIMER_MSG_PERF_LOCK_TIMEOUT hdl:251198
09-20 13:10:56.766 I/libPowerHal( 1238): [perfLockRel] hdl:251198, idx:5
09-20 13:10:56.834 I/libPowerHal( 1238): [perfLockRel] hdl:251194, idx:4
09-20 13:10:56.836 I/libPowerHal( 1238): [setClusterFreq] iawareperf@1.0-: sysfs_freq set cpu freq: 1484000 -1 1226000 -1
09-20 13:10:56.837 I/libPowerHal( 1238): [unsetGPUFreq] current min:2, max:0; scn_gpu_min:2, scn_gpu_max:-1; scn_gpu_min(HL):-1, scn_gpu_max(HL):-1
09-20 13:10:56.837 I/libPowerHal( 1238): [setGPUFreq] Soft min/max = (2, 0); Hard min/max = (2, 0)
09-20 13:10:56.837 I/libPowerHal( 1238): [setGPUFreq] final min/max = (2, 0)
09-20 13:10:56.837 I/mtkpower_client( 1630): perf_lock_acq, hdl:160336, dur:0, num:2, pid:1630, tid:1695
09-20 13:10:56.837 I/libPowerHal( 1238): iawareperf@1.0-: set gpu opp level: 2
09-20 13:10:56.838 I/libPowerHal( 1238): iawareperf@1.0-: set gpu opp level max: 0
09-20 13:10:56.838 I/libPowerHal( 1238): [PD] iawareperf@1.0- update cmd:1000000 param:4
09-20 13:10:56.839 I/mtkpower_client( 1630): IMtkPowerService_isDeclared 0
09-20 13:10:56.840 I/mtkpower_client( 1630): ret_hdl:251203
09-20 13:10:56.840 I/libPowerHal( 1238): [perfLockAcq] idx:4 hdl:251203 hint:-1 pid:1630 duration:0 lock_user:system_server => ret_hdl:251203
09-20 13:10:56.841 I/mtkpower_client( 1630): perf_lock_rel, hdl:251203, tid:1695
09-20 13:10:56.843 I/mtkpower_client( 1630): IMtkPowerService_isDeclared 0
09-20 13:10:56.843 I/libPowerHal( 1238): [PE] system_server update cmd:2004200, param:20449
09-20 13:10:56.844 I/libPowerHal( 1238): [perfLockRel] hdl:251203, idx:4
09-20 13:10:56.844 I/libPowerHal( 1238): [PD] system_server update cmd:2004200 param:0
09-20 13:10:56.851 I/mtkpower_client( 1317): perf_lock_rel, hdl:251201, tid:1317
09-20 13:10:56.853 I/libPowerHal( 1238): [perfLockRel] hdl:251201, idx:8
09-20 13:10:56.853 I/mtkpower_client( 1317): perf_lock_rel, hdl:251202, tid:1317
09-20 13:10:56.854 I/libPowerHal( 1238): [PD] fpsgo update cmd:1404500 param:0
09-20 13:10:56.856 I/libPowerHal( 1238): [perfLockRel] hdl:251202, idx:9
09-20 13:10:56.856 I/libPowerHal( 1238): [PD] fpsgo update cmd:1438300, param:1000
09-20 13:10:56.857 I/libPowerHal( 1238): [PD] fpsgo update cmd:1438400, param:1000
09-20 13:10:56.857 I/libPowerHal( 1238): [PD] fpsgo update cmd:1438600 param:1000
09-20 13:10:56.857 I/libPowerHal( 1238): [PD] fpsgo update cmd:1438700 param:1000
09-20 13:10:56.927 I/mtkpower@impl( 1238): [setMode] type:6, enabled:0
09-20 13:10:56.927 E/mtkpower@impl( 1238): [setMode] unknown type
09-20 13:10:57.216 I/libPowerHal( 1238): [perfLockRel] hdl:251200, idx:7
09-20 13:10:57.217 I/libPowerHal( 1238): [setClusterFreq] iawareperf@1.0-: sysfs_freq set cpu freq: -1 -1 -1 -1
09-20 13:10:57.217 I/libPowerHal( 1238): [unsetGPUFreq] current min:2, max:0; scn_gpu_min:2, scn_gpu_max:-1; scn_gpu_min(HL):-1, scn_gpu_max(HL):-1
09-20 13:10:57.218 I/libPowerHal( 1238): [setGPUFreq] Soft min/max = (2, 0); Hard min/max = (2, 0)
09-20 13:10:57.218 I/libPowerHal( 1238): [setGPUFreq] final min/max = (2, 0)
09-20 13:10:57.218 I/libPowerHal( 1238): iawareperf@1.0-: set gpu opp level: 2
09-20 13:10:57.218 I/libPowerHal( 1238): iawareperf@1.0-: set gpu opp level max: 0
09-20 13:10:57.218 I/libPowerHal( 1238): [PD] iawareperf@1.0- update cmd:1408300 param:0
09-20 13:10:57.219 I/libPowerHal( 1238): [PD] iawareperf@1.0- update cmd:1000000 param:-1
09-20 13:10:57.562 I/libPowerHal( 1238): [perfLockAcq] idx:4 hdl:251204 hint:-1 pid:1221 duration:3000 lock_user:iawareperf@1.0- => ret_hdl:251204
09-20 13:10:57.563 I/libPowerHal( 1238): [setClusterFreq] iawareperf@1.0-: sysfs_freq set cpu freq: 1617000 -1 1600000 -1
09-20 13:10:57.563 I/libPowerHal( 1238): [PE] iawareperf@1.0- update cmd:1408300, param:30
09-20 13:10:57.589 I/mtkpower_client( 1317): perf_lock_acq, hdl:0, dur:0, num:2, tid:1317
09-20 13:10:57.590 I/mtkpower_client( 1317): ret_hdl:251205
09-20 13:10:57.591 I/libPowerHal( 1238): [perfLockAcq] idx:5 hdl:251205 hint:-1 pid:1317 duration:0 lock_user:fpsgo => ret_hdl:251205
09-20 13:10:57.591 I/mtkpower_client( 1317): perf_lock_acq, hdl:0, dur:0, num:12, tid:1317
09-20 13:10:57.591 I/libPowerHal( 1238): [PE] fpsgo update cmd:1404500 param:1
09-20 13:10:57.593 I/mtkpower@impl( 1238): [powerd_req] TIMER_MSG_PERF_LOCK_TIMEOUT hdl:251184
09-20 13:10:57.593 I/libPowerHal( 1238): [perfLockRel] hdl:251184, idx:1
09-20 13:10:57.594 I/mtkpower_client( 1317): ret_hdl:251206
09-20 13:10:57.594 I/libPowerHal( 1238): cmdSetting - unknown cmd:1438500, scmd:(null) ,param_1:0
09-20 13:10:57.594 I/libPowerHal( 1238): cmdSetting - unknown cmd:1438800, scmd:(null) ,param_1:0
09-20 13:10:57.594 I/libPowerHal( 1238): [perfLockAcq] idx:7 hdl:251206 hint:-1 pid:1317 duration:0 lock_user:fpsgo => ret_hdl:251206
09-20 13:10:57.594 I/libPowerHal( 1238): [PE] fpsgo update cmd:1438300, param:0
09-20 13:10:57.595 I/libPowerHal( 1238): [PE] fpsgo update cmd:1438400, param:0
09-20 13:10:57.595 I/mtkpower_client( 1317): perf_lock_rel, hdl:251205, tid:1317
09-20 13:10:57.595 I/libPowerHal( 1238): [PE] fpsgo update cmd:1438600, param:0
09-20 13:10:57.596 I/libPowerHal( 1238): [PE] fpsgo update cmd:1438700, param:0
09-20 13:10:57.596 I/mtkpower_client( 1317): perf_lock_rel, hdl:251206, tid:1317
09-20 13:10:57.598 I/libPowerHal( 1238): [perfLockRel] hdl:251205, idx:5
09-20 13:10:57.598 I/libPowerHal( 1238): [PD] fpsgo update cmd:1404500 param:0
09-20 13:10:57.600 I/libPowerHal( 1238): [perfLockRel] hdl:251206, idx:7
09-20 13:10:57.601 I/libPowerHal( 1238): [PD] fpsgo update cmd:1438300, param:1000
09-20 13:10:57.601 I/libPowerHal( 1238): [PD] fpsgo update cmd:1438400, param:1000
09-20 13:10:57.602 I/libPowerHal( 1238): [PD] fpsgo update cmd:1438600 param:1000
09-20 13:10:57.602 I/libPowerHal( 1238): [PD] fpsgo update cmd:1438700 param:1000
09-20 13:10:57.633 I/libPowerHal( 1238): [perfLockRel] hdl:251204, idx:4
09-20 13:10:57.634 I/libPowerHal( 1238): [setClusterFreq] iawareperf@1.0-: sysfs_freq set cpu freq: -1 -1 -1 -1
09-20 13:10:57.634 I/libPowerHal( 1238): [PD] iawareperf@1.0- update cmd:1408300 param:0
09-20 13:10:57.636 I/libPowerHal( 1238): [perfLockAcq] idx:1 hdl:251207 hint:-1 pid:1221 duration:80 lock_user:iawareperf@1.0- => ret_hdl:251207
09-20 13:10:57.636 I/libPowerHal( 1238): [setClusterFreq] iawareperf@1.0-: sysfs_freq set cpu freq: 1617000 -1 1491000 -1
09-20 13:10:57.637 I/libPowerHal( 1238): [PE] iawareperf@1.0- update cmd:1408300, param:30
09-20 13:10:57.648 I/libPowerHal( 1238): cmdSetting - unknown cmd:1c3c000, scmd:(null) ,param_1:1
09-20 13:10:57.648 I/libPowerHal( 1238): [perfLockAcq] idx:4 hdl:251208 hint:-1 pid:1221 duration:7000 lock_user:iawareperf@1.0- => ret_hdl:251208
09-20 13:10:57.648 I/libPowerHal( 1238): [setGPUFreq] iawareperf@1.0- user set gpu freq min:2, max:-1
09-20 13:10:57.648 I/libPowerHal( 1238): iawareperf@1.0-: set gpu opp level max: 0
09-20 13:10:57.648 I/libPowerHal( 1238): [setGPUFreq] Soft min/max = (2, 0); Hard min/max = (2, 0)
09-20 13:10:57.648 I/libPowerHal( 1238): [setGPUFreq] final min/max = (2, 0)
09-20 13:10:57.648 I/libPowerHal( 1238): iawareperf@1.0-: set gpu opp level: 2
09-20 13:10:57.648 I/libPowerHal( 1238): iawareperf@1.0-: set gpu opp level max: 0
09-20 13:10:57.649 I/libPowerHal( 1238): [setClusterFreq] iawareperf@1.0-: sysfs_freq set cpu freq: 2200000 -1 1600000 -1
09-20 13:10:57.650 I/libPowerHal( 1238): [PE] iawareperf@1.0- update cmd:1408300, param:50
09-20 13:10:57.650 I/libPowerHal( 1238): [PE] iawareperf@1.0- update cmd:1000000 param:1
09-20 13:10:57.661 I/mtkpower@impl( 1238): [setMode] type:5, enabled:1
09-20 13:10:57.662 I/mtkpower_client( 1630): [Legacy][PowerHal_Wrap_notifyAppState] com.edudashpro/com.edudashpro.MainActivity pid=1126 state:0
09-20 13:10:57.663 I/libPowerHal( 1238): [perfNotifyAppState] pack:com.edudashpro, act:com.edudashpro.MainActivity, state:0, pid:1126, uid:10458, fps:-1
09-20 13:10:57.694 I/mtkpower_client( 1630): [Legacy][PowerHal_Wrap_notifyAppState] com.google.android.gms/com.google.android.gms.autofill.ui.AutofillTransparentActivity pid=32584 state:1
09-20 13:10:57.695 I/libPowerHal( 1238): [perfNotifyAppState] pack:com.google.android.gms, act:com.google.android.gms.autofill.ui.AutofillTransparentActivity, state:1, pid:32584, uid:10036, fps:-1
09-20 13:10:57.695 I/libPowerHal( 1238): [perfNotifyAppState] foreground:com.google.android.gms, pid:32584, uid:10036
09-20 13:10:57.696 E/UxUtility( 1238): notifyAppState error = NULL
09-20 13:10:57.696 I/mtkpower@impl( 1238): [notifyAppState] pc:0, com.edudashpro => com.google.android.gms
09-20 13:10:57.705 I/mtkpower_client( 1630): [Legacy][PowerHal_Wrap_notifyAppState] com.edudashpro/com.edudashpro.MainActivity pid=1126 state:0
09-20 13:10:57.706 I/libPowerHal( 1238): [perfNotifyAppState] pack:com.edudashpro, act:com.edudashpro.MainActivity, state:0, pid:1126, uid:10458, fps:-1
09-20 13:10:57.717 I/mtkpower@impl( 1238): [powerd_req] TIMER_MSG_PERF_LOCK_TIMEOUT hdl:251207
09-20 13:10:57.718 I/libPowerHal( 1238): [perfLockRel] hdl:251207, idx:1
09-20 13:10:57.739 I/mtkpower_client( 1317): perf_lock_acq, hdl:0, dur:0, num:2, tid:1317
09-20 13:10:57.740 I/mtkpower_client( 1317): ret_hdl:251209
09-20 13:10:57.741 I/mtkpower_client( 1630): [Legacy][PowerHal_Wrap_notifyAppState] com.google.android.gms/com.google.android.gms.autofill.ui.AutofillTransparentActivity pid=32584 state:0
09-20 13:10:57.741 I/mtkpower_client( 1317): perf_lock_acq, hdl:0, dur:0, num:12, tid:1317
09-20 13:10:57.742 I/libPowerHal( 1238): [perfLockAcq] idx:1 hdl:251209 hint:-1 pid:1317 duration:0 lock_user:fpsgo => ret_hdl:251209
09-20 13:10:57.742 I/libPowerHal( 1238): [PE] fpsgo update cmd:1404500 param:1
09-20 13:10:57.745 I/libPowerHal( 1238): [perfNotifyAppState] pack:com.google.android.gms, act:com.google.android.gms.autofill.ui.AutofillTransparentActivity, state:0, pid:32584, uid:10036, fps:-1
09-20 13:10:57.746 I/mtkpower_client( 1317): ret_hdl:251210
09-20 13:10:57.748 I/libPowerHal( 1238): cmdSetting - unknown cmd:1438500, scmd:(null) ,param_1:0
09-20 13:10:57.748 I/libPowerHal( 1238): cmdSetting - unknown cmd:1438800, scmd:(null) ,param_1:0
09-20 13:10:57.748 I/libPowerHal( 1238): [perfLockAcq] idx:5 hdl:251210 hint:-1 pid:1317 duration:0 lock_user:fpsgo => ret_hdl:251210
09-20 13:10:57.748 I/libPowerHal( 1238): [PE] fpsgo update cmd:1438300, param:0
09-20 13:10:57.748 I/libPowerHal( 1238): [PE] fpsgo update cmd:1438400, param:0
09-20 13:10:57.748 I/libPowerHal( 1238): [PE] fpsgo update cmd:1438600, param:0
09-20 13:10:57.748 I/libPowerHal( 1238): [PE] fpsgo update cmd:1438700, param:0
09-20 13:10:57.769 I/libPowerHal( 1238): cmdSetting - unknown cmd:1c3c000, scmd:(null) ,param_1:1
09-20 13:10:57.770 I/libPowerHal( 1238): [perfLockAcq] idx:7 hdl:251211 hint:-1 pid:1221 duration:400 lock_user:iawareperf@1.0- => ret_hdl:251211
09-20 13:10:57.771 I/libPowerHal( 1238): [setGPUFreq] iawareperf@1.0- user set gpu freq min:2, max:-1
09-20 13:10:57.771 I/libPowerHal( 1238): iawareperf@1.0-: set gpu opp level max: 0
09-20 13:10:57.771 I/libPowerHal( 1238): [setGPUFreq] Soft min/max = (2, 0); Hard min/max = (2, 0)
09-20 13:10:57.771 I/libPowerHal( 1238): [setGPUFreq] final min/max = (2, 0)
09-20 13:10:57.771 I/libPowerHal( 1238): iawareperf@1.0-: set gpu opp level: 2
09-20 13:10:57.771 I/libPowerHal( 1238): iawareperf@1.0-: set gpu opp level max: 0
09-20 13:10:57.775 I/mtkpower_client( 1630): [Legacy][PowerHal_Wrap_notifyAppState] com.edudashpro/com.edudashpro.MainActivity pid=1126 state:1
09-20 13:10:57.775 I/libPowerHal( 1238): cmdSetting - unknown cmd:1c3c000, scmd:(null) ,param_1:1
09-20 13:10:57.775 I/libPowerHal( 1238): [perfLockAcq] idx:8 hdl:251212 hint:-1 pid:1221 duration:400 lock_user:iawareperf@1.0- => ret_hdl:251212
09-20 13:10:57.775 I/libPowerHal( 1238): [setGPUFreq] iawareperf@1.0- user set gpu freq min:2, max:-1
09-20 13:10:57.775 I/libPowerHal( 1238): iawareperf@1.0-: set gpu opp level max: 0
09-20 13:10:57.775 I/libPowerHal( 1238): [setGPUFreq] Soft min/max = (2, 0); Hard min/max = (2, 0)
09-20 13:10:57.775 I/libPowerHal( 1238): [setGPUFreq] final min/max = (2, 0)
09-20 13:10:57.775 I/libPowerHal( 1238): iawareperf@1.0-: set gpu opp level: 2
09-20 13:10:57.775 I/libPowerHal( 1238): iawareperf@1.0-: set gpu opp level max: 0
09-20 13:10:57.780 I/libPowerHal( 1238): [perfNotifyAppState] pack:com.edudashpro, act:com.edudashpro.MainActivity, state:1, pid:1126, uid:10458, fps:-1
09-20 13:10:57.780 I/libPowerHal( 1238): [perfNotifyAppState] foreground:com.edudashpro, pid:1126, uid:10458
09-20 13:10:57.780 E/UxUtility( 1238): notifyAppState error = NULL
09-20 13:10:57.781 I/mtkpower@impl( 1238): [notifyAppState] pc:0, com.google.android.gms => com.edudashpro
09-20 13:10:57.789 I/mtkpower_client( 1630): [Legacy][PowerHal_Wrap_notifyAppState] com.google.android.gms/com.google.android.gms.autofill.ui.AutofillTransparentActivity pid=32584 state:0
09-20 13:10:57.790 I/libPowerHal( 1238): [perfNotifyAppState] pack:com.google.android.gms, act:com.google.android.gms.autofill.ui.AutofillTransparentActivity, state:0, pid:32584, uid:10036, fps:-1
09-20 13:10:57.817 I/libPowerHal( 1238): cmdSetting - unknown cmd:1c3c000, scmd:(null) ,param_1:1
09-20 13:10:57.817 I/libPowerHal( 1238): [perfLockAcq] idx:9 hdl:251213 hint:-1 pid:1221 duration:400 lock_user:iawareperf@1.0- => ret_hdl:251213
09-20 13:10:57.817 I/libPowerHal( 1238): [setGPUFreq] iawareperf@1.0- user set gpu freq min:2, max:-1
09-20 13:10:57.817 I/libPowerHal( 1238): iawareperf@1.0-: set gpu opp level max: 0
09-20 13:10:57.817 I/libPowerHal( 1238): [setGPUFreq] Soft min/max = (2, 0); Hard min/max = (2, 0)
09-20 13:10:57.817 I/libPowerHal( 1238): [setGPUFreq] final min/max = (2, 0)
09-20 13:10:57.817 I/libPowerHal( 1238): iawareperf@1.0-: set gpu opp level: 2
09-20 13:10:57.817 I/libPowerHal( 1238): iawareperf@1.0-: set gpu opp level max: 0
09-20 13:10:57.850 I/libPowerHal( 1238): cmdSetting - unknown cmd:1c3c000, scmd:(null) ,param_1:1
09-20 13:10:57.851 I/libPowerHal( 1238): [perfLockAcq] idx:10 hdl:251214 hint:-1 pid:1221 duration:400 lock_user:iawareperf@1.0- => ret_hdl:251214
09-20 13:10:57.852 I/libPowerHal( 1238): [setGPUFreq] iawareperf@1.0- user set gpu freq min:2, max:-1
09-20 13:10:57.852 I/libPowerHal( 1238): iawareperf@1.0-: set gpu opp level max: 0
09-20 13:10:57.852 I/libPowerHal( 1238): [setGPUFreq] Soft min/max = (2, 0); Hard min/max = (2, 0)
09-20 13:10:57.852 I/libPowerHal( 1238): [setGPUFreq] final min/max = (2, 0)
09-20 13:10:57.852 I/libPowerHal( 1238): iawareperf@1.0-: set gpu opp level: 2
09-20 13:10:57.852 I/libPowerHal( 1238): iawareperf@1.0-: set gpu opp level max: 0
09-20 13:10:57.853 I/mtkpower_client( 1317): perf_lock_rel, hdl:251209, tid:1317
09-20 13:10:57.858 I/libPowerHal( 1238): [perfLockRel] hdl:251209, idx:1
09-20 13:10:57.858 I/mtkpower_client( 1317): perf_lock_rel, hdl:251210, tid:1317
09-20 13:10:57.859 I/libPowerHal( 1238): [PD] fpsgo update cmd:1404500 param:0
09-20 13:10:57.860 I/libPowerHal( 1238): [perfLockRel] hdl:251210, idx:5
09-20 13:10:57.860 I/libPowerHal( 1238): [PD] fpsgo update cmd:1438300, param:1000
09-20 13:10:57.860 I/libPowerHal( 1238): [PD] fpsgo update cmd:1438400, param:1000
09-20 13:10:57.861 I/libPowerHal( 1238): [PD] fpsgo update cmd:1438600 param:1000
09-20 13:10:57.861 I/libPowerHal( 1238): [PD] fpsgo update cmd:1438700 param:1000
09-20 13:10:57.895 I/mtkpower@impl( 1238): [setMode] type:5, enabled:0
09-20 13:10:57.946 I/mtkpower_client( 1317): perf_lock_acq, hdl:0, dur:0, num:2, tid:1317
09-20 13:10:57.948 I/mtkpower_client( 1317): ret_hdl:251215
09-20 13:10:57.949 I/mtkpower_client( 1317): perf_lock_acq, hdl:0, dur:0, num:12, tid:1317
09-20 13:10:57.950 I/mtkpower_client( 1317): ret_hdl:251216
09-20 13:10:57.955 I/libPowerHal( 1238): [perfLockAcq] idx:1 hdl:251215 hint:-1 pid:1317 duration:0 lock_user:fpsgo => ret_hdl:251215
09-20 13:10:57.956 I/libPowerHal( 1238): [PE] fpsgo update cmd:1404500 param:1
09-20 13:10:57.957 I/libPowerHal( 1238): cmdSetting - unknown cmd:1438500, scmd:(null) ,param_1:0
09-20 13:10:57.957 I/libPowerHal( 1238): cmdSetting - unknown cmd:1438800, scmd:(null) ,param_1:0
09-20 13:10:57.957 I/libPowerHal( 1238): [perfLockAcq] idx:5 hdl:251216 hint:-1 pid:1317 duration:0 lock_user:fpsgo => ret_hdl:251216
09-20 13:10:57.958 I/libPowerHal( 1238): [PE] fpsgo update cmd:1438300, param:0
09-20 13:10:57.958 I/libPowerHal( 1238): [PE] fpsgo update cmd:1438400, param:0
09-20 13:10:57.958 I/libPowerHal( 1238): [PE] fpsgo update cmd:1438600, param:0
09-20 13:10:57.960 I/libPowerHal( 1238): [PE] fpsgo update cmd:1438700, param:0
09-20 13:10:58.053 I/mtkpower_client( 1317): perf_lock_rel, hdl:251215, tid:1317
09-20 13:10:58.054 I/mtkpower_client( 1317): perf_lock_rel, hdl:251216, tid:1317
09-20 13:10:58.054 I/libPowerHal( 1238): [perfLockRel] hdl:251215, idx:1
09-20 13:10:58.055 I/libPowerHal( 1238): [PD] fpsgo update cmd:1404500 param:0
09-20 13:10:58.055 I/libPowerHal( 1238): [perfLockRel] hdl:251216, idx:5
09-20 13:10:58.056 I/libPowerHal( 1238): [PD] fpsgo update cmd:1438300, param:1000
09-20 13:10:58.056 I/libPowerHal( 1238): [PD] fpsgo update cmd:1438400, param:1000
09-20 13:10:58.057 I/libPowerHal( 1238): [PD] fpsgo update cmd:1438600 param:1000
09-20 13:10:58.057 I/libPowerHal( 1238): [PD] fpsgo update cmd:1438700 param:1000
09-20 13:10:58.172 I/mtkpower@impl( 1238): [powerd_req] TIMER_MSG_PERF_LOCK_TIMEOUT hdl:251211
09-20 13:10:58.172 I/libPowerHal( 1238): [perfLockRel] hdl:251211, idx:7
09-20 13:10:58.172 I/libPowerHal( 1238): [unsetGPUFreq] current min:2, max:0; scn_gpu_min:2, scn_gpu_max:-1; scn_gpu_min(HL):-1, scn_gpu_max(HL):-1
09-20 13:10:58.172 I/libPowerHal( 1238): [setGPUFreq] Soft min/max = (2, 0); Hard min/max = (2, 0)
09-20 13:10:58.173 I/libPowerHal( 1238): [setGPUFreq] final min/max = (2, 0)
09-20 13:10:58.173 I/libPowerHal( 1238): iawareperf@1.0-: set gpu opp level: 2
09-20 13:10:58.173 I/libPowerHal( 1238): iawareperf@1.0-: set gpu opp level max: 0
09-20 13:10:58.176 I/mtkpower@impl( 1238): [powerd_req] TIMER_MSG_PERF_LOCK_TIMEOUT hdl:251212
09-20 13:10:58.177 I/libPowerHal( 1238): [perfLockRel] hdl:251212, idx:8
09-20 13:10:58.178 I/libPowerHal( 1238): [unsetGPUFreq] current min:2, max:0; scn_gpu_min:2, scn_gpu_max:-1; scn_gpu_min(HL):-1, scn_gpu_max(HL):-1
09-20 13:10:58.178 I/libPowerHal( 1238): [setGPUFreq] Soft min/max = (2, 0); Hard min/max = (2, 0)
09-20 13:10:58.178 I/libPowerHal( 1238): [setGPUFreq] final min/max = (2, 0)
09-20 13:10:58.178 I/libPowerHal( 1238): iawareperf@1.0-: set gpu opp level: 2
09-20 13:10:58.178 I/libPowerHal( 1238): iawareperf@1.0-: set gpu opp level max: 0
09-20 13:10:58.218 I/mtkpower@impl( 1238): [powerd_req] TIMER_MSG_PERF_LOCK_TIMEOUT hdl:251213
09-20 13:10:58.218 I/libPowerHal( 1238): [perfLockRel] hdl:251213, idx:9
09-20 13:10:58.218 I/libPowerHal( 1238): [unsetGPUFreq] current min:2, max:0; scn_gpu_min:2, scn_gpu_max:-1; scn_gpu_min(HL):-1, scn_gpu_max(HL):-1
09-20 13:10:58.218 I/libPowerHal( 1238): [setGPUFreq] Soft min/max = (2, 0); Hard min/max = (2, 0)
09-20 13:10:58.218 I/libPowerHal( 1238): [setGPUFreq] final min/max = (2, 0)
09-20 13:10:58.218 I/libPowerHal( 1238): iawareperf@1.0-: set gpu opp level: 2
09-20 13:10:58.219 I/libPowerHal( 1238): iawareperf@1.0-: set gpu opp level max: 0
09-20 13:10:58.257 I/mtkpower@impl( 1238): [powerd_req] TIMER_MSG_PERF_LOCK_TIMEOUT hdl:251214
09-20 13:10:58.257 I/libPowerHal( 1238): [perfLockRel] hdl:251214, idx:10
09-20 13:10:58.257 I/libPowerHal( 1238): [unsetGPUFreq] current min:2, max:0; scn_gpu_min:2, scn_gpu_max:-1; scn_gpu_min(HL):-1, scn_gpu_max(HL):-1
09-20 13:10:58.257 I/libPowerHal( 1238): [setGPUFreq] Soft min/max = (2, 0); Hard min/max = (2, 0)
09-20 13:10:58.257 I/libPowerHal( 1238): [setGPUFreq] final min/max = (2, 0)
09-20 13:10:58.257 I/libPowerHal( 1238): iawareperf@1.0-: set gpu opp level: 2
09-20 13:10:58.257 I/libPowerHal( 1238): iawareperf@1.0-: set gpu opp level max: 0
09-20 13:10:58.395 I/mtkpower_client( 1317): perf_lock_acq, hdl:0, dur:0, num:2, tid:1317
09-20 13:10:58.397 I/mtkpower_client( 1317): ret_hdl:251217
09-20 13:10:58.397 I/mtkpower_client( 1317): perf_lock_acq, hdl:0, dur:0, num:12, tid:1317
09-20 13:10:58.398 I/mtkpower_client( 1317): ret_hdl:251218
09-20 13:10:58.399 I/libPowerHal( 1238): [perfLockAcq] idx:1 hdl:251217 hint:-1 pid:1317 duration:0 lock_user:fpsgo => ret_hdl:251217
09-20 13:10:58.400 I/libPowerHal( 1238): [PE] fpsgo update cmd:1404500 param:1
09-20 13:10:58.401 I/libPowerHal( 1238): cmdSetting - unknown cmd:1438500, scmd:(null) ,param_1:0
09-20 13:10:58.409 I/libPowerHal( 1238): cmdSetting - unknown cmd:1438800, scmd:(null) ,param_1:0
09-20 13:10:58.410 I/libPowerHal( 1238): [perfLockAcq] idx:5 hdl:251218 hint:-1 pid:1317 duration:0 lock_user:fpsgo => ret_hdl:251218
09-20 13:10:58.411 I/libPowerHal( 1238): [PE] fpsgo update cmd:1438300, param:0
09-20 13:10:58.411 I/libPowerHal( 1238): [PE] fpsgo update cmd:1438400, param:0
09-20 13:10:58.412 I/libPowerHal( 1238): [PE] fpsgo update cmd:1438600, param:0
09-20 13:10:58.414 I/libPowerHal( 1238): [PE] fpsgo update cmd:1438700, param:0
09-20 13:10:58.554 I/mtkpower_client( 1317): perf_lock_rel, hdl:251217, tid:1317
09-20 13:10:58.554 I/mtkpower_client( 1317): perf_lock_rel, hdl:251218, tid:1317
09-20 13:10:58.555 I/libPowerHal( 1238): [perfLockRel] hdl:251217, idx:1
09-20 13:10:58.555 I/libPowerHal( 1238): [PD] fpsgo update cmd:1404500 param:0
09-20 13:10:58.556 I/libPowerHal( 1238): [perfLockRel] hdl:251218, idx:5
09-20 13:10:58.557 I/libPowerHal( 1238): [PD] fpsgo update cmd:1438300, param:1000
09-20 13:10:58.557 I/libPowerHal( 1238): [PD] fpsgo update cmd:1438400, param:1000
09-20 13:10:58.557 I/libPowerHal( 1238): [PD] fpsgo update cmd:1438600 param:1000
09-20 13:10:58.558 I/libPowerHal( 1238): [PD] fpsgo update cmd:1438700 param:1000
09-20 13:10:58.745 I/libPowerHal( 1238): [perfLockAcq] idx:1 hdl:251219 hint:-1 pid:1221 duration:3000 lock_user:iawareperf@1.0- => ret_hdl:251219
09-20 13:10:58.793 I/libPowerHal( 1238): [perfLockRel] hdl:251219, idx:1
09-20 13:10:58.795 I/libPowerHal( 1238): [perfLockAcq] idx:1 hdl:251220 hint:-1 pid:1221 duration:80 lock_user:iawareperf@1.0- => ret_hdl:251220
09-20 13:10:58.796 I/libPowerHal( 1238): [perfLockAcq] idx:5 hdl:251221 hint:-1 pid:1221 duration:3000 lock_user:iawareperf@1.0- => ret_hdl:251221
09-20 13:10:58.849 I/libPowerHal( 1238): [perfLockAcq] idx:7 hdl:251222 hint:-1 pid:1221 duration:250 lock_user:iawareperf@1.0- => ret_hdl:251222
09-20 13:10:58.849 I/libPowerHal( 1238): [setGPUFreq] iawareperf@1.0- user set gpu freq min:2, max:-1
09-20 13:10:58.850 I/libPowerHal( 1238): iawareperf@1.0-: set gpu opp level max: 0
09-20 13:10:58.850 I/libPowerHal( 1238): [setGPUFreq] Soft min/max = (2, 0); Hard min/max = (2, 0)
09-20 13:10:58.850 I/libPowerHal( 1238): [setGPUFreq] final min/max = (2, 0)
09-20 13:10:58.850 I/libPowerHal( 1238): iawareperf@1.0-: set gpu opp level: 2
09-20 13:10:58.850 I/libPowerHal( 1238): iawareperf@1.0-: set gpu opp level max: 0
09-20 13:10:58.857 I/mtkpower_client( 1317): perf_lock_acq, hdl:0, dur:0, num:2, tid:1317
09-20 13:10:58.858 I/mtkpower_client( 1317): ret_hdl:251223
09-20 13:10:58.858 I/mtkpower_client( 1317): perf_lock_acq, hdl:0, dur:0, num:12, tid:1317
09-20 13:10:58.858 I/libPowerHal( 1238): [perfLockAcq] idx:8 hdl:251223 hint:-1 pid:1317 duration:0 lock_user:fpsgo => ret_hdl:251223
09-20 13:10:58.858 I/libPowerHal( 1238): [PE] fpsgo update cmd:1404500 param:1
09-20 13:10:58.859 I/mtkpower_client( 1317): ret_hdl:251224
09-20 13:10:58.859 I/libPowerHal( 1238): cmdSetting - unknown cmd:1438500, scmd:(null) ,param_1:0
09-20 13:10:58.860 I/libPowerHal( 1238): cmdSetting - unknown cmd:1438800, scmd:(null) ,param_1:0
