--------- beginning of main
09-20 13:08:40.184 I/mtkpower_client( 1317): perf_lock_acq, hdl:0, dur:0, num:2, tid:1317
09-20 13:08:40.185 I/mtkpower_client( 1317): ret_hdl:251079
09-20 13:08:40.185 I/mtkpower_client( 1317): perf_lock_acq, hdl:0, dur:0, num:12, tid:1317
09-20 13:08:40.185 I/libPowerHal( 1238): [perfLockAcq] idx:1 hdl:251079 hint:-1 pid:1317 duration:0 lock_user:fpsgo => ret_hdl:251079
09-20 13:08:40.186 I/libPowerHal( 1238): [PE] fpsgo update cmd:1404500 param:1
09-20 13:08:40.187 I/mtkpower_client( 1317): ret_hdl:251080
09-20 13:08:40.188 I/libPowerHal( 1238): cmdSetting - unknown cmd:1438500, scmd:(null) ,param_1:0
09-20 13:08:40.189 I/libPowerHal( 1238): cmdSetting - unknown cmd:1438800, scmd:(null) ,param_1:0
09-20 13:08:40.189 I/libPowerHal( 1238): [perfLockAcq] idx:2 hdl:251080 hint:-1 pid:1317 duration:0 lock_user:fpsgo => ret_hdl:251080
09-20 13:08:40.189 I/libPowerHal( 1238): [PE] fpsgo update cmd:1438300, param:0
09-20 13:08:40.189 I/libPowerHal( 1238): [PE] fpsgo update cmd:1438400, param:0
09-20 13:08:40.189 I/libPowerHal( 1238): [PE] fpsgo update cmd:1438600, param:0
09-20 13:08:40.189 I/libPowerHal( 1238): [PE] fpsgo update cmd:1438700, param:0
09-20 13:08:40.337 I/mtkpower_client( 1317): perf_lock_rel, hdl:251079, tid:1317
09-20 13:08:40.339 I/mtkpower_client( 1317): perf_lock_rel, hdl:251080, tid:1317
09-20 13:08:40.339 I/libPowerHal( 1238): [perfLockRel] hdl:251079, idx:1
09-20 13:08:40.340 I/libPowerHal( 1238): [PD] fpsgo update cmd:1404500 param:0
09-20 13:08:40.343 I/libPowerHal( 1238): [perfLockRel] hdl:251080, idx:2
09-20 13:08:40.343 I/libPowerHal( 1238): [PD] fpsgo update cmd:1438300, param:1000
09-20 13:08:40.343 I/libPowerHal( 1238): [PD] fpsgo update cmd:1438400, param:1000
09-20 13:08:40.343 I/libPowerHal( 1238): [PD] fpsgo update cmd:1438600 param:1000
09-20 13:08:40.344 I/libPowerHal( 1238): [PD] fpsgo update cmd:1438700 param:1000
09-20 13:08:41.190 I/mtkpower_client( 1317): perf_lock_acq, hdl:0, dur:0, num:2, tid:1317
09-20 13:08:41.191 I/mtkpower_client( 1317): ret_hdl:251081
09-20 13:08:41.192 I/mtkpower_client( 1317): perf_lock_acq, hdl:0, dur:0, num:12, tid:1317
09-20 13:08:41.192 I/libPowerHal( 1238): [perfLockAcq] idx:1 hdl:251081 hint:-1 pid:1317 duration:0 lock_user:fpsgo => ret_hdl:251081
09-20 13:08:41.192 I/libPowerHal( 1238): [PE] fpsgo update cmd:1404500 param:1
09-20 13:08:41.193 I/mtkpower_client( 1317): ret_hdl:251082
09-20 13:08:41.194 I/libPowerHal( 1238): cmdSetting - unknown cmd:1438500, scmd:(null) ,param_1:0
09-20 13:08:41.194 I/libPowerHal( 1238): cmdSetting - unknown cmd:1438800, scmd:(null) ,param_1:0
09-20 13:08:41.194 I/libPowerHal( 1238): [perfLockAcq] idx:2 hdl:251082 hint:-1 pid:1317 duration:0 lock_user:fpsgo => ret_hdl:251082
09-20 13:08:41.194 I/libPowerHal( 1238): [PE] fpsgo update cmd:1438300, param:0
09-20 13:08:41.194 I/libPowerHal( 1238): [PE] fpsgo update cmd:1438400, param:0
09-20 13:08:41.195 I/libPowerHal( 1238): [PE] fpsgo update cmd:1438600, param:0
09-20 13:08:41.195 I/libPowerHal( 1238): [PE] fpsgo update cmd:1438700, param:0
09-20 13:08:41.338 I/mtkpower_client( 1317): perf_lock_rel, hdl:251081, tid:1317
09-20 13:08:41.340 I/mtkpower_client( 1317): perf_lock_rel, hdl:251082, tid:1317
09-20 13:08:41.341 I/libPowerHal( 1238): [perfLockRel] hdl:251081, idx:1
09-20 13:08:41.342 I/libPowerHal( 1238): [PD] fpsgo update cmd:1404500 param:0
09-20 13:08:41.345 I/libPowerHal( 1238): [perfLockRel] hdl:251082, idx:2
09-20 13:08:41.346 I/libPowerHal( 1238): [PD] fpsgo update cmd:1438300, param:1000
09-20 13:08:41.347 I/libPowerHal( 1238): [PD] fpsgo update cmd:1438400, param:1000
09-20 13:08:41.347 I/libPowerHal( 1238): [PD] fpsgo update cmd:1438600 param:1000
09-20 13:08:41.348 I/libPowerHal( 1238): [PD] fpsgo update cmd:1438700 param:1000
09-20 13:08:42.188 I/mtkpower_client( 1317): perf_lock_acq, hdl:0, dur:0, num:2, tid:1317
09-20 13:08:42.190 I/mtkpower_client( 1317): ret_hdl:251083
09-20 13:08:42.190 I/mtkpower_client( 1317): perf_lock_acq, hdl:0, dur:0, num:12, tid:1317
09-20 13:08:42.191 I/libPowerHal( 1238): [perfLockAcq] idx:1 hdl:251083 hint:-1 pid:1317 duration:0 lock_user:fpsgo => ret_hdl:251083
09-20 13:08:42.191 I/libPowerHal( 1238): [PE] fpsgo update cmd:1404500 param:1
09-20 13:08:42.193 I/mtkpower_client( 1317): ret_hdl:251084
09-20 13:08:42.194 I/libPowerHal( 1238): cmdSetting - unknown cmd:1438500, scmd:(null) ,param_1:0
09-20 13:08:42.195 I/libPowerHal( 1238): cmdSetting - unknown cmd:1438800, scmd:(null) ,param_1:0
09-20 13:08:42.195 I/libPowerHal( 1238): [perfLockAcq] idx:2 hdl:251084 hint:-1 pid:1317 duration:0 lock_user:fpsgo => ret_hdl:251084
09-20 13:08:42.195 I/libPowerHal( 1238): [PE] fpsgo update cmd:1438300, param:0
09-20 13:08:42.196 I/libPowerHal( 1238): [PE] fpsgo update cmd:1438400, param:0
09-20 13:08:42.197 I/libPowerHal( 1238): [PE] fpsgo update cmd:1438600, param:0
09-20 13:08:42.197 I/libPowerHal( 1238): [PE] fpsgo update cmd:1438700, param:0
09-20 13:08:42.342 I/mtkpower_client( 1317): perf_lock_rel, hdl:251083, tid:1317
09-20 13:08:42.343 I/mtkpower_client( 1317): perf_lock_rel, hdl:251084, tid:1317
09-20 13:08:42.344 I/libPowerHal( 1238): [perfLockRel] hdl:251083, idx:1
09-20 13:08:42.346 I/libPowerHal( 1238): [PD] fpsgo update cmd:1404500 param:0
09-20 13:08:42.348 I/libPowerHal( 1238): [perfLockRel] hdl:251084, idx:2
09-20 13:08:42.348 I/libPowerHal( 1238): [PD] fpsgo update cmd:1438300, param:1000
09-20 13:08:42.349 I/libPowerHal( 1238): [PD] fpsgo update cmd:1438400, param:1000
09-20 13:08:42.350 I/libPowerHal( 1238): [PD] fpsgo update cmd:1438600 param:1000
09-20 13:08:42.351 I/libPowerHal( 1238): [PD] fpsgo update cmd:1438700 param:1000
09-20 13:08:43.183 I/mtkpower_client( 1317): perf_lock_acq, hdl:0, dur:0, num:2, tid:1317
09-20 13:08:43.184 I/mtkpower_client( 1317): ret_hdl:251085
09-20 13:08:43.185 I/libPowerHal( 1238): [perfLockAcq] idx:1 hdl:251085 hint:-1 pid:1317 duration:0 lock_user:fpsgo => ret_hdl:251085
09-20 13:08:43.185 I/mtkpower_client( 1317): perf_lock_acq, hdl:0, dur:0, num:12, tid:1317
09-20 13:08:43.185 I/libPowerHal( 1238): [PE] fpsgo update cmd:1404500 param:1
09-20 13:08:43.187 I/mtkpower_client( 1317): ret_hdl:251086
09-20 13:08:43.188 I/libPowerHal( 1238): cmdSetting - unknown cmd:1438500, scmd:(null) ,param_1:0
09-20 13:08:43.188 I/libPowerHal( 1238): cmdSetting - unknown cmd:1438800, scmd:(null) ,param_1:0
09-20 13:08:43.189 I/libPowerHal( 1238): [perfLockAcq] idx:2 hdl:251086 hint:-1 pid:1317 duration:0 lock_user:fpsgo => ret_hdl:251086
09-20 13:08:43.189 I/libPowerHal( 1238): [PE] fpsgo update cmd:1438300, param:0
09-20 13:08:43.190 I/libPowerHal( 1238): [PE] fpsgo update cmd:1438400, param:0
09-20 13:08:43.190 I/libPowerHal( 1238): [PE] fpsgo update cmd:1438600, param:0
09-20 13:08:43.190 I/libPowerHal( 1238): [PE] fpsgo update cmd:1438700, param:0
09-20 13:08:43.346 I/mtkpower_client( 1317): perf_lock_rel, hdl:251085, tid:1317
09-20 13:08:43.347 I/mtkpower_client( 1317): perf_lock_rel, hdl:251086, tid:1317
09-20 13:08:43.348 I/libPowerHal( 1238): [perfLockRel] hdl:251085, idx:1
09-20 13:08:43.349 I/libPowerHal( 1238): [PD] fpsgo update cmd:1404500 param:0
09-20 13:08:43.351 I/libPowerHal( 1238): [perfLockRel] hdl:251086, idx:2
09-20 13:08:43.352 I/libPowerHal( 1238): [PD] fpsgo update cmd:1438300, param:1000
09-20 13:08:43.353 I/libPowerHal( 1238): [PD] fpsgo update cmd:1438400, param:1000
09-20 13:08:43.353 I/libPowerHal( 1238): [PD] fpsgo update cmd:1438600 param:1000
09-20 13:08:43.353 I/libPowerHal( 1238): [PD] fpsgo update cmd:1438700 param:1000
09-20 13:08:43.608 I/libPowerHal( 1238): [perfLockAcq] idx:1 hdl:251087 hint:-1 pid:1221 duration:3000 lock_user:iawareperf@1.0- => ret_hdl:251087
09-20 13:08:43.619 I/libPowerHal( 1238): [setClusterFreq] iawareperf@1.0-: sysfs_freq set cpu freq: 1617000 -1 1600000 -1
09-20 13:08:43.620 I/libPowerHal( 1238): [PE] iawareperf@1.0- update cmd:1408300, param:30
09-20 13:08:43.657 I/libPowerHal( 1238): [perfLockRel] hdl:251087, idx:1
09-20 13:08:43.658 I/libPowerHal( 1238): [setClusterFreq] iawareperf@1.0-: sysfs_freq set cpu freq: -1 2015000 -1 -1
09-20 13:08:43.659 I/libPowerHal( 1238): [PD] iawareperf@1.0- update cmd:1408300 param:0
09-20 13:08:43.661 I/libPowerHal( 1238): [perfLockAcq] idx:2 hdl:251088 hint:-1 pid:1221 duration:80 lock_user:iawareperf@1.0- => ret_hdl:251088
09-20 13:08:43.662 I/libPowerHal( 1238): [setClusterFreq] iawareperf@1.0-: sysfs_freq set cpu freq: 1617000 -1 1491000 -1
09-20 13:08:43.662 I/libPowerHal( 1238): [PE] iawareperf@1.0- update cmd:1408300, param:30
09-20 13:08:43.664 I/libPowerHal( 1238): [perfLockAcq] idx:1 hdl:251089 hint:-1 pid:1221 duration:3000 lock_user:iawareperf@1.0- => ret_hdl:251089
09-20 13:08:43.664 I/libPowerHal( 1238): [setClusterFreq] iawareperf@1.0-: sysfs_freq set cpu freq: 1617000 -1 1491000 -1
09-20 13:08:43.669 I/libPowerHal( 1238): [perfLockAcq] idx:4 hdl:251090 hint:-1 pid:1221 duration:250 lock_user:iawareperf@1.0- => ret_hdl:251090
09-20 13:08:43.669 I/libPowerHal( 1238): [setGPUFreq] iawareperf@1.0- user set gpu freq min:2, max:-1
09-20 13:08:43.669 I/libPowerHal( 1238): iawareperf@1.0-: set gpu opp level max: 0
09-20 13:08:43.673 I/libPowerHal( 1238): [setGPUFreq] Soft min/max = (2, 0); Hard min/max = (2, 0)
09-20 13:08:43.673 I/libPowerHal( 1238): [setGPUFreq] final min/max = (2, 0)
09-20 13:08:43.673 I/libPowerHal( 1238): iawareperf@1.0-: set gpu opp level: 2
09-20 13:08:43.674 I/libPowerHal( 1238): iawareperf@1.0-: set gpu opp level max: 0
09-20 13:08:43.675 I/libPowerHal( 1238): [setClusterFreq] iawareperf@1.0-: sysfs_freq set cpu freq: 1617000 -1 1600000 -1
09-20 13:08:43.676 I/libPowerHal( 1238): [PE] iawareperf@1.0- update cmd:1000000 param:4
09-20 13:08:43.679 I/mtkpower_client( 1317): perf_lock_acq, hdl:0, dur:0, num:2, tid:1317
09-20 13:08:43.681 I/libPowerHal( 1238): [perfLockAcq] idx:5 hdl:251091 hint:-1 pid:1317 duration:0 lock_user:fpsgo => ret_hdl:251091
09-20 13:08:43.681 I/libPowerHal( 1238): [PE] fpsgo update cmd:1404500 param:1
09-20 13:08:43.681 I/mtkpower_client( 1317): ret_hdl:251091
09-20 13:08:43.682 I/mtkpower_client( 1317): perf_lock_acq, hdl:0, dur:0, num:12, tid:1317
09-20 13:08:43.683 I/mtkpower_client( 1317): ret_hdl:251092
09-20 13:08:43.684 I/libPowerHal( 1238): cmdSetting - unknown cmd:1438500, scmd:(null) ,param_1:0
09-20 13:08:43.684 I/libPowerHal( 1238): cmdSetting - unknown cmd:1438800, scmd:(null) ,param_1:0
09-20 13:08:43.684 I/libPowerHal( 1238): [perfLockAcq] idx:7 hdl:251092 hint:-1 pid:1317 duration:0 lock_user:fpsgo => ret_hdl:251092
09-20 13:08:43.684 I/libPowerHal( 1238): [PE] fpsgo update cmd:1438300, param:0
09-20 13:08:43.684 I/libPowerHal( 1238): [PE] fpsgo update cmd:1438400, param:0
09-20 13:08:43.685 I/libPowerHal( 1238): [PE] fpsgo update cmd:1438600, param:0
09-20 13:08:43.685 I/libPowerHal( 1238): [PE] fpsgo update cmd:1438700, param:0
09-20 13:08:43.703 I/mtkpower_client( 1317): perf_lock_rel, hdl:251091, tid:1317
09-20 13:08:43.704 I/mtkpower_client( 1317): perf_lock_rel, hdl:251092, tid:1317
09-20 13:08:43.705 I/libPowerHal( 1238): [perfLockRel] hdl:251091, idx:5
09-20 13:08:43.705 I/libPowerHal( 1238): [PD] fpsgo update cmd:1404500 param:0
09-20 13:08:43.707 I/libPowerHal( 1238): [perfLockRel] hdl:251092, idx:7
09-20 13:08:43.708 I/libPowerHal( 1238): [PD] fpsgo update cmd:1438300, param:1000
09-20 13:08:43.708 I/libPowerHal( 1238): [PD] fpsgo update cmd:1438400, param:1000
09-20 13:08:43.709 I/libPowerHal( 1238): [PD] fpsgo update cmd:1438600 param:1000
09-20 13:08:43.710 I/libPowerHal( 1238): [PD] fpsgo update cmd:1438700 param:1000
09-20 13:08:43.743 I/mtkpower@impl( 1238): [powerd_req] TIMER_MSG_PERF_LOCK_TIMEOUT hdl:251088
09-20 13:08:43.743 I/libPowerHal( 1238): [perfLockRel] hdl:251088, idx:2
09-20 13:08:43.926 I/mtkpower@impl( 1238): [powerd_req] TIMER_MSG_PERF_LOCK_TIMEOUT hdl:251090
09-20 13:08:43.927 I/libPowerHal( 1238): [perfLockRel] hdl:251090, idx:4
09-20 13:08:43.928 I/libPowerHal( 1238): [setClusterFreq] iawareperf@1.0-: sysfs_freq set cpu freq: -1 -1 -1 -1
09-20 13:08:43.928 I/libPowerHal( 1238): [unsetGPUFreq] current min:2, max:0; scn_gpu_min:2, scn_gpu_max:-1; scn_gpu_min(HL):-1, scn_gpu_max(HL):-1
09-20 13:08:43.928 I/libPowerHal( 1238): [setGPUFreq] Soft min/max = (2, 0); Hard min/max = (2, 0)
09-20 13:08:43.930 I/libPowerHal( 1238): [setGPUFreq] final min/max = (2, 0)
09-20 13:08:43.930 I/libPowerHal( 1238): iawareperf@1.0-: set gpu opp level: 2
09-20 13:08:43.930 I/libPowerHal( 1238): iawareperf@1.0-: set gpu opp level max: 0
09-20 13:08:43.931 I/libPowerHal( 1238): [PD] iawareperf@1.0- update cmd:1408300 param:0
09-20 13:08:43.938 I/libPowerHal( 1238): [PD] iawareperf@1.0- update cmd:1000000 param:-1
09-20 13:08:44.172 I/libPowerHal( 1238): [perfLockAcq] idx:2 hdl:251093 hint:-1 pid:1221 duration:250 lock_user:iawareperf@1.0- => ret_hdl:251093
09-20 13:08:44.173 I/libPowerHal( 1238): [setGPUFreq] iawareperf@1.0- user set gpu freq min:2, max:-1
09-20 13:08:44.173 I/libPowerHal( 1238): iawareperf@1.0-: set gpu opp level max: 0
09-20 13:08:44.174 I/libPowerHal( 1238): [setGPUFreq] Soft min/max = (2, 0); Hard min/max = (2, 0)
09-20 13:08:44.174 I/libPowerHal( 1238): [setGPUFreq] final min/max = (2, 0)
09-20 13:08:44.174 I/libPowerHal( 1238): iawareperf@1.0-: set gpu opp level: 2
09-20 13:08:44.175 I/libPowerHal( 1238): iawareperf@1.0-: set gpu opp level max: 0
09-20 13:08:44.176 I/libPowerHal( 1238): [setClusterFreq] iawareperf@1.0-: sysfs_freq set cpu freq: 1617000 -1 1600000 -1
09-20 13:08:44.177 I/libPowerHal( 1238): [PE] iawareperf@1.0- update cmd:1408300, param:30
09-20 13:08:44.177 I/libPowerHal( 1238): [PE] iawareperf@1.0- update cmd:1000000 param:4
09-20 13:08:44.428 I/mtkpower@impl( 1238): [powerd_req] TIMER_MSG_PERF_LOCK_TIMEOUT hdl:251093
09-20 13:08:44.428 I/libPowerHal( 1238): [perfLockRel] hdl:251093, idx:2
09-20 13:08:44.429 I/libPowerHal( 1238): [setClusterFreq] iawareperf@1.0-: sysfs_freq set cpu freq: -1 -1 -1 -1
09-20 13:08:44.429 I/libPowerHal( 1238): [unsetGPUFreq] current min:2, max:0; scn_gpu_min:2, scn_gpu_max:-1; scn_gpu_min(HL):-1, scn_gpu_max(HL):-1
09-20 13:08:44.429 I/libPowerHal( 1238): [setGPUFreq] Soft min/max = (2, 0); Hard min/max = (2, 0)
09-20 13:08:44.429 I/libPowerHal( 1238): [setGPUFreq] final min/max = (2, 0)
09-20 13:08:44.429 I/libPowerHal( 1238): iawareperf@1.0-: set gpu opp level: 2
09-20 13:08:44.430 I/libPowerHal( 1238): iawareperf@1.0-: set gpu opp level max: 0
09-20 13:08:44.430 I/libPowerHal( 1238): [PD] iawareperf@1.0- update cmd:1408300 param:0
09-20 13:08:44.431 I/libPowerHal( 1238): [PD] iawareperf@1.0- update cmd:1000000 param:-1
09-20 13:08:44.688 I/libPowerHal( 1238): [updateFPS] pid(631) : -1 => 90
09-20 13:08:44.689 I/libPowerHal( 1238): [perfNotifyAppState] pack:com.edudashpro, act:com.edudashpro.MainActivity, state:5, pid:631, uid:10458, fps:90
09-20 13:08:44.691 E/UxUtility( 1238): notifyAppState error = NULL
09-20 13:08:46.666 I/mtkpower@impl( 1238): [powerd_req] TIMER_MSG_PERF_LOCK_TIMEOUT hdl:251089
09-20 13:08:46.666 I/libPowerHal( 1238): [perfLockRel] hdl:251089, idx:1
09-20 13:08:46.666 I/libPowerHal( 1238): [setClusterFreq] iawareperf@1.0-: sysfs_freq set cpu freq: -1 2015000 -1 -1
09-20 13:08:47.689 I/libPowerHal( 1238): [updateFPS] pid(631) : 90 => 60
09-20 13:08:47.691 I/libPowerHal( 1238): [perfNotifyAppState] pack:com.edudashpro, act:com.edudashpro.MainActivity, state:5, pid:631, uid:10458, fps:60
09-20 13:08:47.691 E/UxUtility( 1238): notifyAppState error = NULL
09-20 13:08:48.690 I/libPowerHal( 1238): [updateFPS] pid(631) : 60 => -1
09-20 13:08:48.691 I/libPowerHal( 1238): [perfNotifyAppState] pack:com.edudashpro, act:com.edudashpro.MainActivity, state:5, pid:631, uid:10458, fps:-1
09-20 13:08:48.692 E/UxUtility( 1238): notifyAppState error = NULL
09-20 13:08:50.115 I/mtkpower_client( 1317): perf_lock_acq, hdl:0, dur:0, num:2, tid:1317
09-20 13:08:50.117 I/mtkpower_client( 1317): ret_hdl:251094
09-20 13:08:50.117 I/mtkpower_client( 1317): perf_lock_acq, hdl:0, dur:0, num:12, tid:1317
09-20 13:08:50.117 I/libPowerHal( 1238): [perfLockAcq] idx:1 hdl:251094 hint:-1 pid:1317 duration:0 lock_user:fpsgo => ret_hdl:251094
09-20 13:08:50.117 I/libPowerHal( 1238): [PE] fpsgo update cmd:1404500 param:1
09-20 13:08:50.119 I/mtkpower_client( 1317): ret_hdl:251095
09-20 13:08:50.119 I/libPowerHal( 1238): cmdSetting - unknown cmd:1438500, scmd:(null) ,param_1:0
09-20 13:08:50.119 I/libPowerHal( 1238): cmdSetting - unknown cmd:1438800, scmd:(null) ,param_1:0
09-20 13:08:50.119 I/libPowerHal( 1238): [perfLockAcq] idx:2 hdl:251095 hint:-1 pid:1317 duration:0 lock_user:fpsgo => ret_hdl:251095
09-20 13:08:50.119 I/libPowerHal( 1238): [PE] fpsgo update cmd:1438300, param:0
09-20 13:08:50.120 I/libPowerHal( 1238): [PE] fpsgo update cmd:1438400, param:0
09-20 13:08:50.120 I/libPowerHal( 1238): [PE] fpsgo update cmd:1438600, param:0
09-20 13:08:50.120 I/libPowerHal( 1238): [PE] fpsgo update cmd:1438700, param:0
09-20 13:08:50.175 I/mtkpower_client( 1317): perf_lock_rel, hdl:251094, tid:1317
09-20 13:08:50.176 I/mtkpower_client( 1317): perf_lock_rel, hdl:251095, tid:1317
09-20 13:08:50.177 I/libPowerHal( 1238): [perfLockRel] hdl:251094, idx:1
09-20 13:08:50.180 I/libPowerHal( 1238): [PD] fpsgo update cmd:1404500 param:0
09-20 13:08:50.183 I/libPowerHal( 1238): [perfLockRel] hdl:251095, idx:2
09-20 13:08:50.183 I/libPowerHal( 1238): [PD] fpsgo update cmd:1438300, param:1000
09-20 13:08:50.184 I/libPowerHal( 1238): [PD] fpsgo update cmd:1438400, param:1000
09-20 13:08:50.185 I/libPowerHal( 1238): [PD] fpsgo update cmd:1438600 param:1000
09-20 13:08:50.185 I/libPowerHal( 1238): [PD] fpsgo update cmd:1438700 param:1000
09-20 13:08:50.365 I/mtkpower_client( 1317): perf_lock_acq, hdl:0, dur:0, num:2, tid:1317
09-20 13:08:50.367 I/mtkpower_client( 1317): ret_hdl:251096
09-20 13:08:50.367 I/libPowerHal( 1238): [perfLockAcq] idx:1 hdl:251096 hint:-1 pid:1317 duration:0 lock_user:fpsgo => ret_hdl:251096
09-20 13:08:50.367 I/libPowerHal( 1238): [PE] fpsgo update cmd:1404500 param:1
09-20 13:08:50.367 I/mtkpower_client( 1317): perf_lock_acq, hdl:0, dur:0, num:12, tid:1317
09-20 13:08:50.369 I/mtkpower_client( 1317): ret_hdl:251097
09-20 13:08:50.369 I/libPowerHal( 1238): cmdSetting - unknown cmd:1438500, scmd:(null) ,param_1:0
09-20 13:08:50.370 I/libPowerHal( 1238): cmdSetting - unknown cmd:1438800, scmd:(null) ,param_1:0
09-20 13:08:50.370 I/libPowerHal( 1238): [perfLockAcq] idx:2 hdl:251097 hint:-1 pid:1317 duration:0 lock_user:fpsgo => ret_hdl:251097
09-20 13:08:50.370 I/libPowerHal( 1238): [PE] fpsgo update cmd:1438300, param:0
09-20 13:08:50.371 I/libPowerHal( 1238): [PE] fpsgo update cmd:1438400, param:0
09-20 13:08:50.371 I/libPowerHal( 1238): [PE] fpsgo update cmd:1438600, param:0
09-20 13:08:50.371 I/libPowerHal( 1238): [PE] fpsgo update cmd:1438700, param:0
09-20 13:08:50.560 I/mtkpower_client( 1317): perf_lock_rel, hdl:251096, tid:1317
09-20 13:08:50.561 I/mtkpower_client( 1317): perf_lock_rel, hdl:251097, tid:1317
09-20 13:08:50.562 I/libPowerHal( 1238): [perfLockRel] hdl:251096, idx:1
09-20 13:08:50.563 I/libPowerHal( 1238): [PD] fpsgo update cmd:1404500 param:0
09-20 13:08:50.564 I/libPowerHal( 1238): [perfLockRel] hdl:251097, idx:2
09-20 13:08:50.565 I/libPowerHal( 1238): [PD] fpsgo update cmd:1438300, param:1000
09-20 13:08:50.565 I/libPowerHal( 1238): [PD] fpsgo update cmd:1438400, param:1000
09-20 13:08:50.566 I/libPowerHal( 1238): [PD] fpsgo update cmd:1438600 param:1000
09-20 13:08:50.566 I/libPowerHal( 1238): [PD] fpsgo update cmd:1438700 param:1000
09-20 13:08:50.690 I/libPowerHal( 1238): [updateFPS] pid(631) : -1 => 60
09-20 13:08:50.692 I/libPowerHal( 1238): [perfNotifyAppState] pack:com.edudashpro, act:com.edudashpro.MainActivity, state:5, pid:631, uid:10458, fps:60
09-20 13:08:50.692 E/UxUtility( 1238): notifyAppState error = NULL
09-20 13:08:52.692 I/libPowerHal( 1238): [updateFPS] pid(631) : 60 => -1
09-20 13:08:52.693 I/libPowerHal( 1238): [perfNotifyAppState] pack:com.edudashpro, act:com.edudashpro.MainActivity, state:5, pid:631, uid:10458, fps:-1
09-20 13:08:52.694 E/UxUtility( 1238): notifyAppState error = NULL
09-20 13:08:57.160 I/libPowerHal( 1238): perfUserScnCheckAll
09-20 13:08:57.161 I/libPowerHal( 1238): perfScnDumpAll cmd:0
09-20 13:08:57.162 I/libPowerHal( 1238): ========================
09-20 13:08:57.162 I/libPowerHal( 1238): iawareperf@1.0- - handle:249958, duration:0
09-20 13:08:57.162 I/libPowerHal( 1238): iawareperf@1.0- - handle:246428, duration:0
09-20 13:08:57.162 I/libPowerHal( 1238): ========================
09-20 13:09:29.190 I/mtkpower_client( 1317): perf_lock_acq, hdl:0, dur:0, num:2, tid:1317
09-20 13:09:29.193 I/mtkpower_client( 1317): ret_hdl:251098
09-20 13:09:29.193 I/mtkpower_client( 1317): perf_lock_acq, hdl:0, dur:0, num:12, tid:1317
09-20 13:09:29.194 I/libPowerHal( 1238): [perfLockAcq] idx:1 hdl:251098 hint:-1 pid:1317 duration:0 lock_user:fpsgo => ret_hdl:251098
09-20 13:09:29.194 I/libPowerHal( 1238): [PE] fpsgo update cmd:1404500 param:1
09-20 13:09:29.196 I/mtkpower_client( 1317): ret_hdl:251099
09-20 13:09:29.198 I/libPowerHal( 1238): cmdSetting - unknown cmd:1438500, scmd:(null) ,param_1:0
09-20 13:09:29.198 I/libPowerHal( 1238): cmdSetting - unknown cmd:1438800, scmd:(null) ,param_1:0
09-20 13:09:29.198 I/libPowerHal( 1238): [perfLockAcq] idx:2 hdl:251099 hint:-1 pid:1317 duration:0 lock_user:fpsgo => ret_hdl:251099
09-20 13:09:29.199 I/libPowerHal( 1238): [PE] fpsgo update cmd:1438300, param:0
09-20 13:09:29.200 I/libPowerHal( 1238): [PE] fpsgo update cmd:1438400, param:0
09-20 13:09:29.200 I/libPowerHal( 1238): [PE] fpsgo update cmd:1438600, param:0
09-20 13:09:29.201 I/libPowerHal( 1238): [PE] fpsgo update cmd:1438700, param:0
09-20 13:09:29.287 I/mtkpower_client( 1317): perf_lock_rel, hdl:251098, tid:1317
09-20 13:09:29.289 I/mtkpower_client( 1317): perf_lock_rel, hdl:251099, tid:1317
09-20 13:09:29.290 I/libPowerHal( 1238): [perfLockRel] hdl:251098, idx:1
09-20 13:09:29.291 I/libPowerHal( 1238): [PD] fpsgo update cmd:1404500 param:0
09-20 13:09:29.293 I/libPowerHal( 1238): [perfLockRel] hdl:251099, idx:2
09-20 13:09:29.294 I/libPowerHal( 1238): [PD] fpsgo update cmd:1438300, param:1000
09-20 13:09:29.295 I/libPowerHal( 1238): [PD] fpsgo update cmd:1438400, param:1000
09-20 13:09:29.295 I/libPowerHal( 1238): [PD] fpsgo update cmd:1438600 param:1000
09-20 13:09:29.296 I/libPowerHal( 1238): [PD] fpsgo update cmd:1438700 param:1000
09-20 13:09:29.476 I/libPowerHal( 1238): [perfLockAcq] idx:1 hdl:251100 hint:-1 pid:1221 duration:3000 lock_user:iawareperf@1.0- => ret_hdl:251100
09-20 13:09:29.480 I/libPowerHal( 1238): [setClusterFreq] iawareperf@1.0-: sysfs_freq set cpu freq: 1617000 -1 1600000 -1
09-20 13:09:29.482 I/libPowerHal( 1238): [PE] iawareperf@1.0- update cmd:1408300, param:30
09-20 13:09:29.512 I/mtkpower_client( 1317): perf_lock_acq, hdl:0, dur:0, num:2, tid:1317
09-20 13:09:29.513 I/mtkpower_client( 1317): ret_hdl:251101
09-20 13:09:29.513 I/mtkpower_client( 1317): perf_lock_acq, hdl:0, dur:0, num:12, tid:1317
09-20 13:09:29.514 I/libPowerHal( 1238): [perfLockAcq] idx:2 hdl:251101 hint:-1 pid:1317 duration:0 lock_user:fpsgo => ret_hdl:251101
09-20 13:09:29.514 I/libPowerHal( 1238): [PE] fpsgo update cmd:1404500 param:1
09-20 13:09:29.517 I/mtkpower_client( 1317): ret_hdl:251102
09-20 13:09:29.517 I/libPowerHal( 1238): cmdSetting - unknown cmd:1438500, scmd:(null) ,param_1:0
09-20 13:09:29.517 I/libPowerHal( 1238): cmdSetting - unknown cmd:1438800, scmd:(null) ,param_1:0
09-20 13:09:29.517 I/libPowerHal( 1238): [perfLockAcq] idx:4 hdl:251102 hint:-1 pid:1317 duration:0 lock_user:fpsgo => ret_hdl:251102
09-20 13:09:29.518 I/libPowerHal( 1238): [PE] fpsgo update cmd:1438300, param:0
09-20 13:09:29.519 I/libPowerHal( 1238): [PE] fpsgo update cmd:1438400, param:0
09-20 13:09:29.519 I/libPowerHal( 1238): [PE] fpsgo update cmd:1438600, param:0
09-20 13:09:29.520 I/libPowerHal( 1238): [PE] fpsgo update cmd:1438700, param:0
09-20 13:09:29.535 I/libPowerHal( 1238): [perfLockRel] hdl:251100, idx:1
09-20 13:09:29.537 I/libPowerHal( 1238): [setClusterFreq] iawareperf@1.0-: sysfs_freq set cpu freq: -1 2015000 -1 -1
09-20 13:09:29.538 I/libPowerHal( 1238): [PD] iawareperf@1.0- update cmd:1408300 param:0
09-20 13:09:29.540 I/libPowerHal( 1238): [perfLockAcq] idx:5 hdl:251103 hint:-1 pid:1221 duration:80 lock_user:iawareperf@1.0- => ret_hdl:251103
09-20 13:09:29.541 I/libPowerHal( 1238): [setClusterFreq] iawareperf@1.0-: sysfs_freq set cpu freq: 1617000 -1 1491000 -1
09-20 13:09:29.542 I/libPowerHal( 1238): [PE] iawareperf@1.0- update cmd:1408300, param:30
09-20 13:09:29.544 I/libPowerHal( 1238): [perfLockAcq] idx:1 hdl:251104 hint:-1 pid:1221 duration:3000 lock_user:iawareperf@1.0- => ret_hdl:251104
09-20 13:09:29.544 I/libPowerHal( 1238): [setClusterFreq] iawareperf@1.0-: sysfs_freq set cpu freq: 1617000 -1 1491000 -1
09-20 13:09:29.576 I/libPowerHal( 1238): [perfLockAcq] idx:7 hdl:251105 hint:-1 pid:1221 duration:250 lock_user:iawareperf@1.0- => ret_hdl:251105
09-20 13:09:29.576 I/libPowerHal( 1238): [setGPUFreq] iawareperf@1.0- user set gpu freq min:2, max:-1
09-20 13:09:29.577 I/libPowerHal( 1238): iawareperf@1.0-: set gpu opp level max: 0
09-20 13:09:29.577 I/libPowerHal( 1238): [setGPUFreq] Soft min/max = (2, 0); Hard min/max = (2, 0)
09-20 13:09:29.577 I/libPowerHal( 1238): [setGPUFreq] final min/max = (2, 0)
09-20 13:09:29.577 I/libPowerHal( 1238): iawareperf@1.0-: set gpu opp level: 2
09-20 13:09:29.577 I/libPowerHal( 1238): iawareperf@1.0-: set gpu opp level max: 0
09-20 13:09:29.578 I/libPowerHal( 1238): [setClusterFreq] iawareperf@1.0-: sysfs_freq set cpu freq: 1617000 -1 1600000 -1
09-20 13:09:29.578 I/libPowerHal( 1238): [PE] iawareperf@1.0- update cmd:1000000 param:4
09-20 13:09:29.587 I/mtkpower_client( 1317): perf_lock_rel, hdl:251101, tid:1317
09-20 13:09:29.588 I/mtkpower_client( 1317): perf_lock_rel, hdl:251102, tid:1317
09-20 13:09:29.589 I/libPowerHal( 1238): [perfLockRel] hdl:251101, idx:2
09-20 13:09:29.589 I/libPowerHal( 1238): [PD] fpsgo update cmd:1404500 param:0
09-20 13:09:29.591 I/libPowerHal( 1238): [perfLockRel] hdl:251102, idx:4
09-20 13:09:29.591 I/libPowerHal( 1238): [PD] fpsgo update cmd:1438300, param:1000
09-20 13:09:29.592 I/libPowerHal( 1238): [PD] fpsgo update cmd:1438400, param:1000
09-20 13:09:29.592 I/libPowerHal( 1238): [PD] fpsgo update cmd:1438600 param:1000
09-20 13:09:29.592 I/libPowerHal( 1238): [PD] fpsgo update cmd:1438700 param:1000
09-20 13:09:29.622 I/mtkpower@impl( 1238): [powerd_req] TIMER_MSG_PERF_LOCK_TIMEOUT hdl:251103
09-20 13:09:29.623 I/libPowerHal( 1238): [perfLockRel] hdl:251103, idx:5
09-20 13:09:29.829 I/mtkpower@impl( 1238): [powerd_req] TIMER_MSG_PERF_LOCK_TIMEOUT hdl:251105
09-20 13:09:29.829 I/libPowerHal( 1238): [perfLockRel] hdl:251105, idx:7
09-20 13:09:29.830 I/libPowerHal( 1238): [setClusterFreq] iawareperf@1.0-: sysfs_freq set cpu freq: -1 -1 -1 -1
09-20 13:09:29.830 I/libPowerHal( 1238): [unsetGPUFreq] current min:2, max:0; scn_gpu_min:2, scn_gpu_max:-1; scn_gpu_min(HL):-1, scn_gpu_max(HL):-1
09-20 13:09:29.830 I/libPowerHal( 1238): [setGPUFreq] Soft min/max = (2, 0); Hard min/max = (2, 0)
09-20 13:09:29.830 I/libPowerHal( 1238): [setGPUFreq] final min/max = (2, 0)
09-20 13:09:29.830 I/libPowerHal( 1238): iawareperf@1.0-: set gpu opp level: 2
09-20 13:09:29.831 I/libPowerHal( 1238): iawareperf@1.0-: set gpu opp level max: 0
09-20 13:09:29.831 I/libPowerHal( 1238): [PD] iawareperf@1.0- update cmd:1408300 param:0
09-20 13:09:29.833 I/libPowerHal( 1238): [PD] iawareperf@1.0- update cmd:1000000 param:-1
09-20 13:09:30.059 I/libPowerHal( 1238): [perfLockAcq] idx:2 hdl:251106 hint:-1 pid:1221 duration:250 lock_user:iawareperf@1.0- => ret_hdl:251106
09-20 13:09:30.060 I/libPowerHal( 1238): [setGPUFreq] iawareperf@1.0- user set gpu freq min:2, max:-1
09-20 13:09:30.060 I/libPowerHal( 1238): iawareperf@1.0-: set gpu opp level max: 0
09-20 13:09:30.060 I/libPowerHal( 1238): [setGPUFreq] Soft min/max = (2, 0); Hard min/max = (2, 0)
09-20 13:09:30.061 I/libPowerHal( 1238): [setGPUFreq] final min/max = (2, 0)
09-20 13:09:30.061 I/libPowerHal( 1238): iawareperf@1.0-: set gpu opp level: 2
09-20 13:09:30.062 I/libPowerHal( 1238): iawareperf@1.0-: set gpu opp level max: 0
09-20 13:09:30.063 I/libPowerHal( 1238): [setClusterFreq] iawareperf@1.0-: sysfs_freq set cpu freq: 1814000 -1 1600000 -1
09-20 13:09:30.064 I/libPowerHal( 1238): [PE] iawareperf@1.0- update cmd:1408300, param:30
09-20 13:09:30.065 I/libPowerHal( 1238): [PE] iawareperf@1.0- update cmd:1000000 param:2
09-20 13:09:30.082 I/libPowerHal( 1238): [perfLockAcq] idx:4 hdl:251107 hint:-1 pid:1221 duration:250 lock_user:iawareperf@1.0- => ret_hdl:251107
09-20 13:09:30.082 I/libPowerHal( 1238): [setGPUFreq] iawareperf@1.0- user set gpu freq min:2, max:-1
09-20 13:09:30.082 I/libPowerHal( 1238): iawareperf@1.0-: set gpu opp level max: 0
09-20 13:09:30.082 I/libPowerHal( 1238): [setGPUFreq] Soft min/max = (2, 0); Hard min/max = (2, 0)
09-20 13:09:30.082 I/libPowerHal( 1238): [setGPUFreq] final min/max = (2, 0)
09-20 13:09:30.082 I/libPowerHal( 1238): iawareperf@1.0-: set gpu opp level: 2
09-20 13:09:30.082 I/libPowerHal( 1238): iawareperf@1.0-: set gpu opp level max: 0
09-20 13:09:30.098 I/mtkpower_client( 1317): perf_lock_acq, hdl:0, dur:0, num:2, tid:1317
09-20 13:09:30.100 I/mtkpower_client( 1317): ret_hdl:251108
09-20 13:09:30.100 I/mtkpower_client( 1317): perf_lock_acq, hdl:0, dur:0, num:12, tid:1317
09-20 13:09:30.101 I/libPowerHal( 1238): [perfLockAcq] idx:5 hdl:251108 hint:-1 pid:1317 duration:0 lock_user:fpsgo => ret_hdl:251108
09-20 13:09:30.101 I/libPowerHal( 1238): [PE] fpsgo update cmd:1404500 param:1
09-20 13:09:30.102 I/mtkpower_client( 1317): ret_hdl:251109
09-20 13:09:30.102 I/libPowerHal( 1238): cmdSetting - unknown cmd:1438500, scmd:(null) ,param_1:0
09-20 13:09:30.102 I/libPowerHal( 1238): cmdSetting - unknown cmd:1438800, scmd:(null) ,param_1:0
09-20 13:09:30.102 I/libPowerHal( 1238): [perfLockAcq] idx:7 hdl:251109 hint:-1 pid:1317 duration:0 lock_user:fpsgo => ret_hdl:251109
09-20 13:09:30.103 I/libPowerHal( 1238): [PE] fpsgo update cmd:1438300, param:0
09-20 13:09:30.103 I/libPowerHal( 1238): [PE] fpsgo update cmd:1438400, param:0
09-20 13:09:30.103 I/libPowerHal( 1238): [PE] fpsgo update cmd:1438600, param:0
09-20 13:09:30.103 I/libPowerHal( 1238): [PE] fpsgo update cmd:1438700, param:0
09-20 13:09:30.113 I/mtkpower_client( 1317): perf_lock_rel, hdl:251108, tid:1317
09-20 13:09:30.114 I/mtkpower_client( 1317): perf_lock_rel, hdl:251109, tid:1317
09-20 13:09:30.114 I/libPowerHal( 1238): [perfLockRel] hdl:251108, idx:5
09-20 13:09:30.115 I/libPowerHal( 1238): [PD] fpsgo update cmd:1404500 param:0
09-20 13:09:30.116 I/libPowerHal( 1238): [perfLockRel] hdl:251109, idx:7
09-20 13:09:30.116 I/libPowerHal( 1238): [PD] fpsgo update cmd:1438300, param:1000
09-20 13:09:30.117 I/libPowerHal( 1238): [PD] fpsgo update cmd:1438400, param:1000
09-20 13:09:30.117 I/libPowerHal( 1238): [PD] fpsgo update cmd:1438600 param:1000
09-20 13:09:30.117 I/libPowerHal( 1238): [PD] fpsgo update cmd:1438700 param:1000
09-20 13:09:30.186 I/libPowerHal( 1238): [updateFPS] pid(631) : -1 => 60
09-20 13:09:30.187 I/libPowerHal( 1238): [perfNotifyAppState] pack:com.edudashpro, act:com.edudashpro.MainActivity, state:5, pid:631, uid:10458, fps:60
09-20 13:09:30.188 E/UxUtility( 1238): notifyAppState error = NULL
09-20 13:09:30.316 I/mtkpower@impl( 1238): [powerd_req] TIMER_MSG_PERF_LOCK_TIMEOUT hdl:251106
09-20 13:09:30.316 I/libPowerHal( 1238): [perfLockRel] hdl:251106, idx:2
09-20 13:09:30.317 I/libPowerHal( 1238): [setClusterFreq] iawareperf@1.0-: sysfs_freq set cpu freq: 1617000 -1 1600000 -1
09-20 13:09:30.317 I/libPowerHal( 1238): [unsetGPUFreq] current min:2, max:0; scn_gpu_min:2, scn_gpu_max:-1; scn_gpu_min(HL):-1, scn_gpu_max(HL):-1
09-20 13:09:30.318 I/libPowerHal( 1238): [setGPUFreq] Soft min/max = (2, 0); Hard min/max = (2, 0)
09-20 13:09:30.318 I/libPowerHal( 1238): [setGPUFreq] final min/max = (2, 0)
09-20 13:09:30.318 I/libPowerHal( 1238): iawareperf@1.0-: set gpu opp level: 2
09-20 13:09:30.319 I/libPowerHal( 1238): iawareperf@1.0-: set gpu opp level max: 0
09-20 13:09:30.319 I/libPowerHal( 1238): [PD] iawareperf@1.0- update cmd:1000000 param:4
09-20 13:09:30.332 I/mtkpower@impl( 1238): [powerd_req] TIMER_MSG_PERF_LOCK_TIMEOUT hdl:251107
09-20 13:09:30.332 I/libPowerHal( 1238): [perfLockRel] hdl:251107, idx:4
09-20 13:09:30.333 I/libPowerHal( 1238): [setClusterFreq] iawareperf@1.0-: sysfs_freq set cpu freq: -1 -1 -1 -1
09-20 13:09:30.333 I/libPowerHal( 1238): [unsetGPUFreq] current min:2, max:0; scn_gpu_min:2, scn_gpu_max:-1; scn_gpu_min(HL):-1, scn_gpu_max(HL):-1
09-20 13:09:30.333 I/libPowerHal( 1238): [setGPUFreq] Soft min/max = (2, 0); Hard min/max = (2, 0)
09-20 13:09:30.333 I/libPowerHal( 1238): [setGPUFreq] final min/max = (2, 0)
09-20 13:09:30.333 I/libPowerHal( 1238): iawareperf@1.0-: set gpu opp level: 2
09-20 13:09:30.333 I/libPowerHal( 1238): iawareperf@1.0-: set gpu opp level max: 0
09-20 13:09:30.333 I/libPowerHal( 1238): [PD] iawareperf@1.0- update cmd:1408300 param:0
09-20 13:09:30.335 I/libPowerHal( 1238): [PD] iawareperf@1.0- update cmd:1000000 param:-1
09-20 13:09:32.188 I/libPowerHal( 1238): [updateFPS] pid(631) : 60 => -1
09-20 13:09:32.189 I/libPowerHal( 1238): [perfNotifyAppState] pack:com.edudashpro, act:com.edudashpro.MainActivity, state:5, pid:631, uid:10458, fps:-1
09-20 13:09:32.190 E/UxUtility( 1238): notifyAppState error = NULL
09-20 13:09:32.545 I/mtkpower@impl( 1238): [powerd_req] TIMER_MSG_PERF_LOCK_TIMEOUT hdl:251104
09-20 13:09:32.546 I/libPowerHal( 1238): [perfLockRel] hdl:251104, idx:1
09-20 13:09:32.547 I/libPowerHal( 1238): [setClusterFreq] iawareperf@1.0-: sysfs_freq set cpu freq: -1 2015000 -1 -1
09-20 13:09:37.154 I/libPowerHal( 1238): [perfLockAcq] idx:1 hdl:251110 hint:-1 pid:1221 duration:3000 lock_user:iawareperf@1.0- => ret_hdl:251110
09-20 13:09:37.157 I/libPowerHal( 1238): [setClusterFreq] iawareperf@1.0-: sysfs_freq set cpu freq: 1617000 -1 1600000 -1
09-20 13:09:37.159 I/libPowerHal( 1238): [PE] iawareperf@1.0- update cmd:1408300, param:30
09-20 13:09:37.179 I/libPowerHal( 1238): [perfLockAcq] idx:2 hdl:251111 hint:-1 pid:1221 duration:3000 lock_user:iawareperf@1.0- => ret_hdl:251111
09-20 13:09:37.179 I/libPowerHal( 1238): [setGPUFreq] iawareperf@1.0- user set gpu freq min:2, max:-1
09-20 13:09:37.179 I/libPowerHal( 1238): iawareperf@1.0-: set gpu opp level max: 0
09-20 13:09:37.180 I/libPowerHal( 1238): [setGPUFreq] Soft min/max = (2, 0); Hard min/max = (2, 0)
09-20 13:09:37.180 I/libPowerHal( 1238): [setGPUFreq] final min/max = (2, 0)
09-20 13:09:37.180 I/libPowerHal( 1238): iawareperf@1.0-: set gpu opp level: 2
09-20 13:09:37.180 I/libPowerHal( 1238): iawareperf@1.0-: set gpu opp level max: 0
09-20 13:09:37.180 I/libPowerHal( 1238): [setClusterFreq] iawareperf@1.0-: sysfs_freq set cpu freq: 2200000 -1 1600000 -1
09-20 13:09:37.181 I/libPowerHal( 1238): [PE] iawareperf@1.0- update cmd:1000000 param:0
09-20 13:09:37.249 I/mtkpower_client( 1317): perf_lock_acq, hdl:0, dur:0, num:2, tid:1317
09-20 13:09:37.251 I/mtkpower_client( 1317): ret_hdl:251112
09-20 13:09:37.251 I/mtkpower_client( 1317): perf_lock_acq, hdl:0, dur:0, num:12, tid:1317
09-20 13:09:37.253 I/libPowerHal( 1238): [perfLockAcq] idx:4 hdl:251112 hint:-1 pid:1317 duration:0 lock_user:fpsgo => ret_hdl:251112
09-20 13:09:37.253 I/libPowerHal( 1238): [PE] fpsgo update cmd:1404500 param:1
09-20 13:09:37.255 I/libPowerHal( 1238): cmdSetting - unknown cmd:1438500, scmd:(null) ,param_1:0
09-20 13:09:37.256 I/libPowerHal( 1238): cmdSetting - unknown cmd:1438800, scmd:(null) ,param_1:0
09-20 13:09:37.256 I/mtkpower_client( 1317): ret_hdl:251113
09-20 13:09:37.256 I/libPowerHal( 1238): [perfLockAcq] idx:5 hdl:251113 hint:-1 pid:1317 duration:0 lock_user:fpsgo => ret_hdl:251113
09-20 13:09:37.257 I/libPowerHal( 1238): [PE] fpsgo update cmd:1438300, param:0
09-20 13:09:37.257 I/libPowerHal( 1238): [PE] fpsgo update cmd:1438400, param:0
09-20 13:09:37.258 I/libPowerHal( 1238): [PE] fpsgo update cmd:1438600, param:0
09-20 13:09:37.258 I/libPowerHal( 1238): [PE] fpsgo update cmd:1438700, param:0
09-20 13:09:37.273 I/libPowerHal( 1238): [perfLockRel] hdl:251110, idx:1
09-20 13:09:37.274 I/libPowerHal( 1238): [perfLockAcq] idx:7 hdl:251114 hint:-1 pid:1221 duration:80 lock_user:iawareperf@1.0- => ret_hdl:251114
09-20 13:09:37.276 I/libPowerHal( 1238): [perfLockAcq] idx:1 hdl:251115 hint:-1 pid:1221 duration:3000 lock_user:iawareperf@1.0- => ret_hdl:251115
09-20 13:09:37.282 I/mtkpower_client( 1317): perf_lock_acq, hdl:0, dur:30000, num:2, tid:1317
09-20 13:09:37.284 I/mtkpower_client( 1317): ret_hdl:251116
09-20 13:09:37.285 I/libPowerHal( 1238): [perfLockAcq] idx:8 hdl:251116 hint:-1 pid:1317 duration:30000 lock_user:fpsgo => ret_hdl:251116
09-20 13:09:37.285 I/libPowerHal( 1238): [PE] fpsgo update cmd:1408300, param:100
09-20 13:09:37.288 I/mtkpower_client( 1317): perf_lock_rel, hdl:251116, tid:1317
09-20 13:09:37.289 I/libPowerHal( 1238): [perfLockRel] hdl:251116, idx:8
09-20 13:09:37.290 I/libPowerHal( 1238): [PD] fpsgo update cmd:1408300 param:30
09-20 13:09:37.354 I/mtkpower@impl( 1238): [powerd_req] TIMER_MSG_PERF_LOCK_TIMEOUT hdl:251114
09-20 13:09:37.354 I/libPowerHal( 1238): [perfLockRel] hdl:251114, idx:7
09-20 13:09:37.424 I/libPowerHal( 1238): [perfLockRel] hdl:251111, idx:2
09-20 13:09:37.426 I/libPowerHal( 1238): [setClusterFreq] iawareperf@1.0-: sysfs_freq set cpu freq: -1 -1 -1 -1
09-20 13:09:37.427 I/libPowerHal( 1238): [unsetGPUFreq] current min:2, max:0; scn_gpu_min:2, scn_gpu_max:-1; scn_gpu_min(HL):-1, scn_gpu_max(HL):-1
09-20 13:09:37.427 I/libPowerHal( 1238): [setGPUFreq] Soft min/max = (2, 0); Hard min/max = (2, 0)
09-20 13:09:37.427 I/libPowerHal( 1238): [setGPUFreq] final min/max = (2, 0)
09-20 13:09:37.428 I/libPowerHal( 1238): iawareperf@1.0-: set gpu opp level: 2
09-20 13:09:37.428 I/libPowerHal( 1238): iawareperf@1.0-: set gpu opp level max: 0
09-20 13:09:37.429 I/libPowerHal( 1238): [PD] iawareperf@1.0- update cmd:1408300 param:0
09-20 13:09:37.431 I/libPowerHal( 1238): [PD] iawareperf@1.0- update cmd:1000000 param:-1
09-20 13:09:37.616 I/mtkpower_client( 1317): perf_lock_rel, hdl:251112, tid:1317
09-20 13:09:37.616 I/mtkpower_client( 1317): perf_lock_rel, hdl:251113, tid:1317
09-20 13:09:37.618 I/libPowerHal( 1238): [perfLockRel] hdl:251112, idx:4
09-20 13:09:37.619 I/libPowerHal( 1238): [PD] fpsgo update cmd:1404500 param:0
09-20 13:09:37.621 I/libPowerHal( 1238): [perfLockRel] hdl:251113, idx:5
09-20 13:09:37.622 I/libPowerHal( 1238): [PD] fpsgo update cmd:1438300, param:1000
09-20 13:09:37.622 I/libPowerHal( 1238): [PD] fpsgo update cmd:1438400, param:1000
09-20 13:09:37.624 I/libPowerHal( 1238): [PD] fpsgo update cmd:1438600 param:1000
09-20 13:09:37.625 I/libPowerHal( 1238): [PD] fpsgo update cmd:1438700 param:1000
09-20 13:09:39.818 I/libPowerHal( 1238): [perfLockAcq] idx:2 hdl:251117 hint:-1 pid:1221 duration:3000 lock_user:iawareperf@1.0- => ret_hdl:251117
09-20 13:09:39.823 I/libPowerHal( 1238): [setClusterFreq] iawareperf@1.0-: sysfs_freq set cpu freq: 1617000 -1 1600000 -1
09-20 13:09:39.825 I/libPowerHal( 1238): [PE] iawareperf@1.0- update cmd:1408300, param:30
09-20 13:09:39.828 I/libPowerHal( 1238): [perfLockAcq] idx:4 hdl:251118 hint:-1 pid:1221 duration:500 lock_user:iawareperf@1.0- => ret_hdl:251118
09-20 13:09:39.828 I/libPowerHal( 1238): [setGPUFreq] iawareperf@1.0- user set gpu freq min:2, max:-1
09-20 13:09:39.828 I/libPowerHal( 1238): iawareperf@1.0-: set gpu opp level max: 0
09-20 13:09:39.828 I/libPowerHal( 1238): [setGPUFreq] Soft min/max = (2, 0); Hard min/max = (2, 0)
09-20 13:09:39.828 I/libPowerHal( 1238): [setGPUFreq] final min/max = (2, 0)
09-20 13:09:39.828 I/libPowerHal( 1238): iawareperf@1.0-: set gpu opp level: 2
09-20 13:09:39.828 I/libPowerHal( 1238): iawareperf@1.0-: set gpu opp level max: 0
09-20 13:09:39.829 I/libPowerHal( 1238): [PE] iawareperf@1.0- update cmd:1000000 param:4
09-20 13:09:39.829 I/libPowerHal( 1238): [set_task_affinity] index:0 0x0, scn:0xb400007892011480
09-20 13:09:39.830 E/libPowerHal( 1238): [set_task_affinity] stat PATH_CURR_SCENE fail
09-20 13:09:39.830 I/libPowerHal( 1238): [PE] iawareperf@1.0- update cmd:10002000 param:0
09-20 13:09:39.833 I/libPowerHal( 1238): [perfLockAcq] idx:5 hdl:251119 hint:-1 pid:1221 duration:3000 lock_user:iawareperf@1.0- => ret_hdl:251119
09-20 13:09:39.833 I/libPowerHal( 1238): [setGPUFreq] iawareperf@1.0- user set gpu freq min:2, max:-1
09-20 13:09:39.833 I/libPowerHal( 1238): iawareperf@1.0-: set gpu opp level max: 0
09-20 13:09:39.834 I/libPowerHal( 1238): [setGPUFreq] Soft min/max = (2, 0); Hard min/max = (2, 0)
09-20 13:09:39.834 I/libPowerHal( 1238): [setGPUFreq] final min/max = (2, 0)
09-20 13:09:39.834 I/libPowerHal( 1238): iawareperf@1.0-: set gpu opp level: 2
09-20 13:09:39.834 I/libPowerHal( 1238): iawareperf@1.0-: set gpu opp level max: 0
09-20 13:09:39.835 I/libPowerHal( 1238): [setClusterFreq] iawareperf@1.0-: sysfs_freq set cpu freq: 2200000 -1 1600000 -1
09-20 13:09:39.835 I/libPowerHal( 1238): [PE] iawareperf@1.0- update cmd:1000000 param:0
09-20 13:09:39.858 I/mtkpower@impl( 1238): [setMode] type:5, enabled:1
09-20 13:09:39.860 I/mtkpower_client( 1630): [Legacy][PowerHal_Wrap_notifyAppState] com.edudashpro/com.edudashpro.MainActivity pid=631 state:0
09-20 13:09:39.860 I/libPowerHal( 1238): [perfNotifyAppState] pack:com.edudashpro, act:com.edudashpro.MainActivity, state:0, pid:631, uid:10458, fps:-1
09-20 13:09:39.880 I/mtkpower_client( 1630): [Legacy][PowerHal_Wrap_notifyAppState] com.hihonor.android.launcher/com.hihonor.android.launcher.unihome.UniHomeLauncher pid=3121 state:1
09-20 13:09:39.880 I/libPowerHal( 1238): [perfNotifyAppState] pack:com.hihonor.android.launcher, act:com.hihonor.android.launcher.unihome.UniHomeLauncher, state:1, pid:3121, uid:10094, fps:-1
09-20 13:09:39.880 I/libPowerHal( 1238): [perfNotifyAppState] foreground:com.hihonor.android.launcher, pid:3121, uid:10094
09-20 13:09:39.880 E/UxUtility( 1238): notifyAppState error = NULL
09-20 13:09:39.881 I/mtkpower@impl( 1238): [notifyAppState] pc:0, com.edudashpro => com.hihonor.android.launcher
09-20 13:09:39.894 I/libPowerHal( 1238): cmdSetting - unknown cmd:1c3c000, scmd:(null) ,param_1:1
09-20 13:09:39.894 I/libPowerHal( 1238): [perfLockAcq] idx:7 hdl:251120 hint:-1 pid:1221 duration:400 lock_user:iawareperf@1.0- => ret_hdl:251120
09-20 13:09:39.894 I/libPowerHal( 1238): [setGPUFreq] iawareperf@1.0- user set gpu freq min:2, max:-1
09-20 13:09:39.895 I/libPowerHal( 1238): iawareperf@1.0-: set gpu opp level max: 0
09-20 13:09:39.895 I/libPowerHal( 1238): [setGPUFreq] Soft min/max = (2, 0); Hard min/max = (2, 0)
09-20 13:09:39.895 I/libPowerHal( 1238): [setGPUFreq] final min/max = (2, 0)
09-20 13:09:39.895 I/libPowerHal( 1238): iawareperf@1.0-: set gpu opp level: 2
09-20 13:09:39.895 I/libPowerHal( 1238): iawareperf@1.0-: set gpu opp level max: 0
09-20 13:09:39.896 I/libPowerHal( 1238): [PE] iawareperf@1.0- update cmd:1408300, param:50
09-20 13:09:40.058 I/mtkpower_client( 1317): perf_lock_acq, hdl:0, dur:0, num:2, tid:1317
09-20 13:09:40.061 I/libPowerHal( 1238): [perfLockAcq] idx:8 hdl:251121 hint:-1 pid:1317 duration:0 lock_user:fpsgo => ret_hdl:251121
09-20 13:09:40.061 I/mtkpower_client( 1317): ret_hdl:251121
09-20 13:09:40.063 I/libPowerHal( 1238): [PE] fpsgo update cmd:1404500 param:1
09-20 13:09:40.063 I/mtkpower_client( 1317): perf_lock_acq, hdl:0, dur:0, num:12, tid:1317
09-20 13:09:40.066 I/mtkpower_client( 1317): ret_hdl:251122
09-20 13:09:40.067 I/libPowerHal( 1238): cmdSetting - unknown cmd:1438500, scmd:(null) ,param_1:0
09-20 13:09:40.067 I/libPowerHal( 1238): cmdSetting - unknown cmd:1438800, scmd:(null) ,param_1:0
09-20 13:09:40.067 I/libPowerHal( 1238): [perfLockAcq] idx:9 hdl:251122 hint:-1 pid:1317 duration:0 lock_user:fpsgo => ret_hdl:251122
09-20 13:09:40.067 I/libPowerHal( 1238): [PE] fpsgo update cmd:1438300, param:0
09-20 13:09:40.067 I/libPowerHal( 1238): [PE] fpsgo update cmd:1438400, param:0
09-20 13:09:40.067 I/libPowerHal( 1238): [PE] fpsgo update cmd:1438600, param:0
09-20 13:09:40.067 I/libPowerHal( 1238): [PE] fpsgo update cmd:1438700, param:0
09-20 13:09:40.072 I/mtkpower_client( 1317): perf_lock_rel, hdl:251121, tid:1317
09-20 13:09:40.073 I/mtkpower_client( 1317): perf_lock_rel, hdl:251122, tid:1317
09-20 13:09:40.074 I/libPowerHal( 1238): [perfLockRel] hdl:251121, idx:8
09-20 13:09:40.075 I/libPowerHal( 1238): [PD] fpsgo update cmd:1404500 param:0
09-20 13:09:40.076 I/libPowerHal( 1238): [perfLockRel] hdl:251122, idx:9
09-20 13:09:40.077 I/libPowerHal( 1238): [PD] fpsgo update cmd:1438300, param:1000
09-20 13:09:40.077 I/libPowerHal( 1238): [PD] fpsgo update cmd:1438400, param:1000
09-20 13:09:40.077 I/libPowerHal( 1238): [PD] fpsgo update cmd:1438600 param:1000
09-20 13:09:40.078 I/libPowerHal( 1238): [PD] fpsgo update cmd:1438700 param:1000
09-20 13:09:40.086 I/mtkpower@impl( 1238): [setMode] type:6, enabled:1
09-20 13:09:40.086 E/mtkpower@impl( 1238): [setMode] unknown type
09-20 13:09:40.192 I/libPowerHal( 1238): [updateFPS] pid(3121) : -1 => 60
09-20 13:09:40.195 I/libPowerHal( 1238): [perfNotifyAppState] pack:com.hihonor.android.launcher, act:com.hihonor.android.launcher.unihome.UniHomeLauncher, state:5, pid:3121, uid:10094, fps:60
09-20 13:09:40.196 E/UxUtility( 1238): notifyAppState error = NULL
09-20 13:09:40.277 I/mtkpower@impl( 1238): [powerd_req] TIMER_MSG_PERF_LOCK_TIMEOUT hdl:251115
09-20 13:09:40.277 I/libPowerHal( 1238): [perfLockRel] hdl:251115, idx:1
09-20 13:09:40.297 I/mtkpower@impl( 1238): [powerd_req] TIMER_MSG_PERF_LOCK_TIMEOUT hdl:251120
09-20 13:09:40.297 I/libPowerHal( 1238): [perfLockRel] hdl:251120, idx:7
09-20 13:09:40.297 I/libPowerHal( 1238): [unsetGPUFreq] current min:2, max:0; scn_gpu_min:2, scn_gpu_max:-1; scn_gpu_min(HL):-1, scn_gpu_max(HL):-1
09-20 13:09:40.297 I/libPowerHal( 1238): [setGPUFreq] Soft min/max = (2, 0); Hard min/max = (2, 0)
09-20 13:09:40.297 I/libPowerHal( 1238): [setGPUFreq] final min/max = (2, 0)
09-20 13:09:40.297 I/libPowerHal( 1238): iawareperf@1.0-: set gpu opp level: 2
09-20 13:09:40.298 I/libPowerHal( 1238): iawareperf@1.0-: set gpu opp level max: 0
09-20 13:09:40.300 I/libPowerHal( 1238): [PD] iawareperf@1.0- update cmd:1408300 param:30
09-20 13:09:40.330 I/mtkpower@impl( 1238): [powerd_req] TIMER_MSG_PERF_LOCK_TIMEOUT hdl:251118
09-20 13:09:40.330 I/libPowerHal( 1238): [perfLockRel] hdl:251118, idx:4
09-20 13:09:40.331 I/libPowerHal( 1238): [unsetGPUFreq] current min:2, max:0; scn_gpu_min:2, scn_gpu_max:-1; scn_gpu_min(HL):-1, scn_gpu_max(HL):-1
09-20 13:09:40.331 I/libPowerHal( 1238): [setGPUFreq] Soft min/max = (2, 0); Hard min/max = (2, 0)
09-20 13:09:40.331 I/libPowerHal( 1238): [setGPUFreq] final min/max = (2, 0)
09-20 13:09:40.331 I/libPowerHal( 1238): iawareperf@1.0-: set gpu opp level: 2
09-20 13:09:40.331 I/libPowerHal( 1238): iawareperf@1.0-: set gpu opp level max: 0
09-20 13:09:40.332 I/libPowerHal( 1238): [unset_task_affinity] index:0 0x0, scn:0xb400007892011480
09-20 13:09:40.333 E/libPowerHal( 1238): [unset_task_affinity] stat PATH_CURR_SCENE fail
09-20 13:09:40.333 I/libPowerHal( 1238): [PD] iawareperf@1.0- update ONESHOT cmd:10002000 param:0
09-20 13:09:40.401 I/libPowerHal( 1238): [perfLockRel] hdl:251117, idx:2
09-20 13:09:40.404 I/libPowerHal( 1238): [perfLockAcq] idx:1 hdl:251123 hint:-1 pid:1221 duration:80 lock_user:iawareperf@1.0- => ret_hdl:251123
09-20 13:09:40.406 I/libPowerHal( 1238): [perfLockAcq] idx:4 hdl:251124 hint:-1 pid:1221 duration:3000 lock_user:iawareperf@1.0- => ret_hdl:251124
09-20 13:09:40.410 I/libPowerHal( 1238): [perfLockRel] hdl:251118, idx:-1
09-20 13:09:40.415 I/libPowerHal( 1238): [perfLockAcq] idx:2 hdl:251125 hint:-1 pid:1221 duration:500 lock_user:iawareperf@1.0- => ret_hdl:251125
09-20 13:09:40.415 I/libPowerHal( 1238): [setGPUFreq] iawareperf@1.0- user set gpu freq min:2, max:-1
09-20 13:09:40.415 I/libPowerHal( 1238): iawareperf@1.0-: set gpu opp level max: 0
09-20 13:09:40.415 I/libPowerHal( 1238): [setGPUFreq] Soft min/max = (2, 0); Hard min/max = (2, 0)
09-20 13:09:40.415 I/libPowerHal( 1238): [setGPUFreq] final min/max = (2, 0)
09-20 13:09:40.415 I/libPowerHal( 1238): iawareperf@1.0-: set gpu opp level: 2
09-20 13:09:40.415 I/libPowerHal( 1238): iawareperf@1.0-: set gpu opp level max: 0
09-20 13:09:40.415 I/libPowerHal( 1238): [set_task_affinity] index:0 0x0, scn:0xb40000789200f5c0
09-20 13:09:40.415 E/libPowerHal( 1238): [set_task_affinity] stat PATH_CURR_SCENE fail
09-20 13:09:40.415 I/libPowerHal( 1238): [PE] iawareperf@1.0- update cmd:10002000 param:0
09-20 13:09:40.484 I/mtkpower@impl( 1238): [powerd_req] TIMER_MSG_PERF_LOCK_TIMEOUT hdl:251123
09-20 13:09:40.485 I/libPowerHal( 1238): [perfLockRel] hdl:251123, idx:1
09-20 13:09:40.703 I/libPowerHal( 1238): [perfLockRel] hdl:251119, idx:5
09-20 13:09:40.704 I/libPowerHal( 1238): [setClusterFreq] iawareperf@1.0-: sysfs_freq set cpu freq: 1617000 -1 1600000 -1
09-20 13:09:40.704 I/libPowerHal( 1238): [unsetGPUFreq] current min:2, max:0; scn_gpu_min:2, scn_gpu_max:-1; scn_gpu_min(HL):-1, scn_gpu_max(HL):-1
09-20 13:09:40.704 I/libPowerHal( 1238): [setGPUFreq] Soft min/max = (2, 0); Hard min/max = (2, 0)
09-20 13:09:40.705 I/libPowerHal( 1238): [setGPUFreq] final min/max = (2, 0)
09-20 13:09:40.705 I/libPowerHal( 1238): iawareperf@1.0-: set gpu opp level: 2
09-20 13:09:40.705 I/libPowerHal( 1238): iawareperf@1.0-: set gpu opp level max: 0
09-20 13:09:40.705 I/libPowerHal( 1238): [PD] iawareperf@1.0- update cmd:1000000 param:4
09-20 13:09:40.832 I/libPowerHal( 1238): [perfLockRel] hdl:251125, idx:2
09-20 13:09:40.833 I/libPowerHal( 1238): [setClusterFreq] iawareperf@1.0-: sysfs_freq set cpu freq: -1 -1 -1 -1
09-20 13:09:40.834 I/libPowerHal( 1238): [unsetGPUFreq] current min:2, max:0; scn_gpu_min:2, scn_gpu_max:-1; scn_gpu_min(HL):-1, scn_gpu_max(HL):-1
