--------- beginning of main
09-20 13:17:23.566 I/libPowerHal( 1238): [perfLockAcq] idx:1 hdl:251633 hint:-1 pid:1221 duration:3000 lock_user:iawareperf@1.0- => ret_hdl:251633
09-20 13:17:23.569 I/libPowerHal( 1238): [setClusterFreq] iawareperf@1.0-: sysfs_freq set cpu freq: 1617000 -1 1600000 -1
09-20 13:17:23.570 I/libPowerHal( 1238): [PE] iawareperf@1.0- update cmd:1408300, param:30
09-20 13:17:23.606 I/mtkpower_client( 1317): perf_lock_acq, hdl:0, dur:0, num:2, tid:1317
09-20 13:17:23.610 I/libPowerHal( 1238): [perfLockAcq] idx:2 hdl:251634 hint:-1 pid:1317 duration:0 lock_user:fpsgo => ret_hdl:251634
09-20 13:17:23.611 I/mtkpower_client( 1317): ret_hdl:251634
09-20 13:17:23.612 I/libPowerHal( 1238): [PE] fpsgo update cmd:1404500 param:1
09-20 13:17:23.612 I/mtkpower_client( 1317): perf_lock_acq, hdl:0, dur:0, num:12, tid:1317
09-20 13:17:23.615 I/mtkpower_client( 1317): ret_hdl:251635
09-20 13:17:23.616 I/libPowerHal( 1238): cmdSetting - unknown cmd:1438500, scmd:(null) ,param_1:0
09-20 13:17:23.616 I/libPowerHal( 1238): cmdSetting - unknown cmd:1438800, scmd:(null) ,param_1:0
09-20 13:17:23.616 I/libPowerHal( 1238): [perfLockAcq] idx:4 hdl:251635 hint:-1 pid:1317 duration:0 lock_user:fpsgo => ret_hdl:251635
09-20 13:17:23.617 I/libPowerHal( 1238): [PE] fpsgo update cmd:1438300, param:0
09-20 13:17:23.617 I/libPowerHal( 1238): [PE] fpsgo update cmd:1438400, param:0
09-20 13:17:23.617 I/libPowerHal( 1238): [PE] fpsgo update cmd:1438600, param:0
09-20 13:17:23.617 I/libPowerHal( 1238): [PE] fpsgo update cmd:1438700, param:0
09-20 13:17:23.624 I/libPowerHal( 1238): [perfLockRel] hdl:251633, idx:1
09-20 13:17:23.625 I/libPowerHal( 1238): [setClusterFreq] iawareperf@1.0-: sysfs_freq set cpu freq: -1 2015000 -1 -1
09-20 13:17:23.625 I/libPowerHal( 1238): [PD] iawareperf@1.0- update cmd:1408300 param:0
09-20 13:17:23.628 I/libPowerHal( 1238): [perfLockAcq] idx:5 hdl:251636 hint:-1 pid:1221 duration:80 lock_user:iawareperf@1.0- => ret_hdl:251636
09-20 13:17:23.629 I/libPowerHal( 1238): [setClusterFreq] iawareperf@1.0-: sysfs_freq set cpu freq: 1617000 -1 1491000 -1
09-20 13:17:23.630 I/libPowerHal( 1238): [PE] iawareperf@1.0- update cmd:1408300, param:30
09-20 13:17:23.631 I/libPowerHal( 1238): [perfLockAcq] idx:7 hdl:251637 hint:-1 pid:1221 duration:3000 lock_user:iawareperf@1.0- => ret_hdl:251637
09-20 13:17:23.632 I/libPowerHal( 1238): [setClusterFreq] iawareperf@1.0-: sysfs_freq set cpu freq: 1617000 -1 1491000 -1
09-20 13:17:23.668 I/libPowerHal( 1238): [perfLockAcq] idx:1 hdl:251638 hint:-1 pid:1221 duration:250 lock_user:iawareperf@1.0- => ret_hdl:251638
09-20 13:17:23.668 I/libPowerHal( 1238): [setGPUFreq] iawareperf@1.0- user set gpu freq min:2, max:-1
09-20 13:17:23.668 I/libPowerHal( 1238): iawareperf@1.0-: set gpu opp level max: 0
09-20 13:17:23.668 I/libPowerHal( 1238): [setGPUFreq] Soft min/max = (2, 0); Hard min/max = (2, 0)
09-20 13:17:23.669 I/libPowerHal( 1238): [setGPUFreq] final min/max = (2, 0)
09-20 13:17:23.669 I/libPowerHal( 1238): iawareperf@1.0-: set gpu opp level: 2
09-20 13:17:23.669 I/libPowerHal( 1238): iawareperf@1.0-: set gpu opp level max: 0
09-20 13:17:23.670 I/libPowerHal( 1238): [setClusterFreq] iawareperf@1.0-: sysfs_freq set cpu freq: 1617000 -1 1600000 -1
09-20 13:17:23.670 I/libPowerHal( 1238): [PE] iawareperf@1.0- update cmd:1000000 param:4
09-20 13:17:23.679 I/mtkpower_client( 1317): perf_lock_rel, hdl:251634, tid:1317
09-20 13:17:23.680 I/mtkpower_client( 1317): perf_lock_rel, hdl:251635, tid:1317
09-20 13:17:23.680 I/libPowerHal( 1238): [perfLockRel] hdl:251634, idx:2
09-20 13:17:23.681 I/libPowerHal( 1238): [PD] fpsgo update cmd:1404500 param:0
09-20 13:17:23.682 I/libPowerHal( 1238): [perfLockRel] hdl:251635, idx:4
09-20 13:17:23.682 I/libPowerHal( 1238): [PD] fpsgo update cmd:1438300, param:1000
09-20 13:17:23.683 I/libPowerHal( 1238): [PD] fpsgo update cmd:1438400, param:1000
09-20 13:17:23.683 I/libPowerHal( 1238): [PD] fpsgo update cmd:1438600 param:1000
09-20 13:17:23.683 I/libPowerHal( 1238): [PD] fpsgo update cmd:1438700 param:1000
09-20 13:17:23.710 I/mtkpower@impl( 1238): [powerd_req] TIMER_MSG_PERF_LOCK_TIMEOUT hdl:251636
09-20 13:17:23.711 I/libPowerHal( 1238): [perfLockRel] hdl:251636, idx:5
09-20 13:17:23.747 I/libPowerHal( 1238): [updateFPS] pid(2797) : -1 => 60
09-20 13:17:23.748 I/libPowerHal( 1238): [perfNotifyAppState] pack:com.edudashpro, act:com.edudashpro.MainActivity, state:5, pid:2797, uid:10458, fps:60
09-20 13:17:23.749 E/UxUtility( 1238): notifyAppState error = NULL
09-20 13:17:23.921 I/mtkpower@impl( 1238): [powerd_req] TIMER_MSG_PERF_LOCK_TIMEOUT hdl:251638
09-20 13:17:23.921 I/libPowerHal( 1238): [perfLockRel] hdl:251638, idx:1
09-20 13:17:23.922 I/libPowerHal( 1238): [setClusterFreq] iawareperf@1.0-: sysfs_freq set cpu freq: -1 -1 -1 -1
09-20 13:17:23.922 I/libPowerHal( 1238): [unsetGPUFreq] current min:2, max:0; scn_gpu_min:2, scn_gpu_max:-1; scn_gpu_min(HL):-1, scn_gpu_max(HL):-1
09-20 13:17:23.922 I/libPowerHal( 1238): [setGPUFreq] Soft min/max = (2, 0); Hard min/max = (2, 0)
09-20 13:17:23.922 I/libPowerHal( 1238): [setGPUFreq] final min/max = (2, 0)
09-20 13:17:23.922 I/libPowerHal( 1238): iawareperf@1.0-: set gpu opp level: 2
09-20 13:17:23.922 I/libPowerHal( 1238): iawareperf@1.0-: set gpu opp level max: 0
09-20 13:17:23.922 I/libPowerHal( 1238): [PD] iawareperf@1.0- update cmd:1408300 param:0
09-20 13:17:23.923 I/libPowerHal( 1238): [PD] iawareperf@1.0- update cmd:1000000 param:-1
09-20 13:17:24.138 I/libPowerHal( 1238): [perfLockAcq] idx:1 hdl:251639 hint:-1 pid:1221 duration:250 lock_user:iawareperf@1.0- => ret_hdl:251639
09-20 13:17:24.138 I/libPowerHal( 1238): [setGPUFreq] iawareperf@1.0- user set gpu freq min:2, max:-1
09-20 13:17:24.138 I/libPowerHal( 1238): iawareperf@1.0-: set gpu opp level max: 0
09-20 13:17:24.138 I/libPowerHal( 1238): [setGPUFreq] Soft min/max = (2, 0); Hard min/max = (2, 0)
09-20 13:17:24.138 I/libPowerHal( 1238): [setGPUFreq] final min/max = (2, 0)
09-20 13:17:24.138 I/libPowerHal( 1238): iawareperf@1.0-: set gpu opp level: 2
09-20 13:17:24.138 I/libPowerHal( 1238): iawareperf@1.0-: set gpu opp level max: 0
09-20 13:17:24.140 I/libPowerHal( 1238): [setClusterFreq] iawareperf@1.0-: sysfs_freq set cpu freq: 1814000 -1 1600000 -1
09-20 13:17:24.140 I/libPowerHal( 1238): [PE] iawareperf@1.0- update cmd:1408300, param:30
09-20 13:17:24.141 I/libPowerHal( 1238): [PE] iawareperf@1.0- update cmd:1000000 param:2
09-20 13:17:24.173 I/libPowerHal( 1238): [perfLockAcq] idx:2 hdl:251640 hint:-1 pid:1221 duration:250 lock_user:iawareperf@1.0- => ret_hdl:251640
09-20 13:17:24.173 I/libPowerHal( 1238): [setGPUFreq] iawareperf@1.0- user set gpu freq min:2, max:-1
09-20 13:17:24.173 I/libPowerHal( 1238): iawareperf@1.0-: set gpu opp level max: 0
09-20 13:17:24.173 I/libPowerHal( 1238): [setGPUFreq] Soft min/max = (2, 0); Hard min/max = (2, 0)
09-20 13:17:24.173 I/libPowerHal( 1238): [setGPUFreq] final min/max = (2, 0)
09-20 13:17:24.173 I/libPowerHal( 1238): iawareperf@1.0-: set gpu opp level: 2
09-20 13:17:24.173 I/libPowerHal( 1238): iawareperf@1.0-: set gpu opp level max: 0
09-20 13:17:24.179 I/mtkpower_client( 1317): perf_lock_acq, hdl:0, dur:0, num:2, tid:1317
09-20 13:17:24.181 I/mtkpower_client( 1317): ret_hdl:251641
09-20 13:17:24.181 I/mtkpower_client( 1317): perf_lock_acq, hdl:0, dur:0, num:12, tid:1317
09-20 13:17:24.181 I/libPowerHal( 1238): [perfLockAcq] idx:4 hdl:251641 hint:-1 pid:1317 duration:0 lock_user:fpsgo => ret_hdl:251641
09-20 13:17:24.181 I/libPowerHal( 1238): [PE] fpsgo update cmd:1404500 param:1
09-20 13:17:24.182 I/mtkpower_client( 1317): ret_hdl:251642
09-20 13:17:24.182 I/libPowerHal( 1238): cmdSetting - unknown cmd:1438500, scmd:(null) ,param_1:0
09-20 13:17:24.182 I/libPowerHal( 1238): cmdSetting - unknown cmd:1438800, scmd:(null) ,param_1:0
09-20 13:17:24.182 I/libPowerHal( 1238): [perfLockAcq] idx:5 hdl:251642 hint:-1 pid:1317 duration:0 lock_user:fpsgo => ret_hdl:251642
09-20 13:17:24.183 I/libPowerHal( 1238): [PE] fpsgo update cmd:1438300, param:0
09-20 13:17:24.183 I/libPowerHal( 1238): [PE] fpsgo update cmd:1438400, param:0
09-20 13:17:24.183 I/libPowerHal( 1238): [PE] fpsgo update cmd:1438600, param:0
09-20 13:17:24.183 I/libPowerHal( 1238): [PE] fpsgo update cmd:1438700, param:0
09-20 13:17:24.191 I/mtkpower_client( 1317): perf_lock_rel, hdl:251641, tid:1317
09-20 13:17:24.192 I/mtkpower_client( 1317): perf_lock_rel, hdl:251642, tid:1317
09-20 13:17:24.195 I/libPowerHal( 1238): [perfLockRel] hdl:251641, idx:4
09-20 13:17:24.195 I/libPowerHal( 1238): [PD] fpsgo update cmd:1404500 param:0
09-20 13:17:24.196 I/libPowerHal( 1238): [perfLockRel] hdl:251642, idx:5
09-20 13:17:24.196 I/libPowerHal( 1238): [PD] fpsgo update cmd:1438300, param:1000
09-20 13:17:24.196 I/libPowerHal( 1238): [PD] fpsgo update cmd:1438400, param:1000
09-20 13:17:24.197 I/libPowerHal( 1238): [PD] fpsgo update cmd:1438600 param:1000
09-20 13:17:24.197 I/libPowerHal( 1238): [PD] fpsgo update cmd:1438700 param:1000
09-20 13:17:24.391 I/mtkpower@impl( 1238): [powerd_req] TIMER_MSG_PERF_LOCK_TIMEOUT hdl:251639
09-20 13:17:24.392 I/libPowerHal( 1238): [perfLockRel] hdl:251639, idx:1
09-20 13:17:24.393 I/libPowerHal( 1238): [setClusterFreq] iawareperf@1.0-: sysfs_freq set cpu freq: 1617000 -1 1600000 -1
09-20 13:17:24.393 I/libPowerHal( 1238): [unsetGPUFreq] current min:2, max:0; scn_gpu_min:2, scn_gpu_max:-1; scn_gpu_min(HL):-1, scn_gpu_max(HL):-1
09-20 13:17:24.393 I/libPowerHal( 1238): [setGPUFreq] Soft min/max = (2, 0); Hard min/max = (2, 0)
09-20 13:17:24.394 I/libPowerHal( 1238): [setGPUFreq] final min/max = (2, 0)
09-20 13:17:24.394 I/libPowerHal( 1238): iawareperf@1.0-: set gpu opp level: 2
09-20 13:17:24.394 I/libPowerHal( 1238): iawareperf@1.0-: set gpu opp level max: 0
09-20 13:17:24.395 I/libPowerHal( 1238): [PD] iawareperf@1.0- update cmd:1000000 param:4
09-20 13:17:24.424 I/mtkpower@impl( 1238): [powerd_req] TIMER_MSG_PERF_LOCK_TIMEOUT hdl:251640
09-20 13:17:24.424 I/libPowerHal( 1238): [perfLockRel] hdl:251640, idx:2
09-20 13:17:24.425 I/libPowerHal( 1238): [setClusterFreq] iawareperf@1.0-: sysfs_freq set cpu freq: -1 -1 -1 -1
09-20 13:17:24.426 I/libPowerHal( 1238): [unsetGPUFreq] current min:2, max:0; scn_gpu_min:2, scn_gpu_max:-1; scn_gpu_min(HL):-1, scn_gpu_max(HL):-1
09-20 13:17:24.426 I/libPowerHal( 1238): [setGPUFreq] Soft min/max = (2, 0); Hard min/max = (2, 0)
09-20 13:17:24.426 I/libPowerHal( 1238): [setGPUFreq] final min/max = (2, 0)
09-20 13:17:24.426 I/libPowerHal( 1238): iawareperf@1.0-: set gpu opp level: 2
09-20 13:17:24.427 I/libPowerHal( 1238): iawareperf@1.0-: set gpu opp level max: 0
09-20 13:17:24.428 I/libPowerHal( 1238): [PD] iawareperf@1.0- update cmd:1408300 param:0
09-20 13:17:24.430 I/libPowerHal( 1238): [PD] iawareperf@1.0- update cmd:1000000 param:-1
09-20 13:17:25.749 I/libPowerHal( 1238): [updateFPS] pid(2797) : 60 => -1
09-20 13:17:25.750 I/libPowerHal( 1238): [perfNotifyAppState] pack:com.edudashpro, act:com.edudashpro.MainActivity, state:5, pid:2797, uid:10458, fps:-1
09-20 13:17:25.751 E/UxUtility( 1238): notifyAppState error = NULL
09-20 13:17:26.634 I/mtkpower@impl( 1238): [powerd_req] TIMER_MSG_PERF_LOCK_TIMEOUT hdl:251637
09-20 13:17:26.634 I/libPowerHal( 1238): [perfLockRel] hdl:251637, idx:7
09-20 13:17:26.635 I/libPowerHal( 1238): [setClusterFreq] iawareperf@1.0-: sysfs_freq set cpu freq: -1 2015000 -1 -1
09-20 13:17:30.279 I/libPowerHal( 1238): [perfLockAcq] idx:1 hdl:251643 hint:-1 pid:1221 duration:3000 lock_user:iawareperf@1.0- => ret_hdl:251643
09-20 13:17:30.281 I/libPowerHal( 1238): [setClusterFreq] iawareperf@1.0-: sysfs_freq set cpu freq: 1617000 -1 1600000 -1
09-20 13:17:30.282 I/libPowerHal( 1238): [PE] iawareperf@1.0- update cmd:1408300, param:30
09-20 13:17:30.286 I/libPowerHal( 1238): [perfLockAcq] idx:2 hdl:251644 hint:-1 pid:1221 duration:500 lock_user:iawareperf@1.0- => ret_hdl:251644
09-20 13:17:30.286 I/libPowerHal( 1238): [setGPUFreq] iawareperf@1.0- user set gpu freq min:2, max:-1
09-20 13:17:30.286 I/libPowerHal( 1238): iawareperf@1.0-: set gpu opp level max: 0
09-20 13:17:30.286 I/libPowerHal( 1238): [setGPUFreq] Soft min/max = (2, 0); Hard min/max = (2, 0)
09-20 13:17:30.286 I/libPowerHal( 1238): [setGPUFreq] final min/max = (2, 0)
09-20 13:17:30.286 I/libPowerHal( 1238): iawareperf@1.0-: set gpu opp level: 2
09-20 13:17:30.286 I/libPowerHal( 1238): iawareperf@1.0-: set gpu opp level max: 0
09-20 13:17:30.286 I/libPowerHal( 1238): [PE] iawareperf@1.0- update cmd:1000000 param:4
09-20 13:17:30.287 I/libPowerHal( 1238): [set_task_affinity] index:0 0x0, scn:0xb40000789200f5c0
09-20 13:17:30.287 E/libPowerHal( 1238): [set_task_affinity] stat PATH_CURR_SCENE fail
09-20 13:17:30.287 I/libPowerHal( 1238): [PE] iawareperf@1.0- update cmd:10002000 param:0
09-20 13:17:30.297 I/libPowerHal( 1238): [perfLockAcq] idx:4 hdl:251645 hint:-1 pid:1221 duration:3000 lock_user:iawareperf@1.0- => ret_hdl:251645
09-20 13:17:30.297 I/libPowerHal( 1238): [setGPUFreq] iawareperf@1.0- user set gpu freq min:2, max:-1
09-20 13:17:30.297 I/libPowerHal( 1238): iawareperf@1.0-: set gpu opp level max: 0
09-20 13:17:30.298 I/libPowerHal( 1238): [setGPUFreq] Soft min/max = (2, 0); Hard min/max = (2, 0)
09-20 13:17:30.298 I/libPowerHal( 1238): [setGPUFreq] final min/max = (2, 0)
09-20 13:17:30.298 I/libPowerHal( 1238): iawareperf@1.0-: set gpu opp level: 2
09-20 13:17:30.298 I/libPowerHal( 1238): iawareperf@1.0-: set gpu opp level max: 0
09-20 13:17:30.299 I/libPowerHal( 1238): [setClusterFreq] iawareperf@1.0-: sysfs_freq set cpu freq: 2200000 -1 1600000 -1
09-20 13:17:30.299 I/libPowerHal( 1238): [PE] iawareperf@1.0- update cmd:1000000 param:0
09-20 13:17:30.304 I/mtkpower@impl( 1238): [setMode] type:5, enabled:1
09-20 13:17:30.306 I/mtkpower_client( 1630): [Legacy][PowerHal_Wrap_notifyAppState] com.edudashpro/com.edudashpro.MainActivity pid=2797 state:0
09-20 13:17:30.306 I/libPowerHal( 1238): [perfNotifyAppState] pack:com.edudashpro, act:com.edudashpro.MainActivity, state:0, pid:2797, uid:10458, fps:-1
09-20 13:17:30.326 I/mtkpower_client( 1630): [Legacy][PowerHal_Wrap_notifyAppState] com.hihonor.android.launcher/com.hihonor.android.launcher.unihome.UniHomeLauncher pid=3121 state:1
09-20 13:17:30.326 I/libPowerHal( 1238): [perfNotifyAppState] pack:com.hihonor.android.launcher, act:com.hihonor.android.launcher.unihome.UniHomeLauncher, state:1, pid:3121, uid:10094, fps:-1
09-20 13:17:30.326 I/libPowerHal( 1238): [perfNotifyAppState] foreground:com.hihonor.android.launcher, pid:3121, uid:10094
09-20 13:17:30.327 E/UxUtility( 1238): notifyAppState error = NULL
09-20 13:17:30.327 I/mtkpower@impl( 1238): [notifyAppState] pc:0, com.edudashpro => com.hihonor.android.launcher
09-20 13:17:30.366 I/libPowerHal( 1238): cmdSetting - unknown cmd:1c3c000, scmd:(null) ,param_1:1
09-20 13:17:30.366 I/libPowerHal( 1238): [perfLockAcq] idx:5 hdl:251646 hint:-1 pid:1221 duration:400 lock_user:iawareperf@1.0- => ret_hdl:251646
09-20 13:17:30.366 I/libPowerHal( 1238): [setGPUFreq] iawareperf@1.0- user set gpu freq min:2, max:-1
09-20 13:17:30.366 I/libPowerHal( 1238): iawareperf@1.0-: set gpu opp level max: 0
09-20 13:17:30.366 I/libPowerHal( 1238): [setGPUFreq] Soft min/max = (2, 0); Hard min/max = (2, 0)
09-20 13:17:30.366 I/libPowerHal( 1238): [setGPUFreq] final min/max = (2, 0)
09-20 13:17:30.366 I/libPowerHal( 1238): iawareperf@1.0-: set gpu opp level: 2
09-20 13:17:30.366 I/libPowerHal( 1238): iawareperf@1.0-: set gpu opp level max: 0
09-20 13:17:30.368 I/libPowerHal( 1238): [PE] iawareperf@1.0- update cmd:1408300, param:50
09-20 13:17:30.529 I/mtkpower_client( 1317): perf_lock_acq, hdl:0, dur:0, num:2, tid:1317
09-20 13:17:30.531 I/libPowerHal( 1238): [perfLockAcq] idx:7 hdl:251647 hint:-1 pid:1317 duration:0 lock_user:fpsgo => ret_hdl:251647
09-20 13:17:30.533 I/libPowerHal( 1238): [PE] fpsgo update cmd:1404500 param:1
09-20 13:17:30.533 I/mtkpower_client( 1317): ret_hdl:251647
09-20 13:17:30.535 I/mtkpower_client( 1317): perf_lock_acq, hdl:0, dur:0, num:12, tid:1317
09-20 13:17:30.536 I/mtkpower_client( 1317): ret_hdl:251648
09-20 13:17:30.537 I/mtkpower_client( 1317): perf_lock_rel, hdl:251647, tid:1317
09-20 13:17:30.537 I/libPowerHal( 1238): cmdSetting - unknown cmd:1438500, scmd:(null) ,param_1:0
09-20 13:17:30.537 I/libPowerHal( 1238): cmdSetting - unknown cmd:1438800, scmd:(null) ,param_1:0
09-20 13:17:30.537 I/libPowerHal( 1238): [perfLockAcq] idx:8 hdl:251648 hint:-1 pid:1317 duration:0 lock_user:fpsgo => ret_hdl:251648
09-20 13:17:30.537 I/libPowerHal( 1238): [PE] fpsgo update cmd:1438300, param:0
09-20 13:17:30.537 I/libPowerHal( 1238): [PE] fpsgo update cmd:1438400, param:0
09-20 13:17:30.537 I/libPowerHal( 1238): [PE] fpsgo update cmd:1438600, param:0
09-20 13:17:30.537 I/libPowerHal( 1238): [PE] fpsgo update cmd:1438700, param:0
09-20 13:17:30.538 I/mtkpower_client( 1317): perf_lock_rel, hdl:251648, tid:1317
09-20 13:17:30.539 I/libPowerHal( 1238): [perfLockRel] hdl:251647, idx:7
09-20 13:17:30.540 I/libPowerHal( 1238): [PD] fpsgo update cmd:1404500 param:0
09-20 13:17:30.541 I/libPowerHal( 1238): [perfLockRel] hdl:251648, idx:8
09-20 13:17:30.541 I/libPowerHal( 1238): [PD] fpsgo update cmd:1438300, param:1000
09-20 13:17:30.542 I/libPowerHal( 1238): [PD] fpsgo update cmd:1438400, param:1000
09-20 13:17:30.543 I/libPowerHal( 1238): [PD] fpsgo update cmd:1438600 param:1000
09-20 13:17:30.543 I/libPowerHal( 1238): [PD] fpsgo update cmd:1438700 param:1000
09-20 13:17:30.553 I/mtkpower@impl( 1238): [setMode] type:6, enabled:1
09-20 13:17:30.553 E/mtkpower@impl( 1238): [setMode] unknown type
09-20 13:17:30.750 I/libPowerHal( 1238): [updateFPS] pid(3121) : -1 => 60
09-20 13:17:30.752 I/libPowerHal( 1238): [perfNotifyAppState] pack:com.hihonor.android.launcher, act:com.hihonor.android.launcher.unihome.UniHomeLauncher, state:5, pid:3121, uid:10094, fps:60
09-20 13:17:30.753 E/UxUtility( 1238): notifyAppState error = NULL
09-20 13:17:30.768 I/mtkpower@impl( 1238): [powerd_req] TIMER_MSG_PERF_LOCK_TIMEOUT hdl:251646
09-20 13:17:30.769 I/libPowerHal( 1238): [perfLockRel] hdl:251646, idx:5
09-20 13:17:30.769 I/libPowerHal( 1238): [unsetGPUFreq] current min:2, max:0; scn_gpu_min:2, scn_gpu_max:-1; scn_gpu_min(HL):-1, scn_gpu_max(HL):-1
09-20 13:17:30.769 I/libPowerHal( 1238): [setGPUFreq] Soft min/max = (2, 0); Hard min/max = (2, 0)
09-20 13:17:30.769 I/libPowerHal( 1238): [setGPUFreq] final min/max = (2, 0)
09-20 13:17:30.769 I/libPowerHal( 1238): iawareperf@1.0-: set gpu opp level: 2
09-20 13:17:30.769 I/libPowerHal( 1238): iawareperf@1.0-: set gpu opp level max: 0
09-20 13:17:30.769 I/libPowerHal( 1238): [PD] iawareperf@1.0- update cmd:1408300 param:30
09-20 13:17:30.783 I/libPowerHal( 1238): [perfLockRel] hdl:251643, idx:1
09-20 13:17:30.785 I/libPowerHal( 1238): [perfLockAcq] idx:5 hdl:251649 hint:-1 pid:1221 duration:80 lock_user:iawareperf@1.0- => ret_hdl:251649
09-20 13:17:30.786 I/mtkpower@impl( 1238): [powerd_req] TIMER_MSG_PERF_LOCK_TIMEOUT hdl:251644
09-20 13:17:30.786 I/libPowerHal( 1238): [perfLockRel] hdl:251644, idx:2
09-20 13:17:30.787 I/libPowerHal( 1238): [unsetGPUFreq] current min:2, max:0; scn_gpu_min:2, scn_gpu_max:-1; scn_gpu_min(HL):-1, scn_gpu_max(HL):-1
09-20 13:17:30.787 I/libPowerHal( 1238): [setGPUFreq] Soft min/max = (2, 0); Hard min/max = (2, 0)
09-20 13:17:30.787 I/libPowerHal( 1238): [setGPUFreq] final min/max = (2, 0)
09-20 13:17:30.787 I/libPowerHal( 1238): iawareperf@1.0-: set gpu opp level: 2
09-20 13:17:30.787 I/libPowerHal( 1238): iawareperf@1.0-: set gpu opp level max: 0
09-20 13:17:30.788 I/libPowerHal( 1238): [unset_task_affinity] index:0 0x0, scn:0xb40000789200f5c0
09-20 13:17:30.788 E/libPowerHal( 1238): [unset_task_affinity] stat PATH_CURR_SCENE fail
09-20 13:17:30.788 I/libPowerHal( 1238): [PD] iawareperf@1.0- update ONESHOT cmd:10002000 param:0
09-20 13:17:30.788 I/libPowerHal( 1238): [perfLockAcq] idx:7 hdl:251650 hint:-1 pid:1221 duration:3000 lock_user:iawareperf@1.0- => ret_hdl:251650
09-20 13:17:30.814 I/libPowerHal( 1238): [perfLockRel] hdl:251644, idx:-1
09-20 13:17:30.815 I/libPowerHal( 1238): [perfLockAcq] idx:1 hdl:251651 hint:-1 pid:1221 duration:500 lock_user:iawareperf@1.0- => ret_hdl:251651
09-20 13:17:30.816 I/libPowerHal( 1238): [setGPUFreq] iawareperf@1.0- user set gpu freq min:2, max:-1
09-20 13:17:30.816 I/libPowerHal( 1238): iawareperf@1.0-: set gpu opp level max: 0
09-20 13:17:30.816 I/libPowerHal( 1238): [setGPUFreq] Soft min/max = (2, 0); Hard min/max = (2, 0)
09-20 13:17:30.816 I/libPowerHal( 1238): [setGPUFreq] final min/max = (2, 0)
09-20 13:17:30.816 I/libPowerHal( 1238): iawareperf@1.0-: set gpu opp level: 2
09-20 13:17:30.816 I/libPowerHal( 1238): iawareperf@1.0-: set gpu opp level max: 0
09-20 13:17:30.816 I/libPowerHal( 1238): [set_task_affinity] index:0 0x0, scn:0xb40000789200e660
09-20 13:17:30.816 E/libPowerHal( 1238): [set_task_affinity] stat PATH_CURR_SCENE fail
09-20 13:17:30.816 I/libPowerHal( 1238): [PE] iawareperf@1.0- update cmd:10002000 param:0
09-20 13:17:30.866 I/mtkpower@impl( 1238): [powerd_req] TIMER_MSG_PERF_LOCK_TIMEOUT hdl:251649
09-20 13:17:30.866 I/libPowerHal( 1238): [perfLockRel] hdl:251649, idx:5
09-20 13:17:30.973 I/libPowerHal( 1238): [perfLockRel] hdl:251645, idx:4
09-20 13:17:30.974 I/libPowerHal( 1238): [setClusterFreq] iawareperf@1.0-: sysfs_freq set cpu freq: 1617000 -1 1600000 -1
09-20 13:17:30.974 I/libPowerHal( 1238): [unsetGPUFreq] current min:2, max:0; scn_gpu_min:2, scn_gpu_max:-1; scn_gpu_min(HL):-1, scn_gpu_max(HL):-1
09-20 13:17:30.974 I/libPowerHal( 1238): [setGPUFreq] Soft min/max = (2, 0); Hard min/max = (2, 0)
09-20 13:17:30.974 I/libPowerHal( 1238): [setGPUFreq] final min/max = (2, 0)
09-20 13:17:30.974 I/libPowerHal( 1238): iawareperf@1.0-: set gpu opp level: 2
09-20 13:17:30.974 I/libPowerHal( 1238): iawareperf@1.0-: set gpu opp level max: 0
09-20 13:17:30.975 I/libPowerHal( 1238): [PD] iawareperf@1.0- update cmd:1000000 param:4
09-20 13:17:31.234 I/libPowerHal( 1238): [perfLockRel] hdl:251651, idx:1
09-20 13:17:31.236 I/libPowerHal( 1238): [setClusterFreq] iawareperf@1.0-: sysfs_freq set cpu freq: -1 -1 -1 -1
09-20 13:17:31.236 I/libPowerHal( 1238): [unsetGPUFreq] current min:2, max:0; scn_gpu_min:2, scn_gpu_max:-1; scn_gpu_min(HL):-1, scn_gpu_max(HL):-1
09-20 13:17:31.236 I/libPowerHal( 1238): [setGPUFreq] Soft min/max = (2, 0); Hard min/max = (2, 0)
09-20 13:17:31.236 I/libPowerHal( 1238): [setGPUFreq] final min/max = (2, 0)
09-20 13:17:31.236 I/libPowerHal( 1238): iawareperf@1.0-: set gpu opp level: 2
09-20 13:17:31.237 I/libPowerHal( 1238): iawareperf@1.0-: set gpu opp level max: 0
09-20 13:17:31.237 I/libPowerHal( 1238): [PD] iawareperf@1.0- update cmd:1408300 param:0
09-20 13:17:31.241 I/libPowerHal( 1238): [PD] iawareperf@1.0- update cmd:1000000 param:-1
09-20 13:17:31.241 I/libPowerHal( 1238): [unset_task_affinity] index:0 0x0, scn:0xb40000789200e660
09-20 13:17:31.241 E/libPowerHal( 1238): [unset_task_affinity] stat PATH_CURR_SCENE fail
09-20 13:17:31.241 I/libPowerHal( 1238): [PD] iawareperf@1.0- update ONESHOT cmd:10002000 param:0
09-20 13:17:31.253 I/mtkpower@impl( 1238): [setMode] type:6, enabled:0
09-20 13:17:31.253 E/mtkpower@impl( 1238): [setMode] unknown type
09-20 13:17:31.262 I/mtkpower@impl( 1238): [setMode] type:5, enabled:0
09-20 13:17:31.302 I/mtkpower_client( 1630): [Legacy][PowerHal_Wrap_notifyAppState] com.edudashpro/com.edudashpro.MainActivity pid=2797 state:0
09-20 13:17:31.303 I/libPowerHal( 1238): [perfNotifyAppState] pack:com.edudashpro, act:com.edudashpro.MainActivity, state:0, pid:2797, uid:10458, fps:60
09-20 13:17:31.372 I/libPowerHal( 1238): [perfLockAcq] idx:1 hdl:251652 hint:-1 pid:1221 duration:3000 lock_user:iawareperf@1.0- => ret_hdl:251652
09-20 13:17:31.374 I/libPowerHal( 1238): [setClusterFreq] iawareperf@1.0-: sysfs_freq set cpu freq: 1617000 -1 1600000 -1
09-20 13:17:31.382 I/libPowerHal( 1238): [PE] iawareperf@1.0- update cmd:1408300, param:30
09-20 13:17:31.393 I/libPowerHal( 1238): [perfLockAcq] idx:2 hdl:251653 hint:-1 pid:1221 duration:80 lock_user:iawareperf@1.0- => ret_hdl:251653
09-20 13:17:31.409 I/libPowerHal( 1238): [perfLockAcq] idx:4 hdl:251654 hint:-1 pid:1221 duration:3000 lock_user:iawareperf@1.0- => ret_hdl:251654
09-20 13:17:31.409 I/libPowerHal( 1238): [setGPUFreq] iawareperf@1.0- user set gpu freq min:2, max:-1
09-20 13:17:31.409 I/libPowerHal( 1238): iawareperf@1.0-: set gpu opp level max: 0
09-20 13:17:31.409 I/libPowerHal( 1238): [setGPUFreq] Soft min/max = (2, 0); Hard min/max = (2, 0)
09-20 13:17:31.409 I/libPowerHal( 1238): [setGPUFreq] final min/max = (2, 0)
09-20 13:17:31.409 I/libPowerHal( 1238): iawareperf@1.0-: set gpu opp level: 2
09-20 13:17:31.409 I/libPowerHal( 1238): iawareperf@1.0-: set gpu opp level max: 0
09-20 13:17:31.410 I/libPowerHal( 1238): [setClusterFreq] iawareperf@1.0-: sysfs_freq set cpu freq: 2200000 -1 1600000 -1
09-20 13:17:31.410 I/libPowerHal( 1238): [PE] iawareperf@1.0- update cmd:1000000 param:0
09-20 13:17:31.474 I/mtkpower@impl( 1238): [powerd_req] TIMER_MSG_PERF_LOCK_TIMEOUT hdl:251653
09-20 13:17:31.474 I/libPowerHal( 1238): [perfLockRel] hdl:251653, idx:2
09-20 13:17:31.501 I/libPowerHal( 1238): [perfLockRel] hdl:251652, idx:1
09-20 13:17:31.502 I/libPowerHal( 1238): [perfLockAcq] idx:1 hdl:251655 hint:-1 pid:1221 duration:80 lock_user:iawareperf@1.0- => ret_hdl:251655
09-20 13:17:31.504 I/libPowerHal( 1238): [perfLockAcq] idx:2 hdl:251656 hint:-1 pid:1221 duration:3000 lock_user:iawareperf@1.0- => ret_hdl:251656
09-20 13:17:31.562 I/libPowerHal( 1238): [perfLockAcq] idx:5 hdl:251657 hint:-1 pid:1221 duration:80 lock_user:iawareperf@1.0- => ret_hdl:251657
09-20 13:17:31.582 I/mtkpower@impl( 1238): [powerd_req] TIMER_MSG_PERF_LOCK_TIMEOUT hdl:251655
09-20 13:17:31.582 I/libPowerHal( 1238): [perfLockRel] hdl:251655, idx:1
09-20 13:17:31.643 I/mtkpower@impl( 1238): [powerd_req] TIMER_MSG_PERF_LOCK_TIMEOUT hdl:251657
09-20 13:17:31.643 I/libPowerHal( 1238): [perfLockRel] hdl:251657, idx:5
09-20 13:17:31.644 I/libPowerHal( 1238): [perfLockAcq] idx:1 hdl:251658 hint:-1 pid:1221 duration:250 lock_user:iawareperf@1.0- => ret_hdl:251658
09-20 13:17:31.644 I/libPowerHal( 1238): [setGPUFreq] iawareperf@1.0- user set gpu freq min:2, max:-1
09-20 13:17:31.644 I/libPowerHal( 1238): iawareperf@1.0-: set gpu opp level max: 0
09-20 13:17:31.644 I/libPowerHal( 1238): [setGPUFreq] Soft min/max = (2, 0); Hard min/max = (2, 0)
09-20 13:17:31.644 I/libPowerHal( 1238): [setGPUFreq] final min/max = (2, 0)
09-20 13:17:31.644 I/libPowerHal( 1238): iawareperf@1.0-: set gpu opp level: 2
09-20 13:17:31.645 I/libPowerHal( 1238): iawareperf@1.0-: set gpu opp level max: 0
09-20 13:17:31.896 I/mtkpower@impl( 1238): [powerd_req] TIMER_MSG_PERF_LOCK_TIMEOUT hdl:251658
09-20 13:17:31.896 I/libPowerHal( 1238): [perfLockRel] hdl:251658, idx:1
09-20 13:17:31.896 I/libPowerHal( 1238): [unsetGPUFreq] current min:2, max:0; scn_gpu_min:2, scn_gpu_max:-1; scn_gpu_min(HL):-1, scn_gpu_max(HL):-1
09-20 13:17:31.896 I/libPowerHal( 1238): [setGPUFreq] Soft min/max = (2, 0); Hard min/max = (2, 0)
09-20 13:17:31.896 I/libPowerHal( 1238): [setGPUFreq] final min/max = (2, 0)
09-20 13:17:31.896 I/libPowerHal( 1238): iawareperf@1.0-: set gpu opp level: 2
09-20 13:17:31.896 I/libPowerHal( 1238): iawareperf@1.0-: set gpu opp level max: 0
09-20 13:17:31.906 I/mtkpower_client( 1630): [Legacy][PowerHal_Wrap_notifyAppState] com.edudashpro/com.edudashpro pid=2797 state:3
09-20 13:17:31.907 I/libPowerHal( 1238): [perfNotifyAppState] pack:com.edudashpro, act:com.edudashpro, state:3, pid:2797, uid:10458, fps:60
09-20 13:17:31.907 I/libPowerHal( 1238): [perfNotifyAppState] pack:com.edudashpro, pid:2797, STATE_DEAD
09-20 13:17:32.513 I/libPowerHal( 1238): [perfLockAcq] idx:1 hdl:251659 hint:-1 pid:1221 duration:3000 lock_user:iawareperf@1.0- => ret_hdl:251659
09-20 13:17:32.517 I/libPowerHal( 1238): [perfLockAcq] idx:5 hdl:251660 hint:-1 pid:1221 duration:80 lock_user:iawareperf@1.0- => ret_hdl:251660
09-20 13:17:32.579 I/libPowerHal( 1238): [perfLockRel] hdl:251659, idx:1
09-20 13:17:32.587 I/libPowerHal( 1238): [perfLockAcq] idx:1 hdl:251661 hint:-1 pid:1221 duration:80 lock_user:iawareperf@1.0- => ret_hdl:251661
09-20 13:17:32.596 I/libPowerHal( 1238): [perfLockAcq] idx:8 hdl:251662 hint:-1 pid:1221 duration:3000 lock_user:iawareperf@1.0- => ret_hdl:251662
09-20 13:17:32.597 I/mtkpower@impl( 1238): [powerd_req] TIMER_MSG_PERF_LOCK_TIMEOUT hdl:251660
09-20 13:17:32.598 I/libPowerHal( 1238): [perfLockRel] hdl:251660, idx:5
09-20 13:17:32.599 I/libPowerHal( 1238): cmdSetting - unknown cmd:1c3c000, scmd:(null) ,param_1:1
09-20 13:17:32.599 I/libPowerHal( 1238): [perfLockAcq] idx:9 hdl:251663 hint:-1 pid:1221 duration:7000 lock_user:iawareperf@1.0- => ret_hdl:251663
09-20 13:17:32.599 I/libPowerHal( 1238): [setGPUFreq] iawareperf@1.0- user set gpu freq min:2, max:-1
09-20 13:17:32.599 I/libPowerHal( 1238): iawareperf@1.0-: set gpu opp level max: 0
09-20 13:17:32.601 I/libPowerHal( 1238): [setGPUFreq] Soft min/max = (2, 0); Hard min/max = (2, 0)
09-20 13:17:32.604 I/libPowerHal( 1238): [setGPUFreq] final min/max = (2, 0)
09-20 13:17:32.604 I/libPowerHal( 1238): iawareperf@1.0-: set gpu opp level: 2
09-20 13:17:32.607 I/libPowerHal( 1238): iawareperf@1.0-: set gpu opp level max: 0
09-20 13:17:32.608 I/libPowerHal( 1238): [PE] iawareperf@1.0- update cmd:1408300, param:50
09-20 13:17:32.608 I/libPowerHal( 1238): [set_task_affinity] index:0 0x0, scn:0xb400007892016160
09-20 13:17:32.608 E/libPowerHal( 1238): [set_task_affinity] stat PATH_CURR_SCENE fail
09-20 13:17:32.608 I/libPowerHal( 1238): [PE] iawareperf@1.0- update cmd:10002000 param:0
09-20 13:17:32.618 I/libPowerHal( 1238): [perfLockRel] hdl:251654, idx:4
09-20 13:17:32.618 I/libPowerHal( 1238): [unsetGPUFreq] current min:2, max:0; scn_gpu_min:2, scn_gpu_max:-1; scn_gpu_min(HL):-1, scn_gpu_max(HL):-1
09-20 13:17:32.618 I/libPowerHal( 1238): [setGPUFreq] Soft min/max = (2, 0); Hard min/max = (2, 0)
09-20 13:17:32.618 I/libPowerHal( 1238): [setGPUFreq] final min/max = (2, 0)
09-20 13:17:32.618 I/libPowerHal( 1238): iawareperf@1.0-: set gpu opp level: 2
09-20 13:17:32.618 I/libPowerHal( 1238): iawareperf@1.0-: set gpu opp level max: 0
09-20 13:17:32.619 I/libPowerHal( 1238): [PD] iawareperf@1.0- update cmd:1000000 param:1
09-20 13:17:32.620 I/mtkpower_client( 1630): [Legacy][PowerHal_Wrap_notifyAppState] com.hihonor.android.launcher/com.hihonor.android.launcher.unihome.UniHomeLauncher pid=3121 state:0
09-20 13:17:32.621 I/libPowerHal( 1238): [perfNotifyAppState] pack:com.hihonor.android.launcher, act:com.hihonor.android.launcher.unihome.UniHomeLauncher, state:0, pid:3121, uid:10094, fps:60
09-20 13:17:32.623 I/mtkpower@impl( 1238): [setMode] type:5, enabled:1
09-20 13:17:32.667 I/mtkpower@impl( 1238): [powerd_req] TIMER_MSG_PERF_LOCK_TIMEOUT hdl:251661
09-20 13:17:32.667 I/libPowerHal( 1238): [perfLockRel] hdl:251661, idx:1
09-20 13:17:32.721 I/mtkpower_client( 1317): perf_lock_acq, hdl:0, dur:0, num:2, tid:1317
09-20 13:17:32.728 I/libPowerHal( 1238): [perfLockAcq] idx:1 hdl:251664 hint:-1 pid:1317 duration:0 lock_user:fpsgo => ret_hdl:251664
09-20 13:17:32.728 I/libPowerHal( 1238): [PE] fpsgo update cmd:1404500 param:1
09-20 13:17:32.729 I/mtkpower_client( 1317): ret_hdl:251664
09-20 13:17:32.729 I/mtkpower_client( 1317): perf_lock_acq, hdl:0, dur:0, num:12, tid:1317
09-20 13:17:32.729 I/libPowerHal( 1238): [perfLockAcq] idx:4 hdl:251665 hint:-1 pid:1221 duration:250 lock_user:iawareperf@1.0- => ret_hdl:251665
09-20 13:17:32.729 I/libPowerHal( 1238): [setGPUFreq] iawareperf@1.0- user set gpu freq min:2, max:-1
09-20 13:17:32.730 I/libPowerHal( 1238): iawareperf@1.0-: set gpu opp level max: 0
09-20 13:17:32.730 I/libPowerHal( 1238): [setGPUFreq] Soft min/max = (2, 0); Hard min/max = (2, 0)
09-20 13:17:32.730 I/libPowerHal( 1238): [setGPUFreq] final min/max = (2, 0)
09-20 13:17:32.730 I/libPowerHal( 1238): iawareperf@1.0-: set gpu opp level: 2
09-20 13:17:32.730 I/libPowerHal( 1238): iawareperf@1.0-: set gpu opp level max: 0
09-20 13:17:32.731 I/libPowerHal( 1238): [PE] iawareperf@1.0- update cmd:1000000 param:0
09-20 13:17:32.731 I/mtkpower_client( 1317): ret_hdl:251666
09-20 13:17:32.732 I/libPowerHal( 1238): cmdSetting - unknown cmd:1438500, scmd:(null) ,param_1:0
09-20 13:17:32.732 I/libPowerHal( 1238): cmdSetting - unknown cmd:1438800, scmd:(null) ,param_1:0
09-20 13:17:32.732 I/libPowerHal( 1238): [perfLockAcq] idx:5 hdl:251666 hint:-1 pid:1317 duration:0 lock_user:fpsgo => ret_hdl:251666
09-20 13:17:32.732 I/libPowerHal( 1238): [PE] fpsgo update cmd:1438300, param:0
09-20 13:17:32.732 I/libPowerHal( 1238): [PE] fpsgo update cmd:1438400, param:0
09-20 13:17:32.732 I/libPowerHal( 1238): [PE] fpsgo update cmd:1438600, param:0
09-20 13:17:32.732 I/libPowerHal( 1238): [PE] fpsgo update cmd:1438700, param:0
09-20 13:17:32.736 I/mtkpower@impl( 1238): [setMode] type:6, enabled:1
09-20 13:17:32.736 E/mtkpower@impl( 1238): [setMode] unknown type
09-20 13:17:32.752 I/mtkpower_client( 1317): perf_lock_rel, hdl:251664, tid:1317
09-20 13:17:32.752 I/mtkpower_client( 1317): perf_lock_rel, hdl:251666, tid:1317
09-20 13:17:32.753 I/libPowerHal( 1238): [perfLockRel] hdl:251664, idx:1
09-20 13:17:32.753 I/libPowerHal( 1238): [PD] fpsgo update cmd:1404500 param:0
09-20 13:17:32.762 I/mtkpower_client( 1630): [Legacy][PowerHal_Wrap_notifyAppState] com.google.android.cellbroadcastreceiver/com.google.android.cellbroadcastreceiver pid=2202 state:3
09-20 13:17:32.767 I/libPowerHal( 1238): [perfLockRel] hdl:251666, idx:5
09-20 13:17:32.767 I/libPowerHal( 1238): [PD] fpsgo update cmd:1438300, param:1000
09-20 13:17:32.767 I/libPowerHal( 1238): [PD] fpsgo update cmd:1438400, param:1000
09-20 13:17:32.769 I/libPowerHal( 1238): [PD] fpsgo update cmd:1438600 param:1000
09-20 13:17:32.769 I/libPowerHal( 1238): [PD] fpsgo update cmd:1438700 param:1000
09-20 13:17:32.771 I/libPowerHal( 1238): [perfNotifyAppState] pack:com.google.android.cellbroadcastreceiver, act:com.google.android.cellbroadcastreceiver, state:3, pid:2202, uid:10151, fps:60
09-20 13:17:32.771 I/libPowerHal( 1238): [perfNotifyAppState] pack:com.google.android.cellbroadcastreceiver, pid:2202, STATE_DEAD
09-20 13:17:32.836 I/mtkpower_client( 1630): [Legacy][PowerHal_Wrap_notifyAppState] com.edudashpro/com.edudashpro.MainActivity pid=3928 state:1
09-20 13:17:32.836 I/libPowerHal( 1238): [perfNotifyAppState] pack:com.edudashpro, act:com.edudashpro.MainActivity, state:1, pid:3928, uid:10458, fps:60
09-20 13:17:32.837 I/libPowerHal( 1238): [perfNotifyAppState] foreground:com.edudashpro, pid:3928, uid:10458
09-20 13:17:32.837 E/UxUtility( 1238): notifyAppState error = NULL
09-20 13:17:32.837 I/mtkpower@impl( 1238): [notifyAppState] pc:0, com.hihonor.android.launcher => com.edudashpro
09-20 13:17:32.981 I/mtkpower@impl( 1238): [powerd_req] TIMER_MSG_PERF_LOCK_TIMEOUT hdl:251665
09-20 13:17:32.981 I/libPowerHal( 1238): [perfLockRel] hdl:251665, idx:4
09-20 13:17:32.981 I/libPowerHal( 1238): [unsetGPUFreq] current min:2, max:0; scn_gpu_min:2, scn_gpu_max:-1; scn_gpu_min(HL):-1, scn_gpu_max(HL):-1
09-20 13:17:32.981 I/libPowerHal( 1238): [setGPUFreq] Soft min/max = (2, 0); Hard min/max = (2, 0)
09-20 13:17:32.981 I/libPowerHal( 1238): [setGPUFreq] final min/max = (2, 0)
09-20 13:17:32.981 I/libPowerHal( 1238): iawareperf@1.0-: set gpu opp level: 2
09-20 13:17:32.982 I/libPowerHal( 1238): iawareperf@1.0-: set gpu opp level max: 0
09-20 13:17:32.982 I/libPowerHal( 1238): [PD] iawareperf@1.0- update cmd:1000000 param:1
09-20 13:17:33.057 I/mtkpower@impl( 1238): [setMode] type:6, enabled:0
09-20 13:17:33.057 E/mtkpower@impl( 1238): [setMode] unknown type
09-20 13:17:33.414 I/libPowerHal( 1238): cmdSetting - unknown cmd:1c3c000, scmd:(null) ,param_1:1
09-20 13:17:33.414 I/libPowerHal( 1238): [perfLockAcq] idx:1 hdl:251667 hint:-1 pid:1221 duration:400 lock_user:iawareperf@1.0- => ret_hdl:251667
09-20 13:17:33.414 I/libPowerHal( 1238): [setGPUFreq] iawareperf@1.0- user set gpu freq min:2, max:-1
09-20 13:17:33.414 I/libPowerHal( 1238): iawareperf@1.0-: set gpu opp level max: 0
09-20 13:17:33.414 I/libPowerHal( 1238): [setGPUFreq] Soft min/max = (2, 0); Hard min/max = (2, 0)
09-20 13:17:33.414 I/libPowerHal( 1238): [setGPUFreq] final min/max = (2, 0)
09-20 13:17:33.414 I/libPowerHal( 1238): iawareperf@1.0-: set gpu opp level: 2
09-20 13:17:33.414 I/libPowerHal( 1238): iawareperf@1.0-: set gpu opp level max: 0
09-20 13:17:33.610 I/mtkpower@impl( 1238): [setMode] type:5, enabled:0
09-20 13:17:33.613 I/mtkpower_client( 1630): [Legacy][PowerHal_Wrap_notifyAppState] com.hihonor.android.launcher/com.hihonor.android.launcher.unihome.UniHomeLauncher pid=3121 state:0
09-20 13:17:33.626 I/libPowerHal( 1238): [perfNotifyAppState] pack:com.hihonor.android.launcher, act:com.hihonor.android.launcher.unihome.UniHomeLauncher, state:0, pid:3121, uid:10094, fps:60
09-20 13:17:33.734 I/mtkpower_client( 1317): perf_lock_acq, hdl:0, dur:0, num:2, tid:1317
09-20 13:17:33.737 I/mtkpower_client( 1317): ret_hdl:251668
09-20 13:17:33.738 I/mtkpower_client( 1317): perf_lock_acq, hdl:0, dur:0, num:12, tid:1317
09-20 13:17:33.738 I/libPowerHal( 1238): [perfLockAcq] idx:4 hdl:251668 hint:-1 pid:1317 duration:0 lock_user:fpsgo => ret_hdl:251668
09-20 13:17:33.739 I/libPowerHal( 1238): [PE] fpsgo update cmd:1404500 param:1
09-20 13:17:33.741 I/mtkpower_client( 1317): ret_hdl:251669
09-20 13:17:33.741 I/mtkpower_client( 1317): perf_lock_rel, hdl:251668, tid:1317
09-20 13:17:33.741 I/libPowerHal( 1238): cmdSetting - unknown cmd:1438500, scmd:(null) ,param_1:0
09-20 13:17:33.741 I/libPowerHal( 1238): cmdSetting - unknown cmd:1438800, scmd:(null) ,param_1:0
09-20 13:17:33.741 I/libPowerHal( 1238): [perfLockAcq] idx:5 hdl:251669 hint:-1 pid:1317 duration:0 lock_user:fpsgo => ret_hdl:251669
09-20 13:17:33.742 I/libPowerHal( 1238): [PE] fpsgo update cmd:1438300, param:0
09-20 13:17:33.742 I/libPowerHal( 1238): [PE] fpsgo update cmd:1438400, param:0
09-20 13:17:33.742 I/libPowerHal( 1238): [PE] fpsgo update cmd:1438600, param:0
09-20 13:17:33.742 I/libPowerHal( 1238): [PE] fpsgo update cmd:1438700, param:0
09-20 13:17:33.745 I/mtkpower_client( 1317): perf_lock_rel, hdl:251669, tid:1317
09-20 13:17:33.746 I/libPowerHal( 1238): [perfLockRel] hdl:251668, idx:4
09-20 13:17:33.746 I/libPowerHal( 1238): [PD] fpsgo update cmd:1404500 param:0
09-20 13:17:33.751 I/libPowerHal( 1238): [updateFPS] pid(3928) : 60 => -1
09-20 13:17:33.752 I/libPowerHal( 1238): [perfNotifyAppState] pack:com.edudashpro, act:com.edudashpro.MainActivity, state:5, pid:3928, uid:10458, fps:-1
09-20 13:17:33.753 E/UxUtility( 1238): notifyAppState error = NULL
09-20 13:17:33.766 I/libPowerHal( 1238): [perfLockRel] hdl:251669, idx:5
09-20 13:17:33.766 I/libPowerHal( 1238): [PD] fpsgo update cmd:1438300, param:1000
09-20 13:17:33.766 I/libPowerHal( 1238): [PD] fpsgo update cmd:1438400, param:1000
09-20 13:17:33.766 I/libPowerHal( 1238): [PD] fpsgo update cmd:1438600 param:1000
09-20 13:17:33.766 I/libPowerHal( 1238): [PD] fpsgo update cmd:1438700 param:1000
09-20 13:17:33.789 I/mtkpower@impl( 1238): [powerd_req] TIMER_MSG_PERF_LOCK_TIMEOUT hdl:251650
09-20 13:17:33.790 I/libPowerHal( 1238): [perfLockRel] hdl:251650, idx:7
09-20 13:17:33.816 I/mtkpower@impl( 1238): [powerd_req] TIMER_MSG_PERF_LOCK_TIMEOUT hdl:251667
09-20 13:17:33.816 I/libPowerHal( 1238): [perfLockRel] hdl:251667, idx:1
09-20 13:17:33.816 I/libPowerHal( 1238): [unsetGPUFreq] current min:2, max:0; scn_gpu_min:2, scn_gpu_max:-1; scn_gpu_min(HL):-1, scn_gpu_max(HL):-1
09-20 13:17:33.816 I/libPowerHal( 1238): [setGPUFreq] Soft min/max = (2, 0); Hard min/max = (2, 0)
09-20 13:17:33.816 I/libPowerHal( 1238): [setGPUFreq] final min/max = (2, 0)
09-20 13:17:33.816 I/libPowerHal( 1238): iawareperf@1.0-: set gpu opp level: 2
09-20 13:17:33.816 I/libPowerHal( 1238): iawareperf@1.0-: set gpu opp level max: 0
09-20 13:17:33.821 I/mtkpower_client( 1630): [Legacy][PowerHal_Wrap_notifyAppState] com.facebook.system/com.facebook.system pid=3182 state:3
09-20 13:17:33.822 I/libPowerHal( 1238): [perfNotifyAppState] pack:com.facebook.system, act:com.facebook.system, state:3, pid:3182, uid:10164, fps:-1
09-20 13:17:33.822 I/libPowerHal( 1238): [perfNotifyAppState] pack:com.facebook.system, pid:3182, STATE_DEAD
09-20 13:17:33.830 I/mtkpower_client( 1630): [Legacy][PowerHal_Wrap_notifyAppState] com.google.android.as.oss/com.google.android.as.oss pid=2723 state:3
09-20 13:17:33.831 I/libPowerHal( 1238): [perfNotifyAppState] pack:com.google.android.as.oss, act:com.google.android.as.oss, state:3, pid:2723, uid:10119, fps:-1
09-20 13:17:33.831 I/libPowerHal( 1238): [perfNotifyAppState] pack:com.google.android.as.oss, pid:2723, STATE_DEAD
09-20 13:17:34.506 I/mtkpower@impl( 1238): [powerd_req] TIMER_MSG_PERF_LOCK_TIMEOUT hdl:251656
09-20 13:17:34.506 I/libPowerHal( 1238): [perfLockRel] hdl:251656, idx:2
09-20 13:17:35.256 I/mtkpower_client( 1317): perf_lock_acq, hdl:0, dur:0, num:2, tid:1317
09-20 13:17:35.257 I/mtkpower_client( 1317): ret_hdl:251670
09-20 13:17:35.257 I/mtkpower_client( 1317): perf_lock_acq, hdl:0, dur:0, num:12, tid:1317
09-20 13:17:35.258 I/libPowerHal( 1238): [perfLockAcq] idx:1 hdl:251670 hint:-1 pid:1317 duration:0 lock_user:fpsgo => ret_hdl:251670
09-20 13:17:35.258 I/libPowerHal( 1238): [PE] fpsgo update cmd:1404500 param:1
09-20 13:17:35.259 I/mtkpower_client( 1317): ret_hdl:251671
09-20 13:17:35.259 I/libPowerHal( 1238): cmdSetting - unknown cmd:1438500, scmd:(null) ,param_1:0
09-20 13:17:35.259 I/libPowerHal( 1238): cmdSetting - unknown cmd:1438800, scmd:(null) ,param_1:0
09-20 13:17:35.259 I/libPowerHal( 1238): [perfLockAcq] idx:2 hdl:251671 hint:-1 pid:1317 duration:0 lock_user:fpsgo => ret_hdl:251671
09-20 13:17:35.260 I/libPowerHal( 1238): [PE] fpsgo update cmd:1438300, param:0
09-20 13:17:35.260 I/libPowerHal( 1238): [PE] fpsgo update cmd:1438400, param:0
09-20 13:17:35.260 I/libPowerHal( 1238): [PE] fpsgo update cmd:1438600, param:0
09-20 13:17:35.260 I/libPowerHal( 1238): [PE] fpsgo update cmd:1438700, param:0
09-20 13:17:35.388 I/mtkpower_client( 1317): perf_lock_rel, hdl:251670, tid:1317
09-20 13:17:35.389 I/mtkpower_client( 1317): perf_lock_rel, hdl:251671, tid:1317
09-20 13:17:35.389 I/libPowerHal( 1238): [perfLockRel] hdl:251670, idx:1
09-20 13:17:35.390 I/libPowerHal( 1238): [PD] fpsgo update cmd:1404500 param:0
09-20 13:17:35.391 I/libPowerHal( 1238): [perfLockRel] hdl:251671, idx:2
09-20 13:17:35.391 I/libPowerHal( 1238): [PD] fpsgo update cmd:1438300, param:1000
09-20 13:17:35.391 I/libPowerHal( 1238): [PD] fpsgo update cmd:1438400, param:1000
09-20 13:17:35.391 I/libPowerHal( 1238): [PD] fpsgo update cmd:1438600 param:1000
09-20 13:17:35.392 I/libPowerHal( 1238): [PD] fpsgo update cmd:1438700 param:1000
09-20 13:17:35.596 I/mtkpower@impl( 1238): [powerd_req] TIMER_MSG_PERF_LOCK_TIMEOUT hdl:251662
09-20 13:17:35.596 I/libPowerHal( 1238): [perfLockRel] hdl:251662, idx:8
09-20 13:17:36.046 I/mtkpower_client( 1317): perf_lock_acq, hdl:0, dur:0, num:2, tid:1317
09-20 13:17:36.047 I/mtkpower_client( 1317): ret_hdl:251672
09-20 13:17:36.047 I/mtkpower_client( 1317): perf_lock_acq, hdl:0, dur:0, num:12, tid:1317
09-20 13:17:36.051 I/libPowerHal( 1238): [perfLockAcq] idx:1 hdl:251672 hint:-1 pid:1317 duration:0 lock_user:fpsgo => ret_hdl:251672
09-20 13:17:36.053 I/libPowerHal( 1238): [PE] fpsgo update cmd:1404500 param:1
09-20 13:17:36.053 I/mtkpower_client( 1317): ret_hdl:251673
09-20 13:17:36.053 I/mtkpower_client( 1317): perf_lock_rel, hdl:251672, tid:1317
09-20 13:17:36.054 I/libPowerHal( 1238): cmdSetting - unknown cmd:1438500, scmd:(null) ,param_1:0
09-20 13:17:36.054 I/libPowerHal( 1238): cmdSetting - unknown cmd:1438800, scmd:(null) ,param_1:0
09-20 13:17:36.054 I/libPowerHal( 1238): [perfLockAcq] idx:2 hdl:251673 hint:-1 pid:1317 duration:0 lock_user:fpsgo => ret_hdl:251673
09-20 13:17:36.054 I/libPowerHal( 1238): [PE] fpsgo update cmd:1438300, param:0
09-20 13:17:36.054 I/libPowerHal( 1238): [PE] fpsgo update cmd:1438400, param:0
09-20 13:17:36.054 I/libPowerHal( 1238): [PE] fpsgo update cmd:1438600, param:0
09-20 13:17:36.054 I/libPowerHal( 1238): [PE] fpsgo update cmd:1438700, param:0
09-20 13:17:36.055 I/mtkpower_client( 1317): perf_lock_rel, hdl:251673, tid:1317
09-20 13:17:36.055 I/libPowerHal( 1238): [perfLockRel] hdl:251672, idx:1
09-20 13:17:36.056 I/libPowerHal( 1238): [PD] fpsgo update cmd:1404500 param:0
09-20 13:17:36.057 I/libPowerHal( 1238): [perfLockRel] hdl:251673, idx:2
09-20 13:17:36.057 I/libPowerHal( 1238): [PD] fpsgo update cmd:1438300, param:1000
09-20 13:17:36.057 I/libPowerHal( 1238): [PD] fpsgo update cmd:1438400, param:1000
09-20 13:17:36.057 I/libPowerHal( 1238): [PD] fpsgo update cmd:1438600 param:1000
09-20 13:17:36.057 I/libPowerHal( 1238): [PD] fpsgo update cmd:1438700 param:1000
09-20 13:17:36.155 I/mtkpower_client( 1630): [Legacy][PowerHal_Wrap_notifyAppState] com.facebook.appmanager/com.facebook.appmanager pid=3110 state:3
09-20 13:17:36.157 I/libPowerHal( 1238): [perfNotifyAppState] pack:com.facebook.appmanager, act:com.facebook.appmanager, state:3, pid:3110, uid:10160, fps:-1
09-20 13:17:36.157 I/libPowerHal( 1238): [perfNotifyAppState] pack:com.facebook.appmanager, pid:3110, STATE_DEAD
09-20 13:17:36.752 I/libPowerHal( 1238): [updateFPS] pid(3928) : -1 => 60
09-20 13:17:36.752 I/libPowerHal( 1238): [perfNotifyAppState] pack:com.edudashpro, act:com.edudashpro.MainActivity, state:5, pid:3928, uid:10458, fps:60
09-20 13:17:36.753 E/UxUtility( 1238): notifyAppState error = NULL
09-20 13:17:36.832 I/mtkpower_client( 1317): perf_lock_acq, hdl:0, dur:0, num:2, tid:1317
09-20 13:17:36.833 I/mtkpower_client( 1317): ret_hdl:251674
09-20 13:17:36.833 I/mtkpower_client( 1317): perf_lock_acq, hdl:0, dur:0, num:12, tid:1317
09-20 13:17:36.834 I/libPowerHal( 1238): [perfLockAcq] idx:1 hdl:251674 hint:-1 pid:1317 duration:0 lock_user:fpsgo => ret_hdl:251674
09-20 13:17:36.835 I/libPowerHal( 1238): [PE] fpsgo update cmd:1404500 param:1
09-20 13:17:36.836 I/mtkpower_client( 1317): ret_hdl:251675
09-20 13:17:36.837 I/libPowerHal( 1238): cmdSetting - unknown cmd:1438500, scmd:(null) ,param_1:0
09-20 13:17:36.837 I/libPowerHal( 1238): cmdSetting - unknown cmd:1438800, scmd:(null) ,param_1:0
09-20 13:17:36.837 I/libPowerHal( 1238): [perfLockAcq] idx:2 hdl:251675 hint:-1 pid:1317 duration:0 lock_user:fpsgo => ret_hdl:251675
09-20 13:17:36.837 I/libPowerHal( 1238): [PE] fpsgo update cmd:1438300, param:0
09-20 13:17:36.837 I/libPowerHal( 1238): [PE] fpsgo update cmd:1438400, param:0
09-20 13:17:36.837 I/libPowerHal( 1238): [PE] fpsgo update cmd:1438600, param:0
09-20 13:17:36.837 I/libPowerHal( 1238): [PE] fpsgo update cmd:1438700, param:0
09-20 13:17:36.933 I/mtkpower_client( 1317): perf_lock_rel, hdl:251674, tid:1317
09-20 13:17:36.934 I/mtkpower_client( 1317): perf_lock_rel, hdl:251675, tid:1317
09-20 13:17:36.934 I/libPowerHal( 1238): [perfLockRel] hdl:251674, idx:1
09-20 13:17:36.935 I/libPowerHal( 1238): [PD] fpsgo update cmd:1404500 param:0
09-20 13:17:36.936 I/libPowerHal( 1238): [perfLockRel] hdl:251675, idx:2
09-20 13:17:36.936 I/libPowerHal( 1238): [PD] fpsgo update cmd:1438300, param:1000
09-20 13:17:36.937 I/libPowerHal( 1238): [PD] fpsgo update cmd:1438400, param:1000
09-20 13:17:36.937 I/libPowerHal( 1238): [PD] fpsgo update cmd:1438600 param:1000
09-20 13:17:36.938 I/libPowerHal( 1238): [PD] fpsgo update cmd:1438700 param:1000
09-20 13:17:37.635 I/libPowerHal( 1238): [perfLockAcq] idx:1 hdl:251676 hint:-1 pid:1221 duration:3000 lock_user:iawareperf@1.0- => ret_hdl:251676
09-20 13:17:37.701 I/libPowerHal( 1238): [perfLockRel] hdl:251676, idx:1
09-20 13:17:37.702 I/libPowerHal( 1238): [perfLockAcq] idx:2 hdl:251677 hint:-1 pid:1221 duration:80 lock_user:iawareperf@1.0- => ret_hdl:251677
09-20 13:17:37.711 I/libPowerHal( 1238): [perfLockAcq] idx:1 hdl:251678 hint:-1 pid:1221 duration:3000 lock_user:iawareperf@1.0- => ret_hdl:251678
09-20 13:17:37.713 I/libPowerHal( 1238): [perfLockAcq] idx:4 hdl:251679 hint:-1 pid:1221 duration:250 lock_user:iawareperf@1.0- => ret_hdl:251679
09-20 13:17:37.713 I/libPowerHal( 1238): [setGPUFreq] iawareperf@1.0- user set gpu freq min:2, max:-1
09-20 13:17:37.713 I/libPowerHal( 1238): iawareperf@1.0-: set gpu opp level max: 0
09-20 13:17:37.714 I/libPowerHal( 1238): [setGPUFreq] Soft min/max = (2, 0); Hard min/max = (2, 0)
09-20 13:17:37.714 I/libPowerHal( 1238): [setGPUFreq] final min/max = (2, 0)
09-20 13:17:37.714 I/libPowerHal( 1238): iawareperf@1.0-: set gpu opp level: 2
09-20 13:17:37.714 I/libPowerHal( 1238): iawareperf@1.0-: set gpu opp level max: 0
09-20 13:17:37.729 I/mtkpower_client( 1317): perf_lock_acq, hdl:0, dur:0, num:2, tid:1317
09-20 13:17:37.730 I/mtkpower_client( 1317): ret_hdl:251680
09-20 13:17:37.731 I/mtkpower_client( 1317): perf_lock_acq, hdl:0, dur:0, num:12, tid:1317
09-20 13:17:37.732 I/mtkpower_client( 1317): ret_hdl:251681
09-20 13:17:37.734 I/libPowerHal( 1238): [perfLockAcq] idx:5 hdl:251680 hint:-1 pid:1317 duration:0 lock_user:fpsgo => ret_hdl:251680
09-20 13:17:37.734 I/libPowerHal( 1238): [PE] fpsgo update cmd:1404500 param:1
09-20 13:17:37.737 I/libPowerHal( 1238): cmdSetting - unknown cmd:1438500, scmd:(null) ,param_1:0
09-20 13:17:37.738 I/libPowerHal( 1238): cmdSetting - unknown cmd:1438800, scmd:(null) ,param_1:0
09-20 13:17:37.738 I/libPowerHal( 1238): [perfLockAcq] idx:7 hdl:251681 hint:-1 pid:1317 duration:0 lock_user:fpsgo => ret_hdl:251681
09-20 13:17:37.738 I/libPowerHal( 1238): [PE] fpsgo update cmd:1438300, param:0
09-20 13:17:37.738 I/libPowerHal( 1238): [PE] fpsgo update cmd:1438400, param:0
09-20 13:17:37.738 I/libPowerHal( 1238): [PE] fpsgo update cmd:1438600, param:0
09-20 13:17:37.738 I/libPowerHal( 1238): [PE] fpsgo update cmd:1438700, param:0
09-20 13:17:37.786 I/mtkpower@impl( 1238): [powerd_req] TIMER_MSG_PERF_LOCK_TIMEOUT hdl:251677
09-20 13:17:37.786 I/libPowerHal( 1238): [perfLockRel] hdl:251677, idx:2
09-20 13:17:37.890 I/mtkpower_client( 1317): perf_lock_rel, hdl:251680, tid:1317
