09-20 13:17:37.891 I/mtkpower_client( 1317): perf_lock_rel, hdl:251681, tid:1317
09-20 13:17:37.892 I/libPowerHal( 1238): [perfLockRel] hdl:251680, idx:5
09-20 13:17:37.893 I/libPowerHal( 1238): [PD] fpsgo update cmd:1404500 param:0
09-20 13:17:37.894 I/libPowerHal( 1238): [perfLockRel] hdl:251681, idx:7
09-20 13:17:37.894 I/libPowerHal( 1238): [PD] fpsgo update cmd:1438300, param:1000
09-20 13:17:37.894 I/libPowerHal( 1238): [PD] fpsgo update cmd:1438400, param:1000
09-20 13:17:37.895 I/libPowerHal( 1238): [PD] fpsgo update cmd:1438600 param:1000
09-20 13:17:37.895 I/libPowerHal( 1238): [PD] fpsgo update cmd:1438700 param:1000
09-20 13:17:37.940 I/mtkpower_client( 1317): perf_lock_acq, hdl:0, dur:0, num:2, tid:1317
09-20 13:17:37.944 I/libPowerHal( 1238): [perfLockAcq] idx:2 hdl:251682 hint:-1 pid:1317 duration:0 lock_user:fpsgo => ret_hdl:251682
09-20 13:17:37.944 I/libPowerHal( 1238): [PE] fpsgo update cmd:1404500 param:1
09-20 13:17:37.945 I/mtkpower_client( 1317): ret_hdl:251682
09-20 13:17:37.945 I/mtkpower_client( 1317): perf_lock_acq, hdl:0, dur:0, num:12, tid:1317
09-20 13:17:37.949 I/libPowerHal( 1238): cmdSetting - unknown cmd:1438500, scmd:(null) ,param_1:0
09-20 13:17:37.949 I/libPowerHal( 1238): cmdSetting - unknown cmd:1438800, scmd:(null) ,param_1:0
09-20 13:17:37.949 I/libPowerHal( 1238): [perfLockAcq] idx:5 hdl:251683 hint:-1 pid:1317 duration:0 lock_user:fpsgo => ret_hdl:251683
09-20 13:17:37.949 I/mtkpower_client( 1317): ret_hdl:251683
09-20 13:17:37.958 I/mtkpower_client( 1317): perf_lock_rel, hdl:251682, tid:1317
09-20 13:17:37.963 I/libPowerHal( 1238): [PE] fpsgo update cmd:1438300, param:0
09-20 13:17:37.964 I/libPowerHal( 1238): [PE] fpsgo update cmd:1438400, param:0
09-20 13:17:37.965 I/libPowerHal( 1238): [PE] fpsgo update cmd:1438600, param:0
09-20 13:17:37.965 I/libPowerHal( 1238): [PE] fpsgo update cmd:1438700, param:0
09-20 13:17:37.968 I/mtkpower@impl( 1238): [powerd_req] TIMER_MSG_PERF_LOCK_TIMEOUT hdl:251679
09-20 13:17:37.968 I/libPowerHal( 1238): [perfLockRel] hdl:251679, idx:4
09-20 13:17:37.968 I/libPowerHal( 1238): [unsetGPUFreq] current min:2, max:0; scn_gpu_min:2, scn_gpu_max:-1; scn_gpu_min(HL):-1, scn_gpu_max(HL):-1
09-20 13:17:37.968 I/libPowerHal( 1238): [setGPUFreq] Soft min/max = (2, 0); Hard min/max = (2, 0)
09-20 13:17:37.969 I/libPowerHal( 1238): [setGPUFreq] final min/max = (2, 0)
09-20 13:17:37.969 I/libPowerHal( 1238): iawareperf@1.0-: set gpu opp level: 2
09-20 13:17:37.971 I/libPowerHal( 1238): iawareperf@1.0-: set gpu opp level max: 0
09-20 13:17:37.973 I/mtkpower_client( 1317): perf_lock_rel, hdl:251683, tid:1317
09-20 13:17:37.977 I/libPowerHal( 1238): [perfLockRel] hdl:251682, idx:2
09-20 13:17:37.978 I/libPowerHal( 1238): [PD] fpsgo update cmd:1404500 param:0
09-20 13:17:37.986 I/libPowerHal( 1238): [perfLockRel] hdl:251683, idx:5
09-20 13:17:37.986 I/libPowerHal( 1238): [PD] fpsgo update cmd:1438300, param:1000
09-20 13:17:37.999 I/libPowerHal( 1238): [PD] fpsgo update cmd:1438400, param:1000
09-20 13:17:37.999 I/libPowerHal( 1238): [PD] fpsgo update cmd:1438600 param:1000
09-20 13:17:38.000 I/libPowerHal( 1238): [PD] fpsgo update cmd:1438700 param:1000
09-20 13:17:38.036 I/mtkpower_client( 1317): perf_lock_acq, hdl:0, dur:0, num:2, tid:1317
09-20 13:17:38.039 I/mtkpower_client( 1317): ret_hdl:251684
09-20 13:17:38.039 I/libPowerHal( 1238): [perfLockAcq] idx:2 hdl:251684 hint:-1 pid:1317 duration:0 lock_user:fpsgo => ret_hdl:251684
09-20 13:17:38.039 I/libPowerHal( 1238): [PE] fpsgo update cmd:1404500 param:1
09-20 13:17:38.040 I/mtkpower_client( 1317): perf_lock_acq, hdl:0, dur:0, num:12, tid:1317
09-20 13:17:38.042 I/mtkpower_client( 1317): ret_hdl:251685
09-20 13:17:38.043 I/libPowerHal( 1238): cmdSetting - unknown cmd:1438500, scmd:(null) ,param_1:0
09-20 13:17:38.043 I/libPowerHal( 1238): cmdSetting - unknown cmd:1438800, scmd:(null) ,param_1:0
09-20 13:17:38.043 I/libPowerHal( 1238): [perfLockAcq] idx:4 hdl:251685 hint:-1 pid:1317 duration:0 lock_user:fpsgo => ret_hdl:251685
09-20 13:17:38.043 I/libPowerHal( 1238): [PE] fpsgo update cmd:1438300, param:0
09-20 13:17:38.043 I/libPowerHal( 1238): [PE] fpsgo update cmd:1438400, param:0
09-20 13:17:38.043 I/libPowerHal( 1238): [PE] fpsgo update cmd:1438600, param:0
09-20 13:17:38.043 I/libPowerHal( 1238): [PE] fpsgo update cmd:1438700, param:0
09-20 13:17:38.043 I/mtkpower_client( 1317): perf_lock_rel, hdl:251684, tid:1317
09-20 13:17:38.044 I/mtkpower_client( 1317): perf_lock_rel, hdl:251685, tid:1317
09-20 13:17:38.044 I/libPowerHal( 1238): [perfLockRel] hdl:251684, idx:2
09-20 13:17:38.044 I/libPowerHal( 1238): [PD] fpsgo update cmd:1404500 param:0
09-20 13:17:38.045 I/libPowerHal( 1238): [perfLockRel] hdl:251685, idx:4
09-20 13:17:38.045 I/libPowerHal( 1238): [PD] fpsgo update cmd:1438300, param:1000
09-20 13:17:38.047 I/libPowerHal( 1238): [PD] fpsgo update cmd:1438400, param:1000
09-20 13:17:38.047 I/libPowerHal( 1238): [PD] fpsgo update cmd:1438600 param:1000
09-20 13:17:38.047 I/libPowerHal( 1238): [PD] fpsgo update cmd:1438700 param:1000
09-20 13:17:38.429 I/libPowerHal( 1238): [perfLockAcq] idx:2 hdl:251686 hint:-1 pid:1221 duration:250 lock_user:iawareperf@1.0- => ret_hdl:251686
09-20 13:17:38.429 I/libPowerHal( 1238): [setGPUFreq] iawareperf@1.0- user set gpu freq min:2, max:-1
09-20 13:17:38.429 I/libPowerHal( 1238): iawareperf@1.0-: set gpu opp level max: 0
09-20 13:17:38.431 I/libPowerHal( 1238): [setGPUFreq] Soft min/max = (2, 0); Hard min/max = (2, 0)
09-20 13:17:38.431 I/libPowerHal( 1238): [setGPUFreq] final min/max = (2, 0)
09-20 13:17:38.431 I/libPowerHal( 1238): iawareperf@1.0-: set gpu opp level: 2
09-20 13:17:38.433 I/libPowerHal( 1238): iawareperf@1.0-: set gpu opp level max: 0
09-20 13:17:38.500 I/mtkpower_client( 1317): perf_lock_acq, hdl:0, dur:0, num:2, tid:1317
09-20 13:17:38.502 I/mtkpower_client( 1317): ret_hdl:251687
09-20 13:17:38.502 I/libPowerHal( 1238): [perfLockAcq] idx:4 hdl:251687 hint:-1 pid:1317 duration:0 lock_user:fpsgo => ret_hdl:251687
09-20 13:17:38.502 I/libPowerHal( 1238): [PE] fpsgo update cmd:1404500 param:1
09-20 13:17:38.502 I/mtkpower_client( 1317): perf_lock_acq, hdl:0, dur:0, num:12, tid:1317
09-20 13:17:38.503 I/mtkpower_client( 1317): ret_hdl:251688
09-20 13:17:38.503 I/libPowerHal( 1238): cmdSetting - unknown cmd:1438500, scmd:(null) ,param_1:0
09-20 13:17:38.503 I/libPowerHal( 1238): cmdSetting - unknown cmd:1438800, scmd:(null) ,param_1:0
09-20 13:17:38.503 I/libPowerHal( 1238): [perfLockAcq] idx:5 hdl:251688 hint:-1 pid:1317 duration:0 lock_user:fpsgo => ret_hdl:251688
09-20 13:17:38.507 I/libPowerHal( 1238): [PE] fpsgo update cmd:1438300, param:0
09-20 13:17:38.507 I/libPowerHal( 1238): [PE] fpsgo update cmd:1438400, param:0
09-20 13:17:38.508 I/libPowerHal( 1238): [PE] fpsgo update cmd:1438600, param:0
09-20 13:17:38.509 I/libPowerHal( 1238): [PE] fpsgo update cmd:1438700, param:0
09-20 13:17:38.557 I/mtkpower_client( 1317): perf_lock_rel, hdl:251687, tid:1317
09-20 13:17:38.558 I/mtkpower_client( 1317): perf_lock_rel, hdl:251688, tid:1317
09-20 13:17:38.558 I/libPowerHal( 1238): [perfLockRel] hdl:251687, idx:4
09-20 13:17:38.560 I/libPowerHal( 1238): [PD] fpsgo update cmd:1404500 param:0
09-20 13:17:38.561 I/libPowerHal( 1238): [perfLockRel] hdl:251688, idx:5
09-20 13:17:38.562 I/libPowerHal( 1238): [PD] fpsgo update cmd:1438300, param:1000
09-20 13:17:38.564 I/libPowerHal( 1238): [PD] fpsgo update cmd:1438400, param:1000
09-20 13:17:38.564 I/libPowerHal( 1238): [PD] fpsgo update cmd:1438600 param:1000
09-20 13:17:38.565 I/libPowerHal( 1238): [PD] fpsgo update cmd:1438700 param:1000
09-20 13:17:38.684 I/mtkpower@impl( 1238): [powerd_req] TIMER_MSG_PERF_LOCK_TIMEOUT hdl:251686
09-20 13:17:38.684 I/libPowerHal( 1238): [perfLockRel] hdl:251686, idx:2
09-20 13:17:38.684 I/libPowerHal( 1238): [unsetGPUFreq] current min:2, max:0; scn_gpu_min:2, scn_gpu_max:-1; scn_gpu_min(HL):-1, scn_gpu_max(HL):-1
09-20 13:17:38.684 I/libPowerHal( 1238): [setGPUFreq] Soft min/max = (2, 0); Hard min/max = (2, 0)
09-20 13:17:38.684 I/libPowerHal( 1238): [setGPUFreq] final min/max = (2, 0)
09-20 13:17:38.684 I/libPowerHal( 1238): iawareperf@1.0-: set gpu opp level: 2
09-20 13:17:38.686 I/libPowerHal( 1238): iawareperf@1.0-: set gpu opp level max: 0
09-20 13:17:38.911 I/libPowerHal( 1238): [perfLockAcq] idx:2 hdl:251689 hint:-1 pid:1221 duration:3000 lock_user:iawareperf@1.0- => ret_hdl:251689
09-20 13:17:38.971 I/libPowerHal( 1238): [perfLockRel] hdl:251689, idx:2
09-20 13:17:38.973 I/libPowerHal( 1238): [perfLockAcq] idx:2 hdl:251690 hint:-1 pid:1221 duration:80 lock_user:iawareperf@1.0- => ret_hdl:251690
09-20 13:17:38.974 I/libPowerHal( 1238): [perfLockAcq] idx:4 hdl:251691 hint:-1 pid:1221 duration:3000 lock_user:iawareperf@1.0- => ret_hdl:251691
09-20 13:17:38.976 I/libPowerHal( 1238): [perfLockAcq] idx:5 hdl:251692 hint:-1 pid:1221 duration:250 lock_user:iawareperf@1.0- => ret_hdl:251692
09-20 13:17:38.976 I/libPowerHal( 1238): [setGPUFreq] iawareperf@1.0- user set gpu freq min:2, max:-1
09-20 13:17:38.976 I/libPowerHal( 1238): iawareperf@1.0-: set gpu opp level max: 0
09-20 13:17:38.979 I/libPowerHal( 1238): [setGPUFreq] Soft min/max = (2, 0); Hard min/max = (2, 0)
09-20 13:17:38.979 I/libPowerHal( 1238): [setGPUFreq] final min/max = (2, 0)
09-20 13:17:38.979 I/libPowerHal( 1238): iawareperf@1.0-: set gpu opp level: 2
09-20 13:17:38.980 I/libPowerHal( 1238): iawareperf@1.0-: set gpu opp level max: 0
09-20 13:17:38.993 I/mtkpower_client( 1317): perf_lock_acq, hdl:0, dur:0, num:2, tid:1317
09-20 13:17:38.995 I/mtkpower_client( 1317): ret_hdl:251693
09-20 13:17:38.995 I/mtkpower_client( 1317): perf_lock_acq, hdl:0, dur:0, num:12, tid:1317
09-20 13:17:38.998 I/libPowerHal( 1238): [perfLockAcq] idx:7 hdl:251693 hint:-1 pid:1317 duration:0 lock_user:fpsgo => ret_hdl:251693
09-20 13:17:38.998 I/libPowerHal( 1238): [PE] fpsgo update cmd:1404500 param:1
09-20 13:17:38.998 I/mtkpower_client( 1317): ret_hdl:251694
09-20 13:17:38.999 I/mtkpower_client( 1317): perf_lock_rel, hdl:251693, tid:1317
09-20 13:17:38.999 I/libPowerHal( 1238): cmdSetting - unknown cmd:1438500, scmd:(null) ,param_1:0
09-20 13:17:38.999 I/libPowerHal( 1238): cmdSetting - unknown cmd:1438800, scmd:(null) ,param_1:0
09-20 13:17:38.999 I/libPowerHal( 1238): [perfLockAcq] idx:8 hdl:251694 hint:-1 pid:1317 duration:0 lock_user:fpsgo => ret_hdl:251694
09-20 13:17:39.005 I/libPowerHal( 1238): [PE] fpsgo update cmd:1438300, param:0
09-20 13:17:39.005 I/libPowerHal( 1238): [PE] fpsgo update cmd:1438400, param:0
09-20 13:17:39.007 I/libPowerHal( 1238): [PE] fpsgo update cmd:1438600, param:0
09-20 13:17:39.007 I/libPowerHal( 1238): [PE] fpsgo update cmd:1438700, param:0
09-20 13:17:39.007 I/mtkpower_client( 1317): perf_lock_rel, hdl:251694, tid:1317
09-20 13:17:39.008 I/libPowerHal( 1238): [perfLockRel] hdl:251693, idx:7
09-20 13:17:39.009 I/libPowerHal( 1238): [PD] fpsgo update cmd:1404500 param:0
09-20 13:17:39.011 I/libPowerHal( 1238): [perfLockRel] hdl:251694, idx:8
09-20 13:17:39.011 I/libPowerHal( 1238): [PD] fpsgo update cmd:1438300, param:1000
09-20 13:17:39.011 I/libPowerHal( 1238): [PD] fpsgo update cmd:1438400, param:1000
09-20 13:17:39.011 I/libPowerHal( 1238): [PD] fpsgo update cmd:1438600 param:1000
09-20 13:17:39.011 I/libPowerHal( 1238): [PD] fpsgo update cmd:1438700 param:1000
09-20 13:17:39.039 I/libPowerHal( 1238): cmdSetting - unknown cmd:1c3c000, scmd:(null) ,param_1:1
09-20 13:17:39.039 I/libPowerHal( 1238): [perfLockAcq] idx:7 hdl:251695 hint:-1 pid:1221 duration:7000 lock_user:iawareperf@1.0- => ret_hdl:251695
09-20 13:17:39.041 I/libPowerHal( 1238): [setGPUFreq] iawareperf@1.0- user set gpu freq min:2, max:-1
09-20 13:17:39.041 I/libPowerHal( 1238): iawareperf@1.0-: set gpu opp level max: 0
09-20 13:17:39.044 I/libPowerHal( 1238): [setGPUFreq] Soft min/max = (2, 0); Hard min/max = (2, 0)
09-20 13:17:39.044 I/libPowerHal( 1238): [setGPUFreq] final min/max = (2, 0)
09-20 13:17:39.044 I/libPowerHal( 1238): iawareperf@1.0-: set gpu opp level: 2
09-20 13:17:39.045 I/libPowerHal( 1238): iawareperf@1.0-: set gpu opp level max: 0
09-20 13:17:39.051 I/mtkpower@impl( 1238): [setMode] type:5, enabled:1
09-20 13:17:39.053 I/mtkpower_client( 1630): [Legacy][PowerHal_Wrap_notifyAppState] com.edudashpro/com.edudashpro.MainActivity pid=3928 state:0
09-20 13:17:39.055 I/mtkpower@impl( 1238): [powerd_req] TIMER_MSG_PERF_LOCK_TIMEOUT hdl:251690
09-20 13:17:39.055 I/libPowerHal( 1238): [perfLockRel] hdl:251690, idx:2
09-20 13:17:39.055 I/libPowerHal( 1238): [perfNotifyAppState] pack:com.edudashpro, act:com.edudashpro.MainActivity, state:0, pid:3928, uid:10458, fps:60
09-20 13:17:39.088 I/mtkpower_client( 1630): [Legacy][PowerHal_Wrap_notifyAppState] com.google.android.gms/com.google.android.gms.autofill.ui.AutofillTransparentActivity pid=32584 state:1
09-20 13:17:39.090 I/libPowerHal( 1238): [perfNotifyAppState] pack:com.google.android.gms, act:com.google.android.gms.autofill.ui.AutofillTransparentActivity, state:1, pid:32584, uid:10036, fps:60
09-20 13:17:39.091 I/libPowerHal( 1238): [perfNotifyAppState] foreground:com.google.android.gms, pid:32584, uid:10036
09-20 13:17:39.093 E/UxUtility( 1238): notifyAppState error = NULL
09-20 13:17:39.094 I/mtkpower@impl( 1238): [notifyAppState] pc:0, com.edudashpro => com.google.android.gms
09-20 13:17:39.098 I/mtkpower_client( 1630): [Legacy][PowerHal_Wrap_notifyAppState] com.edudashpro/com.edudashpro.MainActivity pid=3928 state:0
09-20 13:17:39.098 I/libPowerHal( 1238): [perfNotifyAppState] pack:com.edudashpro, act:com.edudashpro.MainActivity, state:0, pid:3928, uid:10458, fps:60
09-20 13:17:39.127 I/mtkpower_client( 1630): [Legacy][PowerHal_Wrap_notifyAppState] com.google.android.gms/com.google.android.gms.autofill.ui.AutofillTransparentActivity pid=32584 state:0
09-20 13:17:39.133 I/libPowerHal( 1238): [perfNotifyAppState] pack:com.google.android.gms, act:com.google.android.gms.autofill.ui.AutofillTransparentActivity, state:0, pid:32584, uid:10036, fps:60
09-20 13:17:39.160 I/mtkpower_client( 1630): [Legacy][PowerHal_Wrap_notifyAppState] com.edudashpro/com.edudashpro.MainActivity pid=3928 state:1
09-20 13:17:39.161 I/libPowerHal( 1238): cmdSetting - unknown cmd:1c3c000, scmd:(null) ,param_1:1
09-20 13:17:39.161 I/libPowerHal( 1238): [perfLockAcq] idx:2 hdl:251696 hint:-1 pid:1221 duration:400 lock_user:iawareperf@1.0- => ret_hdl:251696
09-20 13:17:39.161 I/libPowerHal( 1238): [setGPUFreq] iawareperf@1.0- user set gpu freq min:2, max:-1
09-20 13:17:39.161 I/libPowerHal( 1238): iawareperf@1.0-: set gpu opp level max: 0
09-20 13:17:39.161 I/libPowerHal( 1238): [setGPUFreq] Soft min/max = (2, 0); Hard min/max = (2, 0)
09-20 13:17:39.161 I/libPowerHal( 1238): [setGPUFreq] final min/max = (2, 0)
09-20 13:17:39.161 I/libPowerHal( 1238): iawareperf@1.0-: set gpu opp level: 2
09-20 13:17:39.162 I/libPowerHal( 1238): iawareperf@1.0-: set gpu opp level max: 0
09-20 13:17:39.175 I/mtkpower_client( 1630): [Legacy][PowerHal_Wrap_notifyAppState] com.google.android.gms/com.google.android.gms.autofill.ui.AutofillTransparentActivity pid=32584 state:0
09-20 13:17:39.178 I/libPowerHal( 1238): cmdSetting - unknown cmd:1c3c000, scmd:(null) ,param_1:1
09-20 13:17:39.178 I/libPowerHal( 1238): [perfLockAcq] idx:8 hdl:251697 hint:-1 pid:1221 duration:400 lock_user:iawareperf@1.0- => ret_hdl:251697
09-20 13:17:39.178 I/libPowerHal( 1238): [setGPUFreq] iawareperf@1.0- user set gpu freq min:2, max:-1
09-20 13:17:39.178 I/libPowerHal( 1238): iawareperf@1.0-: set gpu opp level max: 0
09-20 13:17:39.179 I/libPowerHal( 1238): [setGPUFreq] Soft min/max = (2, 0); Hard min/max = (2, 0)
09-20 13:17:39.179 I/libPowerHal( 1238): [setGPUFreq] final min/max = (2, 0)
09-20 13:17:39.179 I/libPowerHal( 1238): iawareperf@1.0-: set gpu opp level: 2
09-20 13:17:39.180 I/libPowerHal( 1238): iawareperf@1.0-: set gpu opp level max: 0
09-20 13:17:39.181 I/libPowerHal( 1238): [perfNotifyAppState] pack:com.edudashpro, act:com.edudashpro.MainActivity, state:1, pid:3928, uid:10458, fps:60
09-20 13:17:39.181 I/libPowerHal( 1238): [perfNotifyAppState] foreground:com.edudashpro, pid:3928, uid:10458
09-20 13:17:39.186 E/UxUtility( 1238): notifyAppState error = NULL
09-20 13:17:39.187 I/mtkpower@impl( 1238): [notifyAppState] pc:0, com.google.android.gms => com.edudashpro
09-20 13:17:39.187 I/libPowerHal( 1238): [perfNotifyAppState] pack:com.google.android.gms, act:com.google.android.gms.autofill.ui.AutofillTransparentActivity, state:0, pid:32584, uid:10036, fps:60
09-20 13:17:39.196 I/libPowerHal( 1238): cmdSetting - unknown cmd:1c3c000, scmd:(null) ,param_1:1
09-20 13:17:39.196 I/libPowerHal( 1238): [perfLockAcq] idx:10 hdl:251698 hint:-1 pid:1221 duration:400 lock_user:iawareperf@1.0- => ret_hdl:251698
09-20 13:17:39.196 I/libPowerHal( 1238): [setGPUFreq] iawareperf@1.0- user set gpu freq min:2, max:-1
09-20 13:17:39.196 I/libPowerHal( 1238): iawareperf@1.0-: set gpu opp level max: 0
09-20 13:17:39.196 I/libPowerHal( 1238): [setGPUFreq] Soft min/max = (2, 0); Hard min/max = (2, 0)
09-20 13:17:39.196 I/libPowerHal( 1238): [setGPUFreq] final min/max = (2, 0)
09-20 13:17:39.196 I/libPowerHal( 1238): iawareperf@1.0-: set gpu opp level: 2
09-20 13:17:39.196 I/libPowerHal( 1238): iawareperf@1.0-: set gpu opp level max: 0
09-20 13:17:39.231 I/mtkpower@impl( 1238): [powerd_req] TIMER_MSG_PERF_LOCK_TIMEOUT hdl:251692
09-20 13:17:39.231 I/libPowerHal( 1238): [perfLockRel] hdl:251692, idx:5
09-20 13:17:39.231 I/libPowerHal( 1238): [unsetGPUFreq] current min:2, max:0; scn_gpu_min:2, scn_gpu_max:-1; scn_gpu_min(HL):-1, scn_gpu_max(HL):-1
09-20 13:17:39.231 I/libPowerHal( 1238): [setGPUFreq] Soft min/max = (2, 0); Hard min/max = (2, 0)
09-20 13:17:39.231 I/libPowerHal( 1238): [setGPUFreq] final min/max = (2, 0)
09-20 13:17:39.231 I/libPowerHal( 1238): iawareperf@1.0-: set gpu opp level: 2
09-20 13:17:39.231 I/libPowerHal( 1238): iawareperf@1.0-: set gpu opp level max: 0
09-20 13:17:39.239 I/libPowerHal( 1238): cmdSetting - unknown cmd:1c3c000, scmd:(null) ,param_1:1
09-20 13:17:39.240 I/libPowerHal( 1238): [perfLockAcq] idx:5 hdl:251699 hint:-1 pid:1221 duration:400 lock_user:iawareperf@1.0- => ret_hdl:251699
09-20 13:17:39.240 I/libPowerHal( 1238): [setGPUFreq] iawareperf@1.0- user set gpu freq min:2, max:-1
09-20 13:17:39.240 I/libPowerHal( 1238): iawareperf@1.0-: set gpu opp level max: 0
09-20 13:17:39.240 I/libPowerHal( 1238): [setGPUFreq] Soft min/max = (2, 0); Hard min/max = (2, 0)
09-20 13:17:39.240 I/libPowerHal( 1238): [setGPUFreq] final min/max = (2, 0)
09-20 13:17:39.240 I/libPowerHal( 1238): iawareperf@1.0-: set gpu opp level: 2
09-20 13:17:39.240 I/libPowerHal( 1238): iawareperf@1.0-: set gpu opp level max: 0
09-20 13:17:39.283 I/mtkpower@impl( 1238): [setMode] type:5, enabled:0
09-20 13:17:39.563 I/mtkpower@impl( 1238): [powerd_req] TIMER_MSG_PERF_LOCK_TIMEOUT hdl:251696
09-20 13:17:39.563 I/libPowerHal( 1238): [perfLockRel] hdl:251696, idx:2
09-20 13:17:39.563 I/libPowerHal( 1238): [unsetGPUFreq] current min:2, max:0; scn_gpu_min:2, scn_gpu_max:-1; scn_gpu_min(HL):-1, scn_gpu_max(HL):-1
09-20 13:17:39.563 I/libPowerHal( 1238): [setGPUFreq] Soft min/max = (2, 0); Hard min/max = (2, 0)
09-20 13:17:39.563 I/libPowerHal( 1238): [setGPUFreq] final min/max = (2, 0)
09-20 13:17:39.563 I/libPowerHal( 1238): iawareperf@1.0-: set gpu opp level: 2
09-20 13:17:39.565 I/libPowerHal( 1238): iawareperf@1.0-: set gpu opp level max: 0
09-20 13:17:39.581 I/mtkpower@impl( 1238): [powerd_req] TIMER_MSG_PERF_LOCK_TIMEOUT hdl:251697
09-20 13:17:39.581 I/libPowerHal( 1238): [perfLockRel] hdl:251697, idx:8
09-20 13:17:39.581 I/libPowerHal( 1238): [unsetGPUFreq] current min:2, max:0; scn_gpu_min:2, scn_gpu_max:-1; scn_gpu_min(HL):-1, scn_gpu_max(HL):-1
09-20 13:17:39.581 I/libPowerHal( 1238): [setGPUFreq] Soft min/max = (2, 0); Hard min/max = (2, 0)
09-20 13:17:39.581 I/libPowerHal( 1238): [setGPUFreq] final min/max = (2, 0)
09-20 13:17:39.581 I/libPowerHal( 1238): iawareperf@1.0-: set gpu opp level: 2
09-20 13:17:39.581 I/libPowerHal( 1238): iawareperf@1.0-: set gpu opp level max: 0
09-20 13:17:39.597 I/mtkpower@impl( 1238): [powerd_req] TIMER_MSG_PERF_LOCK_TIMEOUT hdl:251698
09-20 13:17:39.597 I/libPowerHal( 1238): [perfLockRel] hdl:251698, idx:10
09-20 13:17:39.597 I/libPowerHal( 1238): [unsetGPUFreq] current min:2, max:0; scn_gpu_min:2, scn_gpu_max:-1; scn_gpu_min(HL):-1, scn_gpu_max(HL):-1
09-20 13:17:39.597 I/libPowerHal( 1238): [setGPUFreq] Soft min/max = (2, 0); Hard min/max = (2, 0)
09-20 13:17:39.597 I/libPowerHal( 1238): [setGPUFreq] final min/max = (2, 0)
09-20 13:17:39.597 I/libPowerHal( 1238): iawareperf@1.0-: set gpu opp level: 2
09-20 13:17:39.597 I/libPowerHal( 1238): iawareperf@1.0-: set gpu opp level max: 0
09-20 13:17:39.609 I/mtkpower@impl( 1238): [powerd_req] TIMER_MSG_PERF_LOCK_TIMEOUT hdl:251663
09-20 13:17:39.609 I/libPowerHal( 1238): [perfLockRel] hdl:251663, idx:9
09-20 13:17:39.609 I/libPowerHal( 1238): [unsetGPUFreq] current min:2, max:0; scn_gpu_min:2, scn_gpu_max:-1; scn_gpu_min(HL):-1, scn_gpu_max(HL):-1
09-20 13:17:39.609 I/libPowerHal( 1238): [setGPUFreq] Soft min/max = (2, 0); Hard min/max = (2, 0)
09-20 13:17:39.609 I/libPowerHal( 1238): [setGPUFreq] final min/max = (2, 0)
09-20 13:17:39.609 I/libPowerHal( 1238): iawareperf@1.0-: set gpu opp level: 2
09-20 13:17:39.609 I/libPowerHal( 1238): iawareperf@1.0-: set gpu opp level max: 0
09-20 13:17:39.610 I/libPowerHal( 1238): [unset_task_affinity] index:0 0x0, scn:0xb400007892016160
09-20 13:17:39.610 E/libPowerHal( 1238): [unset_task_affinity] stat PATH_CURR_SCENE fail
09-20 13:17:39.610 I/libPowerHal( 1238): [PD] iawareperf@1.0- update ONESHOT cmd:10002000 param:0
09-20 13:17:39.641 I/mtkpower@impl( 1238): [powerd_req] TIMER_MSG_PERF_LOCK_TIMEOUT hdl:251699
09-20 13:17:39.641 I/libPowerHal( 1238): [perfLockRel] hdl:251699, idx:5
09-20 13:17:39.641 I/libPowerHal( 1238): [unsetGPUFreq] current min:2, max:0; scn_gpu_min:2, scn_gpu_max:-1; scn_gpu_min(HL):-1, scn_gpu_max(HL):-1
09-20 13:17:39.641 I/libPowerHal( 1238): [setGPUFreq] Soft min/max = (2, 0); Hard min/max = (2, 0)
09-20 13:17:39.641 I/libPowerHal( 1238): [setGPUFreq] final min/max = (2, 0)
09-20 13:17:39.641 I/libPowerHal( 1238): iawareperf@1.0-: set gpu opp level: 2
09-20 13:17:39.641 I/libPowerHal( 1238): iawareperf@1.0-: set gpu opp level max: 0
09-20 13:17:39.752 I/libPowerHal( 1238): [updateFPS] pid(3928) : 60 => -1
09-20 13:17:39.753 I/libPowerHal( 1238): [perfNotifyAppState] pack:com.edudashpro, act:com.edudashpro.MainActivity, state:5, pid:3928, uid:10458, fps:-1
09-20 13:17:39.755 E/UxUtility( 1238): notifyAppState error = NULL
09-20 13:17:39.897 I/libPowerHal( 1238): [perfLockAcq] idx:2 hdl:251700 hint:-1 pid:1221 duration:3000 lock_user:iawareperf@1.0- => ret_hdl:251700
09-20 13:17:39.960 I/libPowerHal( 1238): [perfLockRel] hdl:251700, idx:2
09-20 13:17:39.961 I/libPowerHal( 1238): [perfLockAcq] idx:5 hdl:251701 hint:-1 pid:1221 duration:80 lock_user:iawareperf@1.0- => ret_hdl:251701
09-20 13:17:39.963 I/libPowerHal( 1238): [perfLockAcq] idx:2 hdl:251702 hint:-1 pid:1221 duration:3000 lock_user:iawareperf@1.0- => ret_hdl:251702
09-20 13:17:40.002 I/libPowerHal( 1238): [perfLockAcq] idx:8 hdl:251703 hint:-1 pid:1221 duration:250 lock_user:iawareperf@1.0- => ret_hdl:251703
09-20 13:17:40.002 I/libPowerHal( 1238): [setGPUFreq] iawareperf@1.0- user set gpu freq min:2, max:-1
09-20 13:17:40.002 I/libPowerHal( 1238): iawareperf@1.0-: set gpu opp level max: 0
09-20 13:17:40.004 I/libPowerHal( 1238): [setGPUFreq] Soft min/max = (2, 0); Hard min/max = (2, 0)
09-20 13:17:40.005 I/libPowerHal( 1238): [setGPUFreq] final min/max = (2, 0)
09-20 13:17:40.005 I/libPowerHal( 1238): iawareperf@1.0-: set gpu opp level: 2
09-20 13:17:40.006 I/libPowerHal( 1238): iawareperf@1.0-: set gpu opp level max: 0
09-20 13:17:40.010 I/mtkpower_client( 1317): perf_lock_acq, hdl:0, dur:0, num:2, tid:1317
09-20 13:17:40.012 I/mtkpower_client( 1317): ret_hdl:251704
09-20 13:17:40.012 I/mtkpower_client( 1317): perf_lock_acq, hdl:0, dur:0, num:12, tid:1317
09-20 13:17:40.013 I/libPowerHal( 1238): [perfLockAcq] idx:9 hdl:251704 hint:-1 pid:1317 duration:0 lock_user:fpsgo => ret_hdl:251704
09-20 13:17:40.014 I/libPowerHal( 1238): [PE] fpsgo update cmd:1404500 param:1
09-20 13:17:40.014 I/mtkpower_client( 1317): ret_hdl:251705
09-20 13:17:40.015 I/libPowerHal( 1238): cmdSetting - unknown cmd:1438500, scmd:(null) ,param_1:0
09-20 13:17:40.015 I/libPowerHal( 1238): cmdSetting - unknown cmd:1438800, scmd:(null) ,param_1:0
09-20 13:17:40.015 I/libPowerHal( 1238): [perfLockAcq] idx:10 hdl:251705 hint:-1 pid:1317 duration:0 lock_user:fpsgo => ret_hdl:251705
09-20 13:17:40.018 I/libPowerHal( 1238): [PE] fpsgo update cmd:1438300, param:0
09-20 13:17:40.020 I/libPowerHal( 1238): [PE] fpsgo update cmd:1438400, param:0
09-20 13:17:40.021 I/libPowerHal( 1238): [PE] fpsgo update cmd:1438600, param:0
09-20 13:17:40.021 I/libPowerHal( 1238): [PE] fpsgo update cmd:1438700, param:0
09-20 13:17:40.038 I/mtkpower_client( 1317): perf_lock_rel, hdl:251704, tid:1317
09-20 13:17:40.039 I/mtkpower_client( 1317): perf_lock_rel, hdl:251705, tid:1317
09-20 13:17:40.039 I/libPowerHal( 1238): [perfLockRel] hdl:251704, idx:9
09-20 13:17:40.040 I/libPowerHal( 1238): [PD] fpsgo update cmd:1404500 param:0
09-20 13:17:40.040 I/mtkpower@impl( 1238): [powerd_req] TIMER_MSG_PERF_LOCK_TIMEOUT hdl:251701
09-20 13:17:40.041 I/libPowerHal( 1238): [perfLockRel] hdl:251701, idx:5
09-20 13:17:40.041 I/libPowerHal( 1238): [perfLockRel] hdl:251705, idx:10
09-20 13:17:40.042 I/libPowerHal( 1238): [PD] fpsgo update cmd:1438300, param:1000
09-20 13:17:40.042 I/libPowerHal( 1238): [PD] fpsgo update cmd:1438400, param:1000
09-20 13:17:40.042 I/libPowerHal( 1238): [PD] fpsgo update cmd:1438600 param:1000
09-20 13:17:40.042 I/libPowerHal( 1238): [PD] fpsgo update cmd:1438700 param:1000
09-20 13:17:40.256 I/mtkpower@impl( 1238): [powerd_req] TIMER_MSG_PERF_LOCK_TIMEOUT hdl:251703
09-20 13:17:40.256 I/libPowerHal( 1238): [perfLockRel] hdl:251703, idx:8
09-20 13:17:40.257 I/libPowerHal( 1238): [unsetGPUFreq] current min:2, max:0; scn_gpu_min:2, scn_gpu_max:-1; scn_gpu_min(HL):-1, scn_gpu_max(HL):-1
09-20 13:17:40.257 I/libPowerHal( 1238): [setGPUFreq] Soft min/max = (2, 0); Hard min/max = (2, 0)
09-20 13:17:40.257 I/libPowerHal( 1238): [setGPUFreq] final min/max = (2, 0)
09-20 13:17:40.257 I/libPowerHal( 1238): iawareperf@1.0-: set gpu opp level: 2
09-20 13:17:40.260 I/libPowerHal( 1238): iawareperf@1.0-: set gpu opp level max: 0
09-20 13:17:40.712 I/mtkpower@impl( 1238): [powerd_req] TIMER_MSG_PERF_LOCK_TIMEOUT hdl:251678
09-20 13:17:40.712 I/libPowerHal( 1238): [perfLockRel] hdl:251678, idx:1
09-20 13:17:40.752 I/libPowerHal( 1238): [updateFPS] pid(3928) : -1 => 90
09-20 13:17:40.753 I/libPowerHal( 1238): [perfNotifyAppState] pack:com.edudashpro, act:com.edudashpro.MainActivity, state:5, pid:3928, uid:10458, fps:90
09-20 13:17:40.755 E/UxUtility( 1238): notifyAppState error = NULL
09-20 13:17:40.776 I/libPowerHal( 1238): [perfLockAcq] idx:1 hdl:251706 hint:-1 pid:1221 duration:250 lock_user:iawareperf@1.0- => ret_hdl:251706
09-20 13:17:40.776 I/libPowerHal( 1238): [setGPUFreq] iawareperf@1.0- user set gpu freq min:2, max:-1
09-20 13:17:40.777 I/libPowerHal( 1238): iawareperf@1.0-: set gpu opp level max: 0
09-20 13:17:40.779 I/libPowerHal( 1238): [setGPUFreq] Soft min/max = (2, 0); Hard min/max = (2, 0)
09-20 13:17:40.779 I/libPowerHal( 1238): [setGPUFreq] final min/max = (2, 0)
09-20 13:17:40.779 I/libPowerHal( 1238): iawareperf@1.0-: set gpu opp level: 2
09-20 13:17:40.780 I/libPowerHal( 1238): iawareperf@1.0-: set gpu opp level max: 0
09-20 13:17:41.031 I/mtkpower@impl( 1238): [powerd_req] TIMER_MSG_PERF_LOCK_TIMEOUT hdl:251706
09-20 13:17:41.031 I/libPowerHal( 1238): [perfLockRel] hdl:251706, idx:1
09-20 13:17:41.031 I/libPowerHal( 1238): [unsetGPUFreq] current min:2, max:0; scn_gpu_min:2, scn_gpu_max:-1; scn_gpu_min(HL):-1, scn_gpu_max(HL):-1
09-20 13:17:41.032 I/libPowerHal( 1238): [setGPUFreq] Soft min/max = (2, 0); Hard min/max = (2, 0)
09-20 13:17:41.032 I/libPowerHal( 1238): [setGPUFreq] final min/max = (2, 0)
09-20 13:17:41.032 I/libPowerHal( 1238): iawareperf@1.0-: set gpu opp level: 2
09-20 13:17:41.032 I/libPowerHal( 1238): iawareperf@1.0-: set gpu opp level max: 0
09-20 13:17:41.976 I/mtkpower@impl( 1238): [powerd_req] TIMER_MSG_PERF_LOCK_TIMEOUT hdl:251691
09-20 13:17:41.976 I/libPowerHal( 1238): [perfLockRel] hdl:251691, idx:4
09-20 13:17:42.964 I/mtkpower@impl( 1238): [powerd_req] TIMER_MSG_PERF_LOCK_TIMEOUT hdl:251702
09-20 13:17:42.964 I/libPowerHal( 1238): [perfLockRel] hdl:251702, idx:2
09-20 13:17:44.753 I/libPowerHal( 1238): [updateFPS] pid(3928) : 90 => -1
09-20 13:17:44.754 I/libPowerHal( 1238): [perfNotifyAppState] pack:com.edudashpro, act:com.edudashpro.MainActivity, state:5, pid:3928, uid:10458, fps:-1
09-20 13:17:44.757 E/UxUtility( 1238): notifyAppState error = NULL
09-20 13:17:45.940 I/mtkpower_client( 1317): perf_lock_acq, hdl:0, dur:0, num:2, tid:1317
09-20 13:17:45.942 I/mtkpower_client( 1317): ret_hdl:251707
09-20 13:17:45.942 I/mtkpower_client( 1317): perf_lock_acq, hdl:0, dur:0, num:12, tid:1317
09-20 13:17:45.942 I/libPowerHal( 1238): [perfLockAcq] idx:1 hdl:251707 hint:-1 pid:1317 duration:0 lock_user:fpsgo => ret_hdl:251707
09-20 13:17:45.943 I/libPowerHal( 1238): [PE] fpsgo update cmd:1404500 param:1
09-20 13:17:45.943 I/mtkpower_client( 1317): ret_hdl:251708
09-20 13:17:45.943 I/libPowerHal( 1238): cmdSetting - unknown cmd:1438500, scmd:(null) ,param_1:0
09-20 13:17:45.944 I/libPowerHal( 1238): cmdSetting - unknown cmd:1438800, scmd:(null) ,param_1:0
09-20 13:17:45.944 I/libPowerHal( 1238): [perfLockAcq] idx:2 hdl:251708 hint:-1 pid:1317 duration:0 lock_user:fpsgo => ret_hdl:251708
09-20 13:17:45.948 I/libPowerHal( 1238): [PE] fpsgo update cmd:1438300, param:0
09-20 13:17:45.949 I/libPowerHal( 1238): [PE] fpsgo update cmd:1438400, param:0
09-20 13:17:45.950 I/libPowerHal( 1238): [PE] fpsgo update cmd:1438600, param:0
09-20 13:17:45.950 I/libPowerHal( 1238): [PE] fpsgo update cmd:1438700, param:0
09-20 13:17:45.984 I/mtkpower_client( 1317): perf_lock_rel, hdl:251707, tid:1317
09-20 13:17:45.985 I/mtkpower_client( 1317): perf_lock_rel, hdl:251708, tid:1317
09-20 13:17:45.986 I/libPowerHal( 1238): [perfLockRel] hdl:251707, idx:1
09-20 13:17:45.987 I/libPowerHal( 1238): [PD] fpsgo update cmd:1404500 param:0
09-20 13:17:45.988 I/libPowerHal( 1238): [perfLockRel] hdl:251708, idx:2
09-20 13:17:45.989 I/libPowerHal( 1238): [PD] fpsgo update cmd:1438300, param:1000
09-20 13:17:45.993 I/libPowerHal( 1238): [PD] fpsgo update cmd:1438400, param:1000
09-20 13:17:45.994 I/libPowerHal( 1238): [PD] fpsgo update cmd:1438600 param:1000
09-20 13:17:45.995 I/libPowerHal( 1238): [PD] fpsgo update cmd:1438700 param:1000
09-20 13:17:46.045 I/mtkpower@impl( 1238): [powerd_req] TIMER_MSG_PERF_LOCK_TIMEOUT hdl:251695
09-20 13:17:46.045 I/libPowerHal( 1238): [perfLockRel] hdl:251695, idx:7
09-20 13:17:46.054 I/libPowerHal( 1238): [setClusterFreq] iawareperf@1.0-: sysfs_freq set cpu freq: -1 2015000 -1 -1
09-20 13:17:46.055 I/libPowerHal( 1238): [unsetGPUFreq] current min:2, max:0; scn_gpu_min:2, scn_gpu_max:-1; scn_gpu_min(HL):-1, scn_gpu_max(HL):-1
09-20 13:17:46.055 I/libPowerHal( 1238): [setGPUFreq] Soft min/max = (2, 0); Hard min/max = (2, 0)
09-20 13:17:46.055 I/libPowerHal( 1238): [setGPUFreq] final min/max = (2, 0)
09-20 13:17:46.055 I/libPowerHal( 1238): iawareperf@1.0-: set gpu opp level: 2
09-20 13:17:46.058 I/libPowerHal( 1238): iawareperf@1.0-: set gpu opp level max: 0
09-20 13:17:46.060 I/libPowerHal( 1238): [PD] iawareperf@1.0- update cmd:1408300 param:0
09-20 13:17:46.069 I/libPowerHal( 1238): [PD] iawareperf@1.0- update cmd:1000000 param:-1
09-20 13:17:46.196 I/mtkpower_client( 1317): perf_lock_acq, hdl:0, dur:0, num:2, tid:1317
09-20 13:17:46.197 I/mtkpower_client( 1317): ret_hdl:251709
09-20 13:17:46.197 I/mtkpower_client( 1317): perf_lock_acq, hdl:0, dur:0, num:12, tid:1317
09-20 13:17:46.197 I/libPowerHal( 1238): [perfLockAcq] idx:1 hdl:251709 hint:-1 pid:1317 duration:0 lock_user:fpsgo => ret_hdl:251709
09-20 13:17:46.198 I/libPowerHal( 1238): [PE] fpsgo update cmd:1404500 param:1
09-20 13:17:46.198 I/mtkpower_client( 1317): ret_hdl:251710
09-20 13:17:46.199 I/libPowerHal( 1238): cmdSetting - unknown cmd:1438500, scmd:(null) ,param_1:0
09-20 13:17:46.199 I/libPowerHal( 1238): cmdSetting - unknown cmd:1438800, scmd:(null) ,param_1:0
09-20 13:17:46.199 I/libPowerHal( 1238): [perfLockAcq] idx:2 hdl:251710 hint:-1 pid:1317 duration:0 lock_user:fpsgo => ret_hdl:251710
09-20 13:17:46.203 I/libPowerHal( 1238): [PE] fpsgo update cmd:1438300, param:0
09-20 13:17:46.203 I/libPowerHal( 1238): [PE] fpsgo update cmd:1438400, param:0
09-20 13:17:46.204 I/libPowerHal( 1238): [PE] fpsgo update cmd:1438600, param:0
09-20 13:17:46.205 I/libPowerHal( 1238): [PE] fpsgo update cmd:1438700, param:0
09-20 13:17:46.299 I/mtkpower_client( 1317): perf_lock_rel, hdl:251709, tid:1317
09-20 13:17:46.300 I/mtkpower_client( 1317): perf_lock_rel, hdl:251710, tid:1317
09-20 13:17:46.300 I/libPowerHal( 1238): [perfLockRel] hdl:251709, idx:1
09-20 13:17:46.302 I/libPowerHal( 1238): [PD] fpsgo update cmd:1404500 param:0
09-20 13:17:46.303 I/libPowerHal( 1238): [perfLockRel] hdl:251710, idx:2
09-20 13:17:46.303 I/libPowerHal( 1238): [PD] fpsgo update cmd:1438300, param:1000
09-20 13:17:46.308 I/libPowerHal( 1238): [PD] fpsgo update cmd:1438400, param:1000
09-20 13:17:46.309 I/libPowerHal( 1238): [PD] fpsgo update cmd:1438600 param:1000
09-20 13:17:46.310 I/libPowerHal( 1238): [PD] fpsgo update cmd:1438700 param:1000
09-20 13:17:46.754 I/libPowerHal( 1238): [updateFPS] pid(3928) : -1 => 60
09-20 13:17:46.755 I/libPowerHal( 1238): [perfNotifyAppState] pack:com.edudashpro, act:com.edudashpro.MainActivity, state:5, pid:3928, uid:10458, fps:60
09-20 13:17:46.759 E/UxUtility( 1238): notifyAppState error = NULL
09-20 13:17:47.755 I/libPowerHal( 1238): [updateFPS] pid(3928) : 60 => -1
09-20 13:17:47.756 I/libPowerHal( 1238): [perfNotifyAppState] pack:com.edudashpro, act:com.edudashpro.MainActivity, state:5, pid:3928, uid:10458, fps:-1
09-20 13:17:47.759 E/UxUtility( 1238): notifyAppState error = NULL
09-20 13:17:51.589 I/libPowerHal( 1238): [perfLockAcq] idx:1 hdl:251711 hint:-1 pid:1221 duration:3000 lock_user:iawareperf@1.0- => ret_hdl:251711
09-20 13:17:51.595 I/libPowerHal( 1238): [setClusterFreq] iawareperf@1.0-: sysfs_freq set cpu freq: 1617000 -1 1600000 -1
09-20 13:17:51.596 I/libPowerHal( 1238): [PE] iawareperf@1.0- update cmd:1408300, param:30
09-20 13:17:51.599 I/mtkpower_client( 1317): perf_lock_acq, hdl:0, dur:0, num:2, tid:1317
09-20 13:17:51.601 I/mtkpower_client( 1317): ret_hdl:251712
09-20 13:17:51.601 I/mtkpower_client( 1317): perf_lock_acq, hdl:0, dur:0, num:12, tid:1317
09-20 13:17:51.602 I/libPowerHal( 1238): [perfLockAcq] idx:2 hdl:251712 hint:-1 pid:1317 duration:0 lock_user:fpsgo => ret_hdl:251712
09-20 13:17:51.603 I/libPowerHal( 1238): [PE] fpsgo update cmd:1404500 param:1
09-20 13:17:51.604 I/mtkpower_client( 1317): ret_hdl:251713
09-20 13:17:51.606 I/libPowerHal( 1238): cmdSetting - unknown cmd:1438500, scmd:(null) ,param_1:0
09-20 13:17:51.607 I/libPowerHal( 1238): cmdSetting - unknown cmd:1438800, scmd:(null) ,param_1:0
09-20 13:17:51.607 I/libPowerHal( 1238): [perfLockAcq] idx:4 hdl:251713 hint:-1 pid:1317 duration:0 lock_user:fpsgo => ret_hdl:251713
09-20 13:17:51.609 I/libPowerHal( 1238): [PE] fpsgo update cmd:1438300, param:0
09-20 13:17:51.609 I/libPowerHal( 1238): [PE] fpsgo update cmd:1438400, param:0
09-20 13:17:51.610 I/libPowerHal( 1238): [PE] fpsgo update cmd:1438600, param:0
09-20 13:17:51.610 I/libPowerHal( 1238): [PE] fpsgo update cmd:1438700, param:0
09-20 13:17:51.621 I/mtkpower_client( 1317): perf_lock_rel, hdl:251712, tid:1317
09-20 13:17:51.623 I/mtkpower_client( 1317): perf_lock_rel, hdl:251713, tid:1317
09-20 13:17:51.628 I/libPowerHal( 1238): [perfLockRel] hdl:251712, idx:2
09-20 13:17:51.629 I/libPowerHal( 1238): [PD] fpsgo update cmd:1404500 param:0
09-20 13:17:51.632 I/libPowerHal( 1238): [perfLockRel] hdl:251713, idx:4
09-20 13:17:51.634 I/libPowerHal( 1238): [PD] fpsgo update cmd:1438300, param:1000
09-20 13:17:51.637 I/libPowerHal( 1238): [PD] fpsgo update cmd:1438400, param:1000
09-20 13:17:51.638 I/libPowerHal( 1238): [PD] fpsgo update cmd:1438600 param:1000
09-20 13:17:51.640 I/libPowerHal( 1238): [PD] fpsgo update cmd:1438700 param:1000
09-20 13:17:51.650 I/libPowerHal( 1238): [perfLockRel] hdl:251711, idx:1
09-20 13:17:51.659 I/libPowerHal( 1238): [setClusterFreq] iawareperf@1.0-: sysfs_freq set cpu freq: -1 2015000 -1 -1
09-20 13:17:51.659 I/libPowerHal( 1238): [PD] iawareperf@1.0- update cmd:1408300 param:0
09-20 13:17:51.663 I/libPowerHal( 1238): [perfLockAcq] idx:1 hdl:251714 hint:-1 pid:1221 duration:80 lock_user:iawareperf@1.0- => ret_hdl:251714
09-20 13:17:51.664 I/libPowerHal( 1238): [setClusterFreq] iawareperf@1.0-: sysfs_freq set cpu freq: 1617000 -1 1491000 -1
09-20 13:17:51.665 I/libPowerHal( 1238): [PE] iawareperf@1.0- update cmd:1408300, param:30
09-20 13:17:51.667 I/libPowerHal( 1238): [perfLockAcq] idx:2 hdl:251715 hint:-1 pid:1221 duration:3000 lock_user:iawareperf@1.0- => ret_hdl:251715
09-20 13:17:51.667 I/libPowerHal( 1238): [setClusterFreq] iawareperf@1.0-: sysfs_freq set cpu freq: 1617000 -1 1491000 -1
09-20 13:17:51.681 I/libPowerHal( 1238): [perfLockAcq] idx:4 hdl:251716 hint:-1 pid:1221 duration:250 lock_user:iawareperf@1.0- => ret_hdl:251716
09-20 13:17:51.681 I/libPowerHal( 1238): [setGPUFreq] iawareperf@1.0- user set gpu freq min:2, max:-1
09-20 13:17:51.681 I/libPowerHal( 1238): iawareperf@1.0-: set gpu opp level max: 0
09-20 13:17:51.684 I/libPowerHal( 1238): [setGPUFreq] Soft min/max = (2, 0); Hard min/max = (2, 0)
09-20 13:17:51.684 I/libPowerHal( 1238): [setGPUFreq] final min/max = (2, 0)
09-20 13:17:51.684 I/libPowerHal( 1238): iawareperf@1.0-: set gpu opp level: 2
09-20 13:17:51.685 I/libPowerHal( 1238): iawareperf@1.0-: set gpu opp level max: 0
09-20 13:17:51.690 I/libPowerHal( 1238): [setClusterFreq] iawareperf@1.0-: sysfs_freq set cpu freq: 1617000 -1 1600000 -1
09-20 13:17:51.690 I/libPowerHal( 1238): [PE] iawareperf@1.0- update cmd:1000000 param:4
09-20 13:17:51.745 I/mtkpower@impl( 1238): [powerd_req] TIMER_MSG_PERF_LOCK_TIMEOUT hdl:251714
09-20 13:17:51.746 I/libPowerHal( 1238): [perfLockRel] hdl:251714, idx:1
09-20 13:17:51.757 I/libPowerHal( 1238): [updateFPS] pid(3928) : -1 => 60
09-20 13:17:51.757 I/libPowerHal( 1238): [perfNotifyAppState] pack:com.edudashpro, act:com.edudashpro.MainActivity, state:5, pid:3928, uid:10458, fps:60
09-20 13:17:51.759 E/UxUtility( 1238): notifyAppState error = NULL
09-20 13:17:51.940 I/mtkpower@impl( 1238): [powerd_req] TIMER_MSG_PERF_LOCK_TIMEOUT hdl:251716
09-20 13:17:51.941 I/libPowerHal( 1238): [perfLockRel] hdl:251716, idx:4
09-20 13:17:51.948 I/libPowerHal( 1238): [setClusterFreq] iawareperf@1.0-: sysfs_freq set cpu freq: -1 -1 -1 -1
09-20 13:17:51.948 I/libPowerHal( 1238): [unsetGPUFreq] current min:2, max:0; scn_gpu_min:2, scn_gpu_max:-1; scn_gpu_min(HL):-1, scn_gpu_max(HL):-1
09-20 13:17:51.948 I/libPowerHal( 1238): [setGPUFreq] Soft min/max = (2, 0); Hard min/max = (2, 0)
09-20 13:17:51.949 I/libPowerHal( 1238): [setGPUFreq] final min/max = (2, 0)
09-20 13:17:51.949 I/libPowerHal( 1238): iawareperf@1.0-: set gpu opp level: 2
09-20 13:17:51.951 I/libPowerHal( 1238): iawareperf@1.0-: set gpu opp level max: 0
09-20 13:17:51.952 I/libPowerHal( 1238): [PD] iawareperf@1.0- update cmd:1408300 param:0
09-20 13:17:51.957 I/libPowerHal( 1238): [PD] iawareperf@1.0- update cmd:1000000 param:-1
09-20 13:17:52.191 I/libPowerHal( 1238): [perfLockAcq] idx:1 hdl:251717 hint:-1 pid:1221 duration:250 lock_user:iawareperf@1.0- => ret_hdl:251717
09-20 13:17:52.191 I/libPowerHal( 1238): [setGPUFreq] iawareperf@1.0- user set gpu freq min:2, max:-1
09-20 13:17:52.191 I/libPowerHal( 1238): iawareperf@1.0-: set gpu opp level max: 0
09-20 13:17:52.194 I/libPowerHal( 1238): [setGPUFreq] Soft min/max = (2, 0); Hard min/max = (2, 0)
09-20 13:17:52.194 I/libPowerHal( 1238): [setGPUFreq] final min/max = (2, 0)
09-20 13:17:52.194 I/libPowerHal( 1238): iawareperf@1.0-: set gpu opp level: 2
09-20 13:17:52.195 I/libPowerHal( 1238): iawareperf@1.0-: set gpu opp level max: 0
09-20 13:17:52.205 I/libPowerHal( 1238): [setClusterFreq] iawareperf@1.0-: sysfs_freq set cpu freq: 1814000 -1 1600000 -1
09-20 13:17:52.206 I/libPowerHal( 1238): [PE] iawareperf@1.0- update cmd:1408300, param:30
09-20 13:17:52.210 I/libPowerHal( 1238): [PE] iawareperf@1.0- update cmd:1000000 param:2
09-20 13:17:52.212 I/libPowerHal( 1238): [perfLockAcq] idx:4 hdl:251718 hint:-1 pid:1221 duration:250 lock_user:iawareperf@1.0- => ret_hdl:251718
09-20 13:17:52.212 I/libPowerHal( 1238): [setGPUFreq] iawareperf@1.0- user set gpu freq min:2, max:-1
09-20 13:17:52.212 I/libPowerHal( 1238): iawareperf@1.0-: set gpu opp level max: 0
09-20 13:17:52.212 I/libPowerHal( 1238): [setGPUFreq] Soft min/max = (2, 0); Hard min/max = (2, 0)
09-20 13:17:52.212 I/libPowerHal( 1238): [setGPUFreq] final min/max = (2, 0)
09-20 13:17:52.212 I/libPowerHal( 1238): iawareperf@1.0-: set gpu opp level: 2
09-20 13:17:52.212 I/libPowerHal( 1238): iawareperf@1.0-: set gpu opp level max: 0
09-20 13:17:52.235 I/mtkpower_client( 1317): perf_lock_acq, hdl:0, dur:0, num:2, tid:1317
09-20 13:17:52.238 I/mtkpower_client( 1317): ret_hdl:251719
09-20 13:17:52.239 I/mtkpower_client( 1317): perf_lock_acq, hdl:0, dur:0, num:12, tid:1317
09-20 13:17:52.239 I/libPowerHal( 1238): [perfLockAcq] idx:5 hdl:251719 hint:-1 pid:1317 duration:0 lock_user:fpsgo => ret_hdl:251719
09-20 13:17:52.239 I/libPowerHal( 1238): [PE] fpsgo update cmd:1404500 param:1
09-20 13:17:52.240 I/mtkpower_client( 1317): ret_hdl:251720
09-20 13:17:52.241 I/libPowerHal( 1238): cmdSetting - unknown cmd:1438500, scmd:(null) ,param_1:0
09-20 13:17:52.242 I/libPowerHal( 1238): cmdSetting - unknown cmd:1438800, scmd:(null) ,param_1:0
09-20 13:17:52.242 I/libPowerHal( 1238): [perfLockAcq] idx:7 hdl:251720 hint:-1 pid:1317 duration:0 lock_user:fpsgo => ret_hdl:251720
09-20 13:17:52.246 I/libPowerHal( 1238): [PE] fpsgo update cmd:1438300, param:0
09-20 13:17:52.247 I/libPowerHal( 1238): [PE] fpsgo update cmd:1438400, param:0
09-20 13:17:52.249 I/libPowerHal( 1238): [PE] fpsgo update cmd:1438600, param:0
09-20 13:17:52.249 I/mtkpower_client( 1317): perf_lock_rel, hdl:251719, tid:1317
09-20 13:17:52.249 I/libPowerHal( 1238): [PE] fpsgo update cmd:1438700, param:0
09-20 13:17:52.251 I/mtkpower_client( 1317): perf_lock_rel, hdl:251720, tid:1317
09-20 13:17:52.251 I/libPowerHal( 1238): [perfLockRel] hdl:251719, idx:5
09-20 13:17:52.252 I/libPowerHal( 1238): [PD] fpsgo update cmd:1404500 param:0
09-20 13:17:52.253 I/libPowerHal( 1238): [perfLockRel] hdl:251720, idx:7
09-20 13:17:52.254 I/libPowerHal( 1238): [PD] fpsgo update cmd:1438300, param:1000
09-20 13:17:52.254 I/libPowerHal( 1238): [PD] fpsgo update cmd:1438400, param:1000
09-20 13:17:52.254 I/libPowerHal( 1238): [PD] fpsgo update cmd:1438600 param:1000
09-20 13:17:52.254 I/libPowerHal( 1238): [PD] fpsgo update cmd:1438700 param:1000
09-20 13:17:52.379 I/mtkpower_client( 1630): [Legacy][PowerHal_Wrap_notifyAppState] com.google.android.apps.messaging/com.google.android.apps.messaging pid=32203 state:3
09-20 13:17:52.380 I/libPowerHal( 1238): [perfNotifyAppState] pack:com.google.android.apps.messaging, act:com.google.android.apps.messaging, state:3, pid:32203, uid:10120, fps:60
09-20 13:17:52.380 I/libPowerHal( 1238): [perfNotifyAppState] pack:com.google.android.apps.messaging, pid:32203, STATE_DEAD
09-20 13:17:52.461 I/mtkpower@impl( 1238): [powerd_req] TIMER_MSG_PERF_LOCK_TIMEOUT hdl:251717
09-20 13:17:52.461 I/libPowerHal( 1238): [perfLockRel] hdl:251717, idx:1
09-20 13:17:52.462 I/libPowerHal( 1238): [setClusterFreq] iawareperf@1.0-: sysfs_freq set cpu freq: 1617000 -1 1600000 -1
09-20 13:17:52.462 I/libPowerHal( 1238): [unsetGPUFreq] current min:2, max:0; scn_gpu_min:2, scn_gpu_max:-1; scn_gpu_min(HL):-1, scn_gpu_max(HL):-1
09-20 13:17:52.462 I/libPowerHal( 1238): [setGPUFreq] Soft min/max = (2, 0); Hard min/max = (2, 0)
09-20 13:17:52.462 I/libPowerHal( 1238): [setGPUFreq] final min/max = (2, 0)
09-20 13:17:52.462 I/libPowerHal( 1238): iawareperf@1.0-: set gpu opp level: 2
09-20 13:17:52.465 I/libPowerHal( 1238): iawareperf@1.0-: set gpu opp level max: 0
09-20 13:17:52.466 I/libPowerHal( 1238): [PD] iawareperf@1.0- update cmd:1000000 param:4
09-20 13:17:52.467 I/mtkpower@impl( 1238): [powerd_req] TIMER_MSG_PERF_LOCK_TIMEOUT hdl:251718
09-20 13:17:52.467 I/libPowerHal( 1238): [perfLockRel] hdl:251718, idx:4
09-20 13:17:52.468 I/libPowerHal( 1238): [setClusterFreq] iawareperf@1.0-: sysfs_freq set cpu freq: -1 -1 -1 -1
09-20 13:17:52.468 I/libPowerHal( 1238): [unsetGPUFreq] current min:2, max:0; scn_gpu_min:2, scn_gpu_max:-1; scn_gpu_min(HL):-1, scn_gpu_max(HL):-1
09-20 13:17:52.468 I/libPowerHal( 1238): [setGPUFreq] Soft min/max = (2, 0); Hard min/max = (2, 0)
09-20 13:17:52.468 I/libPowerHal( 1238): [setGPUFreq] final min/max = (2, 0)
09-20 13:17:52.468 I/libPowerHal( 1238): iawareperf@1.0-: set gpu opp level: 2
09-20 13:17:52.469 I/libPowerHal( 1238): iawareperf@1.0-: set gpu opp level max: 0
09-20 13:17:52.469 I/libPowerHal( 1238): [PD] iawareperf@1.0- update cmd:1408300 param:0
09-20 13:17:52.473 I/libPowerHal( 1238): [PD] iawareperf@1.0- update cmd:1000000 param:-1
09-20 13:17:53.757 I/libPowerHal( 1238): [updateFPS] pid(3928) : 60 => -1
09-20 13:17:53.758 I/libPowerHal( 1238): [perfNotifyAppState] pack:com.edudashpro, act:com.edudashpro.MainActivity, state:5, pid:3928, uid:10458, fps:-1
09-20 13:17:53.761 E/UxUtility( 1238): notifyAppState error = NULL
09-20 13:17:54.668 I/mtkpower@impl( 1238): [powerd_req] TIMER_MSG_PERF_LOCK_TIMEOUT hdl:251715
09-20 13:17:54.669 I/libPowerHal( 1238): [perfLockRel] hdl:251715, idx:2
09-20 13:17:54.670 I/libPowerHal( 1238): [setClusterFreq] iawareperf@1.0-: sysfs_freq set cpu freq: -1 2015000 -1 -1
09-20 13:17:55.621 I/libPowerHal( 1238): [perfLockAcq] idx:1 hdl:251721 hint:-1 pid:1221 duration:3000 lock_user:iawareperf@1.0- => ret_hdl:251721
09-20 13:17:55.622 I/libPowerHal( 1238): [setClusterFreq] iawareperf@1.0-: sysfs_freq set cpu freq: 1617000 -1 1600000 -1
09-20 13:17:55.623 I/libPowerHal( 1238): [PE] iawareperf@1.0- update cmd:1408300, param:30
09-20 13:17:55.651 I/libPowerHal( 1238): [perfLockAcq] idx:2 hdl:251722 hint:-1 pid:1221 duration:3000 lock_user:iawareperf@1.0- => ret_hdl:251722
09-20 13:17:55.651 I/libPowerHal( 1238): [setGPUFreq] iawareperf@1.0- user set gpu freq min:2, max:-1
09-20 13:17:55.651 I/libPowerHal( 1238): iawareperf@1.0-: set gpu opp level max: 0
09-20 13:17:55.651 I/libPowerHal( 1238): [setGPUFreq] Soft min/max = (2, 0); Hard min/max = (2, 0)
09-20 13:17:55.651 I/libPowerHal( 1238): [setGPUFreq] final min/max = (2, 0)
09-20 13:17:55.651 I/libPowerHal( 1238): iawareperf@1.0-: set gpu opp level: 2
09-20 13:17:55.651 I/libPowerHal( 1238): iawareperf@1.0-: set gpu opp level max: 0
09-20 13:17:55.652 I/libPowerHal( 1238): [setClusterFreq] iawareperf@1.0-: sysfs_freq set cpu freq: 2200000 -1 1600000 -1
09-20 13:17:55.652 I/libPowerHal( 1238): [PE] iawareperf@1.0- update cmd:1000000 param:0
09-20 13:17:55.719 I/mtkpower_client( 1317): perf_lock_acq, hdl:0, dur:0, num:2, tid:1317
09-20 13:17:55.720 I/mtkpower_client( 1317): ret_hdl:251723
09-20 13:17:55.720 I/mtkpower_client( 1317): perf_lock_acq, hdl:0, dur:0, num:12, tid:1317
09-20 13:17:55.722 I/libPowerHal( 1238): [perfLockAcq] idx:4 hdl:251723 hint:-1 pid:1317 duration:0 lock_user:fpsgo => ret_hdl:251723
09-20 13:17:55.723 I/libPowerHal( 1238): [PE] fpsgo update cmd:1404500 param:1
09-20 13:17:55.725 I/mtkpower_client( 1317): ret_hdl:251725
09-20 13:17:55.726 I/libPowerHal( 1238): [perfLockRel] hdl:251721, idx:1
09-20 13:17:55.727 I/libPowerHal( 1238): [perfLockAcq] idx:5 hdl:251724 hint:-1 pid:1221 duration:80 lock_user:iawareperf@1.0- => ret_hdl:251724
09-20 13:17:55.728 I/libPowerHal( 1238): cmdSetting - unknown cmd:1438500, scmd:(null) ,param_1:0
09-20 13:17:55.729 I/libPowerHal( 1238): cmdSetting - unknown cmd:1438800, scmd:(null) ,param_1:0
09-20 13:17:55.729 I/libPowerHal( 1238): [perfLockAcq] idx:7 hdl:251725 hint:-1 pid:1317 duration:0 lock_user:fpsgo => ret_hdl:251725
09-20 13:17:55.731 I/libPowerHal( 1238): [PE] fpsgo update cmd:1438300, param:0
09-20 13:17:55.732 I/libPowerHal( 1238): [PE] fpsgo update cmd:1438400, param:0
09-20 13:17:55.733 I/libPowerHal( 1238): [PE] fpsgo update cmd:1438600, param:0
09-20 13:17:55.733 I/libPowerHal( 1238): [PE] fpsgo update cmd:1438700, param:0
09-20 13:17:55.734 I/libPowerHal( 1238): [perfLockAcq] idx:8 hdl:251726 hint:-1 pid:1221 duration:3000 lock_user:iawareperf@1.0- => ret_hdl:251726
09-20 13:17:55.807 I/mtkpower@impl( 1238): [powerd_req] TIMER_MSG_PERF_LOCK_TIMEOUT hdl:251724
09-20 13:17:55.807 I/libPowerHal( 1238): [perfLockRel] hdl:251724, idx:5
09-20 13:17:55.874 I/libPowerHal( 1238): [perfLockRel] hdl:251722, idx:2
09-20 13:17:55.875 I/libPowerHal( 1238): [setClusterFreq] iawareperf@1.0-: sysfs_freq set cpu freq: -1 -1 -1 -1
09-20 13:17:55.875 I/libPowerHal( 1238): [unsetGPUFreq] current min:2, max:0; scn_gpu_min:2, scn_gpu_max:-1; scn_gpu_min(HL):-1, scn_gpu_max(HL):-1
09-20 13:17:55.875 I/libPowerHal( 1238): [setGPUFreq] Soft min/max = (2, 0); Hard min/max = (2, 0)
09-20 13:17:55.876 I/libPowerHal( 1238): [setGPUFreq] final min/max = (2, 0)
09-20 13:17:55.876 I/libPowerHal( 1238): iawareperf@1.0-: set gpu opp level: 2
09-20 13:17:55.876 I/libPowerHal( 1238): iawareperf@1.0-: set gpu opp level max: 0
09-20 13:17:55.876 I/libPowerHal( 1238): [PD] iawareperf@1.0- update cmd:1408300 param:0
09-20 13:17:55.878 I/libPowerHal( 1238): [PD] iawareperf@1.0- update cmd:1000000 param:-1
09-20 13:17:56.088 I/mtkpower_client( 1317): perf_lock_rel, hdl:251723, tid:1317
09-20 13:17:56.089 I/mtkpower_client( 1317): perf_lock_rel, hdl:251725, tid:1317
